-0.999 1.67642e-07 6.66973e-07
-0.998 -1.93057e-06 3.72972e-06
-0.997 -9.65805e-06 9.70083e-06
-0.996 -2.28344e-05 1.63566e-05
-0.995 -3.58475e-05 1.87167e-05
-0.994 -3.90878e-05 1.12656e-05
-0.993 -2.41688e-05 -8.66202e-06
-0.992 8.43244e-06 -3.83912e-05
-0.991 4.39939e-05 -6.99233e-05
-0.99 5.69167e-05 -9.27793e-05
-0.989 2.478e-05 -9.87404e-05
-0.988 -5.42112e-05 -8.65096e-05
-0.987 -0.000152226 -6.36713e-05
-0.986 -0.000217529 -4.38845e-05
-0.985 -0.000192383 -3.94561e-05
-0.984 -3.78087e-05 -5.24937e-05
-0.983 0.000239659 -6.95692e-05
-0.982 0.000569752 -6.3391e-05
-0.981 0.00082701 -1.42848e-06
-0.98 0.000876914 0.000141473
-0.979 0.000643973 0.000370892
-0.978 0.000163339 0.000665991
-0.977 -0.000415974 0.000981905
-0.976 -0.000878035 0.00126225
-0.975 -0.00101573 0.0014583
-0.974 -0.000712863 0.00154727
-0.973 -1.2453e-05 0.00154085
-0.972 0.000859906 0.00147965
-0.971 0.00155206 0.00141544
-0.97 0.00172218 0.00138826
-0.969 0.00120123 0.0014072
-0.968 9.67212e-05 0.00144387
-0.967 -0.0012175 0.00144271
-0.966 -0.00222145 0.00134477
-0.965 -0.00243561 0.00111613
-0.964 -0.00161823 0.000768509
-0.963 9.26905e-05 0.000362137
-0.962 0.00216753 -1.13366e-05
-0.961 0.00384606 -0.000259948
-0.96 0.00442899 -0.000325567
-0.959 0.00357602 -0.000207564
-0.958 0.00147643 3.63005e-05
-0.957 -0.00117833 0.000314875
-0.956 -0.00341253 0.000544276
-0.955 -0.00431605 0.000685155
-0.954 -0.00342244 0.000758197
-0.953 -0.00096263 0.000829987
-0.952 0.00215353 0.000976483
-0.951 0.004662 0.00124092
-0.95 0.00544162 0.00160306
-0.949 0.00395989 0.00197284
-0.948 0.000495756 0.00221599
-0.947 -0.00391638 0.0022068
-0.946 -0.00780416 0.00188739
-0.945 -0.00977686 0.00130482
-0.944 -0.00909869 0.000602923
-0.943 -0.00606041 -3.38499e-05
-0.942 -0.00191734 -0.00046081
-0.941 0.00161706 -0.000639405
-0.94 0.00306893 -0.000659805
-0.939 0.00176217 -0.000710445
-0.938 -0.00195057 -0.0010035
-0.937 -0.00679455 -0.00167983
-0.936 -0.0109735 -0.00272706
-0.935 -0.0128047 -0.00394695
-0.934 -0.0114134 -0.00499961
-0.933 -0.00716408 -0.00552465
-0.932 -0.00155188 -0.00529555
-0.931 0.00342244 -0.00433532
-0.93 0.00605771 -0.00293557
-0.929 0.00554793 -0.00156416
-0.928 0.00219351 -0.000693578
-0.927 -0.00273829 -0.000614454
-0.926 -0.00743356 -0.0013025
-0.925 -0.0101678 -0.00238879
-0.924 -0.00997841 -0.00325995
-0.923 -0.00706094 -0.00327574
-0.922 -0.00265014 -0.00203468
-0.921 0.0015554 0.000422096
-0.92 0.00409524 0.00356737
-0.919 0.00424262 0.00654503
-0.918 0.00217058 0.00848158
-0.917 -0.00117415 0.00882929
-0.916 -0.00443572 0.00760228
-0.915 -0.00637298 0.00541152
-0.914 -0.00634701 0.00327365
-0.913 -0.00452375 0.00224465
-0.912 -0.00169366 0.0029987
-0.911 0.00113796 0.00550721
-0.91 0.00313256 0.00896084
-0.909 0.00383645 0.0120098
-0.908 0.0032499 0.0132656
-0.907 0.00176105 0.0118696
-0.906 -8.49527e-05 0.00788204
-0.905 -0.00190304 0.0023251
-0.904 -0.00363176 -0.00314498
-0.903 -0.00537589 -0.00681523
-0.902 -0.0070755 -0.00754479
-0.901 -0.00834901 -0.00523135
-0.9 -0.00867641 -0.000929739
-0.899 -0.0077285 0.0034757
-0.898 -0.00555399 0.00597196
-0.897 -0.00259001 0.00522931
-0.896 0.000348158 0.00117823
-0.895 0.00211055 -0.00490716
-0.894 0.00153342 -0.0108627
-0.893 -0.00189805 -0.0144476
-0.892 -0.00746806 -0.0142177
-0.891 -0.0133073 -0.0101473
-0.89 -0.0172198 -0.00375534
-0.889 -0.0177137 0.00236063
-0.888 -0.0145994 0.00546126
-0.887 -0.00900578 0.00373343
-0.886 -0.00306489 -0.00293984
-0.885 0.000606418 -0.0128354
-0.884 -0.000229874 -0.0229503
-0.883 -0.00630841 -0.0300719
-0.882 -0.0161133 -0.0319687
-0.881 -0.0262191 -0.0282461
-0.88 -0.0327207 -0.0205166
-0.879 -0.0329352 -0.0117909
-0.878 -0.0264494 -0.00531412
-0.877 -0.0151976 -0.00329643
-0.876 -0.00283223 -0.00602115
-0.875 0.00635272 -0.0116723
-0.874 0.0088772 -0.0169821
-0.873 0.0035734 -0.0185193
-0.872 -0.00766262 -0.014147
-0.871 -0.0204968 -0.0040241
-0.87 -0.029951 0.00932343
-0.869 -0.0324079 0.0218985
-0.868 -0.0268763 0.0296958
-0.867 -0.0151917 0.0301421
-0.866 -0.00134546 0.0230154
-0.865 0.00986087 0.0105618
-0.864 0.014635 -0.00326594
-0.863 0.0118279 -0.0142685
-0.862 0.00344741 -0.0196331
-0.861 -0.0063012 -0.0190011
-0.86 -0.0128474 -0.0144497
-0.859 -0.0129727 -0.00943424
-0.858 -0.00580188 -0.00725152
-0.857 0.00695853 -0.00969305
-0.856 0.0214536 -0.0163248
-0.855 0.032924 -0.0245657
-0.854 0.0375968 -0.0305809
-0.853 0.0342442 -0.030791
-0.852 0.0243713 -0.0234392
-0.851 0.0110778 -0.00945736
-0.85 -0.00237163 0.0078352
-0.849 -0.0133981 0.0240218
-0.848 -0.0203991 0.0351922
-0.847 -0.0229824 0.0391966
-0.846 -0.0221534 0.036213
-0.845 -0.019857 0.028548
-0.844 -0.0177886 0.0196818
-0.843 -0.0164676 0.0127946
-0.842 -0.0154724 0.00937576
-0.841 -0.0144253 0.00864605
-0.84 -0.0135216 0.00811122
-0.839 -0.0130619 0.00489433
-0.838 -0.0126891 -0.00287517
-0.837 -0.0113361 -0.0151798
-0.836 -0.00789464 -0.0299488
-0.835 -0.00173415 -0.0436356
-0.834 0.00728268 -0.052464
-0.833 0.0186704 -0.0539749
-0.832 0.0307012 -0.048154
-0.831 0.040011 -0.0374761
-0.83 0.0424328 -0.0257998
-0.829 0.0350004 -0.0167391
-0.828 0.0178088 -0.0123232
-0.827 -0.00557702 -0.0124022
-0.826 -0.0292253 -0.014861
-0.825 -0.0465986 -0.0165612
-0.824 -0.0524379 -0.0148121
-0.823 -0.0446815 -0.00883732
-0.822 -0.0258786 -0.000434715
-0.821 -0.00297324 0.00670533
-0.82 0.0151303 0.00875667
-0.819 0.0213037 0.00362699
-0.818 0.0132763 -0.00799474
-0.817 -0.00538444 -0.0227427
-0.816 -0.0264609 -0.0356389
-0.815 -0.0397874 -0.0417734
-0.814 -0.0368898 -0.0381763
-0.813 -0.0147245 -0.0252175
-0.812 0.0220994 -0.00674874
-0.811 0.0622506 0.0113601
-0.81 0.0918644 0.0237214
-0.809 0.100057 0.0276923
-0.808 0.0831399 0.0242978
-0.807 0.0460245 0.0175681
-0.806 0.000784419 0.0127837
-0.805 -0.0371039 0.0143298
-0.804 -0.05413 0.0237848
-0.803 -0.0441771 0.0388759
-0.802 -0.0115196 0.0539275
-0.801 0.0305745 0.0619806
-0.8 0.06529 0.0578163
-0.799 0.0790552 0.0403985
-0.798 0.0666062 0.013514
-0.797 0.0327393 -0.0155601
-0.796 -0.0093485 -0.0386014
-0.795 -0.0426074 -0.0491913
-0.794 -0.0525114 -0.0448816
-0.793 -0.0331626 -0.0281737
-0.792 0.00969226 -0.00579163
-0.791 0.0605972 0.0138175
-0.79 0.100562 0.0238785
-0.789 0.114502 0.0219899
-0.788 0.0967742 0.0108645
-0.787 0.0530668 -0.00304144
-0.786 -0.00167188 -0.0122052
-0.785 -0.0485627 -0.0109443
-0.784 -0.0717577 0.00232304
-0.783 -0.0645334 0.024152
-0.782 -0.0318713 0.0470087
-0.781 0.0118211 0.0620281
-0.78 0.0488219 0.0625698
-0.779 0.065199 0.0469497
-0.778 0.0559982 0.0191606
-0.777 0.0267537 -0.0125413
-0.776 -0.00901531 -0.0384534
-0.775 -0.0352876 -0.0506464
-0.774 -0.0399253 -0.0456361
-0.773 -0.0194952 -0.0256338
-0.772 0.0194707 0.00226755
-0.771 0.0633357 0.0288668
-0.77 0.0970177 0.0464263
-0.769 0.109935 0.0514136
-0.768 0.0998384 0.0453599
-0.767 0.0731487 0.0338145
-0.766 0.0418557 0.0240399
-0.765 0.0184306 0.0222214
-0.764 0.0109105 0.030967
-0.763 0.0200751 0.0480066
-0.762 0.0397475 0.066874
-0.761 0.0600005 0.0795106
-0.76 0.0717944 0.0795557
-0.759 0.0709343 0.0646985
-0.758 0.0595727 0.0372644
-0.757 0.044669 0.00329373
-0.756 0.0343373 -0.0292356
-0.755 0.0339746 -0.0526285
-0.754 0.0438893 -0.0618005
-0.753 0.0592551 -0.0559492
-0.752 0.0723252 -0.0385764
-0.751 0.0760929 -0.015665
-0.75 0.067895 0.0068913
-0.749 0.051133 0.0251346
-0.748 0.0339312 0.0376205
-0.747 0.0252034 0.045217
-0.746 0.0302161 0.0506254
-0.745 0.0479839 0.057484
-0.744 0.0715715 0.0688032
-0.743 0.0908591 0.0852919
-0.742 0.0966267 0.104745
-0.741 0.084712 0.122981
-0.74 0.0587252 0.135502
-0.739 0.0296016 0.138726
-0.738 0.0112831 0.130529
-0.737 0.0141709 0.110655
-0.736 0.0398219 0.0812506
-0.735 0.0797525 0.0469097
-0.734 0.118655 0.0135528
-0.733 0.140163 -0.0134957
-0.732 0.132929 -0.0309993
-0.731 0.0954245 -0.0381643
-0.73 0.0378714 -0.0362844
-0.729 -0.0203594 -0.028339
-0.728 -0.0581313 -0.0184753
-0.727 -0.0617835 -0.0108545
-0.726 -0.031365 -0.0079421
-0.725 0.0194243 -0.00928134
-0.724 0.0690478 -0.0117457
-0.723 0.0965012 -0.0110559
-0.722 0.0890886 -0.00345503
-0.721 0.0476624 0.013142
-0.72 -0.0122899 0.0383765
-0.719 -0.0653111 0.0689397
-0.718 -0.0859778 0.0988738
-0.717 -0.0601196 0.121275
-0.716 0.0086051 0.130956
-0.715 0.100056 0.126564
-0.714 0.185524 0.11094
-0.713 0.238154 0.0898925
-0.712 0.242256 0.0703894
-0.711 0.199244 0.0586753
-0.71 0.128192 0.0582951
-0.709 0.0594327 0.0684707
-0.708 0.0224155 0.0839874
-0.707 0.0331918 0.0972936
-0.706 0.0878746 0.101873
-0.705 0.16479 0.094833
-0.704 0.233261 0.0774768
-0.703 0.264865 0.0543741
-0.702 0.243664 0.0319923
-0.701 0.172806 0.0170239
-0.7 0.0747685 0.0141052
-0.699 -0.0164817 0.0235898
-0.698 -0.0691398 0.0410198
-0.697 -0.0664265 0.0591426
-0.696 -0.0123607 0.0712152
-0.695 0.0710876 0.0733158
-0.694 0.152592 0.0647234
-0.693 0.202151 0.047374
-0.692 0.201397 0.0254544
-0.691 0.151095 0.00472128
-0.69 0.0721076 -0.00930907
-0.689 -0.00260716 -0.0137125
-0.688 -0.0420722 -0.00920864
-0.687 -0.0298822 0.00100827
-0.686 0.0307584 0.0133983
-0.685 0.119875 0.0251952
-0.684 0.208062 0.0341851
-0.683 0.265635 0.0385444
-0.682 0.272526 0.0376291
-0.681 0.22661 0.0328027
-0.68 0.145705 0.0269995
-0.679 0.0601809 0.0232729
-0.678 -0.000442002 0.0237891
-0.677 -0.0190263 0.0298872
-0.676 0.00484435 0.0422246
-0.675 0.0570977 0.0599927
-0.674 0.114659 0.0798218
-0.673 0.1526 0.0959921
-0.672 0.152823 0.102442
-0.671 0.111955 0.0952608
-0.67 0.0435188 0.0741691
-0.669 -0.0282069 0.0427944
-0.668 -0.07897 0.00826579
-0.667 -0.0933384 -0.0200001
-0.666 -0.068148 -0.0329128
-0.665 -0.011816 -0.025327
-0.664 0.0585081 0.00120502
-0.663 0.12195 0.0384302
-0.662 0.16113 0.0742648
-0.661 0.168713 0.0969913
-0.66 0.149115 0.0991845
-0.659 0.114611 0.0805625
-0.658 0.0795392 0.0489998
-0.657 0.0561658 0.0185897
-0.656 0.0523448 0.00450323
-0.655 0.0696285 0.0164772
-0.654 0.102399 0.0541409
-0.653 0.140023 0.106526
-0.652 0.171771 0.155713
-0.651 0.19094 0.182845
-0.65 0.195377 0.174606
-0.649 0.185907 0.128553
-0.648 0.16596 0.0554212
-0.647 0.142488 -0.0233928
-0.646 0.125153 -0.08312
-0.645 0.122481 -0.104893
-0.644 0.137929 -0.0828809
-0.643 0.169394 -0.0262995
-0.642 0.211519 0.0440812
-0.641 0.257034 0.103256
-0.64 0.296028 0.1307
-0.639 0.316523 0.117887
-0.638 0.308954 0.0719062
-0.637 0.271884 0.0131608
-0.636 0.213746 -0.0325696
-0.635 0.149141 -0.0446109
-0.634 0.0934237 -0.0159012
-0.633 0.0592488 0.0439841
-0.632 0.0544137 0.112216
-0.631 0.0786849 0.160907
-0.63 0.121032 0.167101
-0.629 0.16172 0.121209
-0.628 0.180482 0.0310074
-0.627 0.166003 -0.0805138
-0.626 0.120608 -0.18295
-0.625 0.0586948 -0.249074
-0.624 0.00186742 -0.264098
-0.623 -0.0269608 -0.230102
-0.622 -0.0109023 -0.164161
-0.621 0.0528802 -0.0912647
-0.62 0.14906 -0.0349532
-0.619 0.248459 -0.00906765
-0.618 0.319492 -0.013305
-0.617 0.340139 -0.034057
-0.616 0.304868 -0.0502503
-0.615 0.225798 -0.0419852
-0.614 0.129677 0.00134466
-0.613 0.0505018 0.0765736
-0.612 0.0174295 0.167625
-0.611 0.0421149 0.251171
-0.61 0.113178 0.304671
-0.609 0.201784 0.313859
-0.608 0.274215 0.27722
-0.607 0.303764 0.206024
-0.606 0.278103 0.12006
-0.605 0.202905 0.0407739
-0.604 0.101783 -0.0156504
-0.603 0.00962823 -0.0428034
-0.602 -0.0412448 -0.0446659
-0.601 -0.0354319 -0.0325233
-0.6 0.0201338 -0.0197469
-0.599 0.102139 -0.0164846
-0.598 0.181855 -0.0261975
-0.597 0.233967 -0.0452532
-0.596 0.242261 -0.0653406
-0.595 0.204579 -0.0772933
-0.594 0.135824 -0.0746798
-0.593 0.0640466 -0.0559256
-0.592 0.0185544 -0.0244823
-0.591 0.0172307 0.012643
-0.59 0.0616978 0.0473344
-0.589 0.141064 0.0729671
-0.588 0.237833 0.086077
-0.587 0.3315 0.0863929
-0.586 0.401827 0.0756577
-0.585 0.434813 0.0563523
-0.584 0.428763 0.0311118
-0.583 0.394349 0.00287634
-0.582 0.347578 -0.0248064
-0.581 0.302022 -0.0479456
-0.58 0.266436 -0.0627605
-0.579 0.246389 -0.0665239
-0.578 0.244411 -0.0585692
-0.577 0.257385 -0.041304
-0.576 0.275567 -0.0204666
-0.575 0.286474 -0.00387212
-0.574 0.280684 0.00128332
-0.573 0.25421 -0.00847348
-0.572 0.207127 -0.0309301
-0.571 0.143232 -0.058506
-0.57 0.0728092 -0.0808146
-0.569 0.0140251 -0.0884571
-0.568 -0.0120733 -0.0766878
-0.567 0.00886943 -0.0475492
-0.566 0.0774351 -0.00947783
-0.565 0.180038 0.0255655
-0.564 0.292867 0.0463916
-0.563 0.386469 0.0468288
-0.562 0.431823 0.0283999
-0.561 0.41053 0.000256572
-0.56 0.325943 -0.0239095
-0.559 0.206356 -0.0310358
-0.558 0.0951527 -0.013881
-0.557 0.0330583 0.0260855
-0.556 0.0428872 0.0792554
-0.555 0.122676 0.131219
-0.554 0.246188 0.167214
-0.553 0.368955 0.17638
-0.552 0.441372 0.155116
-0.551 0.428617 0.108684
-0.55 0.328916 0.0499614
-0.549 0.177547 -0.0049136
-0.548 0.032352 -0.0422876
-0.547 -0.0504114 -0.055313
-0.546 -0.0368106 -0.0451483
-0.545 0.0739569 -0.0195027
-0.544 0.248298 0.0100255
-0.543 0.426087 0.0311408
-0.542 0.539498 0.0347079
-0.541 0.540019 0.0185485
-0.54 0.421094 -0.0109731
-0.539 0.222056 -0.041169
-0.538 0.0109362 -0.0581436
-0.537 -0.14259 -0.0521014
-0.536 -0.19078 -0.0206063
-0.535 -0.121714 0.0306622
-0.534 0.0370449 0.0890283
-0.533 0.226051 0.137653
-0.532 0.374514 0.160328
-0.531 0.429034 0.147123
-0.53 0.376432 0.0982647
-0.529 0.24739 0.0242377
-0.528 0.100608 -0.0576517
-0.527 -0.00154501 -0.12855
-0.526 -0.0148148 -0.173393
-0.525 0.0728443 -0.185119
-0.524 0.236438 -0.166847
-0.523 0.420508 -0.130946
-0.522 0.558522 -0.0946164
-0.521 0.599382 -0.0735906
-0.52 0.52776 -0.0766458
-0.519 0.367854 -0.102672
-0.518 0.171547 -0.140761
-0.517 -0.000820541 -0.173311
-0.516 -0.0997177 -0.181674
-0.515 -0.101311 -0.152999
-0.514 -0.01458 -0.0858843
-0.513 0.122828 0.00799477
-0.512 0.260691 0.107455
-0.511 0.357458 0.188809
-0.51 0.395056 0.233261
-0.509 0.381062 0.232686
-0.508 0.341134 0.192738
-0.507 0.307352 0.132154
-0.506 0.305955 0.0773787
-0.505 0.347053 0.0531882
-0.504 0.419939 0.0726008
-0.503 0.497622 0.131094
-0.502 0.549967 0.208322
-0.501 0.557504 0.275991
-0.5 0.516856 0.307812
-0.499 0.437084 0.288189
-0.498 0.333346 0.217732
-0.497 0.222361 0.114222
-0.496 0.119262 0.00771738
-0.495 0.0345278 -0.0701166
-0.494 -0.0277373 -0.0989543
-0.493 -0.0672516 -0.0784316
-0.492 -0.0814624 -0.0275425
-0.491 -0.0627483 0.0242234
-0.49 -0.00407362 0.0487912
-0.489 0.0914986 0.0296069
-0.488 0.206845 -0.0324795
-0.487 0.316102 -0.118524
-0.486 0.394918 -0.196849
-0.485 0.428788 -0.23441
-0.484 0.416434 -0.210586
-0.483 0.370125 -0.126415
-0.482 0.313927 -0.00415507
-0.481 0.276612 0.121863
-0.48 0.278194 0.217746
-0.479 0.317297 0.260844
-0.478 0.369024 0.246215
-0.477 0.39611 0.187646
-0.476 0.366911 0.112461
-0.475 0.270068 0.0505685
-0.474 0.119733 0.0217672
-0.473 -0.0478515 0.0278468
-0.472 -0.184006 0.0533586
-0.471 -0.242963 0.0734963
-0.47 -0.199953 0.0646351
-0.469 -0.0637592 0.0137357
-0.468 0.124153 -0.0757831
-0.467 0.304838 -0.183593
-0.466 0.424263 -0.278739
-0.465 0.452448 -0.331364
-0.464 0.392419 -0.324576
-0.463 0.277933 -0.260248
-0.462 0.161293 -0.156707
-0.461 0.0937649 -0.04111
-0.46 0.105158 0.0597431
-0.459 0.191857 0.127859
-0.458 0.318939 0.159881
-0.457 0.434877 0.167642
-0.456 0.491833 0.17159
-0.455 0.463605 0.189348
-0.454 0.355995 0.226029
-0.453 0.206885 0.272115
-0.452 0.0743033 0.308873
-0.451 0.0145763 0.316801
-0.45 0.0594906 0.283305
-0.449 0.203629 0.20831
-0.448 0.407338 0.106684
-0.447 0.612182 0.00510046
-0.446 0.760849 -0.0676781
-0.445 0.814615 -0.0931841
-0.444 0.764961 -0.0708551
-0.443 0.636618 -0.0162724
-0.442 0.478627 0.0476399
-0.441 0.344388 0.100509
-0.44 0.269426 0.131648
-0.439 0.258567 0.143604
-0.438 0.288524 0.151322
-0.437 0.322432 0.175467
-0.436 0.327011 0.23103
-0.435 0.284933 0.317021
-0.434 0.200315 0.414128
-0.433 0.0974524 0.492077
-0.432 0.0123653 0.521908
-0.431 -0.0213453 0.4869
-0.43 0.0131139 0.388921
-0.429 0.108336 0.249236
-0.428 0.236739 0.102718
-0.427 0.363702 -0.0144881
-0.426 0.46162 -0.0795371
-0.425 0.517238 -0.0920036
-0.424 0.530647 -0.0722122
-0.423 0.509567 -0.0504075
-0.422 0.463709 -0.0532362
-0.421 0.40167 -0.0930535
-0.42 0.329694 -0.162394
-0.419 0.251063 -0.235107
-0.418 0.16715 -0.275631
-0.417 0.0813085 -0.254601
-0.416 0.00309097 -0.163626
-0.415 -0.0521435 -0.0207989
-0.414 -0.0701435 0.135925
-0.413 -0.0467066 0.262988
-0.412 0.00917701 0.326215
-0.411 0.0812882 0.312258
-0.41 0.155866 0.234256
-0.409 0.226883 0.128797
-0.408 0.295051 0.0424563
-0.407 0.364947 0.0121467
-0.406 0.443269 0.0493451
-0.405 0.535987 0.136624
-0.404 0.641921 0.236699
-0.403 0.746298 0.307617
-0.402 0.821999 0.317934
-0.401 0.841049 0.258777
-0.4 0.788813 0.149684
-0.399 0.67063 0.0335645
-0.398 0.508611 -0.0405941
-0.397 0.334219 -0.0400232
-0.396 0.181036 0.0370676
-0.395 0.0769349 0.161795
-0.394 0.0349609 0.287175
-0.393 0.0475444 0.365072
-0.392 0.0902318 0.362203
-0.391 0.134398 0.272861
-0.39 0.160389 0.124329
-0.389 0.163447 -0.0308507
-0.388 0.15287 -0.136218
-0.387 0.148553 -0.156165
-0.386 0.175096 -0.0897646
-0.385 0.251384 0.0326463
-0.384 0.378777 0.164639
-0.383 0.536547 0.261376
-0.382 0.689524 0.29479
-0.381 0.802568 0.264415
-0.38 0.851692 0.199985
-0.379 0.828274 0.150682
-0.378 0.74071 0.162393
-0.377 0.615294 0.254671
-0.376 0.490699 0.411165
-0.375 0.402567 0.587565
-0.374 0.366271 0.72979
-0.373 0.371308 0.792787
-0.372 0.391322 0.754954
-0.371 0.399538 0.626143
-0.37 0.377508 0.445927
-0.369 0.31669 0.269298
-0.368 0.220518 0.143718
-0.367 0.107857 0.0893647
-0.366 0.00934931 0.0936516
-0.365 -0.0471368 0.12121
-0.364 -0.051992 0.131476
-0.363 -0.0165092 0.0954089
-0.362 0.0385801 0.00700815
-0.361 0.0960013 -0.112712
-0.36 0.145314 -0.222101
-0.359 0.179946 -0.275811
-0.358 0.197562 -0.24551
-0.357 0.204289 -0.133053
-0.356 0.214254 0.0309977
-0.355 0.241068 0.200747
-0.354 0.289359 0.331874
-0.353 0.355164 0.395747
-0.352 0.432963 0.388216
-0.351 0.51924 0.330888
-0.35 0.60831 0.262085
-0.349 0.687642 0.218914
-0.348 0.740589 0.219098
-0.347 0.754066 0.253502
-0.346 0.723055 0.293221
-0.345 0.650177 0.305186
-0.344 0.545441 0.266848
-0.343 0.428064 0.174922
-0.342 0.324663 0.0478733
-0.341 0.259202 -0.0782542
-0.34 0.240236 -0.162018
-0.339 0.256592 -0.174357
-0.338 0.284861 -0.113081
-0.337 0.300868 -0.00432262
-0.336 0.287298 0.110788
-0.335 0.238515 0.195759
-0.334 0.166057 0.233402
-0.333 0.100522 0.230085
-0.332 0.081359 0.211073
-0.331 0.135938 0.210118
-0.33 0.262425 0.255243
-0.329 0.429635 0.354112
-0.328 0.591707 0.48613
-0.327 0.704708 0.608056
-0.326 0.737484 0.672713
-0.325 0.679662 0.651195
-0.324 0.549128 0.546346
-0.323 0.391481 0.391462
-0.322 0.2632 0.236844
-0.321 0.204751 0.131003
-0.32 0.222072 0.102903
-0.319 0.288326 0.150561
-0.318 0.360445 0.240812
-0.317 0.39686 0.322425
-0.316 0.369844 0.348692
-0.315 0.27478 0.299453
-0.314 0.136362 0.191569
-0.313 0.00396738 0.0725788
-0.312 -0.0684817 0.000790475
-0.311 -0.0483868 0.0207893
-0.31 0.0608582 0.14429
-0.309 0.223702 0.343582
-0.308 0.388376 0.560282
-0.307 0.50508 0.726601
-0.306 0.541802 0.791239
-0.305 0.496208 0.739455
-0.304 0.398802 0.598802
-0.303 0.301102 0.427879
-0.302 0.251572 0.292657
-0.301 0.273316 0.239868
-0.3 0.356081 0.27797
-0.299 0.462944 0.373491
-0.298 0.544819 0.46487
-0.297 0.55822 0.4885
-0.296 0.48364 0.406019
-0.295 0.337846 0.221254
-0.294 0.170025 -0.0200427
-0.293 0.0390266 -0.246938
-0.292 -0.0156298 -0.389451
-0.291 0.00992487 -0.404507
-0.29 0.0871996 -0.292826
-0.289 0.169962 -0.10005
-0.288 0.211023 0.100129
-0.287 0.179787 0.235435
-0.286 0.0792375 0.264546
-0.285 -0.0473062 0.192997
-0.284 -0.130978 0.0684336
-0.283 -0.11096 -0.0411761
-0.282 0.033817 -0.0754786
-0.281 0.27581 -0.00493959
-0.28 0.554244 0.157467
-0.279 0.799577 0.359601
-0.278 0.955074 0.529153
-0.277 0.994328 0.603172
-0.276 0.933443 0.55593
-0.275 0.828801 0.41101
-0.274 0.752868 0.230784
-0.273 0.756249 0.0890269
-0.272 0.838875 0.0409973
-0.271 0.949227 0.103918
-0.27 1.00959 0.252955
-0.269 0.949565 0.431508
-0.268 0.733123 0.572376
-0.267 0.374513 0.624156
-0.266 -0.0598801 0.573055
-0.265 -0.468632 0.449016
-0.264 -0.750235 0.311436
-0.263 -0.842944 0.221251
-0.262 -0.749389 0.214096
-0.261 -0.532201 0.287247
-0.26 -0.28437 0.40372
-0.259 -0.0913278 0.508804
-0.258 -0.000120851 0.55191
-0.257 -0.0037943 0.507001
-0.256 -0.0457237 0.3845
-0.255 -0.0442331 0.228624
-0.254 0.0707412 0.0995397
-0.253 0.323607 0.0477178
-0.252 0.676952 0.0926489
-0.251 1.04194 0.215897
-0.25 1.31068 0.370488
-0.249 1.39563 0.500904
-0.248 1.26174 0.564917
-0.247 0.941025 0.549203
-0.246 0.523106 0.47289
-0.245 0.123324 0.377328
-0.244 -0.158697 0.306431
-0.243 -0.273452 0.286445
-0.242 -0.2354 0.314234
-0.241 -0.110887 0.359002
-0.24 0.0131113 0.376226
-0.239 0.0649569 0.327589
-0.238 0.0164084 0.198988
-0.237 -0.106074 0.00932412
-0.236 -0.232486 -0.194703
-0.235 -0.280276 -0.356764
-0.234 -0.192042 -0.433891
-0.233 0.0370227 -0.413139
-0.232 0.354567 -0.314499
-0.231 0.671603 -0.180097
-0.23 0.897308 -0.0559079
-0.229 0.971645 0.0262132
-0.228 0.88462 0.060396
-0.227 0.677954 0.0687383
-0.226 0.428713 0.0910378
-0.225 0.219319 0.164229
-0.224 0.104788 0.300525
-0.223 0.0917044 0.476616
-0.222 0.140435 0.641007
-0.221 0.190449 0.735794
-0.22 0.193968 0.721034
-0.219 0.138753 0.590458
-0.218 0.0506771 0.374152
-0.217 -0.0203215 0.129514
-0.216 -0.0222285 -0.0770198
-0.215 0.0762876 -0.193758
-0.214 0.268283 -0.204766
-0.213 0.503936 -0.136585
-0.212 0.706303 -0.0443645
-0.211 0.804856 0.0165447
-0.21 0.769512 0.0178312
-0.209 0.624257 -0.0297227
-0.208 0.433084 -0.0828094
-0.207 0.26938 -0.0847459
-0.206 0.186361 0.0110437
-0.205 0.199088 0.21987
-0.204 0.279925 0.513738
-0.203 0.367666 0.825663
-0.202 0.391654 1.07251
-0.201 0.306016 1.18783
-0.2 0.117412 1.14842
-0.199 -0.112583 0.981665
-0.198 -0.294336 0.751729
-0.197 -0.350869 0.533225
-0.196 -0.250941 0.383679
-0.195 -0.0217108 0.323714
-0.194 0.259774 0.330997
-0.193 0.49103 0.351179
-0.192 0.578673 0.323227
-0.191 0.474263 0.208615
-0.19 0.196684 0.010355
-0.189 -0.17228 -0.226868
-0.188 -0.519156 -0.434249
-0.187 -0.742305 -0.545589
-0.186 -0.788631 -0.523048
-0.185 -0.669446 -0.373059
-0.184 -0.451354 -0.145796
-0.183 -0.227514 0.0833913
-0.182 -0.0797778 0.243674
-0.181 -0.0452625 0.295695
-0.18 -0.101448 0.243387
-0.179 -0.176767 0.127534
-0.178 -0.181332 0.00683311
-0.177 -0.0445662 -0.0652071
-0.176 0.254212 -0.0606875
-0.175 0.67329 0.0113656
-0.174 1.11926 0.108987
-0.173 1.47781 0.177531
-0.172 1.65359 0.177027
-0.171 1.60247 0.101098
-0.17 1.3418 -0.0226634
-0.169 0.936648 -0.147902
-0.168 0.472816 -0.229267
-0.167 0.0298814 -0.238116
-0.166 -0.337946 -0.171572
-0.165 -0.610616 -0.0538216
-0.164 -0.799497 0.0729696
-0.163 -0.933174 0.167632
-0.162 -1.0368 0.209877
-0.161 -1.11625 0.208129
-0.16 -1.15728 0.190217
-0.159 -1.1388 0.184796
-0.158 -1.04852 0.20633
-0.157 -0.888946 0.250365
-0.156 -0.672235 0.297653
-0.155 -0.411664 0.323458
-0.154 -0.117119 0.309929
-0.153 0.204003 0.258056
-0.152 0.542344 0.191943
-0.151 0.880254 0.149657
-0.15 1.18523 0.163945
-0.149 1.40691 0.244141
-0.148 1.48398 0.369767
-0.147 1.36487 0.498376
-0.146 1.03592 0.582767
-0.145 0.541702 0.590525
-0.144 -0.0159447 0.519419
-0.143 -0.504863 0.401833
-0.142 -0.807814 0.292914
-0.141 -0.86738 0.245237
-0.14 -0.709923 0.282548
-0.139 -0.43813 0.386927
-0.138 -0.194854 0.505333
-0.137 -0.110528 0.571041
-0.136 -0.251889 0.530636
-0.135 -0.589882 0.367803
-0.134 -1.00057 0.115926
-0.133 -1.30594 -0.148293
-0.132 -1.3462 -0.332773
-0.131 -1.05393 -0.369577
-0.13 -0.492826 -0.246023
-0.129 0.15948 -0.0109193
-0.128 0.676188 0.24573
-0.127 0.864588 0.427938
-0.126 0.636474 0.469197
-0.125 0.0450433 0.357485
-0.124 -0.722669 0.142247
-0.123 -1.40244 -0.0822318
-0.122 -1.74796 -0.215202
-0.121 -1.6295 -0.194633
-0.12 -1.09011 -0.0266785
-0.119 -0.33001 0.216117
-0.118 0.37302 0.425924
-0.117 0.769942 0.504025
-0.116 0.730565 0.399959
-0.115 0.288808 0.1324
-0.114 -0.369189 -0.215066
-0.113 -0.972328 -0.523799
-0.112 -1.26786 -0.686433
-0.111 -1.12303 -0.650709
-0.11 -0.581882 -0.440673
-0.109 0.149461 -0.145394
-0.108 0.78382 0.119085
-0.107 1.06597 0.257493
-0.106 0.872196 0.233417
-0.105 0.257687 0.0830127
-0.104 -0.566112 -0.101557
-0.103 -1.31395 -0.212794
-0.102 -1.73452 -0.174955
-0.101 -1.7014 0.023554
-0.1 -1.25471 0.326002
-0.099 -0.580907 0.631551
-0.098 0.0604746 0.836776
-0.097 0.437324 0.877967
-0.096 0.435138 0.757617
-0.095 0.0972032 0.54312
-0.094 -0.40559 0.336194
-0.093 -0.85844 0.226212
-0.092 -1.0954 0.250215
-0.091 -1.05932 0.378626
-0.09 -0.810881 0.531587
-0.089 -0.492474 0.616614
-0.088 -0.26524 0.570749
-0.087 -0.240665 0.390171
-0.086 -0.431558 0.134871
-0.085 -0.747175 -0.0955668
-0.084 -1.03954 -0.206345
-0.083 -1.17698 -0.151785
-0.082 -1.10427 0.0419115
-0.081 -0.860287 0.286286
-0.08 -0.550465 0.468537
-0.079 -0.291225 0.502043
-0.078 -0.152814 0.368103
-0.077 -0.126175 0.129077
-0.076 -0.130459 -0.0961115
-0.075 -0.0603906 -0.185239
-0.074 0.149878 -0.0699176
-0.073 0.481493 0.230659
-0.072 0.826998 0.613244
-0.071 1.02729 0.928078
-0.07 0.935176 1.03697
-0.069 0.486484 0.873026
-0.068 -0.248556 0.478251
-0.067 -1.06708 -0.00348746
-0.066 -1.70555 -0.383403
-0.065 -1.95578 -0.510968
-0.064 -1.76211 -0.341062
-0.063 -1.24555 0.0473162
-0.062 -0.651006 0.483885
-0.061 -0.25364 0.772389
-0.06 -0.260285 0.765482
-0.059 -0.725102 0.428256
-0.058 -1.50278 -0.133937
-0.057 -2.27694 -0.705749
-0.056 -2.68161 -1.04875
-0.055 -2.47049 -1.00674
-0.054 -1.63965 -0.574865
-0.053 -0.434521 0.0991346
-0.052 0.750498 0.774362
-0.051 1.51793 1.20643
-0.05 1.60199 1.23734
-0.049 0.965206 0.8601
-0.048 -0.165707 0.231901
-0.047 -1.35885 -0.382163
-0.046 -2.13858 -0.719909
-0.045 -2.18752 -0.635557
-0.044 -1.48404 -0.159622
-0.043 -0.306132 0.517481
-0.042 0.886982 1.12217
-0.041 1.63085 1.40165
-0.04 1.62315 1.22182
-0.039 0.836538 0.627241
-0.038 -0.458585 -0.166523
-0.037 -1.78648 -0.856763
-0.036 -2.65328 -1.18028
-0.035 -2.74719 -1.02045
-0.034 -2.05777 -0.44695
-0.033 -0.870237 0.318189
-0.032 0.349006 0.985923
-0.031 1.12761 1.30752
-0.03 1.16515 1.17237
-0.029 0.452403 0.65849
-0.028 -0.721737 0.00378776
-0.027 -1.89069 -0.49864
-0.026 -2.60508 -0.629711
-0.025 -2.60497 -0.331203
-0.024 -1.89879 0.282621
-0.023 -0.740622 0.977055
-0.022 0.467577 1.48486
-0.021 1.31934 1.60571
-0.02 1.55547 1.28924
-0.019 1.16672 0.664101
-0.018 0.389734 -0.0137786
-0.017 -0.412212 -0.476901
-0.016 -0.917539 -0.563589
-0.015 -0.969399 -0.275968
-0.014 -0.606336 0.237131
-0.013 -0.0176425 0.747898
-0.012 0.53858 1.03722
-0.011 0.829855 0.979186
-0.01 0.736914 0.596366
-0.009 0.303103 0.0554625
-0.008 -0.287444 -0.406742
-0.007 -0.802588 -0.594077
-0.006 -1.07501 -0.437943
-0.005 -1.06809 -0.0183063
-0.004 -0.865893 0.479619
-0.003 -0.609292 0.844212
-0.002 -0.41999 0.922205
-0.001 -0.347893 0.683479
0 -0.360112 0.238804
0.001 -0.370682 -0.206371
0.002 -0.294109 -0.446146
0.003 -0.0993317 -0.368887
0.004 0.161209 -0.0035862
0.005 0.363245 0.497625
0.006 0.363953 0.923994
0.007 0.0784467 1.09051
0.008 -0.455562 0.916295
0.009 -1.06728 0.46787
0.01 -1.51894 -0.0613839
0.011 -1.62034 -0.437169
0.012 -1.32417 -0.494
0.013 -0.74979 -0.208728
0.014 -0.133768 0.295112
0.015 0.259354 0.801967
0.016 0.233584 1.08759
0.017 -0.254723 1.00516
0.018 -1.05052 0.551839
0.019 -1.82938 -0.114346
0.02 -2.22089 -0.731099
0.021 -1.97989 -1.04717
0.022 -1.11037 -0.936291
0.023 0.127463 -0.448118
0.024 1.32051 0.220707
0.025 2.05768 0.808668
0.026 2.07663 1.08698
0.027 1.36392 0.945248
0.028 0.179436 0.441898
0.029 -1.02157 -0.207368
0.03 -1.76188 -0.714447
0.031 -1.74148 -0.845694
0.032 -0.96349 -0.525241
0.033 0.269892 0.136736
0.034 1.47818 0.894483
0.035 2.18441 1.46372
0.036 2.09395 1.62721
0.037 1.21155 1.31756
0.038 -0.15097 0.649569
0.039 -1.49232 -0.118986
0.04 -2.32297 -0.691888
0.041 -2.35791 -0.858665
0.042 -1.61627 -0.577197
0.043 -0.402387 0.0190559
0.044 0.808931 0.68103
0.045 1.54427 1.14108
0.046 1.51201 1.21461
0.047 0.724457 0.873915
0.048 -0.502041 0.262913
0.049 -1.68194 -0.361662
0.05 -2.36494 -0.740691
0.051 -2.3063 -0.720877
0.052 -1.53521 -0.309773
0.053 -0.322156 0.337765
0.054 0.921831 0.983946
0.055 1.78609 1.39602
0.056 2.01108 1.43243
0.057 1.59284 1.09868
0.058 0.78026 0.545109
0.059 -0.0456959 0.000203422
0.06 -0.545846 -0.330403
0.061 -0.555474 -0.347487
0.062 -0.122711 -0.0867953
0.063 0.536719 0.309446
0.064 1.12978 0.655223
0.065 1.39193 0.792183
0.066 1.18567 0.649603
0.067 0.557321 0.273005
0.068 -0.282829 -0.194585
0.069 -1.05614 -0.575548
0.07 -1.53772 -0.735477
0.071 -1.63997 -0.636712
0.072 -1.42325 -0.34429
0.073 -1.04429 0.0113603
0.074 -0.678484 0.292244
0.075 -0.449541 0.406512
0.076 -0.388562 0.340392
0.077 -0.434606 0.158342
0.078 -0.476178 -0.0291139
0.079 -0.414326 -0.116999
0.08 -0.216124 -0.0535117
0.081 0.0672967 0.138383
0.082 0.326274 0.374354
0.083 0.449338 0.549259
0.084 0.3832 0.585217
0.085 0.164957 0.465406
0.086 -0.0919912 0.239146
0.087 -0.253133 -0.00295884
0.088 -0.230451 -0.171084
0.089 -0.0264052 -0.215272
0.09 0.266115 -0.144733
0.091 0.503684 -0.0210727
0.092 0.553525 0.0704923
0.093 0.354382 0.060624
0.094 -0.0460595 -0.0699239
0.095 -0.4979 -0.277569
0.096 -0.805267 -0.473083
0.097 -0.81224 -0.562202
0.098 -0.478688 -0.489563
0.099 0.0926189 -0.264219
0.1 0.691565 0.0438242
0.101 1.08184 0.332175
0.102 1.09344 0.506989
0.103 0.691548 0.520793
0.104 -0.00434132 0.392866
0.105 -0.760521 0.202435
0.106 -1.31483 0.0549276
0.107 -1.47569 0.035126
0.108 -1.19623 0.169252
0.109 -0.594206 0.41323
0.11 0.0912714 0.670837
0.111 0.59186 0.832973
0.112 0.716262 0.82238
0.113 0.426972 0.626532
0.114 -0.146642 0.304994
0.115 -0.763943 -0.0332698
0.116 -1.17013 -0.273975
0.117 -1.19285 -0.343208
0.118 -0.803899 -0.234548
0.119 -0.129322 -0.00837617
0.12 0.593943 0.233635
0.121 1.10402 0.38875
0.122 1.21534 0.39411
0.123 0.893433 0.252584
0.124 0.267486 0.0311817
0.125 -0.425773 -0.169289
0.126 -0.937617 -0.259541
0.127 -1.0977 -0.19967
0.128 -0.866144 -0.0129531
0.129 -0.337472 0.226439
0.13 0.2982 0.423341
0.131 0.824402 0.497704
0.132 1.07723 0.415369
0.133 1.00451 0.202171
0.134 0.678878 -0.0662875
0.135 0.258107 -0.297067
0.136 -0.087369 -0.419529
0.137 -0.243565 -0.412216
0.138 -0.18951 -0.305828
0.139 0.00653184 -0.165135
0.14 0.221818 -0.0602861
0.141 0.328398 -0.0386774
0.142 0.239608 -0.106778
0.143 -0.0605564 -0.228612
0.144 -0.513924 -0.342696
0.145 -1.01185 -0.390944
0.146 -1.43684 -0.345502
0.147 -1.70322 -0.220154
0.148 -1.77882 -0.0625375
0.149 -1.68137 0.0670383
0.15 -1.457 0.120821
0.151 -1.15582 0.0834318
0.152 -0.817745 -0.0218523
0.153 -0.470992 -0.144006
0.154 -0.136691 -0.228085
0.155 0.166971 -0.240131
0.156 0.422693 -0.180233
0.157 0.614062 -0.0787025
0.158 0.72861 0.0196762
0.159 0.764148 0.0750465
0.16 0.734854 0.0693892
0.161 0.670095 0.0158239
0.162 0.601455 -0.0453102
0.163 0.543011 -0.0654261
0.164 0.478572 -0.0138037
0.165 0.366823 0.104644
0.166 0.162821 0.251092
0.167 -0.155737 0.371294
0.168 -0.570026 0.418512
0.169 -1.0169 0.370743
0.17 -1.40242 0.239098
0.171 -1.62866 0.0663357
0.172 -1.62712 -0.086882
0.173 -1.38801 -0.166901
0.174 -0.971732 -0.152272
0.175 -0.493446 -0.0635535
0.176 -0.0844655 0.0489127
0.177 0.15449 0.130537
0.178 0.189401 0.146295
0.179 0.0633535 0.0934907
0.18 -0.123195 0.00230743
0.181 -0.253736 -0.074596
0.182 -0.242543 -0.0825656
0.183 -0.0695844 0.00965057
0.184 0.210376 0.192045
0.185 0.488592 0.414716
0.186 0.644961 0.608153
0.187 0.59691 0.710484
0.188 0.336489 0.688861
0.189 -0.0604952 0.549117
0.19 -0.459723 0.333077
0.191 -0.719161 0.103788
0.192 -0.744957 -0.079044
0.193 -0.528619 -0.184154
0.194 -0.14939 -0.220234
0.195 0.257237 -0.226716
0.196 0.549562 -0.251026
0.197 0.629535 -0.326346
0.198 0.476808 -0.45855
0.199 0.155433 -0.623106
0.2 -0.211474 -0.771139
0.201 -0.492305 -0.845689
0.202 -0.602901 -0.80582
0.203 -0.541266 -0.647502
0.204 -0.383243 -0.407188
0.205 -0.24329 -0.145007
0.206 -0.222363 0.0806282
0.207 -0.366272 0.231905
0.208 -0.647897 0.298346
0.209 -0.976384 0.294854
0.21 -1.23009 0.254551
0.211 -1.30429 0.21571
0.212 -1.15658 0.203782
0.213 -0.828097 0.217471
0.214 -0.427118 0.230091
0.215 -0.0820807 0.206917
0.216 0.111689 0.126317
0.217 0.12616 -0.00898416
0.218 0.00379579 -0.174216
0.219 -0.166629 -0.332603
0.22 -0.289251 -0.44638
0.221 -0.30102 -0.487056
0.222 -0.198778 -0.445084
0.223 -0.0419799 -0.334945
0.224 0.0736535 -0.18968
0.225 0.0624957 -0.0455074
0.226 -0.106819 0.0741913
0.227 -0.392191 0.165646
0.228 -0.693259 0.239824
0.229 -0.892781 0.311505
0.23 -0.904205 0.389811
0.231 -0.705295 0.473469
0.232 -0.347102 0.549908
0.233 0.0630616 0.598083
0.234 0.400203 0.596333
0.235 0.569708 0.53326
0.236 0.545075 0.41537
0.237 0.377253 0.26611
0.238 0.16998 0.116527
0.239 0.0317171 -0.00696929
0.24 0.0269871 -0.0909988
0.241 0.149243 -0.136838
0.242 0.324163 -0.156771
0.243 0.439479 -0.167246
0.244 0.391174 -0.18018
0.245 0.129987 -0.195839
0.246 -0.311614 -0.202119
0.247 -0.825356 -0.181784
0.248 -1.2651 -0.123574
0.249 -1.50182 -0.0301891
0.25 -1.47219 0.0815506
0.251 -1.20059 0.187232
0.252 -0.788098 0.263257
0.253 -0.373841 0.294271
0.254 -0.0818171 0.27911
0.255 0.0270448 0.232848
0.256 -0.0239494 0.181076
0.257 -0.142641 0.146961
0.258 -0.212092 0.1384
0.259 -0.143088 0.144234
0.26 0.0871597 0.142279
0.261 0.423993 0.112854
0.262 0.753852 0.0485166
0.263 0.946378 -0.0431987
0.264 0.907375 -0.141231
0.265 0.62122 -0.215563
0.266 0.160677 -0.237294
0.267 -0.342493 -0.19328
0.268 -0.750925 -0.0970349
0.269 -0.972741 0.0139809
0.27 -0.989854 0.0956805
0.271 -0.857582 0.118472
0.272 -0.679979 0.0790028
0.273 -0.568093 -0.00122844
0.274 -0.592668 -0.0849889
0.275 -0.751081 -0.131345
0.276 -0.968271 -0.110107
0.277 -1.13386 -0.0165055
0.278 -1.15469 0.121946
0.279 -0.994587 0.254544
0.28 -0.686164 0.330706
0.281 -0.316493 0.324229
0.282 0.00415622 0.244396
0.283 0.182139 0.130393
0.284 0.178022 0.0354293
0.285 0.0251552 0.00769684
0.286 -0.184692 0.0722453
0.287 -0.344168 0.218461
0.288 -0.378001 0.400254
0.289 -0.271356 0.552746
0.29 -0.070456 0.619379
0.291 0.139026 0.575547
0.292 0.266228 0.437236
0.293 0.25194 0.253143
0.294 0.0952038 0.0860634
0.295 -0.144137 -0.0098766
0.296 -0.371582 -0.00987361
0.297 -0.500049 0.0707892
0.298 -0.485686 0.182449
0.299 -0.342707 0.26245
0.3 -0.135859 0.262284
0.301 0.0446132 0.167406
0.302 0.118517 0.00217245
0.303 0.049963 -0.17946
0.304 -0.135783 -0.312865
0.305 -0.363715 -0.346274
0.306 -0.54354 -0.261763
0.307 -0.607643 -0.0841093
0.308 -0.534805 0.128574
0.309 -0.355206 0.308839
0.31 -0.139874 0.406554
0.311 0.0236812 0.405923
0.312 0.0659329 0.32771
0.313 -0.0334539 0.218937
0.314 -0.236128 0.13479
0.315 -0.464831 0.117465
0.316 -0.639878 0.178626
0.317 -0.710105 0.293743
0.318 -0.66613 0.412633
0.319 -0.539024 0.481797
0.32 -0.389835 0.46722
0.321 -0.288936 0.366916
0.322 -0.286466 0.20947
0.323 -0.387315 0.0419646
0.324 -0.548387 -0.0869625
0.325 -0.701516 -0.143677
0.326 -0.785653 -0.12073
0.327 -0.768225 -0.038255
0.328 -0.650032 0.0657493
0.329 -0.461227 0.152345
0.33 -0.25326 0.197731
0.331 -0.0833823 0.200923
0.332 0.00797414 0.180519
0.333 0.014323 0.163609
0.334 -0.038871 0.172765
0.335 -0.113206 0.216632
0.336 -0.177157 0.287127
0.337 -0.214323 0.363277
0.338 -0.222382 0.419734
0.339 -0.211183 0.436931
0.34 -0.200828 0.408942
0.341 -0.213913 0.34545
0.342 -0.262818 0.266454
0.343 -0.343075 0.192209
0.344 -0.439778 0.134036
0.345 -0.539362 0.0912756
0.346 -0.634034 0.055178
0.347 -0.717122 0.0160664
0.348 -0.778828 -0.0304209
0.349 -0.809167 -0.0799695
0.35 -0.80342 -0.119658
0.351 -0.762175 -0.131902
0.352 -0.687635 -0.101973
0.353 -0.584864 -0.0262878
0.354 -0.468508 0.0835624
0.355 -0.364114 0.204452
0.356 -0.296837 0.311086
0.357 -0.275379 0.38553
0.358 -0.285697 0.422693
0.359 -0.299182 0.430795
0.36 -0.286403 0.427382
0.361 -0.226473 0.43162
0.362 -0.1124 0.454852
0.363 0.0426949 0.493607
0.364 0.202029 0.529636
0.365 0.314159 0.537751
0.366 0.33557 0.497117
0.367 0.253178 0.400291
0.368 0.0909564 0.257105
0.369 -0.102266 0.0931081
0.37 -0.273293 -0.0572456
0.371 -0.382113 -0.161718
0.372 -0.413738 -0.202103
0.373 -0.384896 -0.180781
0.374 -0.341291 -0.118073
0.375 -0.340336 -0.0422647
0.376 -0.424082 0.0216466
0.377 -0.597102 0.0596864
0.378 -0.822363 0.0721114
0.379 -1.03603 0.0725485
0.38 -1.17159 0.0825464
0.381 -1.18273 0.121695
0.382 -1.05908 0.197219
0.383 -0.83137 0.299348
0.384 -0.562322 0.40549
0.385 -0.323912 0.489817
0.386 -0.169961 0.532148
0.387 -0.116925 0.522858
0.388 -0.141118 0.464597
0.389 -0.191855 0.371907
0.39 -0.21368 0.267611
0.391 -0.169352 0.1752
0.392 -0.0559916 0.110366
0.393 0.0921421 0.0770665
0.394 0.216878 0.0699686
0.395 0.26042 0.0797799
0.396 0.189545 0.0969571
0.397 0.00918786 0.112926
0.398 -0.239066 0.1211
0.399 -0.491621 0.118851
0.4 -0.684774 0.108536
0.401 -0.776371 0.0957455
0.402 -0.75969 0.0862563
0.403 -0.663887 0.0845831
0.404 -0.540187 0.0944072
0.405 -0.439705 0.118386
0.406 -0.393052 0.155861
0.407 -0.400514 0.200394
0.408 -0.435949 0.240228
0.409 -0.46123 0.262124
0.41 -0.443961 0.25611
0.411 -0.370975 0.218998
0.412 -0.253378 0.156527
0.413 -0.12268 0.08399
0.414 -0.0194771 0.0237286
0.415 0.0223053 -0.00162931
0.416 -0.0102972 0.0219443
0.417 -0.103762 0.0934563
0.418 -0.225065 0.19624
0.419 -0.337405 0.302803
0.42 -0.414993 0.38298
0.421 -0.44884 0.413502
0.422 -0.44383 0.386824
0.423 -0.412987 0.31545
0.424 -0.372223 0.228216
0.425 -0.334436 0.158993
0.426 -0.303292 0.133107
0.427 -0.271426 0.157845
0.428 -0.227142 0.220086
0.429 -0.16616 0.290544
0.43 -0.0982588 0.333263
0.431 -0.0421294 0.318857
0.432 -0.0134284 0.237602
0.433 -0.016858 0.10595
0.434 -0.046497 -0.0381854
0.435 -0.089906 -0.149725
0.436 -0.131508 -0.193149
0.437 -0.156411 -0.154535
0.438 -0.157502 -0.0459439
0.439 -0.142801 0.0977024
0.44 -0.134689 0.22893
0.441 -0.157605 0.303861
0.442 -0.22239 0.29903
0.443 -0.31907 0.220815
0.444 -0.421407 0.102135
0.445 -0.497526 -0.0117583
0.446 -0.52053 -0.080895
0.447 -0.477579 -0.0843275
0.448 -0.377249 -0.0265927
0.449 -0.251233 0.0638504
0.45 -0.144953 0.144455
0.451 -0.0987286 0.175019
0.452 -0.130031 0.134839
0.453 -0.226809 0.032374
0.454 -0.353215 -0.0977164
0.455 -0.462616 -0.208366
0.456 -0.512732 -0.257695
0.457 -0.480072 -0.223352
0.458 -0.370068 -0.109803
0.459 -0.21701 0.0529884
0.46 -0.0706068 0.219756
0.461 0.0250249 0.346353
0.462 0.0485218 0.40595
0.463 0.00717574 0.397665
0.464 -0.0680262 0.344077
0.465 -0.134173 0.279873
0.466 -0.151633 0.237411
0.467 -0.0996652 0.234678
0.468 0.0129726 0.269082
0.469 0.149286 0.319049
0.47 0.258751 0.35347
0.471 0.297892 0.345337
0.472 0.246022 0.283214
0.473 0.110465 0.175398
0.474 -0.077842 0.0458115
0.475 -0.274609 -0.0753576
0.476 -0.435197 -0.161998
0.477 -0.528062 -0.200211
0.478 -0.544663 -0.19207
0.479 -0.50049 -0.153352
0.48 -0.425829 -0.105554
0.481 -0.351652 -0.0660238
0.482 -0.298269 -0.0414287
0.483 -0.271131 -0.0274699
0.484 -0.263124 -0.0137606
0.485 -0.259598 0.00967698
0.486 -0.243486 0.047458
0.487 -0.200783 0.0965743
0.488 -0.126124 0.147004
0.489 -0.025505 0.185437
0.49 0.0859517 0.201228
0.491 0.189485 0.191623
0.492 0.267673 0.163128
0.493 0.306407 0.127994
0.494 0.295081 0.0977281
0.495 0.2286 0.0773992
0.496 0.111878 0.0637352
0.497 -0.0374469 0.0473173
0.498 -0.191718 0.0173361
0.499 -0.320347 -0.0329542
0.5 -0.397882 -0.102029
0.501 -0.410593 -0.178922
0.502 -0.360876 -0.245951
0.503 -0.269007 -0.284993
0.504 -0.169717 -0.2853
0.505 -0.101045 -0.249156
0.506 -0.0887102 -0.192011
0.507 -0.134677 -0.136597
0.508 -0.216007 -0.103651
0.509 -0.293461 -0.103352
0.51 -0.325454 -0.131166
0.511 -0.282887 -0.169384
0.512 -0.161473 -0.193411
0.513 0.012168 -0.181001
0.514 0.185713 -0.121853
0.515 0.299364 -0.0236866
0.516 0.309798 0.0888197
0.517 0.207661 0.182775
0.518 0.0214427 0.230095
0.519 -0.191582 0.218862
0.52 -0.363121 0.157929
0.521 -0.435902 0.073414
0.522 -0.384926 -0.000829639
0.523 -0.229935 -0.0354635
0.524 -0.0304139 -0.0168628
0.525 0.137633 0.0470071
0.526 0.211705 0.129069
0.527 0.165035 0.193644
0.528 0.0142235 0.210862
0.529 -0.186711 0.168718
0.53 -0.363286 0.0777682
0.531 -0.446153 -0.0328817
0.532 -0.39906 -0.126316
0.533 -0.236425 -0.171521
0.534 -0.0185361 -0.155167
0.535 0.174386 -0.0867273
0.536 0.27419 0.00523794
0.537 0.247775 0.08402
0.538 0.106186 0.118381
0.539 -0.0987691 0.0936216
0.54 -0.290118 0.0163873
0.541 -0.393115 -0.0880856
0.542 -0.366412 -0.185425
0.543 -0.220728 -0.245232
0.544 -0.0128029 -0.252632
0.545 0.180857 -0.213186
0.546 0.293575 -0.149363
0.547 0.288627 -0.0909938
0.548 0.168167 -0.0641709
0.549 -0.0274144 -0.0824248
0.55 -0.231822 -0.142231
0.551 -0.377874 -0.224006
0.552 -0.426117 -0.299035
0.553 -0.380315 -0.340539
0.554 -0.280426 -0.334202
0.555 -0.180365 -0.283084
0.556 -0.125916 -0.205061
0.557 -0.141189 -0.125224
0.558 -0.222539 -0.0672341
0.559 -0.338754 -0.0462983
0.56 -0.440965 -0.0647274
0.561 -0.482948 -0.111172
0.562 -0.442332 -0.164754
0.563 -0.328869 -0.203378
0.564 -0.175449 -0.21256
0.565 -0.0210974 -0.190317
0.566 0.102259 -0.146231
0.567 0.176161 -0.0965029
0.568 0.198471 -0.058068
0.569 0.183192 -0.043354
0.57 0.153541 -0.0562654
0.571 0.128685 -0.0906077
0.572 0.112899 -0.132367
0.573 0.0960656 -0.165437
0.574 0.064251 -0.178038
0.575 0.0102278 -0.166571
0.576 -0.0633797 -0.135659
0.577 -0.146412 -0.0956156
0.578 -0.223999 -0.0589878
0.579 -0.279952 -0.0367822
0.58 -0.303554 -0.0349167
0.581 -0.297377 -0.0523558
0.582 -0.278237 -0.0820667
0.583 -0.267402 -0.11416
0.584 -0.276671 -0.139354
0.585 -0.301343 -0.151296
0.586 -0.32391 -0.147617
0.587 -0.322922 -0.130226
0.588 -0.28094 -0.104717
0.589 -0.191239 -0.0783294
0.59 -0.0644401 -0.0571236
0.591 0.069004 -0.044123
0.592 0.166956 -0.0393049
0.593 0.193819 -0.0405604
0.594 0.138184 -0.044506
0.595 0.0183634 -0.0471653
0.596 -0.125969 -0.0452362
0.597 -0.24872 -0.0379169
0.598 -0.311943 -0.0279291
0.599 -0.298007 -0.0205173
0.6 -0.217904 -0.0211581
0.601 -0.110501 -0.0338744
0.602 -0.0283276 -0.0607842
0.603 -0.0141412 -0.101886
0.604 -0.0810666 -0.154369
0.605 -0.207373 -0.21224
0.606 -0.346592 -0.267491
0.607 -0.445537 -0.312697
0.608 -0.462812 -0.343259
0.609 -0.383726 -0.357782
0.61 -0.22797 -0.357153
0.611 -0.0452882 -0.343848
0.612 0.102351 -0.32176
0.613 0.1654 -0.295513
0.614 0.126042 -0.268844
0.615 0.00336839 -0.24311
0.616 -0.155724 -0.217326
0.617 -0.294143 -0.18965
0.618 -0.364376 -0.158885
0.619 -0.34509 -0.124962
0.62 -0.249169 -0.088897
0.621 -0.118772 -0.0530324
0.622 -0.00805045 -0.0212778
0.623 0.0388463 0.00148869
0.624 0.00432013 0.010941
0.625 -0.0976697 0.0048437
0.626 -0.22809 -0.0162513
0.627 -0.337309 -0.0490968
0.628 -0.383034 -0.0881172
0.629 -0.346168 -0.126125
0.63 -0.238247 -0.155858
0.631 -0.0963897 -0.172062
0.632 0.0321954 -0.173025
0.633 0.108294 -0.160853
0.634 0.113399 -0.140698
0.635 0.0537695 -0.119398
0.636 -0.043397 -0.103662
0.637 -0.139936 -0.0977826
0.638 -0.200585 -0.101687
0.639 -0.206354 -0.110759
0.64 -0.161267 -0.117938
0.641 -0.0886747 -0.116804
0.642 -0.0195668 -0.103943
0.643 0.0200478 -0.0800436
0.644 0.0169568 -0.0501207
0.645 -0.0271373 -0.0228414
0.646 -0.0975809 -0.00825783
0.647 -0.172005 -0.0139043
0.648 -0.228431 -0.0410565
0.649 -0.253779 -0.0836415
0.65 -0.248269 -0.130437
0.651 -0.22295 -0.168871
0.652 -0.192609 -0.18854
0.653 -0.169289 -0.183932
0.654 -0.159508 -0.156464
0.655 -0.164323 -0.115019
0.656 -0.180264 -0.0735734
0.657 -0.200799 -0.0459202
0.658 -0.218769 -0.04008
0.659 -0.229028 -0.0555566
0.66 -0.229352 -0.0842885
0.661 -0.218969 -0.113825
0.662 -0.196755 -0.131239
0.663 -0.161538 -0.127292
0.664 -0.11424 -0.100275
0.665 -0.0595552 -0.0578126
0.666 -0.00568336 -0.0147761
0.667 0.0374886 0.0124047
0.668 0.0609678 0.0121721
0.669 0.0596899 -0.0180596
0.67 0.0354474 -0.0711085
0.671 -0.0020711 -0.131972
0.672 -0.0381147 -0.182046
0.673 -0.059058 -0.205156
0.674 -0.0583881 -0.193705
0.675 -0.0391654 -0.15206
0.676 -0.0126229 -0.0950573
0.677 0.00557862 -0.0422757
0.678 0.000453703 -0.0110048
0.679 -0.0362829 -0.0106058
0.68 -0.100991 -0.0394285
0.681 -0.177139 -0.0849257
0.682 -0.240921 -0.127651
0.683 -0.271153 -0.148566
0.684 -0.257682 -0.136828
0.685 -0.204299 -0.0942327
0.686 -0.126631 -0.0342687
0.687 -0.0473091 0.0231599
0.688 0.0105148 0.0586046
0.689 0.0309938 0.0594406
0.69 0.012531 0.0244957
0.691 -0.030556 -0.0346467
0.692 -0.0742409 -0.0972128
0.693 -0.0958239 -0.141087
0.694 -0.0832869 -0.151478
0.695 -0.0389066 -0.126162
0.696 0.0223963 -0.0753394
0.697 0.0779184 -0.0172834
0.698 0.10429 0.0278785
0.699 0.086123 0.0446408
0.7 0.0233631 0.0276351
0.701 -0.0672173 -0.0158598
0.702 -0.158488 -0.0683917
0.703 -0.224008 -0.10943
0.704 -0.247578 -0.123718
0.705 -0.227646 -0.106785
0.706 -0.176622 -0.0656736
0.707 -0.116305 -0.0157552
0.708 -0.0703592 0.02457
0.709 -0.0553741 0.0399856
0.71 -0.0739478 0.0238819
0.711 -0.113767 -0.0186811
0.712 -0.1536 -0.0726603
0.713 -0.172644 -0.119116
0.714 -0.158441 -0.142743
0.715 -0.11083 -0.137215
0.716 -0.041776 -0.106494
0.717 0.0285866 -0.0625583
0.718 0.0790053 -0.0208998
0.719 0.0952616 0.00495678
0.72 0.0757708 0.00842227
0.721 0.0314927 -0.00770204
0.722 -0.019608 -0.0326983
0.723 -0.0600325 -0.0527919
0.724 -0.0785746 -0.0569499
0.725 -0.0731301 -0.0409298
0.726 -0.0505618 -0.00829426
0.727 -0.0237493 0.0313363
0.728 -0.00621542 0.0658923
0.729 -0.00610932 0.0852553
0.73 -0.0226514 0.0849577
0.731 -0.0472358 0.0675242
0.732 -0.0682464 0.0407649
0.733 -0.0762993 0.0140137
0.734 -0.0673239 -0.00563973
0.735 -0.043176 -0.0154998
0.736 -0.0106473 -0.017445
0.737 0.020727 -0.0165949
0.738 0.042058 -0.0189318
0.739 0.0487571 -0.0284788
0.74 0.0423151 -0.0452422
0.741 0.0287288 -0.0652216
0.742 0.0146167 -0.0826001
0.743 0.00382021 -0.092677
0.744 -0.00356175 -0.0937167
0.745 -0.00999271 -0.0870128
0.746 -0.0187052 -0.0758212
0.747 -0.0322306 -0.0640228
0.748 -0.0511466 -0.0547334
0.749 -0.0730986 -0.0489378
0.75 -0.0930357 -0.044873
0.751 -0.105346 -0.0390372
0.752 -0.106936 -0.0285826
0.753 -0.0991345 -0.0135029
0.754 -0.0869543 0.00298066
0.755 -0.0762932 0.0159669
0.756 -0.0710335 0.0211034
0.757 -0.0715901 0.0162476
0.758 -0.0750076 0.002253
0.759 -0.076094 -0.0169699
0.76 -0.0694002 -0.0353163
0.761 -0.0518411 -0.0465536
0.762 -0.025008 -0.0470247
0.763 0.0043622 -0.0374891
0.764 0.0267109 -0.0228307
0.765 0.0339198 -0.00975356
0.766 0.0231316 -0.00385187
0.767 -0.00188131 -0.00747616
0.768 -0.0321151 -0.0189655
0.769 -0.0565909 -0.0331929
0.77 -0.0662941 -0.0433041
0.771 -0.0576598 -0.0433509
0.772 -0.0344146 -0.0309198
0.773 -0.00665446 -0.00846926
0.774 0.0130998 0.0174111
0.775 0.0153499 0.0384816
0.776 -0.00217336 0.0478908
0.777 -0.0335212 0.0425857
0.778 -0.0668519 0.0243989
0.779 -0.0888814 -0.000497625
0.78 -0.0898976 -0.0237377
0.781 -0.067744 -0.03784
0.782 -0.0292498 -0.038949
0.783 0.0119494 -0.0280394
0.784 0.0407979 -0.0102124
0.785 0.0470316 0.0073772
0.786 0.0291761 0.0180745
0.787 -0.00520846 0.0180279
0.788 -0.0425611 0.00762233
0.789 -0.0682339 -0.00860387
0.79 -0.0718106 -0.0237987
0.791 -0.0512678 -0.0316685
0.792 -0.0142469 -0.02895
0.793 0.0247103 -0.0163843
0.794 0.0501747 0.00187726
0.795 0.0521686 0.0197805
0.796 0.0297391 0.0312014
0.797 -0.00933222 0.0318448
0.798 -0.0517603 0.0208057
0.799 -0.0834323 0.00102709
0.8 -0.0943104 -0.0218298
0.801 -0.0823029 -0.041603
0.802 -0.0544391 -0.0537335
0.803 -0.0241577 -0.0563667
0.804 -0.00553119 -0.0504247
0.805 -0.00732144 -0.0390709
0.806 -0.0297944 -0.026767
0.807 -0.0652566 -0.0178948
0.808 -0.101306 -0.0152229
0.809 -0.125205 -0.0189338
0.81 -0.128203 -0.0267518
0.811 -0.108762 -0.0350016
0.812 -0.073377 -0.0399533
0.813 -0.0341075 -0.0389652
0.814 -0.00361064 -0.0312876
0.815 0.00988919 -0.01843
0.816 0.00530478 -0.00385545
0.817 -0.011771 0.00810295
0.818 -0.0318474 0.0137423
0.819 -0.0452218 0.0112614
0.82 -0.0454611 0.00134614
0.821 -0.0317616 -0.0130028
0.822 -0.00923621 -0.0272883
0.823 0.0132497 -0.0368571
0.824 0.0268131 -0.0384634
0.825 0.0260949 -0.0314493
0.826 0.0110568 -0.0179457
0.827 -0.0134495 -0.00199723
0.828 -0.039763 0.0118997
0.829 -0.0601985 0.0202283
0.83 -0.0696841 0.0214908
0.831 -0.0673772 0.0166878
0.832 -0.0565354 0.00902843
0.833 -0.0427141 0.00272613
0.834 -0.0312735 0.00120819
0.835 -0.025413 0.00559925
0.836 -0.0254544 0.0142856
0.837 -0.0293112 0.0236712
0.838 -0.03363 0.0295856
0.839 -0.0352085 0.0287244
0.84 -0.032389 0.0197765
0.841 -0.0258192 0.00403248
0.842 -0.0180122 -0.0148192
0.843 -0.011925 -0.0318947
0.844 -0.00950471 -0.0429572
0.845 -0.0110795 -0.0460025
0.846 -0.0157397 -0.0417975
0.847 -0.0221009 -0.0332634
0.848 -0.028827 -0.0241928
0.849 -0.0349336 -0.0178779
0.85 -0.0401145 -0.0160169
0.851 -0.0448577 -0.0181548
0.852 -0.0499662 -0.0219174
0.853 -0.0556624 -0.024093
0.854 -0.0609982 -0.022138
0.855 -0.0641674 -0.0153443
0.856 -0.0635751 -0.00511375
0.857 -0.0588039 0.00566873
0.858 -0.0508034 0.0137719
0.859 -0.0414586 0.0168007
0.86 -0.0330159 0.0140559
0.861 -0.0274858 0.00678219
0.862 -0.0259529 -0.00235174
0.863 -0.0279928 -0.0103757
0.864 -0.0316364 -0.0152111
0.865 -0.0341613 -0.0163618
0.866 -0.0334034 -0.0148664
0.867 -0.0287855 -0.0126601
0.868 -0.0215105 -0.0116695
0.869 -0.0140257 -0.0129657
0.87 -0.00912559 -0.0162709
0.871 -0.00893609 -0.0200628
0.872 -0.014031 -0.0223093
0.873 -0.023043 -0.0214936
0.874 -0.0330409 -0.0173629
0.875 -0.0406129 -0.0110252
0.876 -0.0431729 -0.00443077
0.877 -0.0398703 0.000439247
0.878 -0.0318092 0.00233642
0.879 -0.0216547 0.00122455
0.88 -0.0127507 -0.00169155
0.881 -0.00791162 -0.0044739
0.882 -0.00832036 -0.00535915
0.883 -0.0130963 -0.00363352
0.884 -0.0197913 1.6845e-05
0.885 -0.0255059 0.00386421
0.886 -0.0279874 0.00597341
0.887 -0.0262698 0.00507696
0.888 -0.0208676 0.00113097
0.889 -0.0136474 -0.00461838
0.89 -0.00728747 -0.0100745
0.891 -0.00427233 -0.0131192
0.892 -0.00581339 -0.0125299
0.893 -0.0113567 -0.00855896
0.894 -0.0189853 -0.00286555
0.895 -0.0263457 0.0021762
0.896 -0.0314557 0.00446242
0.897 -0.0331167 0.00301102
0.898 -0.0311153 -0.0016484
0.899 -0.0263492 -0.00768153
0.9 -0.0206567 -0.0126828
0.901 -0.0161436 -0.0146647
0.902 -0.0142822 -0.0128896
0.903 -0.0153764 -0.00817276
0.904 -0.0186892 -0.00253494
0.905 -0.0229505 0.00162417
0.906 -0.0267969 0.00247998
0.907 -0.0290341 -0.000495723
0.908 -0.0289035 -0.00630923
0.909 -0.0263916 -0.0128163
0.91 -0.0223229 -0.0175769
0.911 -0.018028 -0.0188515
0.912 -0.014763 -0.0162954
0.913 -0.0132761 -0.0110495
0.914 -0.0136969 -0.005226
0.915 -0.0156169 -0.00105007
0.916 -0.0182005 -8.06229e-06
0.917 -0.0203636 -0.00230041
0.918 -0.0211014 -0.00677991
0.919 -0.0198679 -0.0114133
0.92 -0.0167725 -0.0141144
0.921 -0.0124857 -0.0136067
0.922 -0.0079792 -0.00992565
0.923 -0.00426719 -0.00434947
0.924 -0.00216985 0.00117187
0.925 -0.00206935 0.00480574
0.926 -0.00374116 0.00551758
0.927 -0.00641053 0.00341152
0.928 -0.00905412 -0.000362711
0.929 -0.0107734 -0.00409531
0.93 -0.0110438 -0.00621472
0.931 -0.00980613 -0.00591357
0.932 -0.00747414 -0.00343317
0.933 -0.00485938 0.000102996
0.934 -0.00293056 0.00320402
0.935 -0.00242795 0.00462895
0.936 -0.0035328 0.00385199
0.937 -0.00580513 0.0012183
0.938 -0.00840534 -0.00223888
0.939 -0.0104229 -0.00523405
0.94 -0.0111461 -0.00674246
0.941 -0.0102475 -0.00638164
0.942 -0.00791008 -0.00451064
0.943 -0.00482949 -0.00202451
0.944 -0.00199662 4.51838e-05
0.945 -0.000305499 0.000942926
0.946 -0.000194876 0.000452883
0.947 -0.00152366 -0.00107006
0.948 -0.00370122 -0.00289254
0.949 -0.00594025 -0.00422836
0.95 -0.00750751 -0.00455898
0.951 -0.00793423 -0.00381736
0.952 -0.00716581 -0.00236961
0.953 -0.00558498 -0.000823105
0.954 -0.00385543 0.000239133
0.955 -0.00263806 0.000481869
0.956 -0.0023261 -7.96222e-05
0.957 -0.00292604 -0.00112023
0.958 -0.00410492 -0.00216101
0.959 -0.00534265 -0.00277365
0.96 -0.00612136 -0.00274819
0.961 -0.00610232 -0.00215523
0.962 -0.00524033 -0.00128306
0.963 -0.00378839 -0.000491048
0.964 -0.00218619 -5.52952e-05
0.965 -0.000885256 -7.27981e-05
0.966 -0.000190719 -0.000450408
0.967 -0.000176864 -0.00096692
0.968 -0.000690147 -0.00137511
0.969 -0.00142614 -0.00150307
0.97 -0.00205253 -0.0013167
0.971 -0.00233282 -0.00091912
0.972 -0.00219901 -0.000489884
0.973 -0.00174696 -0.000196658
0.974 -0.00117008 -0.000124984
0.975 -0.00067226 -0.000256044
0.976 -0.000396181 -0.000492316
0.977 -0.000383412 -0.000709343
0.978 -0.000571319 -0.000807993
0.979 -0.00082779 -0.000749006
0.98 -0.00101277 -0.00056063
0.981 -0.00103789 -0.000318527
0.982 -0.000893967 -0.000107446
0.983 -0.000637868 1.63734e-05
0.984 -0.000355339 4.35664e-05
0.985 -0.000123678 4.79436e-06
0.986 1.18322e-05 -5.2433e-05
0.987 4.59304e-05 -8.81304e-05
0.988 7.62425e-06 -8.44095e-05
0.989 -5.70961e-05 -4.71793e-05
0.99 -0.00010736 2.38883e-06
0.991 -0.00012316 4.12156e-05
0.992 -0.000107206 5.59257e-05
0.993 -7.52097e-05 4.73018e-05
0.994 -4.3529e-05 2.64198e-05
0.995 -2.15406e-05 6.31595e-06
0.996 -1.03962e-05 -5.0628e-06
0.997 -6.04292e-06 -7.08909e-06
0.998 -3.7061e-06 -4.08089e-06
0.999 -1.3116e-06 -9.67803e-07
0.12 -0.152183 0.264956
0.24 -0.152265 0.264743
0.36 -0.152403 0.264387
0.48 -0.152596 0.263888
0.6 -0.152847 0.263244
0.72 -0.153154 0.262453
0.84 -0.153521 0.261513
0.96 -0.153947 0.26042
1.08 -0.154434 0.259174
1.2 -0.154984 0.257769
1.32 -0.155598 0.256203
1.44 -0.156276 0.254472
1.56 -0.157021 0.252574
1.68 -0.157832 0.250503
1.8 -0.158711 0.248257
1.92 -0.159658 0.245831
2.04 -0.160672 0.243222
2.16 -0.161755 0.240428
2.28 -0.162903 0.237443
2.4 -0.164117 0.234267
2.52 -0.165395 0.230896
2.64 -0.166733 0.227328
2.76 -0.168128 0.223561
2.88 -0.169577 0.219595
3 -0.171076 0.215429
3.12 -0.172618 0.211062
3.24 -0.174199 0.206496
3.36 -0.175811 0.201732
3.48 -0.177447 0.196771
3.6 -0.179099 0.191618
3.72 -0.180759 0.186275
3.84 -0.182417 0.180747
3.96 -0.184063 0.175038
4.08 -0.185688 0.169157
4.2 -0.18728 0.163108
4.32 -0.188829 0.156899
4.44 -0.190322 0.150541
4.56 -0.191749 0.14404
4.68 -0.193097 0.137408
4.8 -0.194354 0.130656
4.92 -0.19551 0.123795
5.04 -0.196551 0.116836
5.16 -0.197467 0.109794
5.28 -0.198246 0.102681
5.4 -0.198879 0.0955116
5.52 -0.199354 0.0883
5.64 -0.199662 0.0810611
5.76 -0.199795 0.0738102
5.88 -0.199744 0.0665629
6 -0.199503 0.0593351
6.12 -0.199065 0.0521426
6.24 -0.198426 0.0450016
6.36 -0.197581 0.0379284
6.48 -0.196528 0.0309389
6.6 -0.195265 0.0240493
6.72 -0.193792 0.0172754
6.84 -0.19211 0.010633
6.96 -0.190221 0.00413731
7.08 -0.188129 -0.00219652
7.2 -0.185838 -0.00835389
7.32 -0.183356 -0.0143207
7.44 -0.180688 -0.0200832
7.56 -0.177844 -0.0256284
7.68 -0.174833 -0.0309438
7.8 -0.171667 -0.0360178
7.92 -0.168356 -0.0408391
8.04 -0.164913 -0.0453975
8.16 -0.161353 -0.0496835
8.28 -0.157689 -0.0536883
8.4 -0.153937 -0.0574039
8.52 -0.150111 -0.0608234
8.64 -0.146228 -0.0639406
8.76 -0.142303 -0.0667502
8.88 -0.138354 -0.0692477
9 -0.134396 -0.0714297
9.12 -0.130445 -0.0732936
9.24 -0.126519 -0.0748377
9.36 -0.122633 -0.0760611
9.48 -0.118801 -0.076964
9.6 -0.11504 -0.0775474
9.72 -0.111363 -0.077813
9.84 -0.107783 -0.0777636
9.96 -0.104314 -0.0774027
10.08 -0.100966 -0.0767345
10.2 -0.097751 -0.0757642
10.32 -0.0946779 -0.0744977
10.44 -0.0917553 -0.0729416
10.56 -0.0889903 -0.0711031
10.68 -0.0863889 -0.0689904
10.8 -0.0839557 -0.066612
10.92 -0.0816942 -0.0639772
11.04 -0.0796065 -0.0610959
11.16 -0.0776935 -0.0579786
11.28 -0.0759547 -0.0546362
11.4 -0.0743885 -0.0510803
11.52 -0.0729921 -0.0473226
11.64 -0.0717614 -0.0433757
11.76 -0.0706914 -0.0392522
11.88 -0.0697759 -0.0349654
12 -0.069008 -0.0305287
12.12 -0.0683796 -0.0259559
12.24 -0.0678822 -0.0212611
12.36 -0.0675063 -0.0164585
12.48 -0.067242 -0.0115627
12.6 -0.0670789 -0.00658826
12.72 -0.067006 -0.00155002
12.84 -0.0670124 0.00353714
12.96 -0.0670867 0.00865826
13.08 -0.0672177 0.0137984
13.2 -0.067394 0.0189425
13.32 -0.0676046 0.0240758
13.44 -0.0678384 0.0291833
13.56 -0.0680849 0.0342505
13.68 -0.0683339 0.0392627
13.8 -0.0685757 0.0442056
13.92 -0.0688013 0.0490651
14.04 -0.069002 0.0538274
14.16 -0.0691701 0.058479
14.28 -0.0692985 0.0630069
14.4 -0.0693808 0.0673982
14.52 -0.0694116 0.0716408
14.64 -0.0693861 0.0757228
14.76 -0.0693004 0.0796329
14.88 -0.0691516 0.0833606
15 -0.0689373 0.0868957
15.12 -0.0686562 0.0902288
15.24 -0.0683076 0.0933512
15.36 -0.0678916 0.0962547
15.48 -0.067409 0.0989322
15.6 -0.0668614 0.101377
15.72 -0.0662507 0.103584
15.84 -0.0655797 0.105548
15.96 -0.0648514 0.107264
16.08 -0.0640694 0.108731
16.2 -0.0632376 0.109945
16.32 -0.06236 0.110906
16.44 -0.0614411 0.111614
16.56 -0.0604854 0.112068
16.68 -0.0594974 0.11227
16.8 -0.0584816 0.112223
16.92 -0.0574424 0.111931
17.04 -0.0563842 0.111398
17.16 -0.055311 0.110629
17.28 -0.0542267 0.109631
17.4 -0.0531346 0.10841
17.52 -0.0520379 0.106974
17.64 -0.0509392 0.105333
17.76 -0.0498409 0.103495
17.88 -0.0487447 0.101471
18 -0.0476518 0.0992728
18.12 -0.0465631 0.0969107
18.24 -0.0454789 0.0943974
18.36 -0.0443988 0.0917455
18.48 -0.0433222 0.0889682
18.6 -0.0422478 0.086079
18.72 -0.0411741 0.0830918
18.84 -0.0400988 0.0800206
18.96 -0.0390197 0.0768799
19.08 -0.0379339 0.0736841
19.2 -0.0368382 0.0704476
19.32 -0.0357294 0.0671848
19.44 -0.034604 0.0639101
19.56 -0.0334584 0.0606376
19.68 -0.0322889 0.0573812
19.8 -0.0310917 0.0541544
19.92 -0.0298634 0.0509703
20.04 -0.0286004 0.0478416
20.16 -0.0272995 0.0447805
20.28 -0.0259576 0.0417984
20.4 -0.024572 0.0389062
20.52 -0.0231405 0.0361141
20.64 -0.0216611 0.0334315
20.76 -0.0201324 0.0308669
20.88 -0.0185535 0.0284282
21 -0.0169241 0.026122
21.12 -0.0152445 0.0239545
21.24 -0.0135154 0.0219306
21.36 -0.0117384 0.0200544
21.48 -0.00991564 0.018329
21.6 -0.00804988 0.0167564
21.72 -0.00614457 0.015338
21.84 -0.00420375 0.014074
21.96 -0.00223213 0.0129635
22.08 -0.000234966 0.012005
22.2 0.00178191 0.0111959
22.32 0.00381214 0.0105328
22.44 0.00584891 0.0100115
22.56 0.00788495 0.00962706
22.68 0.00991264 0.00937365
22.8 0.0119241 0.00924485
22.92 0.013911 0.00923361
23.04 0.0158652 0.00933231
23.16 0.0177781 0.0095328
23.28 0.0196412 0.00982649
23.4 0.0214461 0.0102044
23.52 0.0231845 0.0106574
23.64 0.0248482 0.0111758
23.76 0.0264294 0.01175
23.88 0.0279204 0.0123702
24 0.0293143 0.0130267
24.12 0.0306042 0.0137097
24.24 0.0317841 0.0144095
24.36 0.0328485 0.0151166
24.48 0.0337924 0.0158219
24.6 0.0346117 0.0165164
24.72 0.0353028 0.0171916
24.84 0.0358632 0.0178392
24.96 0.0362909 0.0184516
25.08 0.0365849 0.0190215
25.2 0.0367449 0.0195424
25.32 0.0367715 0.0200081
25.44 0.0366661 0.0204132
25.56 0.0364311 0.0207529
25.68 0.0360695 0.021023
25.8 0.0355852 0.0212201
25.92 0.0349828 0.0213413
26.04 0.0342678 0.0213847
26.16 0.0334462 0.0213486
26.28 0.0325246 0.0212325
26.4 0.0315105 0.0210363
26.52 0.0304116 0.0207606
26.64 0.0292361 0.0204065
26.76 0.0279928 0.0199761
26.88 0.0266906 0.0194716
27 0.0253389 0.018896
27.12 0.0239471 0.018253
27.24 0.0225247 0.0175463
27.36 0.0210814 0.0167805
27.48 0.0196267 0.0159603
27.6 0.0181701 0.0150908
27.72 0.0167208 0.0141774
27.84 0.015288 0.0132258
27.96 0.0138802 0.0122418
28.08 0.0125058 0.0112314
28.2 0.0111728 0.0102008
28.32 0.0098886 0.00915595
28.44 0.00866 0.00810305
28.56 0.00749334 0.00704815
28.68 0.00639429 0.00599721
28.8 0.00536788 0.00495605
28.92 0.00441846 0.00393031
29.04 0.00354968 0.0029254
29.16 0.00276449 0.00194647
29.28 0.00206511 0.000998382
29.4 0.00145304 8.56618e-05
29.52 0.000929076 -0.0007875
29.64 0.0004933 -0.00161729
29.76 0.000145112 -0.0024003
29.88 -0.000116754 -0.0031335
30 -0.000294201 -0.00381431
30.12 -0.000389738 -0.00444056
30.24 -0.000406443 -0.00501053
30.36 -0.000347921 -0.00552293
30.48 -0.000218263 -0.00597688
30.6 -2.19961e-05 -0.00637197
30.72 0.000235965 -0.00670816
30.84 0.000550368 -0.00698585
30.96 0.000915681 -0.00720582
31.08 0.00132614 -0.00736922
31.2 0.00177582 -0.00747756
31.32 0.00225865 -0.00753266
31.44 0.00276852 -0.00753668
31.56 0.0032993 -0.00749203
31.68 0.0038449 -0.0074014
31.8 0.00439932 -0.00726767
31.92 0.00495668 -0.00709394
32.04 0.00551132 -0.00688348
32.16 0.00605777 -0.00663967
32.28 0.00659084 -0.00636601
32.4 0.00710562 -0.00606606
32.52 0.00759755 -0.00574345
32.64 0.00806241 -0.00540178
32.76 0.00849635 -0.00504468
32.88 0.00889595 -0.0046757
33 0.00925816 -0.00429836
33.12 0.00958039 -0.00391605
33.24 0.00986044 -0.00353207
33.36 0.0100966 -0.00314957
33.48 0.0102875 -0.00277154
33.6 0.0104323 -0.00240081
33.72 0.0105304 -0.00204002
33.84 0.0105819 -0.00169159
33.96 0.010587 -0.00135774
34.08 0.0105464 -0.00104047
34.2 0.0104612 -0.000741544
34.32 0.0103326 -0.000462491
34.44 0.0101623 -0.000204607
34.56 0.00995221 3.10483e-05
34.68 0.00970454 0.000243654
34.8 0.00942164 0.000432621
34.92 0.00910607 0.000597586
35.04 0.00876054 0.000738408
35.16 0.00838789 0.000855157
35.28 0.00799104 0.000948107
35.4 0.00757298 0.00101772
35.52 0.00713676 0.00106465
35.64 0.00668541 0.0010897
35.76 0.00622194 0.00109384
35.88 0.00574933 0.00107817
36 0.0052705 0.00104392
36.12 0.00478825 0.000992413
36.24 0.00430532 0.000925085
36.36 0.00382429 0.000843436
36.48 0.00334762 0.000749027
36.6 0.0028776 0.000643467
36.72 0.00241637 0.000528394
36.84 0.00196591 0.00040546
36.96 0.001528 0.00027632
37.08 0.00110425 0.000142614
37.2 0.000696082 5.95751e-06
37.32 0.00030474 -0.000132072
37.44 -6.87191e-05 -0.000269945
37.56 -0.000423417 -0.000406193
37.68 -0.000758648 -0.000539415
37.8 -0.00107388 -0.000668288
37.92 -0.00136872 -0.000791573
38.04 -0.00164297 -0.00090812
38.16 -0.00189652 -0.00101688
38.28 -0.00212944 -0.00111689
38.4 -0.00234188 -0.00120732
38.52 -0.00253412 -0.00128741
38.64 -0.00270655 -0.00135654
38.76 -0.00285961 -0.00141416
38.88 -0.00299384 -0.00145987
39 -0.00310983 -0.00149334
39.12 -0.00320823 -0.00151436
39.24 -0.00328973 -0.00152282
39.36 -0.00335503 -0.00151871
39.48 -0.00340488 -0.00150209
39.6 -0.00344001 -0.00147315
39.72 -0.00346118 -0.00143212
39.84 -0.00346913 -0.00137934
39.96 -0.00346458 -0.0013152
40.08 -0.00344827 -0.00124016
40.2 -0.00342089 -0.00115477
40.32 -0.0033831 -0.00105958
40.44 -0.00333555 -0.000955235
40.56 -0.00327887 -0.000842391
40.68 -0.00321363 -0.000721751
40.8 -0.0031404 -0.000594042
40.92 -0.00305969 -0.000460015
41.04 -0.00297202 -0.000320433
41.16 -0.00287784 -0.000176074
41.28 -0.00277761 -2.77145e-05
41.4 -0.00267174 0.000123865
41.52 -0.00256065 0.000277893
41.64 -0.00244472 0.000433607
41.76 -0.00232432 0.000590259
41.88 -0.00219982 0.000747122
42 -0.00207158 0.000903488
42.12 -0.00193994 0.00105868
42.24 -0.00180525 0.00121204
42.36 -0.00166788 0.00136295
42.48 -0.00152818 0.00151082
42.6 -0.00138652 0.00165509
42.72 -0.00124327 0.00179526
42.84 -0.00109881 0.00193084
42.96 -0.000953531 0.0020614
43.08 -0.000807846 0.00218652
43.2 -0.000662168 0.00230584
43.32 -0.000516923 0.00241905
43.44 -0.000372547 0.00252585
43.56 -0.000229483 0.00262601
43.68 -8.81814e-05 0.00271931
43.8 5.09025e-05 0.00280559
43.92 0.000187313 0.0028847
44.04 0.000320596 0.00295656
44.16 0.0004503 0.00302109
44.28 0.000575984 0.00307826
44.4 0.000697217 0.00312808
44.52 0.000813581 0.00317056
44.64 0.00092468 0.00320577
44.76 0.00103014 0.00323378
44.88 0.00112961 0.00325472
45 0.00122277 0.0032687
45.12 0.00130933 0.00327588
45.24 0.00138904 0.00327643
45.36 0.00146169 0.00327055
45.48 0.00152711 0.00325844
45.6 0.00158516 0.00324032
45.72 0.00163576 0.00321642
45.84 0.00167887 0.00318701
45.96 0.0017145 0.00315232
46.08 0.00174269 0.00311263
46.2 0.00176356 0.00306822
46.32 0.00177725 0.00301935
46.44 0.00178395 0.00296631
46.56 0.00178389 0.00290939
46.68 0.00177735 0.00284888
46.8 0.00176465 0.00278506
46.92 0.00174614 0.00271822
47.04 0.00172221 0.00264864
47.16 0.00169326 0.00257662
47.28 0.00165974 0.00250242
47.4 0.00162211 0.00242631
47.52 0.00158086 0.00234857
47.64 0.00153646 0.00226946
47.76 0.00148943 0.00218923
47.88 0.00144028 0.00210812
48 0.0013895 0.00202637
48.12 0.0013376 0.0019442
48.24 0.00128508 0.00186183
48.36 0.0012324 0.00177946
48.48 0.00118005 0.00169729
48.6 0.00112845 0.0016155
48.72 0.00107803 0.00153426
48.84 0.00102918 0.00145373
48.96 0.00098226 0.00137405
49.08 0.000937607 0.00129536
49.2 0.000895516 0.00121779
49.32 0.000856247 0.00114143
49.44 0.000820027 0.00106639
49.56 0.000787044 0.000992752
49.68 0.000757448 0.000920594
49.8 0.000731355 0.000849977
49.92 0.00070884 0.000780953
50.04 0.000689946 0.000713563
50.16 0.000674679 0.000647839
50.28 0.000663014 0.000583803
50.4 0.000654895 0.000521466
50.52 0.000650238 0.000460833
50.64 0.00064893 0.000401899
50.76 0.000650839 0.000344654
50.88 0.00065581 0.00028908
51 0.000663672 0.000235152
51.12 0.000674238 0.000182841
51.24 0.000687312 0.000132113
51.36 0.000702689 8.29311e-05
51.48 0.00072016 3.52528e-05
51.6 0.000739512 -1.09657e-05
51.72 0.000760536 -5.57703e-05
51.84 0.000783027 -9.92085e-05
51.96 0.000806784 -0.000141329
52.08 0.000831617 -0.00018218
52.2 0.000857349 -0.00022181
52.32 0.000883813 -0.000260266
52.44 0.00091086 -0.000297595
52.56 0.000938354 -0.000333843
52.68 0.000966179 -0.00036905
52.8 0.000994238 -0.000403259
52.92 0.00102245 -0.000436507
53.04 0.00105075 -0.000468829
53.16 0.00107911 -0.000500257
53.28 0.00110749 -0.00053082
53.4 0.0011359 -0.000560544
53.52 0.00116434 -0.00058945
53.64 0.00119284 -0.000617557
53.76 0.00122144 -0.000644882
53.88 0.00125019 -0.000671436
54 0.00127916 -0.000697228
54.12 0.00130843 -0.000722264
54.24 0.00133806 -0.000746547
54.36 0.00136815 -0.000770078
54.48 0.00139879 -0.000792852
54.6 0.00143005 -0.000814867
54.72 0.00146203 -0.000836114
54.84 0.00149481 -0.000856586
54.96 0.00152846 -0.00087627
55.08 0.00156305 -0.000895155
55.2 0.00159864 -0.000913228
55.32 0.00163526 -0.000930475
55.44 0.00167297 -0.000946879
55.56 0.00171177 -0.000962426
55.68 0.00175166 -0.0009771
55.8 0.00179263 -0.000990886
55.92 0.00183464 -0.00100377
56.04 0.00187766 -0.00101573
56.16 0.0019216 -0.00102675
56.28 0.00196637 -0.00103683
56.4 0.00201189 -0.00104594
56.52 0.00205801 -0.00105408
56.64 0.0021046 -0.00106124
56.76 0.0021515 -0.00106739
56.88 0.00219855 -0.00107255
57 0.00224554 -0.00107669
57.12 0.0022923 -0.00107981
57.24 0.00233859 -0.00108192
57.36 0.00238422 -0.001083
57.48 0.00242894 -0.00108305
57.6 0.00247252 -0.00108208
57.72 0.00251474 -0.00108009
57.84 0.00255535 -0.00107708
57.96 0.00259411 -0.00107306
58.08 0.00263079 -0.00106804
58.2 0.00266516 -0.00106203
58.32 0.00269699 -0.00105503
58.44 0.00272607 -0.00104707
58.56 0.00275219 -0.00103816
58.68 0.00277516 -0.00102831
58.8 0.00279478 -0.00101755
58.92 0.00281091 -0.00100589
59.04 0.00282338 -0.000993362
59.16 0.00283207 -0.000979991
59.28 0.00283686 -0.000965803
59.4 0.00283764 -0.000950827
59.52 0.00283435 -0.000935095
59.64 0.00282694 -0.00091864
59.76 0.00281535 -0.000901498
59.88 0.00279958 -0.000883705
60 0.00277963 -0.000865301
60.12 0.00275553 -0.000846328
60.24 0.00272732 -0.000826828
60.36 0.00269507 -0.000806846
60.48 0.00265885 -0.000786428
60.6 0.00261877 -0.000765622
60.72 0.00257495 -0.000744477
60.84 0.00252751 -0.000723045
60.96 0.0024766 -0.000701376
61.08 0.00242239 -0.000679523
61.2 0.00236504 -0.00065754
61.32 0.00230474 -0.000635481
61.44 0.00224168 -0.0006134
61.56 0.00217606 -0.000591351
61.68 0.00210809 -0.000569389
61.8 0.00203797 -0.000547567
61.92 0.00196593 -0.000525938
62.04 0.00189217 -0.000504554
62.16 0.00181693 -0.000483467
62.28 0.00174041 -0.000462723
62.4 0.00166283 -0.000442372
62.52 0.00158441 -0.000422456
62.64 0.00150536 -0.000403018
62.76 0.00142588 -0.000384097
62.88 0.00134619 -0.000365729
63 0.00126646 -0.000347946
63.12 0.0011869 -0.000330776
63.24 0.00110768 -0.000314242
63.36 0.00102897 -0.000298366
63.48 0.000950957 -0.000283163
63.6 0.000873781 -0.000268642
63.72 0.000797598 -0.000254809
63.84 0.000722548 -0.000241665
63.96 0.000648765 -0.000229204
64.08 0.000576372 -0.000217417
64.2 0.000505486 -0.000206288
64.32 0.000436215 -0.000195796
64.44 0.00036866 -0.000185915
64.56 0.000302912 -0.000176613
64.68 0.000239059 -0.000167855
64.8 0.000177177 -0.000159599
64.92 0.000117341 -0.000151798
65.04 5.96157e-05 -0.000144401
65.16 4.06227e-06 -0.000137355
65.28 -4.92637e-05 -0.000130599
65.4 -0.000100311 -0.000124072
65.52 -0.000149034 -0.000117707
65.64 -0.000195389 -0.000111436
65.76 -0.000239338 -0.000105188
65.88 -0.000280845 -9.88904e-05
66 -0.000319877 -9.24678e-05
66.12 -0.000356404 -8.58452e-05
66.24 -0.000390397 -7.89469e-05
66.36 -0.000421832 -7.16969e-05
66.48 -0.000450685 -6.40199e-05
66.6 -0.000476934 -5.58419e-05
66.72 -0.00050056 -4.70902e-05
66.84 -0.000521544 -3.76944e-05
66.96 -0.00053987 -2.75867e-05
67.08 -0.000555525 -1.67024e-05
67.2 -0.000568495 -4.98062e-06
67.32 -0.000578772 7.63575e-06
67.44 -0.000586347 2.11992e-05
67.56 -0.000591214 3.57572e-05
67.68 -0.000593373 5.13521e-05
67.8 -0.000592822 6.80207e-05
67.92 -0.000589567 8.57937e-05
68.04 -0.000583615 0.000104696
68.16 -0.000574978 0.000124745
68.28 -0.000563671 0.000145953
68.4 -0.000549715 0.000168325
68.52 -0.000533137 0.000191859
68.64 -0.000513967 0.000216546
68.76 -0.000492243 0.000242371
68.88 -0.000468007 0.000269311
69 -0.000441311 0.000297337
69.12 -0.000412209 0.000326414
69.24 -0.000380767 0.0003565
69.36 -0.000347055 0.000387546
69.48 -0.000311153 0.000419499
69.6 -0.000273147 0.000452298
69.72 -0.000233133 0.000485879
69.84 -0.000191214 0.000520173
69.96 -0.000147502 0.000555105
70.08 -0.000102117 0.000590596
70.2 -5.51879e-05 0.000626567
70.32 -6.85299e-06 0.000662931
70.44 4.2742e-05 0.000699602
70.56 9.34428e-05 0.00073649
70.68 0.000145087 0.000773506
70.8 0.000197503 0.000810558
70.92 0.000250513 0.000847554
71.04 0.000303931 0.000884403
71.16 0.000357564 0.000921016
71.28 0.000411213 0.000957302
71.4 0.000464671 0.000993176
71.52 0.000517728 0.00102855
71.64 0.000570167 0.00106335
71.76 0.000621767 0.00109749
71.88 0.000672305 0.0011309
72 0.000721551 0.00116352
72.12 0.000769277 0.00119527
72.24 0.000815252 0.0012261
72.36 0.000859244 0.00125595
72.48 0.000901021 0.00128479
72.6 0.000940353 0.00131256
72.72 0.000977014 0.00133924
72.84 0.00101078 0.00136479
72.96 0.00104142 0.00138921
73.08 0.00106873 0.00141247
73.2 0.0010925 0.00143457
73.32 0.00111252 0.00145551
73.44 0.0011286 0.00147529
73.56 0.00114055 0.00149395
73.68 0.00114821 0.00151149
73.8 0.00115139 0.00152795
73.92 0.00114995 0.00154337
74.04 0.00114375 0.00155777
74.16 0.00113267 0.00157123
74.28 0.00111658 0.00158378
74.4 0.00109539 0.00159548
74.52 0.00106902 0.00160641
74.64 0.0010374 0.00161663
74.76 0.00100048 0.00162621
74.88 0.000958234 0.00163523
75 0.000910645 0.00164377
75.12 0.000857719 0.00165192
75.24 0.000799477 0.00165974
75.36 0.000735963 0.00166734
75.48 0.000667237 0.0016748
75.6 0.000593382 0.00168221
75.72 0.000514496 0.00168965
75.84 0.0004307 0.00169722
75.96 0.000342133 0.001705
76.08 0.000248954 0.00171309
76.2 0.00015134 0.00172156
76.32 4.94886e-05 0.00173051
76.44 -5.63845e-05 0.00174001
76.56 -0.000166045 0.00175016
76.68 -0.000279241 0.00176102
76.8 -0.000395702 0.00177267
76.92 -0.000515141 0.0017852
77.04 -0.000637253 0.00179867
77.16 -0.000761718 0.00181316
77.28 -0.000888199 0.00182873
77.4 -0.00101634 0.00184545
77.52 -0.00114579 0.00186338
77.64 -0.00127615 0.00188259
77.76 -0.00140703 0.00190314
77.88 -0.00153803 0.00192509
78 -0.00166873 0.0019485
78.12 -0.0017987 0.00197341
78.24 -0.0019275 0.0019999
78.36 -0.00205468 0.002028
78.48 -0.00217978 0.00205778
78.6 -0.00230233 0.00208928
78.72 -0.00242187 0.00212256
78.84 -0.00253791 0.00215767
78.96 -0.00264997 0.00219465
79.08 -0.00275756 0.00223355
79.2 -0.00286019 0.00227441
79.32 -0.00295738 0.00231728
79.44 -0.00304862 0.00236219
79.56 -0.00313344 0.00240918
79.68 -0.00321135 0.00245827
79.8 -0.00328187 0.00250949
79.92 -0.00334452 0.00256285
80.04 -0.00339884 0.00261837
80.16 -0.00344437 0.00267603
80.28 -0.00348068 0.00273582
80.4 -0.00350734 0.00279771
80.52 -0.00352393 0.00286167
80.64 -0.00353008 0.00292762
80.76 -0.00352541 0.00299548
80.88 -0.00350958 0.00306517
81 -0.00348229 0.00313654
81.12 -0.00344324 0.00320944
81.24 -0.0033922 0.0032837
81.36 -0.00332894 0.0033591
81.48 -0.00325331 0.00343539
81.6 -0.00316517 0.00351229
81.72 -0.00306445 0.00358948
81.84 -0.00295111 0.00366659
81.96 -0.00282519 0.00374323
82.08 -0.00268675 0.00381894
82.2 -0.00253595 0.00389322
82.32 -0.00237297 0.00396554
82.44 -0.0021981 0.00403529
82.56 -0.00201166 0.00410185
82.68 -0.00181406 0.0041645
82.8 -0.00160578 0.00422252
82.92 -0.00138738 0.0042751
83.04 -0.00115949 0.0043214
83.16 -0.000922811 0.00436053
83.28 -0.000678137 0.00439155
83.4 -0.000426335 0.00441347
83.52 -0.000168353 0.00442529
83.64 9.47819e-05 0.00442592
83.76 0.000361961 0.00441427
83.88 0.000632002 0.00438923
84 0.000903642 0.00434963
84.12 0.00117555 0.00429431
84.24 0.00144631 0.00422209
84.36 0.00171447 0.00413178
84.48 0.00197847 0.0040222
84.6 0.00223673 0.00389218
84.72 0.00248761 0.00374057
84.84 0.00272939 0.00356623
84.96 0.00296036 0.00336809
85.08 0.00317874 0.0031451
85.2 0.00338273 0.00289627
85.32 0.00357052 0.0026207
85.44 0.00374028 0.00231755
85.56 0.00389021 0.00198606
85.68 0.00401847 0.0016256
85.8 0.00412328 0.00123561
85.92 0.00420286 0.000815691
86.04 0.00425551 0.000365545
86.16 0.00427953 -0.000114975
86.28 0.00427333 -0.000625869
86.4 0.00423535 -0.00116698
86.52 0.00416415 -0.00173798
86.64 0.00405837 -0.00233837
86.76 0.00391675 -0.00296747
86.88 0.00373815 -0.00362443
87 0.00352156 -0.00430819
87.12 0.00326611 -0.00501749
87.24 0.00297108 -0.00575091
87.36 0.00263588 -0.00650679
87.48 0.00226012 -0.0072833
87.6 0.00184356 -0.00807841
87.72 0.00138614 -0.00888989
87.84 0.000887994 -0.00971534
87.96 0.000349443 -0.0105521
88.08 -0.000228998 -0.0113975
88.2 -0.000846613 -0.0122486
88.32 -0.00150248 -0.0131022
88.44 -0.00219549 -0.0139552
88.56 -0.00292432 -0.0148041
88.68 -0.00368743 -0.0156455
88.8 -0.00448311 -0.0164757
88.92 -0.00530943 -0.0172912
89.04 -0.00616428 -0.0180882
89.16 -0.00704535 -0.0188629
89.28 -0.00795016 -0.0196114
89.4 -0.00887607 -0.0203301
89.52 -0.00982025 -0.021015
89.64 -0.0107797 -0.0216625
89.76 -0.0117514 -0.0222688
89.88 -0.0127321 -0.0228303
90 -0.0137183 -0.0233435
90.12 -0.0147067 -0.0238051
90.24 -0.0156937 -0.0242119
90.36 -0.0166757 -0.0245607
90.48 -0.017649 -0.0248489
90.6 -0.01861 -0.0250737
90.72 -0.0195549 -0.0252328
90.84 -0.02048 -0.0253241
90.96 -0.0213816 -0.0253458
91.08 -0.022256 -0.0252963
91.2 -0.0230996 -0.0251744
91.32 -0.0239089 -0.0249792
91.44 -0.0246805 -0.0247102
91.56 -0.0254109 -0.0243671
91.68 -0.0260971 -0.0239501
91.8 -0.0267359 -0.0234598
91.92 -0.0273244 -0.0228969
92.04 -0.0278599 -0.0222627
92.16 -0.0283399 -0.0215589
92.28 -0.0287621 -0.0207874
92.4 -0.0291243 -0.0199505
92.52 -0.0294247 -0.0190508
92.64 -0.0296617 -0.0180915
92.76 -0.0298339 -0.0170757
92.88 -0.0299401 -0.0160072
93 -0.0299796 -0.0148899
93.12 -0.0299518 -0.013728
93.24 -0.0298564 -0.0125258
93.36 -0.0296935 -0.0112882
93.48 -0.0294632 -0.0100199
93.6 -0.0291663 -0.00872603
93.72 -0.0288034 -0.00741175
93.84 -0.0283759 -0.00608239
93.96 -0.0278851 -0.00474333
94.08 -0.0273327 -0.00340002
94.2 -0.0267207 -0.00205796
94.32 -0.0260513 -0.000722587
94.44 -0.0253269 0.000600654
94.56 -0.0245502 0.00190641
94.68 -0.0237242 0.00318944
94.8 -0.0228521 0.00444461
94.92 -0.021937 0.00566698
95.04 -0.0209826 0.00685179
95.16 -0.0199925 0.0079945
95.28 -0.0189705 0.00909083
95.4 -0.0179206 0.0101368
95.52 -0.0168468 0.0111286
95.64 -0.0157533 0.0120629
95.76 -0.0146442 0.0129366
95.88 -0.0135239 0.013747
96 -0.0123966 0.0144918
96.12 -0.0112667 0.015169
96.24 -0.0101384 0.015777
96.36 -0.00901601 0.0163146
96.48 -0.00790374 0.0167811
96.6 -0.00680574 0.017176
96.72 -0.00572607 0.0174994
96.84 -0.00466866 0.0177516
96.96 -0.00363736 0.0179335
97.08 -0.00263583 0.0180461
97.2 -0.0016676 0.0180911
97.32 -0.000736001 0.0180702
97.44 0.000155806 0.0179857
97.56 0.00100488 0.01784
97.68 0.00180849 0.0176359
97.8 0.00256414 0.0173765
97.92 0.00326958 0.017065
98.04 0.0039228 0.016705
98.16 0.00452207 0.0163002
98.28 0.00506589 0.0158543
98.4 0.00555307 0.0153714
98.52 0.00598268 0.0148554
98.64 0.00635407 0.0143106
98.76 0.00666688 0.013741
98.88 0.00692102 0.0131508
99 0.0071167 0.0125441
99.12 0.00725439 0.0119251
99.24 0.00733485 0.0112977
99.36 0.00735911 0.0106658
99.48 0.00732846 0.0100331
99.6 0.00724447 0.00940311
99.72 0.00710893 0.00877932
99.84 0.00692389 0.00816485
99.96 0.00669164 0.00756264
100.08 0.00641466 0.00697539
100.2 0.00609567 0.00640553
100.32 0.00573755 0.00585521
100.44 0.00534339 0.00532629
100.56 0.00491643 0.00482036
100.68 0.00446005 0.00433868
100.8 0.00397778 0.00388222
100.92 0.00347325 0.00345165
101.04 0.0029502 0.00304732
101.16 0.00241242 0.0026693
101.28 0.00186379 0.00231735
101.4 0.00130823 0.00199097
101.52 0.000749652 0.00168934
101.64 0.000192007 0.00141144
101.76 -0.000360787 0.00115595
101.88 -0.000904847 0.000921354
102 -0.00143634 0.000705907
102.12 -0.00195151 0.000507678
102.24 -0.00244668 0.000324562
102.36 -0.0029183 0.000154305
102.48 -0.00336293 -5.47406e-06
102.6 -0.00377729 -0.000157263
102.72 -0.00415824 -0.000303626
102.84 -0.00450282 -0.000447188
102.96 -0.00480828 -0.000590602
103.08 -0.00507204 -0.00073653
103.2 -0.00529177 -0.00088762
103.32 -0.00546535 -0.00104648
103.44 -0.0055909 -0.00121565
103.56 -0.00566679 -0.0013976
103.68 -0.00569166 -0.00159469
103.8 -0.00566441 -0.00180914
103.92 -0.00558421 -0.00204306
104.04 -0.00545051 -0.00229836
104.16 -0.00526303 -0.00257681
104.28 -0.0050218 -0.00287998
104.4 -0.00472711 -0.00320922
104.52 -0.00437954 -0.00356571
104.64 -0.00397997 -0.00395036
104.76 -0.00352953 -0.00436388
104.88 -0.00302965 -0.00480676
105 -0.00248202 -0.00527922
105.12 -0.00188858 -0.00578126
105.24 -0.00125156 -0.00631265
105.36 -0.000573392 -0.00687291
105.48 0.000143235 -0.00746134
105.6 0.000895416 -0.00807701
105.72 0.00168004 -0.00871875
105.84 0.00249381 -0.00938522
105.96 0.00333323 -0.0100748
106.08 0.00419467 -0.0107858
106.2 0.00507435 -0.0115163
106.32 0.00596834 -0.0122641
106.44 0.00687263 -0.013027
106.56 0.00778312 -0.0138026
106.68 0.00869562 -0.0145884
106.8 0.00960594 -0.0153817
106.92 0.0105098 -0.0161798
107.04 0.011403 -0.0169799
107.16 0.0122812 -0.0177791
107.28 0.0131404 -0.0185746
107.4 0.0139762 -0.0193634
107.52 0.0147847 -0.0201425
107.64 0.015562 -0.020909
107.76 0.0163041 -0.02166
107.88 0.0170073 -0.0223925
108 0.0176682 -0.0231037
108.12 0.0182833 -0.0237908
108.24 0.0188495 -0.0244511
108.36 0.0193637 -0.0250818
108.48 0.0198233 -0.0256805
108.6 0.0202256 -0.0262448
108.72 0.0205686 -0.0267721
108.84 0.02085 -0.0272604
108.96 0.0210683 -0.0277076
109.08 0.021222 -0.0281116
109.2 0.0213099 -0.0284707
109.32 0.0213311 -0.0287831
109.44 0.0212851 -0.0290474
109.56 0.0211716 -0.0292622
109.68 0.0209907 -0.0294262
109.8 0.0207426 -0.0295385
109.92 0.020428 -0.029598
110.04 0.0200479 -0.0296041
110.16 0.0196034 -0.0295561
110.28 0.0190961 -0.0294536
110.4 0.0185277 -0.0292964
110.52 0.0179003 -0.0290844
110.64 0.0172162 -0.0288175
110.76 0.0164778 -0.028496
110.88 0.0156881 -0.0281202
111 0.0148499 -0.0276907
111.12 0.0139665 -0.027208
111.24 0.0130412 -0.0266729
111.36 0.0120774 -0.0260865
111.48 0.0110789 -0.0254496
111.6 0.0100494 -0.0247636
111.72 0.00899288 -0.0240298
111.84 0.00791319 -0.0232496
111.96 0.00681437 -0.0224246
112.08 0.0057005 -0.0215564
112.2 0.00457562 -0.020647
112.32 0.00344382 -0.0196983
112.44 0.00230911 -0.0187123
112.56 0.0011755 -0.0176911
112.68 4.68848e-05 -0.016637
112.8 -0.0010729 -0.0155524
112.92 -0.00218014 -0.0144397
113.04 -0.00327126 -0.0133014
113.16 -0.00434283 -0.0121401
113.28 -0.00539156 -0.0109586
113.4 -0.00641439 -0.00975964
113.52 -0.00740842 -0.00854599
113.64 -0.00837097 -0.00732057
113.76 -0.0092996 -0.00608633
113.88 -0.0101921 -0.00484626
114 -0.0110465 -0.00360341
114.12 -0.0118611 -0.00236083
114.24 -0.0126344 -0.00112161
114.36 -0.0133652 0.000111151
114.48 -0.0140527 0.00133434
114.6 -0.0146962 0.00254485
114.72 -0.0152953 0.0037396
114.84 -0.0158499 0.00491552
114.96 -0.0163603 0.00606959
115.08 -0.0168267 0.0071988
115.2 -0.01725 0.00830025
115.32 -0.017631 0.00937105
115.44 -0.017971 0.0104084
115.56 -0.0182713 0.0114097
115.68 -0.0185336 0.0123723
115.8 -0.0187597 0.0132937
115.92 -0.0189516 0.0141715
116.04 -0.0191114 0.0150036
116.16 -0.0192416 0.0157879
116.28 -0.0193446 0.0165224
116.4 -0.0194229 0.0172054
116.52 -0.0194793 0.0178353
116.64 -0.0195166 0.0184107
116.76 -0.0195375 0.0189304
116.88 -0.0195448 0.0193935
117 -0.0195415 0.019799
117.12 -0.0195304 0.0201465
117.24 -0.0195143 0.0204354
117.36 -0.019496 0.0206658
117.48 -0.0194782 0.0208377
117.6 -0.0194635 0.0209513
117.72 -0.0194543 0.0210071
117.84 -0.019453 0.0210059
117.96 -0.0194619 0.0209487
118.08 -0.0194829 0.0208367
118.2 -0.0195179 0.0206711
118.32 -0.0195686 0.0204537
118.44 -0.0196363 0.0201862
118.56 -0.0197224 0.0198706
118.68 -0.0198277 0.0195091
118.8 -0.0199531 0.019104
118.92 -0.020099 0.0186579
119.04 -0.0202655 0.0181735
119.16 -0.0204528 0.0176535
119.28 -0.0206605 0.0171008
119.4 -0.0208879 0.0165186
119.52 -0.0211344 0.01591
119.64 -0.0213988 0.0152781
119.76 -0.0216798 0.0146263
119.88 -0.0219758 0.0139578
120 -0.022285 0.0132762
