
***************************************************************
*                 Welcome to use GPUMD                        *
*     (Graphics Processing Units Molecular Dynamics)          *
*                     version 5.3                             *
*              This is the gpumd executable                   *
***************************************************************


---------------------------------------------------------------
Compiling options:
---------------------------------------------------------------

DEBUG is off: Use different PRNG seeds for different runs.

---------------------------------------------------------------
GPU information:
---------------------------------------------------------------

number of GPUs = 1
Device id:                   0
    Device name:             NVIDIA A100-SXM4-80GB
    Compute capability:      8.0
    Amount of global memory: 79.2507 GB
    Number of SMs:           108

---------------------------------------------------------------
Started running GPUMD.
---------------------------------------------------------------


---------------------------------------------------------------
Started initializing positions and related parameters.
---------------------------------------------------------------

Number of atoms is 14400.
Use periodic boundary conditions along x.
Use periodic boundary conditions along y.
Use periodic boundary conditions along z.
Box matrix h = [a, b, c] is
    7.6764000000e+01    0.0000000000e+00    0.0000000000e+00
    0.0000000000e+00    6.3970000000e+01    0.0000000000e+00
    0.0000000000e+00    0.0000000000e+00    6.3970000000e+01
Inverse box matrix g = inv(h) is
    1.3026939711e-02    0.0000000000e+00    0.0000000000e+00
    0.0000000000e+00    1.5632327654e-02    0.0000000000e+00
    0.0000000000e+00    0.0000000000e+00    1.5632327654e-02
Do not specify initial velocities here.
Have 1 grouping method(s).
There are 7 groups of atoms in grouping method 0.
    1200 atoms in group 0.
    3600 atoms in group 1.
    2400 atoms in group 2.
    1200 atoms in group 3.
    1200 atoms in group 4.
    1200 atoms in group 5.
    3600 atoms in group 6.
There are 5 atom types.
    1200 atoms of type 0.
    2400 atoms of type 1.
    6000 atoms of type 2.
    1200 atoms of type 3.
    3600 atoms of type 4.
Initialized velocities with default T = 300 K.

---------------------------------------------------------------
Finished initializing positions and related parameters.
---------------------------------------------------------------


---------------------------------------------------------------
Started executing the commands in run.in.
