-0.999 -3.00037e-06 -1.42093e-06
-0.998 -1.60407e-05 -8.89654e-06
-0.997 -3.93393e-05 -2.61164e-05
-0.996 -6.40748e-05 -5.12458e-05
-0.995 -7.76886e-05 -7.50762e-05
-0.994 -7.45408e-05 -8.44349e-05
-0.993 -6.50538e-05 -6.95178e-05
-0.992 -7.56197e-05 -3.10953e-05
-0.991 -0.000135405 1.7286e-05
-0.99 -0.000254549 5.50198e-05
-0.989 -0.000406711 6.62852e-05
-0.988 -0.000530241 5.12355e-05
-0.987 -0.000552957 2.86761e-05
-0.986 -0.000431035 2.70951e-05
-0.985 -0.000182955 6.78072e-05
-0.984 9.99831e-05 0.00014808
-0.983 0.000276786 0.0002327
-0.982 0.000211036 0.000260632
-0.981 -0.000161892 0.000168172
-0.98 -0.000786097 -7.91787e-05
-0.979 -0.00148611 -0.000462425
-0.978 -0.00202825 -0.000908375
-0.977 -0.00222066 -0.0013158
-0.976 -0.00200728 -0.00159549
-0.975 -0.00150976 -0.00170489
-0.974 -0.000992315 -0.00166323
-0.973 -0.000755338 -0.00154128
-0.972 -0.00099602 -0.00142638
-0.971 -0.00169654 -0.00137339
-0.97 -0.00259881 -0.00136524
-0.969 -0.00329059 -0.00131081
-0.968 -0.00337372 -0.00109053
-0.967 -0.00264354 -0.000628443
-0.966 -0.00120292 5.0169e-05
-0.965 0.000541702 0.000806431
-0.964 0.00201482 0.00142572
-0.963 0.00269794 0.00169164
-0.962 0.00235792 0.00147353
-0.961 0.00116706 0.000796837
-0.96 -0.000358406 -0.000141408
-0.959 -0.0015827 -0.00103717
-0.958 -0.00202786 -0.00160746
-0.957 -0.00157529 -0.00172009
-0.956 -0.000517814 -0.00145657
-0.955 0.000546423 -0.00107727
-0.954 0.000946137 -0.000906096
-0.953 0.000226475 -0.00118084
-0.952 -0.00161849 -0.00192499
-0.951 -0.00410229 -0.00289742
-0.95 -0.00645519 -0.00366139
-0.949 -0.00799707 -0.00376826
-0.948 -0.00846403 -0.00298287
-0.947 -0.0081149 -0.0014391
-0.946 -0.00759675 0.000356087
-0.945 -0.00766496 0.00167816
-0.944 -0.00886797 0.00184265
-0.943 -0.0112854 0.000475302
-0.942 -0.0144142 -0.00230377
-0.941 -0.0172997 -0.00586896
-0.94 -0.0189224 -0.0092884
-0.939 -0.0186732 -0.0116751
-0.938 -0.0166373 -0.012536
-0.937 -0.0135228 -0.0119536
-0.936 -0.0102969 -0.0105233
-0.935 -0.00773798 -0.00908588
-0.934 -0.00609687 -0.00836334
-0.933 -0.00498237 -0.00862622
-0.932 -0.00351534 -0.00952034
-0.931 -0.000736024 -0.0101542
-0.93 0.00385845 -0.00946319
-0.929 0.00989946 -0.00671784
-0.928 0.0161055 -0.00193102
-0.927 0.0206746 0.00404223
-0.926 0.0219491 0.00975451
-0.925 0.0190788 0.0136459
-0.924 0.0124098 0.0145687
-0.923 0.00341876 0.0121865
-0.922 -0.00581927 0.0071085
-0.921 -0.0134411 0.000676352
-0.92 -0.0185273 -0.00555866
-0.919 -0.0214063 -0.0104537
-0.918 -0.0234062 -0.0136898
-0.917 -0.0261951 -0.0157851
-0.916 -0.0309661 -0.017725
-0.915 -0.0377373 -0.020407
-0.914 -0.0450532 -0.0241443
-0.913 -0.0503206 -0.0284154
-0.912 -0.0507848 -0.0319652
-0.911 -0.0447704 -0.0332572
-0.91 -0.0325561 -0.0311255
-0.909 -0.0164169 -0.0253367
-0.908 0.000131345 -0.0167818
-0.907 0.0134782 -0.00719791
-0.906 0.0210397 0.00145245
-0.905 0.0220683 0.00766796
-0.904 0.0179095 0.0108877
-0.903 0.0114901 0.0115868
-0.902 0.00606135 0.01094
-0.901 0.00369191 0.0101735
-0.9 0.00430943 0.00990193
-0.899 0.00582347 0.0097948
-0.898 0.00519456 0.00875373
-0.897 -0.000151369 0.00551137
-0.896 -0.0111657 -0.000640852
-0.895 -0.0266231 -0.00932883
-0.894 -0.0432999 -0.0189993
-0.893 -0.0569028 -0.0273202
-0.892 -0.0635723 -0.0319947
-0.891 -0.0614175 -0.0317086
-0.89 -0.051342 -0.0267735
-0.889 -0.0367177 -0.0190936
-0.888 -0.0220647 -0.0114144
-0.887 -0.0113595 -0.00618858
-0.886 -0.0066977 -0.00458778
-0.885 -0.00779155 -0.00609094
-0.884 -0.012396 -0.00878031
-0.883 -0.0174256 -0.0102097
-0.882 -0.0203064 -0.00855607
-0.881 -0.0200271 -0.00363524
-0.88 -0.0175045 0.00270701
-0.879 -0.0151726 0.00713727
-0.878 -0.0159375 0.00619497
-0.877 -0.0218518 -0.00210635
-0.876 -0.0330746 -0.0172087
-0.875 -0.0476671 -0.0359882
-0.874 -0.0623728 -0.0537683
-0.873 -0.0739517 -0.0659399
-0.872 -0.0803079 -0.0696194
-0.871 -0.0809031 -0.0647723
-0.87 -0.0765586 -0.0543356
-0.869 -0.069024 -0.0431612
-0.868 -0.0604351 -0.0360762
-0.867 -0.0526008 -0.035842
-0.866 -0.0463168 -0.0419579
-0.865 -0.0412004 -0.0508794
-0.864 -0.0363 -0.0575198
-0.863 -0.0310394 -0.0573719
-0.862 -0.025664 -0.0484212
-0.861 -0.0208499 -0.0321348
-0.86 -0.0169986 -0.013111
-0.859 -0.0139396 0.0025617
-0.858 -0.0111515 0.00967699
-0.857 -0.00809905 0.00606001
-0.856 -0.00443704 -0.0064659
-0.855 -0.000226395 -0.0227405
-0.854 0.00371259 -0.0362636
-0.853 0.00563922 -0.041718
-0.852 0.00341012 -0.0370516
-0.851 -0.00440642 -0.0243044
-0.85 -0.0175822 -0.00881974
-0.849 -0.0341547 0.0028738
-0.848 -0.0512388 0.0056569
-0.847 -0.0662019 -0.00219148
-0.846 -0.0777034 -0.0184229
-0.845 -0.0863371 -0.037827
-0.844 -0.0946219 -0.054337
-0.843 -0.106049 -0.0634101
-0.842 -0.123319 -0.0637809
-0.841 -0.146591 -0.0578543
-0.84 -0.172744 -0.0505106
-0.839 -0.196015 -0.0468103
-0.838 -0.209664 -0.0496485
-0.837 -0.208055 -0.0584417
-0.836 -0.188687 -0.0693915
-0.835 -0.153578 -0.0770801
-0.834 -0.109186 -0.0766364
-0.833 -0.0643278 -0.0656488
-0.832 -0.0268231 -0.0451666
-0.831 -0.000658135 -0.0193872
-0.83 0.0148576 0.00593895
-0.829 0.023917 0.02576
-0.828 0.0320104 0.0375951
-0.827 0.0435583 0.0421026
-0.826 0.059723 0.042113
-0.825 0.0768804 0.0407504
-0.824 0.0868995 0.0396551
-0.823 0.0800767 0.0380754
-0.822 0.0497242 0.0331162
-0.821 -0.00424764 0.0210241
-0.82 -0.0748499 -0.000948601
-0.819 -0.15048 -0.0328458
-0.818 -0.218547 -0.0712981
-0.817 -0.268723 -0.110314
-0.816 -0.295474 -0.143364
-0.815 -0.299744 -0.165803
-0.814 -0.288738 -0.176474
-0.813 -0.272802 -0.177798
-0.812 -0.260366 -0.174375
-0.811 -0.253941 -0.170715
-0.81 -0.249637 -0.169082
-0.809 -0.240042 -0.168349
-0.808 -0.218171 -0.164411
-0.807 -0.180413 -0.152062
-0.806 -0.128047 -0.127652
-0.805 -0.0676482 -0.0913729
-0.804 -0.00998524 -0.0480977
-0.803 0.0332366 -0.0062573
-0.802 0.053868 0.024953
-0.801 0.050529 0.0389407
-0.8 0.0285552 0.0342049
-0.799 -0.0030541 0.0148601
-0.798 -0.0355476 -0.0110032
-0.797 -0.0631619 -0.0344293
-0.796 -0.0841753 -0.0489733
-0.795 -0.100668 -0.0530829
-0.794 -0.117084 -0.0505658
-0.793 -0.137707 -0.0488654
-0.792 -0.164088 -0.0556861
-0.791 -0.193905 -0.0753185
-0.79 -0.22198 -0.106308
-0.789 -0.242769 -0.141565
-0.788 -0.252854 -0.170872
-0.787 -0.252262 -0.184686
-0.786 -0.244279 -0.177693
-0.785 -0.233938 -0.150812
-0.784 -0.225555 -0.110956
-0.783 -0.220488 -0.0686012
-0.782 -0.21663 -0.0340241
-0.781 -0.21006 -0.0136416
-0.78 -0.197706 -0.00794567
-0.779 -0.179423 -0.0119015
-0.778 -0.158611 -0.0175626
-0.777 -0.141431 -0.0176835
-0.776 -0.135024 -0.0088119
-0.775 -0.144767 0.00728477
-0.774 -0.171151 0.0243251
-0.773 -0.208202 0.0340235
-0.772 -0.245294 0.0293629
-0.771 -0.271887 0.00731707
-0.77 -0.282408 -0.0300177
-0.769 -0.278601 -0.0762524
-0.768 -0.268534 -0.123017
-0.767 -0.263309 -0.162709
-0.766 -0.272827 -0.190651
-0.765 -0.301378 -0.205995
-0.764 -0.344213 -0.211059
-0.763 -0.387303 -0.209467
-0.762 -0.411735 -0.204078
-0.761 -0.401362 -0.195741
-0.76 -0.350008 -0.183397
-0.759 -0.264728 -0.165188
-0.758 -0.163818 -0.139808
-0.757 -0.070765 -0.107399
-0.756 -0.0064845 -0.0699007
-0.755 0.0177628 -0.0308683
-0.754 0.00438022 0.00533913
-0.753 -0.0316308 0.0348498
-0.752 -0.0689584 0.0553195
-0.751 -0.0891328 0.0659966
-0.75 -0.0847989 0.0667852
-0.749 -0.0636477 0.0571186
-0.748 -0.0461798 0.035658
-0.747 -0.0578735 0.00104744
-0.746 -0.118596 -0.0469667
-0.745 -0.233462 -0.106723
-0.744 -0.389115 -0.174217
-0.743 -0.557063 -0.243061
-0.742 -0.702478 -0.305199
-0.741 -0.795023 -0.35269
-0.74 -0.818327 -0.380149
-0.739 -0.775225 -0.386576
-0.738 -0.686562 -0.375341
-0.737 -0.583164 -0.35229
-0.736 -0.493643 -0.323175
-0.735 -0.433437 -0.291621
-0.734 -0.400206 -0.258107
-0.733 -0.377006 -0.220112
-0.732 -0.340724 -0.173537
-0.731 -0.272013 -0.115259
-0.73 -0.163862 -0.0459562
-0.729 -0.0264828 0.0283543
-0.728 0.113753 0.0971953
-0.727 0.222277 0.148669
-0.726 0.268734 0.173188
-0.725 0.238227 0.166453
-0.724 0.136198 0.130829
-0.723 -0.0143778 0.0747706
-0.722 -0.18112 0.0103161
-0.721 -0.332398 -0.050757
-0.72 -0.446659 -0.100722
-0.719 -0.518291 -0.137953
-0.718 -0.557701 -0.166318
-0.717 -0.585066 -0.192459
-0.716 -0.620426 -0.222362
-0.715 -0.674745 -0.258481
-0.714 -0.745528 -0.298286
-0.713 -0.817941 -0.334714
-0.712 -0.870451 -0.358521
-0.711 -0.883037 -0.361734
-0.71 -0.84508 -0.340762
-0.709 -0.759612 -0.297728
-0.708 -0.641985 -0.239661
-0.707 -0.513917 -0.176257
-0.706 -0.396192 -0.117268
-0.705 -0.303007 -0.0701536
-0.704 -0.239007 -0.038498
-0.703 -0.19925 -0.0216367
-0.702 -0.172547 -0.0156791
-0.701 -0.147549 -0.0154927
-0.7 -0.118659 -0.0166986
-0.699 -0.0881382 -0.0168675
-0.698 -0.0633416 -0.0158434
-0.697 -0.051867 -0.0155959
-0.696 -0.0583985 -0.0197594
-0.695 -0.0841844 -0.0326767
-0.694 -0.127415 -0.0579584
-0.693 -0.183635 -0.0970184
-0.692 -0.247237 -0.148142
-0.691 -0.314263 -0.20634
-0.69 -0.384267 -0.263963
-0.689 -0.458721 -0.312028
-0.688 -0.536534 -0.342277
-0.687 -0.610652 -0.349605
-0.686 -0.669185 -0.333964
-0.685 -0.700106 -0.300699
-0.684 -0.695941 -0.258963
-0.683 -0.656456 -0.218752
-0.682 -0.589625 -0.187592
-0.681 -0.510831 -0.167998
-0.68 -0.439158 -0.156679
-0.679 -0.39059 -0.146024
-0.678 -0.370875 -0.127606
-0.677 -0.372644 -0.0965002
-0.676 -0.379247 -0.0546126
-0.675 -0.373069 -0.0114497
-0.674 -0.343887 0.0181895
-0.673 -0.294384 0.0188628
-0.672 -0.241508 -0.0200287
-0.671 -0.212513 -0.0998039
-0.67 -0.235541 -0.210916
-0.669 -0.327461 -0.335078
-0.668 -0.484284 -0.450483
-0.667 -0.67929 -0.538259
-0.666 -0.870149 -0.587879
-0.665 -1.01179 -0.599593
-0.664 -1.0703 -0.583044
-0.663 -1.03413 -0.552518
-0.662 -0.918878 -0.52048
-0.661 -0.76267 -0.491975
-0.66 -0.612102 -0.462503
-0.659 -0.504305 -0.420311
-0.658 -0.45302 -0.351995
-0.657 -0.444715 -0.24905
-0.656 -0.445508 -0.113026
-0.655 -0.415333 0.0425397
-0.654 -0.324663 0.194336
-0.653 -0.169072 0.315505
-0.652 0.0240667 0.384039
-0.651 0.201514 0.389957
-0.65 0.302203 0.337949
-0.649 0.280247 0.244522
-0.648 0.122968 0.131406
-0.647 -0.143216 0.0182031
-0.646 -0.460374 -0.0832257
-0.645 -0.756749 -0.171176
-0.644 -0.969324 -0.25263
-0.643 -1.06464 -0.33804
-0.642 -1.05 -0.434111
-0.641 -0.969146 -0.538071
-0.64 -0.883217 -0.636751
-0.639 -0.844964 -0.7111
-0.638 -0.877124 -0.743565
-0.637 -0.963472 -0.724623
-0.636 -1.05509 -0.656027
-0.635 -1.08906 -0.550287
-0.634 -1.01328 -0.426947
-0.633 -0.808836 -0.306505
-0.632 -0.500932 -0.203744
-0.631 -0.153104 -0.123422
-0.63 0.153887 -0.0607872
-0.629 0.350318 -0.00669296
-0.628 0.401795 0.0458177
-0.627 0.320313 0.0971805
-0.626 0.158385 0.141001
-0.625 -0.0113046 0.167083
-0.624 -0.123266 0.166066
-0.623 -0.143415 0.134021
-0.622 -0.0810402 0.0753012
-0.621 0.0158038 0.00190908
-0.62 0.0796559 -0.071097
-0.619 0.0505025 -0.13224
-0.618 -0.100175 -0.178754
-0.617 -0.357578 -0.217444
-0.616 -0.66867 -0.261026
-0.615 -0.962024 -0.321904
-0.614 -1.17403 -0.405875
-0.613 -1.27078 -0.50801
-0.612 -1.25786 -0.61262
-0.611 -1.17577 -0.698336
-0.61 -1.08311 -0.746787
-0.609 -1.03308 -0.750665
-0.608 -1.05196 -0.716851
-0.607 -1.12838 -0.663184
-0.606 -1.21854 -0.610849
-0.605 -1.26528 -0.575785
-0.604 -1.22155 -0.561917
-0.603 -1.068 -0.558298
-0.602 -0.819284 -0.542145
-0.601 -0.518855 -0.488439
-0.6 -0.224947 -0.382812
-0.599 0.00830147 -0.231073
-0.598 0.148236 -0.0597991
-0.597 0.192377 0.0923338
-0.596 0.163954 0.187904
-0.595 0.0968597 0.203124
-0.594 0.0190294 0.13582
-0.593 -0.0573009 0.00736004
-0.592 -0.136215 -0.143031
-0.591 -0.232061 -0.271804
-0.59 -0.35991 -0.348097
-0.589 -0.525613 -0.365929
-0.588 -0.719054 -0.344875
-0.587 -0.914279 -0.319169
-0.586 -1.07788 -0.32142
-0.585 -1.18183 -0.368421
-0.584 -1.2132 -0.453428
-0.583 -1.17585 -0.546447
-0.582 -1.08496 -0.603288
-0.581 -0.958574 -0.58227
-0.58 -0.809992 -0.462989
-0.579 -0.644151 -0.258274
-0.578 -0.459648 -0.0128026
-0.577 -0.255946 0.211369
-0.576 -0.0425938 0.355671
-0.575 0.155282 0.383862
-0.574 0.300027 0.292912
-0.573 0.352695 0.113093
-0.572 0.287534 -0.103194
-0.571 0.104098 -0.300784
-0.57 -0.167705 -0.441995
-0.569 -0.473093 -0.519081
-0.568 -0.748473 -0.553768
-0.567 -0.942988 -0.584714
-0.566 -1.03641 -0.648647
-0.565 -1.04446 -0.762584
-0.564 -1.00883 -0.913547
-0.563 -0.976981 -1.06005
-0.562 -0.980729 -1.14596
-0.561 -1.02084 -1.12189
-0.56 -1.06304 -0.964934
-0.559 -1.04883 -0.688534
-0.558 -0.919457 -0.339381
-0.557 -0.645151 0.016469
-0.556 -0.246261 0.312892
-0.555 0.205013 0.502619
-0.554 0.604654 0.570102
-0.553 0.850219 0.533242
-0.552 0.874727 0.432346
-0.551 0.669883 0.31108
-0.55 0.291128 0.198723
-0.549 -0.158459 0.101534
-0.548 -0.561992 0.00515626
-0.547 -0.829607 -0.115312
-0.546 -0.93042 -0.282484
-0.545 -0.901519 -0.504811
-0.544 -0.829863 -0.768898
-0.543 -0.81505 -1.03965
-0.542 -0.927936 -1.27006
-0.541 -1.18053 -1.41728
-0.54 -1.518 -1.4572
-0.539 -1.83568 -1.39085
-0.538 -2.01568 -1.24105
-0.537 -1.97067 -1.04304
-0.536 -1.67925 -0.834178
-0.535 -1.19873 -0.645175
-0.534 -0.649883 -0.494087
-0.533 -0.177708 -0.384331
-0.532 0.0977759 -0.307969
-0.531 0.122568 -0.253009
-0.53 -0.0739707 -0.210721
-0.529 -0.390866 -0.178848
-0.528 -0.690938 -0.159691
-0.527 -0.847226 -0.155727
-0.526 -0.785205 -0.166326
-0.525 -0.507628 -0.187169
-0.524 -0.0938675 -0.211689
-0.523 0.327445 -0.23319
-0.522 0.624276 -0.24676
-0.521 0.708254 -0.250622
-0.52 0.564351 -0.246486
-0.519 0.252968 -0.238399
-0.518 -0.11409 -0.230198
-0.517 -0.413424 -0.223071
-0.516 -0.552035 -0.215305
-0.515 -0.499369 -0.205118
-0.514 -0.300046 -0.19516
-0.513 -0.0611871 -0.195605
-0.512 0.0842117 -0.223176
-0.511 0.0255126 -0.29577
-0.51 -0.284128 -0.424818
-0.509 -0.808331 -0.608464
-0.508 -1.43612 -0.828222
-0.507 -2.01434 -1.05075
-0.506 -2.39262 -1.23506
-0.505 -2.46779 -1.34377
-0.504 -2.21551 -1.35468
-0.503 -1.69889 -1.26834
-0.502 -1.04937 -1.10798
-0.501 -0.425212 -0.911585
-0.5 0.0391439 -0.718656
-0.499 0.275225 -0.556841
-0.498 0.298826 -0.433565
-0.497 0.198261 -0.336205
-0.496 0.0981442 -0.24077
-0.495 0.112178 -0.125252
-0.494 0.30029 0.0180504
-0.493 0.643329 0.175954
-0.492 1.04384 0.31566
-0.491 1.35469 0.393641
-0.49 1.42889 0.370174
-0.489 1.17455 0.225214
-0.488 0.593609 -0.0307603
-0.487 -0.211969 -0.356571
-0.486 -1.06882 -0.69176
-0.485 -1.78377 -0.974586
-0.484 -2.20069 -1.15897
-0.483 -2.24592 -1.22521
-0.482 -1.94991 -1.18304
-0.481 -1.43762 -1.06741
-0.48 -0.887634 -0.927059
-0.479 -0.471786 -0.80807
-0.478 -0.297173 -0.738137
-0.477 -0.373498 -0.718821
-0.476 -0.616657 -0.729426
-0.475 -0.884258 -0.739322
-0.474 -1.02869 -0.721661
-0.473 -0.950338 -0.663499
-0.472 -0.634667 -0.571165
-0.471 -0.16089 -0.470569
-0.47 0.322485 -0.401045
-0.469 0.648173 -0.402513
-0.468 0.68857 -0.499812
-0.467 0.400784 -0.69137
-0.466 -0.156853 -0.947627
-0.465 -0.841179 -1.21876
-0.464 -1.46781 -1.44725
-0.463 -1.86796 -1.58177
-0.462 -1.93959 -1.59013
-0.461 -1.67597 -1.46888
-0.46 -1.16325 -1.2453
-0.459 -0.550731 -0.969654
-0.458 -0.00499218 -0.699976
-0.457 0.338629 -0.48538
-0.456 0.414914 -0.353685
-0.455 0.246555 -0.305639
-0.454 -0.0669664 -0.316409
-0.453 -0.386795 -0.344977
-0.452 -0.583312 -0.349972
-0.451 -0.576868 -0.306446
-0.45 -0.359123 -0.216499
-0.449 0.00607777 -0.109498
-0.448 0.399402 -0.0326663
-0.447 0.678663 -0.0357725
-0.446 0.723414 -0.153545
-0.445 0.478581 -0.389701
-0.444 -0.0217877 -0.708892
-0.443 -0.662291 -1.04283
-0.442 -1.28075 -1.3107
-0.441 -1.71446 -1.44576
-0.44 -1.84485 -1.41726
-0.439 -1.63317 -1.24028
-0.438 -1.13949 -0.972251
-0.437 -0.514451 -0.697528
-0.436 0.0420893 -0.502203
-0.435 0.345818 -0.444895
-0.434 0.291423 -0.534697
-0.433 -0.110262 -0.72762
-0.432 -0.733184 -0.944207
-0.431 -1.37232 -1.1
-0.43 -1.80472 -1.13566
-0.429 -1.86053 -1.03654
-0.428 -1.48345 -0.837442
-0.427 -0.757807 -0.611454
-0.426 0.112694 -0.444512
-0.425 0.870724 -0.402308
-0.424 1.2924 -0.502801
-0.423 1.26462 -0.707258
-0.422 0.82636 -0.934166
-0.421 0.159216 -1.0893
-0.42 -0.471908 -1.0992
-0.419 -0.81068 -0.936628
-0.418 -0.702632 -0.631233
-0.417 -0.156032 -0.26226
-0.416 0.652624 0.0657377
-0.415 1.4317 0.256991
-0.414 1.8695 0.255694
-0.413 1.74113 0.0623244
-0.412 0.991648 -0.270031
-0.411 -0.235968 -0.656182
-0.41 -1.64138 -1.0077
-0.409 -2.8634 -1.26064
-0.408 -3.59745 -1.39394
-0.407 -3.69267 -1.43242
-0.406 -3.19748 -1.43299
-0.405 -2.34034 -1.45988
-0.404 -1.45175 -1.55921
-0.403 -0.851044 -1.74197
-0.402 -0.735303 -1.97976
-0.401 -1.11036 -2.21336
-0.4 -1.7905 -2.3711
-0.399 -2.46621 -2.39184
-0.398 -2.81413 -2.24518
-0.397 -2.61035 -1.94136
-0.396 -1.8098 -1.52722
-0.395 -0.566823 -1.07161
-0.394 0.80985 -0.647201
-0.393 1.95351 -0.313706
-0.392 2.55593 -0.105444
-0.391 2.46529 -0.0250268
-0.39 1.73369 -0.0452997
-0.389 0.599727 -0.119973
-0.388 -0.588348 -0.19967
-0.387 -1.48404 -0.246916
-0.386 -1.85209 -0.24519
-0.385 -1.63977 -0.201749
-0.384 -0.987949 -0.145585
-0.383 -0.181373 -0.120303
-0.382 0.443916 -0.17139
-0.381 0.60835 -0.33003
-0.38 0.181855 -0.598861
-0.379 -0.766565 -0.945975
-0.378 -1.98285 -1.31025
-0.377 -3.10554 -1.61611
-0.376 -3.78188 -1.79365
-0.375 -3.7818 -1.79954
-0.374 -3.07211 -1.63301
-0.373 -1.83082 -1.34014
-0.372 -0.399279 -1.0028
-0.371 0.817173 -0.713924
-0.37 1.47643 -0.547157
-0.369 1.41585 -0.531712
-0.368 0.71323 -0.641795
-0.367 -0.335214 -0.804801
-0.366 -1.31473 -0.926782
-0.365 -1.83352 -0.927737
-0.364 -1.65719 -0.774066
-0.363 -0.794425 -0.495349
-0.362 0.492941 -0.178403
-0.361 1.76444 0.060058
-0.36 2.54407 0.113288
-0.359 2.48694 -0.0764564
-0.358 1.50858 -0.493079
-0.357 -0.173615 -1.04579
-0.356 -2.10384 -1.59505
-0.355 -3.73398 -1.99777
-0.354 -4.60282 -2.15495
-0.353 -4.48991 -2.04379
-0.352 -3.49273 -1.72287
-0.351 -1.99633 -1.31004
-0.35 -0.541172 -0.941295
-0.349 0.36584 -0.724168
-0.348 0.429466 -0.700349
-0.347 -0.330613 -0.831204
-0.346 -1.58807 -1.01383
-0.345 -2.82729 -1.12311
-0.344 -3.52994 -1.06275
-0.343 -3.36608 -0.804554
-0.342 -2.32065 -0.40154
-0.341 -0.707176 0.0278508
-0.34 0.93701 0.337442
-0.339 2.03516 0.40074
-0.338 2.1696 0.153875
-0.337 1.22613 -0.380508
-0.336 -0.565114 -1.09863
-0.335 -2.70687 -1.84936
-0.334 -4.60359 -2.48293
-0.333 -5.76142 -2.89546
-0.332 -5.94664 -3.05402
-0.331 -5.24677 -2.99661
-0.33 -4.01818 -2.81056
-0.329 -2.74537 -2.59773
-0.328 -1.86563 -2.43768
-0.327 -1.62063 -2.36067
-0.326 -1.98513 -2.34032
-0.325 -2.69387 -2.30795
-0.324 -3.35153 -2.1816
-0.323 -3.58156 -1.89767
-0.322 -3.15903 -1.43412
-0.321 -2.08356 -0.81942
-0.32 -0.572527 -0.126467
-0.319 1.01716 0.545673
-0.318 2.30688 1.09643
-0.317 3.00992 1.44776
-0.316 3.00303 1.56107
-0.315 2.34053 1.44394
-0.314 1.21944 1.1462
-0.313 -0.0842716 0.747201
-0.312 -1.28917 0.33626
-0.311 -2.17522 -0.00962812
-0.31 -2.62913 -0.245202
-0.309 -2.65746 -0.367874
-0.308 -2.36916 -0.417318
-0.307 -1.94132 -0.463739
-0.306 -1.58095 -0.586795
-0.305 -1.4825 -0.848709
-0.304 -1.7761 -1.26816
-0.303 -2.47455 -1.80484
-0.302 -3.44516 -2.36351
-0.301 -4.42997 -2.81937
-0.3 -5.11523 -3.05667
-0.299 -5.2268 -3.00726
-0.298 -4.62257 -2.67623
-0.297 -3.3586 -2.14611
-0.296 -1.70704 -1.55634
-0.295 -0.103736 -1.06088
-0.294 0.979345 -0.775725
-0.293 1.20247 -0.735094
-0.292 0.498948 -0.875558
-0.291 -0.877281 -1.05703
-0.29 -2.42213 -1.11453
-0.289 -3.5462 -0.922234
-0.288 -3.77983 -0.446705
-0.287 -2.95489 0.229847
-0.286 -1.29928 0.926445
-0.285 0.604497 1.41768
-0.284 2.00362 1.50929
-0.283 2.24598 1.10905
-0.282 1.03462 0.266144
-0.281 -1.43821 -0.837966
-0.28 -4.5322 -1.94684
-0.279 -7.36353 -2.81486
-0.278 -9.10505 -3.28994
-0.277 -9.28177 -3.36188
-0.276 -7.95359 -3.15848
-0.275 -5.70746 -2.89113
-0.274 -3.44836 -2.77019
-0.273 -2.06189 -2.92018
-0.272 -2.07705 -3.32531
-0.271 -3.45842 -3.82766
-0.27 -5.60649 -4.1829
-0.269 -7.57005 -4.15502
-0.268 -8.39948 -3.61294
-0.267 -7.51472 -2.58896
-0.266 -4.94617 -1.27626
-0.265 -1.34901 0.0314176
-0.264 2.21906 1.03392
-0.263 4.67074 1.52033
-0.262 5.27146 1.43527
-0.261 3.89447 0.892462
-0.26 1.06142 0.127713
-0.259 -2.24707 -0.592137
-0.258 -4.94756 -1.0671
-0.257 -6.24632 -1.22822
-0.256 -5.91572 -1.1451
-0.255 -4.34556 -0.98066
-0.254 -2.35822 -0.91563
-0.253 -0.873568 -1.07117
-0.252 -0.558369 -1.45563
-0.251 -1.58441 -1.95543
-0.25 -3.57313 -2.37622
-0.249 -5.74317 -2.51899
-0.248 -7.20945 -2.2585
-0.247 -7.32207 -1.59061
-0.246 -5.90997 -0.632656
-0.245 -3.33257 0.417484
-0.244 -0.330069 1.3446
-0.243 2.25113 1.97984
-0.242 3.74409 2.24464
-0.241 3.85953 2.15946
-0.24 2.74106 1.81518
-0.239 0.871306 1.32262
-0.238 -1.12996 0.766604
-0.237 -2.73678 0.184584
-0.236 -3.68583 -0.427504
-0.235 -4.02052 -1.09182
-0.234 -4.009 -1.82033
-0.233 -3.99103 -2.59255
-0.232 -4.22807 -3.34901
-0.231 -4.81422 -4.00708
-0.23 -5.6697 -4.49364
-0.229 -6.60241 -4.77535
-0.228 -7.39919 -4.86618
-0.227 -7.90321 -4.80877
-0.226 -8.04638 -4.64441
-0.225 -7.83224 -4.39044
-0.224 -7.29269 -4.03399
-0.223 -6.45288 -3.54218
-0.222 -5.32885 -2.88633
-0.221 -3.96262 -2.0753
-0.22 -2.47431 -1.18371
-0.219 -1.09218 -0.352376
-0.218 -0.122695 0.251172
-0.217 0.148066 0.498372
-0.216 -0.413034 0.35739
-0.215 -1.68576 -0.0862046
-0.214 -3.28891 -0.65382
-0.213 -4.68367 -1.13238
-0.212 -5.3563 -1.34846
-0.211 -5.01806 -1.23664
-0.21 -3.74957 -0.876338
-0.209 -2.02319 -0.472759
-0.208 -0.568291 -0.278563
-0.207 -0.10507 -0.486182
-0.206 -1.04228 -1.14003
-0.205 -3.27164 -2.10795
-0.204 -6.16094 -3.12212
-0.203 -8.7599 -3.87207
-0.202 -10.1421 -4.11716
-0.201 -9.75619 -3.7809
-0.2 -7.65903 -2.99071
-0.199 -4.53618 -2.03972
-0.198 -1.48432 -1.2777
-0.197 0.385671 -0.973293
-0.196 0.382667 -1.20504
-0.195 -1.4703 -1.82551
-0.194 -4.41176 -2.51199
-0.193 -7.2077 -2.88473
-0.192 -8.60903 -2.65127
-0.191 -7.82804 -1.72498
-0.19 -4.85534 -0.271343
-0.189 -0.49679 1.3407
-0.188 3.89022 2.66622
-0.187 6.87305 3.3406
-0.186 7.46187 3.20507
-0.185 5.47557 2.35684
-0.184 1.61303 1.10714
-0.183 -2.80356 -0.137994
-0.182 -6.32108 -1.03171
-0.181 -7.89616 -1.41625
-0.18 -7.2747 -1.37565
-0.179 -5.06552 -1.18952
-0.178 -2.48712 -1.21002
-0.177 -0.891289 -1.71458
-0.176 -1.2452 -2.79017
-0.175 -3.75893 -4.28789
-0.174 -7.78983 -5.86318
-0.173 -12.0619 -7.09043
-0.172 -15.1272 -7.6135
-0.171 -15.8966 -7.27403
-0.17 -14.0336 -6.1645
-0.169 -10.0577 -4.58635
-0.168 -5.1327 -2.93725
-0.167 -0.643115 -1.57772
-0.166 2.27378 -0.725147
-0.165 3.07797 -0.405173
-0.164 1.95675 -0.471005
-0.163 -0.297818 -0.68204
-0.162 -2.61711 -0.81254
-0.161 -4.06625 -0.745448
-0.16 -4.17647 -0.511066
-0.159 -3.07375 -0.258285
-0.158 -1.37217 -0.179492
-0.157 0.0982169 -0.426887
-0.156 0.605787 -1.05236
-0.155 -0.236662 -1.98693
-0.154 -2.35947 -3.06118
-0.153 -5.27513 -4.05749
-0.152 -8.24478 -4.77441
-0.151 -10.5117 -5.07894
-0.15 -11.5215 -4.92897
-0.149 -11.059 -4.36399
-0.148 -9.26801 -3.4767
-0.147 -6.57136 -2.38273
-0.146 -3.53819 -1.19996
-0.145 -0.748533 -0.0401704
-0.144 1.31755 0.991641
-0.143 2.36004 1.7992
-0.142 2.31037 2.30593
-0.141 1.3481 2.47448
-0.14 -0.134145 2.32367
-0.139 -1.62799 1.92912
-0.138 -2.6517 1.40215
-0.137 -2.89648 0.853072
-0.136 -2.33261 0.35177
-0.135 -1.24427 -0.100893
-0.134 -0.175965 -0.578552
-0.133 0.21616 -1.20234
-0.132 -0.609163 -2.08201
-0.131 -2.83804 -3.24543
-0.13 -6.15272 -4.59184
-0.129 -9.76622 -5.89817
-0.128 -12.6538 -6.88145
-0.127 -13.9006 -7.29366
-0.126 -13.0359 -7.01333
-0.125 -10.2335 -6.10205
-0.124 -6.30705 -4.80469
-0.123 -2.48412 -3.48552
-0.122 -0.00655484 -2.51192
-0.121 0.318509 -2.12375
-0.12 -1.55518 -2.34221
-0.119 -4.85923 -2.96046
-0.118 -8.27276 -3.62306
-0.117 -10.4077 -3.96304
-0.116 -10.3296 -3.74322
-0.115 -7.91399 -2.9489
-0.114 -3.90613 -1.79787
-0.113 0.341064 -0.662612
-0.112 3.35758 0.0694014
-0.111 4.09889 0.145627
-0.11 2.34039 -0.449535
-0.109 -1.22657 -1.48149
-0.108 -5.24295 -2.5487
-0.107 -8.19136 -3.23336
-0.106 -8.97439 -3.26172
-0.105 -7.32917 -2.60856
-0.104 -3.90805 -1.50322
-0.103 -0.0025081 -0.337621
-0.102 2.95748 0.481687
-0.101 3.91964 0.677924
-0.1 2.55976 0.195641
-0.099 -0.631902 -0.785857
-0.098 -4.54309 -1.9198
-0.097 -7.84963 -2.81973
-0.096 -9.50104 -3.20138
-0.095 -9.08628 -2.97878
-0.094 -6.92201 -2.27343
-0.093 -3.84443 -1.34116
-0.092 -0.837218 -0.461724
-0.091 1.31885 0.157239
-0.09 2.25234 0.432949
-0.089 2.0384 0.412669
-0.088 1.09566 0.237377
-0.087 -0.0132486 0.074918
-0.086 -0.811439 0.0466202
-0.085 -1.07291 0.181466
-0.084 -0.847691 0.419295
-0.083 -0.354942 0.653439
-0.082 0.164678 0.780583
-0.081 0.536769 0.72981
-0.08 0.645868 0.464826
-0.079 0.373189 -0.028786
-0.078 -0.449879 -0.756245
-0.077 -2.02004 -1.71561
-0.076 -4.46068 -2.88379
-0.075 -7.67788 -4.19079
-0.074 -11.2544 -5.49981
-0.073 -14.4669 -6.61493
-0.072 -16.4573 -7.32415
-0.071 -16.5143 -7.46597
-0.07 -14.373 -6.99721
-0.069 -10.4277 -6.03722
-0.068 -5.74479 -4.86408
-0.067 -1.79479 -3.84383
-0.066 0.0723112 -3.3
-0.065 -0.783533 -3.37319
-0.064 -3.93696 -3.94431
-0.063 -7.98505 -4.66877
-0.062 -11.0518 -5.10721
-0.061 -11.4917 -4.89538
-0.06 -8.53957 -3.89373
-0.059 -2.70634 -2.27236
-0.058 4.24092 -0.494283
-0.057 9.80857 0.826115
-0.056 11.7212 1.16282
-0.055 8.91438 0.318554
-0.054 2.08949 -1.45716
-0.053 -6.46258 -3.53642
-0.052 -13.6829 -5.13385
-0.051 -16.8579 -5.58527
-0.05 -14.6245 -4.58793
-0.049 -7.541 -2.32864
-0.048 2.00183 0.552574
-0.047 10.5945 3.17778
-0.046 15.1092 4.76273
-0.045 13.9567 4.92702
-0.044 7.73817 3.84213
-0.043 -0.977078 2.15765
-0.042 -8.62707 0.74593
-0.041 -12.001 0.365806
-0.04 -9.47942 1.36173
-0.039 -1.71862 3.50758
-0.038 8.53392 6.07008
-0.037 17.4867 8.08557
-0.036 21.7906 8.73738
-0.035 19.8162 7.6682
-0.034 12.225 5.10685
-0.033 1.6926 1.78269
-0.032 -8.06608 -1.32983
-0.031 -13.6587 -3.35786
-0.03 -13.3211 -3.85695
-0.029 -7.63837 -2.98379
-0.028 0.709384 -1.4182
-0.027 8.10606 -0.0598291
-0.026 11.4857 0.345859
-0.025 9.45021 -0.522349
-0.024 2.65425 -2.47742
-0.023 -6.52301 -4.91229
-0.022 -14.8445 -7.01726
-0.021 -19.4055 -8.07826
-0.02 -18.7882 -7.76727
-0.019 -13.6589 -6.28773
-0.018 -6.41906 -4.27485
-0.017 -0.0598466 -2.49649
-0.016 3.12337 -1.53007
-0.015 2.32216 -1.57401
-0.014 -1.68219 -2.43086
-0.013 -6.94639 -3.61498
-0.012 -11.1209 -4.53703
-0.011 -12.364 -4.73142
-0.01 -10.1295 -4.05743
-0.009 -5.40953 -2.76309
-0.008 -0.205458 -1.34905
-0.007 3.49207 -0.308275
-0.006 4.592 0.0951908
-0.005 3.22966 -0.098295
-0.004 0.534635 -0.605399
-0.003 -1.92803 -1.03676
-0.002 -2.8327 -1.06151
-0.001 -1.69601 -0.558837
0 0.857786 0.310368
0.001 3.40778 1.17925
0.002 4.53323 1.68023
0.003 3.61089 1.65064
0.004 1.1256 1.21008
0.005 -1.59524 0.690188
0.006 -2.98472 0.483397
0.007 -1.91128 0.877629
0.008 1.76224 1.9175
0.009 6.94619 3.34055
0.01 11.6506 4.65114
0.011 13.8743 5.3422
0.012 12.6249 5.15825
0.013 8.44905 4.23501
0.014 3.18861 3.03775
0.015 -0.807406 2.16019
0.016 -1.59754 2.09569
0.017 1.59672 3.04998
0.018 7.96412 4.83023
0.019 15.2073 6.8588
0.02 20.3338 8.36091
0.021 20.9424 8.69027
0.022 16.3675 7.63303
0.023 8.02891 5.51189
0.024 -1.1663 3.04265
0.025 -7.97989 1.04302
0.026 -10.0333 0.131827
0.027 -6.67374 0.5078
0.028 0.69984 1.85687
0.029 9.02233 3.43289
0.03 14.6805 4.32767
0.031 14.998 3.84905
0.032 9.39405 1.82988
0.033 -0.363818 -1.28983
0.034 -10.8818 -4.63443
0.035 -18.4475 -7.22084
0.036 -20.3919 -8.30821
0.037 -16.0622 -7.65741
0.038 -7.09486 -5.62114
0.039 3.15805 -3.01976
0.04 10.906 -0.827855
0.041 13.4051 0.208009
0.042 10.0043 -0.148037
0.043 2.32923 -1.55408
0.044 -6.40469 -3.24646
0.045 -12.6353 -4.3432
0.046 -13.7985 -4.1842
0.047 -9.30079 -2.59082
0.048 -0.737561 0.0567262
0.049 8.76139 2.96646
0.05 15.7892 5.24788
0.051 17.9619 6.24959
0.052 14.7308 5.7803
0.053 7.47124 4.14774
0.054 -1.09412 2.02847
0.055 -7.90449 0.222688
0.056 -10.6762 -0.630455
0.057 -8.72086 -0.278375
0.058 -3.1155 1.07466
0.059 3.85623 2.88763
0.06 9.69863 4.52883
0.061 12.6487 5.52287
0.062 12.2045 5.6979
0.063 9.14105 5.20372
0.064 5.1089 4.42333
0.065 1.98008 3.81598
0.066 1.14577 3.73927
0.067 3.01771 4.31266
0.068 6.94661 5.38245
0.069 11.5808 6.60304
0.07 15.4556 7.58594
0.071 17.5166 8.03905
0.072 17.3844 7.84334
0.073 15.3356 7.0574
0.074 12.0853 5.86839
0.075 8.48618 4.51513
0.076 5.25172 3.21111
0.077 2.7921 2.09373
0.078 1.2004 1.21528
0.079 0.357687 0.569148
0.08 0.0744577 0.127054
0.081 0.189686 -0.135524
0.082 0.58956 -0.234292
0.083 1.1569 -0.188197
0.084 1.70661 -0.0377886
0.085 1.98159 0.146589
0.086 1.7481 0.281207
0.087 0.949732 0.308555
0.088 -0.185169 0.237399
0.089 -1.17198 0.153385
0.09 -1.4383 0.187417
0.091 -0.55562 0.456683
0.092 1.55848 1.00657
0.093 4.53383 1.77508
0.094 7.58377 2.59117
0.095 9.71536 3.21504
0.096 10.0866 3.41946
0.097 8.38271 3.0885
0.098 5.02277 2.28768
0.099 1.06824 1.26281
0.1 -2.14599 0.359421
0.101 -3.49973 -0.103199
0.102 -2.50082 0.050305
0.103 0.519528 0.784864
0.104 4.49386 1.86027
0.105 7.97426 2.90868
0.106 9.65534 3.56389
0.107 8.87844 3.59922
0.108 5.90771 3.01855
0.109 1.84806 2.05902
0.11 -1.77139 1.10069
0.111 -3.5793 0.520493
0.112 -2.87674 0.550676
0.113 0.111179 1.19613
0.114 4.33262 2.23895
0.115 8.30863 3.32603
0.116 10.6806 4.10531
0.117 10.7028 4.35876
0.118 8.50429 4.08256
0.119 5.02964 3.48571
0.12 1.6807 2.90803
0.121 -0.208605 2.68861
0.122 0.136214 3.03521
0.123 2.66504 3.94467
0.124 6.55919 5.20406
0.125 10.5624 6.46858
0.126 13.4332 7.38177
0.127 14.346 7.68983
0.128 13.119 7.31211
0.129 10.2224 6.35059
0.13 6.57921 5.04095
0.131 3.22711 3.66511
0.132 0.964898 2.45708
0.133 0.117162 1.53677
0.134 0.4998 0.894626
0.135 1.56972 0.427832
0.136 2.66492 0.0057141
0.137 3.23131 -0.466867
0.138 2.97503 -1.01089
0.139 1.92193 -1.56725
0.14 0.385851 -2.01999
0.141 -1.13965 -2.23765
0.142 -2.13261 -2.11726
0.143 -2.18928 -1.61637
0.144 -1.12456 -0.764168
0.145 0.98975 0.348743
0.146 3.84009 1.59335
0.147 6.92506 2.82655
0.148 9.64283 3.91013
0.149 11.4108 4.72401
0.15 11.8061 5.17745
0.151 10.6983 5.22199
0.152 8.32576 4.86582
0.153 5.26889 4.18229
0.154 2.30564 3.30336
0.155 0.183021 2.39442
0.156 -0.619795 1.61529
0.157 -0.0542826 1.07875
0.158 1.46761 0.820521
0.159 3.19568 0.791511
0.16 4.29372 0.878596
0.161 4.15552 0.952488
0.162 2.67445 0.928938
0.163 0.343438 0.81706
0.164 -1.88399 0.728655
0.165 -2.93628 0.839181
0.166 -2.03803 1.31438
0.167 0.967247 2.23228
0.168 5.50661 3.53096
0.169 10.42 5.00225
0.17 14.318 6.33766
0.171 16.0514 7.21805
0.172 15.1312 7.42011
0.173 11.9317 6.89875
0.174 7.57353 5.80801
0.175 3.51836 4.44872
0.176 1.03294 3.16319
0.177 0.733309 2.21867
0.178 2.37833 1.72167
0.179 4.97866 1.5914
0.18 7.1773 1.60117
0.181 7.76855 1.47561
0.182 6.16891 1.00978
0.183 2.66027 0.16264
0.184 -1.69608 -0.915398
0.185 -5.44827 -1.93316
0.186 -7.2962 -2.56618
0.187 -6.57638 -2.57843
0.188 -3.50513 -1.91357
0.189 0.906113 -0.723452
0.19 5.22425 0.677705
0.191 8.11188 1.91943
0.192 8.79511 2.70325
0.193 7.31434 2.9033
0.194 4.4753 2.60071
0.195 1.52629 2.04183
0.196 -0.315763 1.54002
0.197 -0.313648 1.35827
0.198 1.53588 1.6135
0.199 4.53614 2.23687
0.2 7.58907 3.00521
0.201 9.62507 3.63183
0.202 9.98832 3.87859
0.203 8.64011 3.64312
0.204 6.12838 2.98924
0.205 3.35565 2.11579
0.206 1.23768 1.28123
0.207 0.375028 0.711185
0.208 0.858565 0.519761
0.209 2.28237 0.673781
0.21 3.94852 1.01567
0.211 5.16103 1.33534
0.212 5.47757 1.45748
0.213 4.82917 1.30541
0.214 3.49065 0.920141
0.215 1.94217 0.437054
0.216 0.685019 0.0355185
0.217 0.0758615 -0.121955
0.218 0.234175 0.0563125
0.219 1.05159 0.563352
0.22 2.28511 1.30437
0.221 3.67512 2.14016
0.222 5.02577 2.93889
0.223 6.21976 3.61056
0.224 7.18467 4.1148
0.225 7.85238 4.45024
0.226 8.14569 4.63764
0.227 8.00179 4.70231
0.228 7.41951 4.65915
0.229 6.50194 4.50638
0.23 5.461 4.2324
0.231 4.56447 3.83159
0.232 4.0363 3.31597
0.233 3.95023 2.71288
0.234 4.16849 2.05241
0.235 4.36502 1.357
0.236 4.14009 0.641488
0.237 3.19287 -0.0780009
0.238 1.48615 -0.772983
0.239 -0.674305 -1.39421
0.24 -2.69914 -1.87007
0.241 -3.90808 -2.11677
0.242 -3.78544 -2.06238
0.243 -2.19637 -1.67863
0.244 0.522957 -1.00549
0.245 3.64091 -0.153883
0.246 6.25487 0.717538
0.247 7.5978 1.44442
0.248 7.3218 1.90369
0.249 5.64402 2.05076
0.25 3.27983 1.93299
0.251 1.176 1.6707
0.252 0.147992 1.40933
0.253 0.567743 1.26115
0.254 2.22078 1.26121
0.255 4.3812 1.35575
0.256 6.07704 1.42655
0.257 6.45805 1.34145
0.258 5.13736 1.01369
0.259 2.37296 0.449415
0.26 -0.995811 -0.23668
0.261 -3.84309 -0.849326
0.262 -5.1679 -1.17738
0.263 -4.45971 -1.0701
0.264 -1.88246 -0.494072
0.265 1.78289 0.450666
0.266 5.41216 1.55965
0.267 7.93279 2.58724
0.268 8.6999 3.32372
0.269 7.71355 3.66114
0.27 5.5936 3.6235
0.271 3.32444 3.34798
0.272 1.87449 3.0243
0.273 1.83833 2.81774
0.274 3.23051 2.80663
0.275 5.49815 2.95657
0.276 7.7412 3.13837
0.277 9.05525 3.18113
0.278 8.86635 2.94135
0.279 7.13214 2.3629
0.28 4.34077 1.50466
0.281 1.32065 0.524854
0.282 -1.05762 -0.370547
0.283 -2.17752 -0.994588
0.284 -1.87085 -1.23746
0.285 -0.447379 -1.09715
0.286 1.44555 -0.673829
0.287 3.07443 -0.130789
0.288 3.88018 0.363639
0.289 3.65062 0.691324
0.29 2.55449 0.81633
0.291 1.04601 0.785029
0.292 -0.311349 0.699224
0.293 -1.03913 0.674608
0.294 -0.895751 0.798142
0.295 0.062385 1.09688
0.296 1.52794 1.52831
0.297 3.07108 1.9962
0.298 4.28959 2.38548
0.299 4.92213 2.60047
0.3 4.89659 2.59144
0.301 4.3184 2.36351
0.302 3.41752 1.97058
0.303 2.47219 1.49838
0.304 1.72837 1.0403
0.305 1.33776 0.670991
0.306 1.33157 0.426214
0.307 1.6301 0.297225
0.308 2.07322 0.240629
0.309 2.45761 0.196434
0.31 2.57835 0.106408
0.311 2.27827 -0.0700043
0.312 1.49931 -0.342431
0.313 0.318025 -0.681852
0.314 -1.05318 -1.0237
0.315 -2.30656 -1.28391
0.316 -3.115 -1.38286
0.317 -3.22666 -1.26803
0.318 -2.55197 -0.929078
0.319 -1.21217 -0.403419
0.32 0.476086 0.228798
0.321 2.08534 0.862429
0.322 3.20909 1.39594
0.323 3.59746 1.76208
0.324 3.24849 1.9479
0.325 2.41792 1.99568
0.326 1.53559 1.98509
0.327 1.0513 2.00367
0.328 1.26437 2.11413
0.329 2.20242 2.32781
0.33 3.59709 2.59442
0.331 4.96766 2.81559
0.332 5.78533 2.87992
0.333 5.66364 2.70604
0.334 4.50979 2.27614
0.335 2.57861 1.64778
0.336 0.401139 0.941086
0.337 -1.39217 0.305466
0.338 -2.28779 -0.125587
0.339 -2.0638 -0.278091
0.34 -0.861726 -0.162803
0.341 0.865692 0.13019
0.342 2.51116 0.466221
0.343 3.52197 0.714964
0.344 3.59101 0.794168
0.345 2.76008 0.69445
0.346 1.39496 0.479313
0.347 0.0431507 0.260596
0.348 -0.768452 0.155649
0.349 -0.720583 0.240385
0.35 0.188769 0.517425
0.351 1.6457 0.913773
0.352 3.1311 1.30808
0.353 4.10355 1.57404
0.354 4.18959 1.62287
0.355 3.3111 1.43229
0.356 1.70508 1.05419
0.357 -0.164013 0.598214
0.358 -1.76124 0.195066
0.359 -2.65385 -0.0481468
0.36 -2.64668 -0.082642
0.361 -1.83743 0.0706271
0.362 -0.571908 0.334663
0.363 0.684926 0.60681
0.364 1.51177 0.794279
0.365 1.66579 0.844221
0.366 1.147 0.759452
0.367 0.182543 0.594316
0.368 -0.855286 0.431988
0.369 -1.57237 0.352425
0.37 -1.68318 0.403992
0.371 -1.10563 0.588558
0.372 0.0154515 0.862778
0.373 1.36386 1.15306
0.374 2.55986 1.37922
0.375 3.2768 1.47952
0.376 3.33198 1.4285
0.377 2.73431 1.24156
0.378 1.68036 0.966253
0.379 0.49546 0.665654
0.38 -0.468716 0.400482
0.381 -0.948134 0.214064
0.382 -0.849184 0.122672
0.383 -0.271338 0.113792
0.384 0.531812 0.153622
0.385 1.23439 0.20081
0.386 1.53911 0.220311
0.387 1.27291 0.192946
0.388 0.450602 0.120139
0.389 -0.7187 0.0249419
0.39 -1.89196 -0.0515034
0.391 -2.70195 -0.0602433
0.392 -2.87714 0.039552
0.393 -2.32982 0.265366
0.394 -1.18582 0.603581
0.395 0.25212 1.01098
0.396 1.59696 1.42338
0.397 2.49956 1.76952
0.398 2.76178 1.989
0.399 2.40081 2.05067
0.4 1.63988 1.96388
0.401 0.827388 1.77539
0.402 0.313278 1.55206
0.403 0.325396 1.35751
0.404 0.887949 1.23214
0.405 1.81053 1.18131
0.406 2.75299 1.17411
0.407 3.34441 1.15413
0.408 3.31422 1.06136
0.409 2.58899 0.858425
0.41 1.32115 0.54966
0.411 -0.159303 0.183424
0.412 -1.45306 -0.162715
0.413 -2.22309 -0.406514
0.414 -2.3052 -0.486732
0.415 -1.75887 -0.383574
0.416 -0.840173 -0.127979
0.417 0.0927238 0.205536
0.418 0.705707 0.522467
0.419 0.800523 0.740047
0.42 0.374149 0.813674
0.421 -0.390962 0.747849
0.422 -1.19813 0.590286
0.423 -1.74278 0.414069
0.424 -1.81793 0.293284
0.425 -1.38355 0.277688
0.426 -0.576061 0.374699
0.427 0.344917 0.547317
0.428 1.09164 0.730377
0.429 1.44825 0.85765
0.43 1.33895 0.886801
0.431 0.84373 0.812796
0.432 0.162583 0.668171
0.433 -0.455151 0.512653
0.434 -0.792517 0.41422
0.435 -0.733581 0.425211
0.436 -0.297834 0.561634
0.437 0.37152 0.79558
0.438 1.06102 1.06492
0.439 1.56058 1.29486
0.44 1.7284 1.42072
0.441 1.52611 1.40444
0.442 1.01919 1.24327
0.443 0.349781 0.970265
0.444 -0.307075 0.645249
0.445 -0.79329 0.336563
0.446 -1.01138 0.0998677
0.447 -0.948651 -0.0368802
0.448 -0.67329 -0.0766475
0.449 -0.305108 -0.0462916
0.45 0.0256142 0.0152588
0.451 0.21603 0.0698517
0.452 0.21658 0.0925326
0.453 0.0422967 0.0807854
0.454 -0.231407 0.0561047
0.455 -0.489479 0.0558242
0.456 -0.61208 0.118405
0.457 -0.514514 0.268551
0.458 -0.178444 0.507198
0.459 0.337274 0.808087
0.46 0.909817 1.1212
0.461 1.38526 1.3836
0.462 1.62209 1.5366
0.463 1.53419 1.5439
0.464 1.12118 1.40368
0.465 0.475342 1.15001
0.466 -0.239845 0.843696
0.467 -0.835953 0.555792
0.468 -1.15706 0.347964
0.469 -1.12895 0.254592
0.47 -0.782361 0.272736
0.471 -0.241707 0.364984
0.472 0.317393 0.475072
0.473 0.727295 0.549851
0.474 0.884179 0.558718
0.475 0.781898 0.50391
0.476 0.512475 0.419016
0.477 0.232139 0.356251
0.478 0.103215 0.365838
0.479 0.231491 0.474106
0.48 0.621791 0.669151
0.481 1.16918 0.901067
0.482 1.69074 1.09745
0.483 1.98726 1.18793
0.484 1.91252 1.12828
0.485 1.4254 0.915905
0.486 0.607734 0.592024
0.487 -0.357732 0.229794
0.488 -1.24205 -0.0882876
0.489 -1.84046 -0.296203
0.49 -2.03572 -0.364159
0.491 -1.83279 -0.305007
0.492 -1.35168 -0.165432
0.493 -0.780304 -0.00596623
0.494 -0.305663 0.12218
0.495 -0.0496434 0.194951
0.496 -0.0317742 0.221771
0.497 -0.169778 0.238522
0.498 -0.31538 0.290343
0.499 -0.312129 0.411236
0.5 -0.0560833 0.608342
0.501 0.460983 0.856572
0.502 1.14229 1.10547
0.503 1.81589 1.29584
0.504 2.29303 1.3801
0.505 2.43275 1.33845
0.506 2.18923 1.18472
0.507 1.62608 0.960061
0.508 0.894667 0.717858
0.509 0.185676 0.50646
0.51 -0.330055 0.355846
0.511 -0.553123 0.27202
0.512 -0.483045 0.240023
0.513 -0.212097 0.233712
0.514 0.112016 0.228086
0.515 0.34068 0.208939
0.516 0.376079 0.176097
0.517 0.201742 0.13978
0.518 -0.117283 0.113014
0.519 -0.461872 0.104296
0.52 -0.702636 0.113712
0.521 -0.745342 0.133615
0.522 -0.563551 0.152986
0.523 -0.20808 0.163082
0.524 0.209908 0.161414
0.525 0.557082 0.152098
0.526 0.724572 0.142833
0.527 0.665939 0.140703
0.528 0.412616 0.149243
0.529 0.0624399 0.168055
0.53 -0.253261 0.194873
0.531 -0.412275 0.22921
0.532 -0.340229 0.275964
0.533 -0.0339766 0.346408
0.534 0.437348 0.454274
0.535 0.954711 0.607475
0.536 1.38836 0.79976
0.537 1.63988 1.00757
0.538 1.67172 1.19438
0.539 1.51402 1.32048
0.54 1.24809 1.35439
0.541 0.974228 1.28278
0.542 0.776152 1.11637
0.543 0.693483 0.88879
0.544 0.710663 0.646535
0.545 0.765969 0.432429
0.546 0.777703 0.270072
0.547 0.677923 0.157252
0.548 0.44093 0.0710672
0.549 0.0955001 -0.0189343
0.55 -0.283531 -0.135714
0.551 -0.60018 -0.282636
0.552 -0.768736 -0.437805
0.553 -0.740832 -0.557917
0.554 -0.519732 -0.592562
0.555 -0.158055 -0.504777
0.556 0.259357 -0.288712
0.557 0.641487 0.0244067
0.558 0.91774 0.374544
0.559 1.05607 0.691072
0.56 1.06667 0.913955
0.561 0.991272 1.01153
0.562 0.883665 0.989494
0.563 0.78912 0.887171
0.564 0.73009 0.761083
0.565 0.702008 0.66189
0.566 0.678927 0.614962
0.567 0.626414 0.612896
0.568 0.51746 0.621763
0.569 0.34552 0.59714
0.57 0.129615 0.503826
0.571 -0.0901346 0.332779
0.572 -0.264591 0.108749
0.573 -0.350668 -0.1159
0.574 -0.323842 -0.279986
0.575 -0.184482 -0.336863
0.576 0.0429457 -0.271596
0.577 0.317108 -0.105394
0.578 0.590944 0.112443
0.579 0.822708 0.320888
0.58 0.983943 0.466904
0.581 1.06323 0.522807
0.582 1.06539 0.494573
0.583 1.00669 0.416437
0.584 0.908199 0.333714
0.585 0.789587 0.282605
0.586 0.665291 0.276884
0.587 0.54376 0.305748
0.588 0.428355 0.340931
0.589 0.318149 0.348992
0.59 0.209115 0.305234
0.591 0.0971816 0.205229
0.592 -0.0174105 0.0688701
0.593 -0.126815 -0.066405
0.594 -0.215374 -0.160667
0.595 -0.26269 -0.186957
0.596 -0.248439 -0.139646
0.597 -0.157619 -0.0336689
0.598 0.0136332 0.102684
0.599 0.252519 0.237808
0.6 0.528036 0.347053
0.601 0.796702 0.420384
0.602 1.01453 0.464063
0.603 1.15034 0.4948
0.604 1.19502 0.529409
0.605 1.16362 0.575962
0.606 1.09036 0.630773
0.607 1.01773 0.68118
0.608 0.981713 0.711453
0.609 0.997834 0.709301
0.61 1.05419 0.671136
0.611 1.1155 0.604106
0.612 1.13683 0.523173
0.613 1.08128 0.444002
0.614 0.934826 0.375703
0.615 0.713308 0.317741
0.616 0.459096 0.262111
0.617 0.228013 0.198593
0.618 0.0701252 0.120303
0.619 0.011576 0.0278482
0.62 0.0449755 -0.0690724
0.621 0.132173 -0.153965
0.622 0.218149 -0.210029
0.623 0.251039 -0.228082
0.624 0.201524 -0.211041
0.625 0.0749261 -0.17202
0.626 -0.0888954 -0.127599
0.627 -0.228873 -0.0903238
0.628 -0.284758 -0.0635653
0.629 -0.219217 -0.0399526
0.63 -0.0317487 -0.00373416
0.631 0.240026 0.0627441
0.632 0.53185 0.169841
0.633 0.773641 0.312931
0.634 0.91294 0.471152
0.635 0.932552 0.613916
0.636 0.855178 0.711764
0.637 0.732938 0.746344
0.638 0.62642 0.715934
0.639 0.581935 0.635375
0.64 0.614845 0.530623
0.641 0.703954 0.429117
0.642 0.799061 0.349041
0.643 0.840036 0.292346
0.644 0.781051 0.24547
0.645 0.610188 0.187394
0.646 0.355887 0.10076
0.647 0.0778553 -0.0190243
0.648 -0.152769 -0.159953
0.649 -0.276237 -0.295876
0.65 -0.263297 -0.394579
0.651 -0.125206 -0.429141
0.652 0.0897133 -0.388288
0.653 0.313349 -0.281023
0.654 0.482684 -0.133241
0.655 0.561587 0.0217768
0.656 0.55054 0.154538
0.657 0.482198 0.248015
0.658 0.406967 0.301419
0.659 0.374196 0.328167
0.66 0.413753 0.348576
0.661 0.523629 0.379839
0.662 0.66964 0.427683
0.663 0.798902 0.483763
0.664 0.861231 0.529722
0.665 0.828329 0.545321
0.666 0.703064 0.516706
0.667 0.517514 0.442017
0.668 0.322699 0.332988
0.669 0.172938 0.211939
0.67 0.108035 0.10458
0.671 0.139441 0.0310759
0.672 0.247304 -0.000565988
0.673 0.390049 0.00434369
0.674 0.521029 0.0313831
0.675 0.60413 0.0637362
0.676 0.623242 0.0882985
0.677 0.584923 0.099504
0.678 0.514845 0.100279
0.679 0.447871 0.0997508
0.68 0.413788 0.108132
0.681 0.425117 0.130995
0.682 0.473521 0.166144
0.683 0.535527 0.20476
0.684 0.582708 0.235658
0.685 0.591176 0.249857
0.686 0.548404 0.243513
0.687 0.45728 0.218793
0.688 0.335999 0.182865
0.689 0.211807 0.14499
0.69 0.110316 0.11247
0.691 0.04653 0.08755
0.692 0.0223935 0.0674147
0.693 0.0299582 0.0472946
0.694 0.056006 0.024298
0.695 0.0857903 -0.000573195
0.696 0.106575 -0.0228232
0.697 0.11155 -0.0362625
0.698 0.102075 -0.0353276
0.699 0.0858536 -0.017642
0.7 0.0722479 0.0139473
0.701 0.0688323 0.0515121
0.702 0.0811114 0.0853058
0.703 0.113363 0.108658
0.704 0.167933 0.121314
0.705 0.243167 0.12916
0.706 0.332379 0.140986
0.707 0.425135 0.164427
0.708 0.509588 0.202545
0.709 0.574365 0.251676
0.71 0.610431 0.301289
0.711 0.613841 0.336873
0.712 0.588273 0.345576
0.713 0.544884 0.322009
0.714 0.498472 0.270844
0.715 0.461637 0.204818
0.716 0.439785 0.139608
0.717 0.428798 0.0882003
0.718 0.415858 0.0566401
0.719 0.383571 0.0421615
0.72 0.316947 0.0344284
0.721 0.210937 0.0201004
0.722 0.0749453 -0.0106997
0.723 -0.0681343 -0.0591093
0.724 -0.188103 -0.116247
0.725 -0.2565 -0.166387
0.726 -0.255656 -0.192745
0.727 -0.185184 -0.18346
0.728 -0.0634284 -0.135954
0.729 0.0778202 -0.0583896
0.73 0.204193 0.0326231
0.731 0.290698 0.117745
0.732 0.329639 0.181845
0.733 0.331777 0.218898
0.734 0.321083 0.232736
0.735 0.32515 0.233945
0.736 0.364088 0.234807
0.737 0.441393 0.24423
0.738 0.540747 0.264071
0.739 0.631049 0.288064
0.74 0.678019 0.3042
0.741 0.657308 0.300002
0.742 0.563843 0.268279
0.743 0.414385 0.210419
0.744 0.242803 0.135851
0.745 0.0895293 0.0586023
0.746 -0.011671 -0.00720384
0.747 -0.0450227 -0.0513788
0.748 -0.0175296 -0.0703705
0.749 0.0447776 -0.0678424
0.75 0.107255 -0.0525832
0.751 0.139405 -0.0343571
0.752 0.125561 -0.019737
0.753 0.07008 -0.0100758
0.754 -0.0047927 -0.0022713
0.755 -0.0679063 0.0086845
0.756 -0.0916816 0.0269166
0.757 -0.0628735 0.0536907
0.758 0.012768 0.086665
0.759 0.113097 0.12051
0.76 0.207572 0.148811
0.761 0.267688 0.166537
0.762 0.276765 0.171835
0.763 0.235793 0.166229
0.764 0.162778 0.153353
0.765 0.0854778 0.137068
0.766 0.0306833 0.119931
0.767 0.0149236 0.102616
0.768 0.0400697 0.0844154
0.769 0.0942836 0.0644676
0.77 0.1569 0.0430817
0.771 0.205666 0.0223674
0.772 0.224472 0.00572077
0.773 0.208875 -0.00355608
0.774 0.167001 -0.00372656
0.775 0.115445 0.00448304
0.776 0.0723768 0.0178923
0.777 0.0512207 0.0318701
0.778 0.0570693 0.0421097
0.779 0.0861162 0.0465143
0.78 0.127586 0.0462512
0.781 0.167633 0.0452544
0.782 0.194111 0.0482689
0.783 0.200415 0.058424
0.784 0.186927 0.0755405
0.785 0.159848 0.0958445
0.786 0.128427 0.113106
0.787 0.101876 0.120801
0.788 0.0867761 0.114596
0.789 0.0853921 0.0942464
0.79 0.0953354 0.0640601
0.791 0.110744 0.0315559
0.792 0.124311 0.00474543
0.793 0.129234 -0.0108363
0.794 0.120719 -0.0140696
0.795 0.0972019 -0.00835575
0.796 0.0611661 0.000123558
0.797 0.0189874 0.00522341
0.798 -0.0206545 0.0035146
0.799 -0.0492675 -0.00426762
0.8 -0.0607325 -0.0134928
0.801 -0.0525068 -0.0174297
0.802 -0.0261113 -0.00990614
0.803 0.0128731 0.0120814
0.804 0.0558021 0.0468062
0.805 0.0934342 0.0880778
0.806 0.119192 0.127407
0.807 0.131485 0.157144
0.808 0.133733 0.173085
0.809 0.13236 0.175401
0.81 0.134129 0.167802
0.811 0.143807 0.155642
0.812 0.162301 0.143797
0.813 0.185542 0.13489
0.814 0.20499 0.128372
0.815 0.210386 0.120961
0.816 0.193921 0.108497
0.817 0.153714 0.0883533
0.818 0.0948056 0.0610368
0.819 0.0275093 0.0301241
0.82 -0.0356982 0.000789568
0.821 -0.08359 -0.0220752
0.822 -0.109244 -0.035333
0.823 -0.112051 -0.0383889
0.824 -0.0977676 -0.0332129
0.825 -0.0761658 -0.023472
0.826 -0.0570737 -0.0129275
0.827 -0.0466378 -0.0038238
0.828 -0.0454846 0.00380039
0.829 -0.049253 0.0114982
0.83 -0.0508264 0.0210162
0.831 -0.0432705 0.0330377
0.832 -0.022595 0.0466314
0.833 0.0104938 0.0594418
0.834 0.0505427 0.0684756
0.835 0.0891359 0.0713046
0.836 0.117833 0.0672636
0.837 0.131033 0.057997
0.838 0.127638 0.046915
0.839 0.111067 0.0377719
0.84 0.0878485 0.0331377
0.841 0.0653619 0.033501
0.842 0.049493 0.0372409
0.843 0.0429919 0.041335
0.844 0.0450815 0.0426112
0.845 0.0522765 0.0392132
0.846 0.0598878 0.0316304
0.847 0.063588 0.0226327
0.848 0.0606238 0.0160115
0.849 0.0504619 0.0147796
0.85 0.0347507 0.0198022
0.851 0.0165909 0.0294337
0.852 -0.000602373 0.0400907
0.853 -0.0141162 0.0474378
0.854 -0.022437 0.0479301
0.855 -0.0252861 0.0403227
0.856 -0.0235003 0.0264588
0.857 -0.0188692 0.010741
0.858 -0.013761 -0.00162174
0.859 -0.010424 -0.00671606
0.86 -0.0101934 -0.00331583
0.861 -0.0130082 0.00693884
0.862 -0.0174332 0.0203593
0.863 -0.0210554 0.0325644
0.864 -0.0210614 0.0400249
0.865 -0.0149906 0.0414024
0.866 -0.00167862 0.0381114
0.867 0.0179076 0.0336766
0.868 0.0404782 0.0320766
0.869 0.0611703 0.0358959
0.87 0.0750068 0.0452195
0.871 0.0784782 0.0576845
0.872 0.0706874 0.0694548
0.873 0.0537256 0.07662
0.874 0.0321574 0.0765763
0.875 0.0116637 0.0689935
0.876 -0.00282028 0.0559845
0.877 -0.00878422 0.0413219
0.878 -0.00691441 0.0289805
0.879 -0.000659245 0.0216596
0.88 0.00519083 0.0199468
0.881 0.00638667 0.0223997
0.882 0.00093238 0.0263625
0.883 -0.0100002 0.0291071
0.884 -0.0223848 0.0288746
0.885 -0.0308727 0.0254625
0.886 -0.0309564 0.0201514
0.887 -0.0208198 0.0150292
0.888 -0.00212743 0.0120251
0.889 0.0204294 0.0120845
0.89 0.040581 0.0148221
0.891 0.0524964 0.0187448
0.892 0.052786 0.0218888
0.893 0.0417514 0.0226013
0.894 0.0232641 0.020171
0.895 0.00322077 0.0150585
0.896 -0.0127252 0.00864457
0.897 -0.0210966 0.00264342
0.898 -0.0214706 -0.00153654
0.899 -0.0162201 -0.00321691
0.9 -0.00939903 -0.00252716
0.901 -0.00513305 -0.000182186
0.902 -0.00596477 0.00289567
0.903 -0.0117672 0.00596405
0.904 -0.0197893 0.0087226
0.905 -0.0259053 0.0113382
0.906 -0.0264457 0.0142249
0.907 -0.019685 0.0177005
0.908 -0.00640599 0.0217062
0.909 0.0104712 0.025741
0.91 0.0268947 0.0290398
0.911 0.0389816 0.0308769
0.912 0.044263 0.0308325
0.913 0.0424552 0.0289248
0.914 0.0353909 0.0255887
0.915 0.0261009 0.0215159
0.916 0.0175128 0.0174164
0.917 0.0114154 0.0137809
0.918 0.00807945 0.0107439
0.919 0.00652389 0.00812375
0.92 0.00517518 0.00563222
0.921 0.00263165 0.00312874
0.922 -0.0017171 0.000763957
0.923 -0.00742682 -0.00105375
0.924 -0.0132048 -0.0018286
0.925 -0.0174968 -0.00119039
0.926 -0.019163 0.000938568
0.927 -0.0179162 0.0042704
0.928 -0.014354 0.00819159
0.929 -0.00963143 0.0119248
0.93 -0.00496405 0.0147764
0.931 -0.00118554 0.0163646
0.932 0.00147107 0.0167136
0.933 0.00330352 0.0161771
0.934 0.00484635 0.0152461
0.935 0.00651745 0.0143432
0.936 0.00838163 0.0136854
0.937 0.0101289 0.0132477
0.938 0.0112561 0.0128186
0.939 0.011354 0.012128
0.94 0.0103659 0.0110013
0.941 0.00868733 0.00946762
0.942 0.00703823 0.00776723
0.943 0.00614942 0.00625409
0.944 0.00641678 0.00525031
0.945 0.00770469 0.00492256
0.946 0.00939484 0.00522841
0.947 0.0106454 0.00594199
0.948 0.0107368 0.00674039
0.949 0.00936463 0.00731785
0.95 0.00677223 0.00748416
0.951 0.00367251 0.00720673
0.952 0.000972587 0.00658315
0.953 -0.000597837 0.00576882
0.954 -0.000791012 0.00490275
0.955 6.68238e-05 0.00406361
0.956 0.00123773 0.00326447
0.957 0.00190594 0.00247831
0.958 0.00152728 0.00167961
0.959 4.75487e-05 0.000882507
0.96 -0.00208569 0.000154165
0.961 -0.00410838 -0.000406602
0.962 -0.0052462 -0.000713872
0.963 -0.00502305 -0.00073436
0.964 -0.00344857 -0.000499871
0.965 -0.00100728 -9.0967e-05
0.966 0.00154178 0.000394123
0.967 0.00346318 0.000870823
0.968 0.00431104 0.00129024
0.969 0.00405825 0.0016449
0.97 0.00305357 0.00195508
0.971 0.00184385 0.00224191
0.972 0.000944052 0.00250258
0.973 0.000647454 0.00270309
0.974 0.000943915 0.00279238
0.975 0.00156724 0.00272781
0.976 0.00213941 0.00249765
0.977 0.0023425 0.00213069
0.978 0.00204402 0.00169005
0.979 0.00133019 0.00125379
0.98 0.000445587 0.00088961
0.981 -0.000322983 0.000634176
0.982 -0.000763422 0.00048578
0.983 -0.000808239 0.000412907
0.984 -0.000536419 0.000372915
0.985 -0.000117718 0.000331068
0.986 0.000267902 0.000272077
0.987 0.000498575 0.000201032
0.988 0.000541686 0.000135225
0.989 0.000443076 9.18615e-05
0.99 0.000287376 7.80114e-05
0.991 0.000152125 8.75158e-05
0.992 7.70835e-05 0.000105381
0.993 5.92934e-05 0.000116088
0.994 6.98084e-05 0.000110752
0.995 7.79366e-05 8.98012e-05
0.996 6.84027e-05 6.07548e-05
0.997 4.44418e-05 3.30879e-05
0.998 1.92508e-05 1.33037e-05
0.999 3.90122e-06 2.91603e-06
0.12 0.123745 0.0931504
0.24 0.12469 0.0934881
0.36 0.126258 0.0940492
0.48 0.128441 0.0948315
0.6 0.131227 0.0958317
0.72 0.1346 0.0970457
0.84 0.13854 0.0984683
0.96 0.143027 0.100094
1.08 0.148036 0.101915
1.2 0.153537 0.103925
1.32 0.159501 0.106114
1.44 0.165896 0.108475
1.56 0.172686 0.110997
1.68 0.179834 0.113669
1.8 0.187301 0.116481
1.92 0.195049 0.119421
2.04 0.203035 0.122477
2.16 0.211217 0.125636
2.28 0.219553 0.128885
2.4 0.227999 0.132211
2.52 0.236514 0.1356
2.64 0.245052 0.139038
2.76 0.253574 0.142512
2.88 0.262035 0.146006
3 0.270397 0.149508
3.12 0.278619 0.153002
3.24 0.286664 0.156475
3.36 0.294495 0.159913
3.48 0.302078 0.163302
3.6 0.309381 0.166628
3.72 0.316373 0.16988
3.84 0.323026 0.173043
3.96 0.329316 0.176105
4.08 0.33522 0.179056
4.2 0.340718 0.181883
4.32 0.345793 0.184577
4.44 0.35043 0.187126
4.56 0.354618 0.189522
4.68 0.358348 0.191756
4.8 0.361614 0.19382
4.92 0.364413 0.195707
5.04 0.366744 0.197412
5.16 0.36861 0.198927
5.28 0.370015 0.200249
5.4 0.370965 0.201375
5.52 0.371471 0.202299
5.64 0.371543 0.203022
5.76 0.371194 0.203541
5.88 0.37044 0.203856
6 0.369298 0.203968
6.12 0.367784 0.203876
6.24 0.365919 0.203585
6.36 0.363722 0.203095
6.48 0.361215 0.20241
6.6 0.358419 0.201535
6.72 0.355356 0.200474
6.84 0.35205 0.199232
6.96 0.348522 0.197815
7.08 0.344794 0.19623
7.2 0.340889 0.194482
7.32 0.336827 0.19258
7.44 0.332631 0.190531
7.56 0.32832 0.188343
7.68 0.323914 0.186022
7.8 0.319429 0.183579
7.92 0.314885 0.18102
8.04 0.310297 0.178355
8.16 0.305678 0.175592
8.28 0.301044 0.172738
8.4 0.296405 0.169803
8.52 0.291773 0.166794
8.64 0.287156 0.163718
8.76 0.282562 0.160585
8.88 0.277998 0.157401
9 0.273469 0.154172
9.12 0.268978 0.150907
9.24 0.264528 0.14761
9.36 0.260121 0.144288
9.48 0.255756 0.140947
9.6 0.251434 0.137591
9.72 0.247151 0.134225
9.84 0.242907 0.130853
9.96 0.238698 0.127479
10.08 0.23452 0.124106
10.2 0.230369 0.120736
10.32 0.226241 0.117373
10.44 0.222131 0.114018
10.56 0.218036 0.110672
10.68 0.213949 0.107337
10.8 0.209866 0.104013
10.92 0.205784 0.100701
11.04 0.201699 0.0974008
11.16 0.197607 0.0941128
11.28 0.193506 0.0908366
11.4 0.189393 0.0875716
11.52 0.185267 0.0843173
11.64 0.181128 0.081073
11.76 0.176975 0.077838
11.88 0.17281 0.0746116
12 0.168635 0.0713931
12.12 0.164453 0.0681819
12.24 0.160267 0.0649775
12.36 0.156083 0.0617796
12.48 0.151906 0.058588
12.6 0.147742 0.0554029
12.72 0.143599 0.0522245
12.84 0.139486 0.0490535
12.96 0.13541 0.0458907
13.08 0.131382 0.0427375
13.2 0.127411 0.0395953
13.32 0.123509 0.0364662
13.44 0.119686 0.0333522
13.56 0.115954 0.0302562
13.68 0.112324 0.027181
13.8 0.108807 0.02413
13.92 0.105416 0.0211068
14.04 0.102163 0.0181155
14.16 0.099057 0.0151602
14.28 0.0961107 0.0122457
14.4 0.0933342 0.00937658
14.52 0.0907377 0.00655803
14.64 0.0883303 0.00379522
14.76 0.0861209 0.00109355
14.88 0.0841173 -0.0015415
15 0.0823262 -0.00410436
15.12 0.0807539 -0.00658945
15.24 0.079405 -0.00899119
15.36 0.0782836 -0.0113041
15.48 0.0773921 -0.0135227
15.6 0.0767321 -0.0156418
15.72 0.0763039 -0.0176564
15.84 0.0761064 -0.0195615
15.96 0.0761373 -0.0213529
16.08 0.0763932 -0.0230261
16.2 0.0768694 -0.0245775
16.32 0.0775597 -0.0260036
16.44 0.0784572 -0.0273015
16.56 0.0795535 -0.0284686
16.68 0.0808391 -0.029503
16.8 0.0823035 -0.0304033
16.92 0.0839355 -0.0311685
17.04 0.0857224 -0.0317982
17.16 0.0876513 -0.0322928
17.28 0.0897082 -0.0326529
17.4 0.0918784 -0.0328801
17.52 0.0941468 -0.0329762
17.64 0.0964979 -0.0329439
17.76 0.0989157 -0.0327862
17.88 0.101384 -0.0325068
18 0.103886 -0.0321099
18.12 0.106407 -0.0316003
18.24 0.108928 -0.030983
18.36 0.111435 -0.0302638
18.48 0.113911 -0.0294487
18.6 0.116341 -0.028544
18.72 0.11871 -0.0275566
18.84 0.121003 -0.0264935
18.96 0.123207 -0.025362
19.08 0.125308 -0.0241695
19.2 0.127293 -0.0229238
19.32 0.129152 -0.0216325
19.44 0.130874 -0.0203035
19.56 0.132448 -0.0189446
19.68 0.133867 -0.0175635
19.8 0.135123 -0.016168
19.92 0.136209 -0.0147654
20.04 0.13712 -0.0133633
20.16 0.137851 -0.0119688
20.28 0.138399 -0.0105886
20.4 0.138762 -0.00922946
20.52 0.138939 -0.00789749
20.64 0.138929 -0.00659857
20.76 0.138735 -0.00533817
20.88 0.138357 -0.00412133
21 0.137799 -0.00295263
21.12 0.137065 -0.00183622
21.24 0.136159 -0.000775749
21.36 0.135087 0.000225608
21.48 0.133856 0.00116517
21.6 0.132473 0.00204074
21.72 0.130944 0.00285061
21.84 0.129279 0.00359357
21.96 0.127487 0.00426887
22.08 0.125575 0.00487622
22.2 0.123555 0.00541578
22.32 0.121435 0.00588815
22.44 0.119225 0.00629431
22.56 0.116937 0.00663563
22.68 0.114579 0.00691383
22.8 0.112163 0.00713096
22.92 0.109698 0.00728938
23.04 0.107194 0.00739168
23.16 0.104661 0.0074407
23.28 0.102109 0.00743949
23.4 0.0995473 0.00739124
23.52 0.0969841 0.00729929
23.64 0.0944285 0.00716708
23.76 0.0918886 0.0069981
23.88 0.0893719 0.0067959
24 0.0868859 0.00656402
24.12 0.0844371 0.00630598
24.24 0.0820318 0.00602525
24.36 0.0796756 0.00572522
24.48 0.0773736 0.00540919
24.6 0.0751303 0.00508033
24.72 0.0729496 0.00474166
24.84 0.0708351 0.00439608
24.96 0.0687894 0.00404627
25.08 0.066815 0.00369478
25.2 0.0649135 0.00334392
25.32 0.0630863 0.00299583
25.44 0.0613341 0.00265244
25.56 0.0596571 0.00231547
25.68 0.0580551 0.00198644
25.8 0.0565276 0.00166668
25.92 0.0550734 0.00135729
26.04 0.0536913 0.0010592
26.16 0.0523794 0.000773166
26.28 0.0511358 0.000499751
26.4 0.049958 0.000239363
26.52 0.0488434 -7.73992e-06
26.64 0.0477893 -0.000241436
26.76 0.0467926 -0.000461728
26.88 0.0458501 -0.000668727
27 0.0449586 -0.000862636
27.12 0.0441147 -0.00104374
27.24 0.0433148 -0.00121238
27.36 0.0425554 -0.00136895
27.48 0.041833 -0.00151389
27.6 0.0411441 -0.00164764
27.72 0.0404851 -0.00177065
27.84 0.0398525 -0.00188339
27.96 0.0392431 -0.00198628
28.08 0.0386533 -0.00207973
28.2 0.0380801 -0.00216413
28.32 0.0375204 -0.00223981
28.44 0.0369711 -0.00230704
28.56 0.0364295 -0.00236607
28.68 0.0358929 -0.00241707
28.8 0.0353588 -0.00246016
28.92 0.0348249 -0.0024954
29.04 0.034289 -0.00252279
29.16 0.0337491 -0.00254228
29.28 0.0332035 -0.00255375
29.4 0.0326505 -0.00255706
29.52 0.0320888 -0.002552
29.64 0.0315171 -0.00253834
29.76 0.0309344 -0.00251581
29.88 0.0303397 -0.00248412
30 0.0297324 -0.00244298
30.12 0.0291121 -0.00239207
30.24 0.0284784 -0.0023311
30.36 0.027831 -0.00225976
30.48 0.0271701 -0.0021778
30.6 0.0264958 -0.00208496
30.72 0.0258083 -0.00198106
30.84 0.0251083 -0.00186594
30.96 0.0243961 -0.0017395
31.08 0.0236726 -0.0016017
31.2 0.0229386 -0.00145257
31.32 0.0221951 -0.00129222
31.44 0.021443 -0.00112083
31.56 0.0206837 -0.000938654
31.68 0.0199182 -0.000746045
31.8 0.0191481 -0.00054343
31.92 0.0183745 -0.000331323
32.04 0.0175991 -0.000110324
32.16 0.0168234 0.000118886
32.28 0.0160488 0.000355548
32.4 0.015277 0.000598825
32.52 0.0145096 0.000847811
32.64 0.0137483 0.00110154
32.76 0.0129946 0.00135897
32.88 0.0122503 0.00161904
33 0.0115169 0.00188062
33.12 0.0107962 0.00214255
33.24 0.0100895 0.00240366
33.36 0.00939859 0.00266276
33.48 0.00872483 0.00291864
33.6 0.0080697 0.00317012
33.72 0.00743456 0.00341602
33.84 0.00682073 0.0036552
33.96 0.0062294 0.00388652
34.08 0.00566173 0.00410893
34.2 0.00511874 0.00432141
34.32 0.00460138 0.004523
34.44 0.00411048 0.00471283
34.56 0.00364675 0.00489009
34.68 0.0032108 0.00505406
34.8 0.0028031 0.0052041
34.92 0.00242403 0.0053397
35.04 0.0020738 0.00546041
35.16 0.00175252 0.00556591
35.28 0.00146017 0.00565596
35.4 0.00119659 0.00573045
35.52 0.000961502 0.00578936
35.64 0.000754484 0.00583277
35.76 0.000575005 0.00586089
35.88 0.000422407 0.00587399
36 0.000295914 0.00587247
36.12 0.000194639 0.00585681
36.24 0.000117585 0.00582756
36.36 6.36567e-05 0.00578537
36.48 3.16656e-05 0.00573096
36.6 2.03368e-05 0.00566511
36.72 2.83186e-05 0.00558865
36.84 5.41918e-05 0.00550248
36.96 9.64785e-05 0.00540751
37.08 0.000153653 0.00530471
37.2 0.000224152 0.00519506
37.32 0.000306385 0.00507956
37.44 0.000398745 0.0049592
37.56 0.00049962 0.00483498
37.68 0.000607406 0.00470789
37.8 0.000720512 0.00457888
37.92 0.000837379 0.00444889
38.04 0.000956484 0.00431881
38.16 0.00107635 0.0041895
38.28 0.00119557 0.00406176
38.4 0.0013128 0.00393635
38.52 0.00142675 0.00381395
38.64 0.00153626 0.00369518
38.76 0.00164022 0.00358061
38.88 0.00173764 0.00347072
39 0.00182764 0.00336593
39.12 0.00190943 0.00326659
39.24 0.00198235 0.00317295
39.36 0.00204585 0.00308521
39.48 0.0020995 0.0030035
39.6 0.00214299 0.00292787
39.72 0.00217612 0.0028583
39.84 0.00219884 0.00279471
39.96 0.00221117 0.00273695
40.08 0.00221327 0.00268483
40.2 0.00220543 0.00263808
40.32 0.00218799 0.00259639
40.44 0.00216145 0.00255944
40.56 0.00212636 0.00252681
40.68 0.00208337 0.0024981
40.8 0.00203321 0.00247287
40.92 0.00197667 0.00245063
41.04 0.00191462 0.00243092
41.16 0.00184795 0.00241323
41.28 0.00177763 0.00239708
41.4 0.00170463 0.00238197
41.52 0.00162995 0.0023674
41.64 0.00155461 0.00235291
41.76 0.00147962 0.00233803
41.88 0.00140599 0.00232232
42 0.00133471 0.00230537
42.12 0.00126674 0.00228678
42.24 0.001203 0.00226621
42.36 0.00114437 0.00224332
42.48 0.00109168 0.00221782
42.6 0.0010457 0.00218946
42.72 0.00100712 0.00215803
42.84 0.00097657 0.00212335
42.96 0.000954601 0.00208528
43.08 0.000941677 0.00204373
43.2 0.000938182 0.00199863
43.32 0.000944407 0.00194996
43.44 0.000960556 0.00189774
43.56 0.000986741 0.00184202
43.68 0.00102298 0.00178286
43.8 0.00106922 0.0017204
43.92 0.00112529 0.00165476
44.04 0.00119095 0.00158612
44.16 0.00126589 0.00151466
44.28 0.00134969 0.00144058
44.4 0.0014419 0.00136413
44.52 0.00154196 0.00128553
44.64 0.00164927 0.00120505
44.76 0.00176317 0.00112294
44.88 0.00188295 0.00103946
45 0.00200788 0.000954908
45.12 0.00213715 0.000869537
45.24 0.00226996 0.000783625
45.36 0.00240549 0.000697439
45.48 0.00254289 0.000611242
45.6 0.00268131 0.00052529
45.72 0.00281993 0.000439828
45.84 0.0029579 0.000355093
45.96 0.00309443 0.00027131
46.08 0.00322873 0.000188689
46.2 0.00336004 0.000107429
46.32 0.00348765 2.77146e-05
46.44 0.00361089 -5.02837e-05
46.56 0.00372914 -0.00012641
46.68 0.00384183 -0.000200524
46.8 0.00394844 -0.000272499
46.92 0.00404851 -0.00034222
47.04 0.00414165 -0.00040959
47.16 0.00422754 -0.000474521
47.28 0.0043059 -0.00053694
47.4 0.00437654 -0.000596785
47.52 0.00443931 -0.000654003
47.64 0.00449415 -0.000708554
47.76 0.00454105 -0.000760406
47.88 0.00458005 -0.000809534
48 0.00461128 -0.000855922
48.12 0.00463488 -0.000899562
48.24 0.00465108 -0.00094045
48.36 0.00466013 -0.000978587
48.48 0.00466235 -0.00101398
48.6 0.00465808 -0.00104664
48.72 0.0046477 -0.00107658
48.84 0.00463162 -0.00110382
48.96 0.00461026 -0.00112837
49.08 0.00458408 -0.00115027
49.2 0.00455355 -0.00116953
49.32 0.00451912 -0.00118619
49.44 0.00448128 -0.00120027
49.56 0.00444049 -0.0012118
49.68 0.00439723 -0.00122082
49.8 0.00435194 -0.00122736
49.92 0.00430506 -0.00123147
50.04 0.00425701 -0.00123319
50.16 0.00420819 -0.00123257
50.28 0.00415896 -0.00122964
50.4 0.00410966 -0.00122447
50.52 0.00406059 -0.00121712
50.64 0.00401204 -0.00120765
50.76 0.00396424 -0.00119612
50.88 0.00391739 -0.00118261
51 0.00387165 -0.0011672
51.12 0.00382715 -0.00114996
51.24 0.00378398 -0.00113099
51.36 0.0037422 -0.00111039
51.48 0.00370183 -0.00108824
51.6 0.00366285 -0.00106465
51.72 0.00362522 -0.00103973
51.84 0.00358885 -0.00101361
51.96 0.00355365 -0.000986383
52.08 0.00351949 -0.000958185
52.2 0.00348621 -0.000929139
52.32 0.00345366 -0.000899372
52.44 0.00342163 -0.000869015
52.56 0.00338994 -0.000838199
52.68 0.00335838 -0.000807057
52.8 0.00332673 -0.000775721
52.92 0.00329478 -0.000744323
53.04 0.00326231 -0.000712993
53.16 0.0032291 -0.000681858
53.28 0.00319496 -0.000651042
53.4 0.00315968 -0.000620666
53.52 0.00312308 -0.000590844
53.64 0.00308498 -0.000561688
53.76 0.00304523 -0.000533299
53.88 0.0030037 -0.000505774
54 0.00296025 -0.000479203
54.12 0.00291479 -0.000453665
54.24 0.00286726 -0.000429232
54.36 0.00281758 -0.000405968
54.48 0.00276573 -0.000383926
54.6 0.00271171 -0.000363151
54.72 0.00265553 -0.000343675
54.84 0.00259722 -0.000325525
54.96 0.00253684 -0.000308714
55.08 0.00247448 -0.000293249
55.2 0.00241023 -0.000279123
55.32 0.0023442 -0.000266325
55.44 0.00227655 -0.000254832
55.56 0.0022074 -0.000244612
55.68 0.00213692 -0.000235628
55.8 0.00206529 -0.000227834
55.92 0.00199269 -0.000221177
56.04 0.0019193 -0.000215598
56.16 0.00184533 -0.000211033
56.28 0.00177095 -0.000207413
56.4 0.00169638 -0.000204666
56.52 0.0016218 -0.000202715
56.64 0.0015474 -0.000201481
56.76 0.00147338 -0.000200886
56.88 0.0013999 -0.000200846
57 0.00132714 -0.000201281
57.12 0.00125525 -0.000202108
57.24 0.00118439 -0.000203248
57.36 0.00111468 -0.000204621
57.48 0.00104623 -0.00020615
57.6 0.000979172 -0.000207762
57.72 0.000913577 -0.000209384
57.84 0.000849521 -0.000210948
57.96 0.000787065 -0.000212391
58.08 0.000726249 -0.000213651
58.2 0.000667101 -0.000214673
58.32 0.000609633 -0.000215405
58.44 0.000553841 -0.0002158
58.56 0.00049971 -0.000215814
58.68 0.00044721 -0.00021541
58.8 0.000396301 -0.000214554
58.92 0.000346932 -0.000213216
59.04 0.000299041 -0.00021137
59.16 0.00025256 -0.000208998
59.28 0.000207416 -0.00020608
59.4 0.000163527 -0.000202605
59.52 0.000120812 -0.000198562
59.64 7.91844e-05 -0.000193947
59.76 3.85593e-05 -0.000188755
59.88 -1.14778e-06 -0.000182989
60 -4.00186e-05 -0.000176649
60.12 -7.81312e-05 -0.000169743
60.24 -0.000115558 -0.000162279
60.36 -0.000152366 -0.000154267
60.48 -0.000188615 -0.000145721
60.6 -0.000224353 -0.000136656
60.72 -0.000259623 -0.000127088
60.84 -0.000294456 -0.000117036
60.96 -0.000328873 -0.000106523
61.08 -0.000362882 -9.55706e-05
61.2 -0.000396481 -8.42042e-05
61.32 -0.000429659 -7.24506e-05
61.44 -0.000462388 -6.0339e-05
61.56 -0.000494634 -4.79003e-05
61.68 -0.000526348 -3.51679e-05
61.8 -0.000557473 -2.21772e-05
61.92 -0.00058794 -8.96603e-06
62.04 -0.000617671 4.42561e-06
62.16 -0.00064658 1.79552e-05
62.28 -0.000674571 3.15776e-05
62.4 -0.000701544 4.52455e-05
62.52 -0.000727391 5.89088e-05
62.64 -0.000751998 7.25151e-05
62.76 -0.000775251 8.60094e-05
62.88 -0.000797028 9.93347e-05
63 -0.000817211 0.000112431
63.12 -0.000835677 0.000125238
63.24 -0.000852308 0.000137691
63.36 -0.000866983 0.000149726
63.48 -0.000879588 0.000161276
63.6 -0.000890012 0.000172273
63.72 -0.000898149 0.000182651
63.84 -0.000903899 0.00019234
63.96 -0.000907169 0.000201273
64.08 -0.000907873 0.000209382
64.2 -0.000905936 0.000216602
64.32 -0.000901289 0.000222866
64.44 -0.000893875 0.000228115
64.56 -0.000883646 0.000232287
64.68 -0.000870565 0.000235328
64.8 -0.000854607 0.000237185
64.92 -0.000835755 0.00023781
65.04 -0.000814006 0.000237162
65.16 -0.000789366 0.000235204
65.28 -0.000761854 0.000231906
65.4 -0.000731498 0.000227242
65.52 -0.000698338 0.000221198
65.64 -0.000662422 0.000213763
65.76 -0.000623811 0.000204936
65.88 -0.000582572 0.000194723
66 -0.000538784 0.000183141
66.12 -0.000492531 0.000170212
66.24 -0.000443909 0.000155969
66.36 -0.000393018 0.000140453
66.48 -0.000339964 0.000123713
66.6 -0.000284862 0.000105807
66.72 -0.00022783 8.68021e-05
66.84 -0.00016899 6.67724e-05
66.96 -0.000108471 4.58001e-05
67.08 -4.64012e-05 2.39747e-05
67.2 1.70852e-05 1.39258e-06
67.32 8.18532e-05 -2.18437e-05
67.44 0.000147766 -4.56256e-05
67.56 0.000214687 -6.98396e-05
67.68 0.000282477 -9.43677e-05
67.8 0.000350998 -0.000119088
67.92 0.000420113 -0.000143877
68.04 0.000489685 -0.000168606
68.16 0.000559579 -0.000193148
68.28 0.000629659 -0.000217373
68.4 0.000699795 -0.000241153
68.52 0.000769856 -0.00026436
68.64 0.000839715 -0.000286868
68.76 0.000909246 -0.000308553
68.88 0.000978327 -0.000329293
69 0.00104684 -0.000348973
69.12 0.00111466 -0.00036748
69.24 0.00118169 -0.000384707
69.36 0.0012478 -0.000400551
69.48 0.0013129 -0.000414917
69.6 0.00137687 -0.000427715
69.72 0.00143963 -0.000438862
69.84 0.00150106 -0.000448284
69.96 0.00156107 -0.000455911
70.08 0.00161957 -0.000461683
70.2 0.00167648 -0.000465547
70.32 0.00173171 -0.000467457
70.44 0.00178517 -0.000467375
70.56 0.00183679 -0.00046527
70.68 0.00188649 -0.000461121
70.8 0.00193419 -0.000454911
70.92 0.00197982 -0.000446632
71.04 0.00202332 -0.000436282
71.16 0.00206462 -0.000423868
71.28 0.00210365 -0.0004094
71.4 0.00214036 -0.000392899
71.52 0.00217468 -0.000374387
71.64 0.00220655 -0.000353894
71.76 0.00223594 -0.000331458
71.88 0.00226277 -0.000307118
72 0.002287 -0.000280921
72.12 0.00230858 -0.000252917
72.24 0.00232747 -0.000223164
72.36 0.00234362 -0.000191721
72.48 0.00235698 -0.000158654
72.6 0.0023675 -0.000124033
72.72 0.00237516 -8.79326e-05
72.84 0.00237991 -5.04309e-05
72.96 0.0023817 -1.16121e-05
73.08 0.00238051 2.84356e-05
73.2 0.00237628 6.96189e-05
73.32 0.002369 0.00011184
73.44 0.00235861 0.000154995
73.56 0.00234508 0.000198976
73.68 0.00232839 0.000243669
73.8 0.00230849 0.000288954
73.92 0.00228536 0.000334707
74.04 0.00225896 0.000380795
74.16 0.00222927 0.000427082
74.28 0.00219627 0.000473425
74.4 0.00215992 0.000519674
74.52 0.00212021 0.000565673
74.64 0.00207712 0.000611263
74.76 0.00203063 0.000656274
74.88 0.00198075 0.000700536
75 0.00192746 0.000743868
75.12 0.00187078 0.00078609
75.24 0.0018107 0.000827012
75.36 0.00174726 0.000866445
75.48 0.00168048 0.000904193
75.6 0.00161039 0.000940061
75.72 0.00153704 0.00097385
75.84 0.00146051 0.00100536
75.96 0.00138086 0.0010344
76.08 0.00129818 0.00106076
76.2 0.00121257 0.00108427
76.32 0.00112417 0.00110472
76.44 0.00103311 0.00112193
76.56 0.000939545 0.00113573
76.68 0.000843659 0.00114596
76.8 0.000745649 0.00115245
76.92 0.000645739 0.00115506
77.04 0.00054417 0.00115366
77.16 0.000441211 0.00114813
77.28 0.000337152 0.00113838
77.4 0.000232305 0.00112432
77.52 0.000127009 0.00110588
77.64 2.16242e-05 0.00108303
77.76 -8.34645e-05 0.00105575
77.88 -0.00018785 0.00102403
78 -0.000291104 0.00098791
78.12 -0.000392777 0.000947434
78.24 -0.000492398 0.000902682
78.36 -0.00058948 0.000853756
78.48 -0.000683521 0.000800785
78.6 -0.000774002 0.000743926
78.72 -0.000860393 0.000683359
78.84 -0.000942156 0.000619293
78.96 -0.00101875 0.000551962
79.08 -0.00108962 0.000481624
79.2 -0.00115422 0.000408561
79.32 -0.001212 0.000333076
79.44 -0.00126244 0.000255497
79.56 -0.001305 0.000176166
79.68 -0.00133918 9.54472e-05
79.8 -0.00136449 1.37171e-05
79.92 -0.00138045 -6.86338e-05
80.04 -0.00138663 -0.000151204
80.16 -0.00138262 -0.000233586
80.28 -0.00136806 -0.000315365
80.4 -0.00134261 -0.000396126
80.52 -0.001306 -0.000475455
80.64 -0.00125799 -0.00055294
80.76 -0.00119839 -0.00062818
80.88 -0.00112708 -0.000700783
81 -0.001044 -0.000770371
81.12 -0.000949133 -0.000836584
81.24 -0.00084255 -0.000899084
81.36 -0.000724375 -0.000957556
81.48 -0.000594804 -0.00101171
81.6 -0.000454103 -0.00106129
81.72 -0.000302608 -0.00110608
81.84 -0.000140726 -0.00114588
81.96 3.10668e-05 -0.00118055
82.08 0.000212225 -0.00120998
82.2 0.000402134 -0.00123411
82.32 0.000600118 -0.00125292
82.44 0.000805435 -0.00126643
82.56 0.00101729 -0.00127473
82.68 0.00123482 -0.00127794
82.8 0.00145713 -0.00127624
82.92 0.00168326 -0.00126986
83.04 0.00191224 -0.00125909
83.16 0.00214305 -0.00124424
83.28 0.00237463 -0.00122571
83.4 0.00260592 -0.00120392
83.52 0.00283586 -0.00117936
83.64 0.00306337 -0.00115255
83.76 0.00328737 -0.00112407
83.88 0.00350682 -0.00109454
84 0.00372068 -0.0010646
84.12 0.00392796 -0.00103496
84.24 0.00412769 -0.00100635
84.36 0.00431898 -0.000979521
84.48 0.00450096 -0.000955268
84.6 0.00467287 -0.000934402
84.72 0.00483399 -0.000917756
84.84 0.00498369 -0.000906176
84.96 0.00512146 -0.00090052
85.08 0.00524684 -0.000901652
85.2 0.0053595 -0.000910436
85.32 0.00545922 -0.000927733
85.44 0.00554588 -0.000954392
85.56 0.00561948 -0.000991251
85.68 0.00568015 -0.00103913
85.8 0.00572811 -0.00109881
85.92 0.00576372 -0.00117105
86.04 0.00578748 -0.00125659
86.16 0.00579998 -0.00135609
86.28 0.00580194 -0.00147021
86.4 0.00579418 -0.00159951
86.52 0.00577764 -0.00174452
86.64 0.00575337 -0.00190571
86.76 0.00572249 -0.00208346
86.88 0.00568623 -0.00227811
87 0.0056459 -0.0024899
87.12 0.00560286 -0.00271899
87.24 0.00555853 -0.00296546
87.36 0.0055144 -0.00322929
87.48 0.00547196 -0.0035104
87.6 0.00543275 -0.00380858
87.72 0.00539829 -0.00412353
87.84 0.00537011 -0.00445485
87.96 0.00534972 -0.00480203
88.08 0.00533857 -0.00516448
88.2 0.00533808 -0.00554147
88.32 0.0053496 -0.00593218
88.44 0.0053744 -0.00633568
88.56 0.00541364 -0.00675093
88.68 0.00546839 -0.00717677
88.8 0.00553958 -0.00761195
88.92 0.00562802 -0.00805512
89.04 0.00573436 -0.00850479
89.16 0.00585911 -0.00895941
89.28 0.00600258 -0.00941732
89.4 0.00616494 -0.00987674
89.52 0.00634615 -0.0103358
89.64 0.006546 -0.0107927
89.76 0.00676408 -0.0112452
89.88 0.00699978 -0.0116914
90 0.00725229 -0.0121291
90.12 0.00752062 -0.012556
90.24 0.00780358 -0.01297
90.36 0.00809979 -0.0133686
90.48 0.00840767 -0.0137496
90.6 0.00872549 -0.0141105
90.72 0.00905134 -0.014449
90.84 0.00938317 -0.0147628
90.96 0.00971877 -0.0150493
91.08 0.0100558 -0.0153063
91.2 0.0103919 -0.0155315
91.32 0.0107244 -0.0157224
91.44 0.0110508 -0.015877
91.56 0.0113684 -0.0159929
91.68 0.0116745 -0.0160682
91.8 0.0119664 -0.0161007
91.92 0.0122415 -0.0160887
92.04 0.012497 -0.0160303
92.16 0.0127303 -0.0159239
92.28 0.012939 -0.0157679
92.4 0.0131206 -0.0155609
92.52 0.0132728 -0.0153019
92.64 0.0133935 -0.0149897
92.76 0.0134808 -0.0146236
92.88 0.0135327 -0.0142029
93 0.0135479 -0.0137271
93.12 0.0135249 -0.013196
93.24 0.0134627 -0.0126097
93.36 0.0133604 -0.0119683
93.48 0.0132175 -0.0112724
93.6 0.0130339 -0.0105226
93.72 0.0128094 -0.0097199
93.84 0.0125446 -0.00886544
93.96 0.01224 -0.00796066
94.08 0.0118966 -0.00700725
94.2 0.0115158 -0.00600711
94.32 0.0110992 -0.00496241
94.44 0.0106486 -0.00387553
94.56 0.0101664 -0.0027491
94.68 0.00965492 -0.00158593
94.8 0.00911707 -0.000389099
94.92 0.00855585 0.00083816
95.04 0.00797454 0.0020924
95.16 0.00737664 0.00337001
95.28 0.00676584 0.00466721
95.4 0.00614603 0.00598007
95.52 0.00552119 0.00730453
95.64 0.00489548 0.00863644
95.76 0.0042731 0.00997152
95.88 0.00365831 0.0113054
96 0.00305542 0.0126338
96.12 0.00246869 0.0139522
96.24 0.00190236 0.0152563
96.36 0.00136057 0.0165415
96.48 0.000847368 0.0178035
96.6 0.000366627 0.0190379
96.72 -7.79502e-05 0.0202406
96.84 -0.00048288 0.0214073
96.96 -0.000844927 0.0225341
97.08 -0.00116114 0.023617
97.2 -0.00142886 0.0246523
97.32 -0.00164578 0.0256365
97.44 -0.00180994 0.0265662
97.56 -0.00191977 0.0274384
97.68 -0.0019741 0.0282501
97.8 -0.00197217 0.0289987
97.92 -0.00191366 0.0296819
98.04 -0.00179867 0.0302976
98.16 -0.00162779 0.0308439
98.28 -0.00140202 0.0313195
98.4 -0.00112283 0.0317231
98.52 -0.000792149 0.0320539
98.64 -0.000412331 0.0323112
98.76 1.38325e-05 0.0324949
98.88 0.000483133 0.032605
99 0.000991964 0.0326419
99.12 0.00153634 0.0326064
99.24 0.00211193 0.0324993
99.36 0.00271407 0.032322
99.48 0.0033378 0.0320761
99.6 0.00397791 0.0317634
99.72 0.00462896 0.031386
99.84 0.00528532 0.0309463
99.96 0.00594123 0.0304467
100.08 0.00659081 0.0298902
100.2 0.00722812 0.0292796
100.32 0.00784723 0.0286181
100.44 0.00844221 0.027909
100.56 0.00900724 0.0271556
100.68 0.00953658 0.0263615
100.8 0.0100247 0.0255303
100.92 0.0104663 0.0246654
101.04 0.0108562 0.0237708
101.16 0.0111897 0.0228499
101.28 0.0114624 0.0219065
101.4 0.0116702 0.0209441
101.52 0.0118095 0.0199665
101.64 0.011877 0.018977
101.76 0.0118701 0.017979
101.88 0.0117866 0.0169758
102 0.0116247 0.0159706
102.12 0.0113834 0.0149664
102.24 0.0110621 0.0139659
102.36 0.0106608 0.0129719
102.48 0.0101801 0.0119869
102.6 0.00962117 0.011013
102.72 0.00898579 0.0100525
102.84 0.00827631 0.00910722
102.96 0.00749564 0.00817879
103.08 0.00664725 0.0072687
103.2 0.00573512 0.00637823
103.32 0.00476378 0.00550844
103.44 0.00373822 0.00466019
103.56 0.00266386 0.00383416
103.68 0.00154658 0.00303083
103.8 0.000392597 0.00225054
103.92 -0.000791509 0.00149344
104.04 -0.00199888 0.000759526
104.16 -0.00322242 4.8688e-05
104.28 -0.00445483 -0.000639321
104.4 -0.00568867 -0.00130485
104.52 -0.00691641 -0.00194833
104.64 -0.00813049 -0.00257027
104.76 -0.00932336 -0.00317121
104.88 -0.0104875 -0.00375176
105 -0.0116157 -0.00431251
105.12 -0.0127006 -0.00485406
105.24 -0.0137354 -0.00537701
105.36 -0.0147134 -0.00588191
105.48 -0.0156283 -0.00636925
105.6 -0.0164741 -0.00683947
105.72 -0.0172453 -0.00729293
105.84 -0.0179369 -0.0077299
105.96 -0.0185443 -0.00815054
106.08 -0.0190636 -0.0085549
106.2 -0.0194911 -0.00894291
106.32 -0.0198243 -0.00931438
106.44 -0.0200606 -0.00966898
106.56 -0.0201987 -0.0100063
106.68 -0.0202376 -0.0103256
106.8 -0.0201768 -0.0106263
106.92 -0.0200169 -0.0109075
107.04 -0.0197589 -0.0111683
107.16 -0.0194044 -0.0114074
107.28 -0.0189557 -0.0116238
107.4 -0.0184158 -0.011816
107.52 -0.0177882 -0.0119828
107.64 -0.0170772 -0.0121225
107.76 -0.0162873 -0.0122337
107.88 -0.0154237 -0.0123148
108 -0.0144922 -0.0123642
108.12 -0.0134989 -0.0123803
108.24 -0.0124503 -0.0123613
108.36 -0.0113532 -0.0123059
108.48 -0.0102149 -0.0122123
108.6 -0.00904279 -0.0120791
108.72 -0.0078445 -0.011905
108.84 -0.00662781 -0.0116886
108.96 -0.00540058 -0.0114288
109.08 -0.00417075 -0.0111246
109.2 -0.00294618 -0.010775
109.32 -0.00173471 -0.0103794
109.44 -0.000544014 -0.00993737
109.56 0.000618384 -0.00944851
109.68 0.00174521 -0.00891278
109.8 0.00282945 -0.00833035
109.92 0.00386444 -0.00770161
110.04 0.00484387 -0.00702719
110.16 0.00576185 -0.006308
110.28 0.00661294 -0.00554517
110.4 0.00739217 -0.00474013
110.52 0.0080951 -0.00389452
110.64 0.00871781 -0.00301027
110.76 0.00925698 -0.00208954
110.88 0.00970984 -0.00113473
111 0.0100742 -0.000148495
111.12 0.0103485 0.000866316
111.24 0.0105319 0.00190663
111.36 0.0106238 0.00296918
111.48 0.0106247 0.00405052
111.6 0.0105353 0.00514705
111.72 0.0103571 0.00625502
111.84 0.0100921 0.00737058
111.96 0.00974277 0.00848977
112.08 0.00931223 0.00960854
112.2 0.00880402 0.0107228
112.32 0.00822215 0.0118285
112.44 0.00757105 0.0129214
112.56 0.00685554 0.0139975
112.68 0.0060808 0.0150528
112.8 0.00525231 0.0160832
112.92 0.00437581 0.0170849
113.04 0.00345728 0.0180541
113.16 0.00250286 0.0189872
113.28 0.00151882 0.0198808
113.4 0.000511523 0.0207315
113.52 -0.000512629 0.0215364
113.64 -0.00154724 0.0222925
113.76 -0.00258597 0.0229972
113.88 -0.00362257 0.0236483
114 -0.0046509 0.0242436
114.12 -0.00566502 0.0247812
114.24 -0.0066592 0.0252597
114.36 -0.00762794 0.0256778
114.48 -0.00856601 0.0260345
114.6 -0.00946852 0.0263292
114.72 -0.0103309 0.0265616
114.84 -0.0111488 0.0267314
114.96 -0.0119186 0.026839
115.08 -0.0126367 0.026885
115.2 -0.0133 0.0268699
115.32 -0.013906 0.026795
115.44 -0.0144524 0.0266615
115.56 -0.0149374 0.026471
115.68 -0.0153597 0.0262253
115.8 -0.0157183 0.0259263
115.92 -0.0160127 0.0255762
116.04 -0.0162427 0.0251775
116.16 -0.0164086 0.0247327
116.28 -0.0165111 0.0242443
116.4 -0.0165511 0.0237154
116.52 -0.0165299 0.0231486
116.64 -0.0164492 0.0225471
116.76 -0.0163108 0.0219139
116.88 -0.016117 0.0212519
117 -0.0158703 0.0205645
117.12 -0.0155731 0.0198546
117.24 -0.0152284 0.0191253
117.36 -0.014839 0.0183797
117.48 -0.014408 0.0176208
117.6 -0.0139387 0.0168516
117.72 -0.0134342 0.0160748
117.84 -0.0128977 0.0152933
117.96 -0.0123326 0.0145097
118.08 -0.0117421 0.0137265
118.2 -0.0111294 0.0129461
118.32 -0.0104976 0.0121707
118.44 -0.00984969 0.0114025
118.56 -0.00918869 0.0106435
118.68 -0.00851734 0.0098955
118.8 -0.00783832 0.00916008
118.92 -0.00715411 0.00843879
119.04 -0.00646704 0.00773297
119.16 -0.00577924 0.00704382
119.28 -0.00509269 0.0063724
119.4 -0.00440914 0.00571958
119.52 -0.00373017 0.00508613
119.64 -0.00305717 0.00447268
119.76 -0.00239131 0.00387972
119.88 -0.00173361 0.00330762
120 -0.00108489 0.00275664
