-0.999 -1.9863e-06 -1.05583e-06
-0.998 -4.08202e-06 -4.55132e-06
-0.997 -3.98298e-06 -1.11819e-05
-0.996 -8.04816e-06 -2.30683e-05
-0.995 -3.00299e-05 -4.39209e-05
-0.994 -8.23493e-05 -7.68832e-05
-0.993 -0.000164983 -0.000121003
-0.992 -0.0002592 -0.000168961
-0.991 -0.00033126 -0.0002081
-0.99 -0.000346634 -0.000224646
-0.989 -0.000289999 -0.000209728
-0.988 -0.000181051 -0.000165383
-0.987 -7.4238e-05 -0.000107583
-0.986 -3.73379e-05 -6.24637e-05
-0.985 -0.000117923 -5.4774e-05
-0.984 -0.000315699 -9.42142e-05
-0.983 -0.000574851 -0.000169243
-0.982 -0.000800791 -0.00025335
-0.981 -0.000897486 -0.00031942
-0.98 -0.000814185 -0.000354023
-0.979 -0.00058256 -0.000367106
-0.978 -0.000321037 -0.00039502
-0.977 -0.000192766 -0.00049219
-0.976 -0.00033128 -0.0007075
-0.975 -0.000771984 -0.00105244
-0.974 -0.00142369 -0.00148103
-0.973 -0.0020921 -0.00189958
-0.972 -0.00254877 -0.00220369
-0.971 -0.00262452 -0.00232072
-0.97 -0.00229126 -0.00223754
-0.969 -0.00169208 -0.00200759
-0.968 -0.00109546 -0.00173719
-0.967 -0.000785215 -0.00154954
-0.966 -0.00093579 -0.00153111
-0.965 -0.00153021 -0.00168333
-0.964 -0.00235234 -0.00191227
-0.963 -0.0030612 -0.0020716
-0.962 -0.00333428 -0.00203712
-0.961 -0.00302763 -0.00177087
-0.96 -0.00226814 -0.00134638
-0.959 -0.00141714 -0.000930712
-0.958 -0.000916201 -0.000728503
-0.957 -0.00109253 -0.000899216
-0.956 -0.00201368 -0.00147458
-0.955 -0.00343696 -0.00231882
-0.954 -0.00486183 -0.00316494
-0.953 -0.00569543 -0.00371935
-0.952 -0.00551445 -0.00378402
-0.951 -0.00431321 -0.00334089
-0.95 -0.00257507 -0.00257084
-0.949 -0.00108999 -0.00180234
-0.948 -0.000607909 -0.00139491
-0.947 -0.00151736 -0.00158853
-0.946 -0.00368967 -0.00238346
-0.945 -0.00650473 -0.00351881
-0.944 -0.00902618 -0.00457225
-0.943 -0.0103257 -0.005134
-0.942 -0.00990684 -0.00497278
-0.941 -0.008031 -0.00413255
-0.94 -0.00570083 -0.00293559
-0.939 -0.00423793 -0.00188246
-0.938 -0.00466278 -0.00145971
-0.937 -0.0072077 -0.00191775
-0.936 -0.0111713 -0.00312518
-0.935 -0.0151137 -0.0045869
-0.934 -0.0173095 -0.00563093
-0.933 -0.0163825 -0.00567886
-0.932 -0.0119551 -0.0044833
-0.931 -0.0049992 -0.00225011
-0.93 0.00239257 0.000391317
-0.929 0.00779682 0.00257532
-0.928 0.00944983 0.00350178
-0.927 0.00697089 0.00274507
-0.926 0.00153629 0.000435574
-0.925 -0.00451881 -0.00277869
-0.924 -0.00854689 -0.00598701
-0.923 -0.00865533 -0.00838339
-0.922 -0.0046094 -0.00959318
-0.921 0.00188243 -0.00982712
-0.92 0.00773997 -0.00979429
-0.919 0.00974422 -0.0103977
-0.918 0.00588944 -0.0123354
-0.917 -0.0037068 -0.015771
-0.916 -0.0166567 -0.0201997
-0.915 -0.0289853 -0.0245598
-0.914 -0.0365014 -0.0275709
-0.913 -0.0364439 -0.0281961
-0.912 -0.0287302 -0.0260575
-0.911 -0.0161627 -0.021618
-0.91 -0.00341147 -0.0160223
-0.909 0.0047832 -0.0106564
-0.908 0.00540501 -0.0066476
-0.907 -0.00170224 -0.00452111
-0.906 -0.0136808 -0.0040968
-0.905 -0.0255683 -0.00461307
-0.904 -0.0321149 -0.00504083
-0.903 -0.0299542 -0.00452051
-0.902 -0.0191967 -0.0027792
-0.901 -0.00358949 -0.000316229
-0.9 0.0109326 0.00179181
-0.899 0.0186145 0.00238096
-0.898 0.0160967 0.000697626
-0.897 0.00368802 -0.00332985
-0.896 -0.0146129 -0.0090761
-0.895 -0.0323502 -0.015385
-0.894 -0.0428558 -0.0208683
-0.893 -0.0418462 -0.0243119
-0.892 -0.0292969 -0.0250925
-0.891 -0.00960275 -0.0233964
-0.89 0.0101662 -0.020072
-0.889 0.0230767 -0.0162024
-0.888 0.024923 -0.0126752
-0.887 0.015646 -0.00994655
-0.886 -0.000744878 -0.0079974
-0.885 -0.0176344 -0.0064185
-0.884 -0.0282401 -0.00460501
-0.883 -0.0282673 -0.00205786
-0.882 -0.017717 0.00130007
-0.881 -0.000945126 0.00499209
-0.88 0.0151346 0.0081622
-0.879 0.0238603 0.00993195
-0.878 0.0213937 0.00970478
-0.877 0.00808853 0.00731763
-0.876 -0.011715 0.00307523
-0.875 -0.0313196 -0.00231885
-0.874 -0.0441643 -0.00797047
-0.873 -0.0462815 -0.0131187
-0.872 -0.0377269 -0.0174122
-0.871 -0.0223747 -0.0209346
-0.87 -0.00624011 -0.0239727
-0.869 0.0048722 -0.0267521
-0.868 0.00745675 -0.0293247
-0.867 0.00145367 -0.0315656
-0.866 -0.00989725 -0.0331698
-0.865 -0.0214868 -0.0336937
-0.864 -0.0285319 -0.0327541
-0.863 -0.0285394 -0.0303379
-0.862 -0.0220883 -0.0269591
-0.861 -0.0121895 -0.0234524
-0.86 -0.00278616 -0.0205345
-0.859 0.00278142 -0.018502
-0.858 0.00285903 -0.0172576
-0.857 -0.00202203 -0.0164948
-0.856 -0.00937701 -0.0158227
-0.855 -0.0158918 -0.014855
-0.854 -0.0190908 -0.0134222
-0.853 -0.0185732 -0.0118567
-0.852 -0.0159822 -0.0110367
-0.851 -0.0138086 -0.0119874
-0.85 -0.0139526 -0.0152733
-0.849 -0.0169416 -0.0206594
-0.848 -0.0219788 -0.0272413
-0.847 -0.027437 -0.0338184
-0.846 -0.0315475 -0.0392111
-0.845 -0.0332949 -0.0425032
-0.844 -0.0332362 -0.0433302
-0.843 -0.0335541 -0.0421247
-0.842 -0.0369719 -0.0400262
-0.841 -0.0450282 -0.0383461
-0.84 -0.0567777 -0.0378858
-0.839 -0.0687661 -0.0385456
-0.838 -0.0762903 -0.0393885
-0.837 -0.0752498 -0.03899
-0.836 -0.0638471 -0.0358725
-0.835 -0.0436096 -0.0289886
-0.834 -0.0192579 -0.0182135
-0.833 0.00279546 -0.00461641
-0.832 0.0168505 0.00973877
-0.831 0.0202232 0.0224282
-0.83 0.0144432 0.0314162
-0.829 0.00478102 0.0356135
-0.828 -0.00176612 0.0351469
-0.827 0.000706726 0.0313326
-0.826 0.0143907 0.026275
-0.825 0.0363928 0.0220612
-0.824 0.0594305 0.0198321
-0.823 0.0745095 0.0192562
-0.822 0.0744064 0.0187059
-0.821 0.056475 0.015946
-0.82 0.023809 0.00894022
-0.819 -0.0155189 -0.00343152
-0.818 -0.0508924 -0.0207778
-0.817 -0.0726212 -0.0408949
-0.816 -0.0754509 -0.0601358
-0.815 -0.0607521 -0.0745905
-0.814 -0.0361878 -0.0815741
-0.813 -0.0128145 -0.0805677
-0.812 -0.000936713 -0.0731899
-0.811 -0.0064681 -0.0624788
-0.81 -0.0290002 -0.0519502
-0.809 -0.0619604 -0.0445894
-0.808 -0.0946618 -0.041797
-0.807 -0.115752 -0.0426427
-0.806 -0.117224 -0.0440728
-0.805 -0.0976182 -0.0423003
-0.804 -0.0629416 -0.0346752
-0.803 -0.0246906 -0.0209225
-0.802 0.00423212 -0.00324061
-0.801 0.0140279 0.0144242
-0.8 0.0012909 0.027471
-0.799 -0.02986 0.0319772
-0.798 -0.0689815 0.0261545
-0.797 -0.102532 0.0113392
-0.796 -0.118366 -0.00827807
-0.795 -0.110139 -0.0273167
-0.794 -0.0799321 -0.0413383
-0.793 -0.0378094 -0.0482725
-0.792 0.00166437 -0.048739
-0.791 0.0245649 -0.0455887
-0.79 0.022402 -0.0429179
-0.789 -0.00500659 -0.0445337
-0.788 -0.0493315 -0.0521557
-0.787 -0.0962238 -0.064282
-0.786 -0.129911 -0.0766338
-0.785 -0.138641 -0.0840345
-0.784 -0.119079 -0.0825289
-0.783 -0.0777758 -0.0706797
-0.782 -0.0289491 -0.0499406
-0.781 0.0105195 -0.0244163
-0.78 0.0269205 7.75476e-05
-0.779 0.0144232 0.0178624
-0.778 -0.022807 0.0256246
-0.777 -0.0717982 0.0237167
-0.776 -0.115064 0.015597
-0.775 -0.136756 0.0058736
-0.774 -0.12849 -0.0016512
-0.773 -0.0925513 -0.00507748
-0.772 -0.041238 -0.00481202
-0.771 0.00729801 -0.00353729
-0.77 0.0352916 -0.00540058
-0.769 0.031701 -0.0141253
-0.768 -0.00354543 -0.0307927
-0.767 -0.0591139 -0.0528382
-0.766 -0.116042 -0.0750928
-0.765 -0.154399 -0.0920388
-0.764 -0.16025 -0.0997177
-0.763 -0.130357 -0.0966109
-0.762 -0.0732244 -0.083855
-0.761 -0.00629317 -0.0650351
-0.76 0.0500201 -0.0451511
-0.759 0.0796434 -0.0285963
-0.758 0.076729 -0.0171482
-0.757 0.0474635 -0.00951323
-0.756 0.00700102 -0.00281889
-0.755 -0.0268607 0.00524716
-0.754 -0.0403518 0.0151858
-0.753 -0.0284064 0.0255806
-0.752 0.00366375 0.0334892
-0.751 0.0417997 0.0350975
-0.75 0.0680184 0.0270164
-0.749 0.0671671 0.00812293
-0.748 0.032866 -0.0192631
-0.747 -0.0302501 -0.0501087
-0.746 -0.108921 -0.0789846
-0.745 -0.186483 -0.102225
-0.744 -0.248104 -0.118653
-0.743 -0.284409 -0.129178
-0.742 -0.293347 -0.136092
-0.741 -0.280107 -0.142157
-0.74 -0.254672 -0.149091
-0.739 -0.2275 -0.155929
-0.738 -0.205435 -0.158709
-0.737 -0.190146 -0.152327
-0.736 -0.179476 -0.133459
-0.735 -0.169831 -0.102443
-0.734 -0.15773 -0.0632003
-0.733 -0.140394 -0.0219583
-0.732 -0.116242 0.0143258
-0.731 -0.0853723 0.0397632
-0.73 -0.0493918 0.0516367
-0.729 -0.0106523 0.0518691
-0.728 0.0280717 0.0463594
-0.727 0.0628267 0.0419473
-0.726 0.0877088 0.0428187
-0.725 0.0958515 0.0486238
-0.724 0.0823006 0.0549325
-0.723 0.0468823 0.055082
-0.722 -0.00465408 0.0425087
-0.721 -0.0613506 0.0133265
-0.72 -0.10915 -0.0313101
-0.719 -0.134527 -0.0843922
-0.718 -0.129622 -0.135054
-0.717 -0.0970513 -0.172863
-0.716 -0.0509972 -0.191994
-0.715 -0.0126767 -0.193071
-0.714 -0.00214907 -0.182344
-0.713 -0.0306085 -0.169172
-0.712 -0.0959066 -0.162661
-0.711 -0.181893 -0.168064
-0.71 -0.261844 -0.184091
-0.709 -0.306498 -0.202797
-0.708 -0.295391 -0.212813
-0.707 -0.226822 -0.20452
-0.706 -0.120494 -0.174324
-0.705 -0.0105904 -0.126108
-0.704 0.0671376 -0.0698902
-0.703 0.08823 -0.0186745
-0.702 0.0481712 0.0156918
-0.701 -0.0349252 0.0267237
-0.7 -0.124793 0.0159828
-0.699 -0.179088 -0.00748258
-0.698 -0.166228 -0.031215
-0.697 -0.0798974 -0.044927
-0.696 0.0565347 -0.0446099
-0.695 0.1982 -0.0335516
-0.694 0.295163 -0.0206105
-0.693 0.309984 -0.016807
-0.692 0.230946 -0.0311043
-0.691 0.0774267 -0.0664205
-0.69 -0.104935 -0.117506
-0.689 -0.259326 -0.172198
-0.688 -0.338661 -0.215941
-0.687 -0.323602 -0.23738
-0.686 -0.229334 -0.232215
-0.685 -0.0986712 -0.204022
-0.684 0.0143505 -0.162437
-0.683 0.0638341 -0.119681
-0.682 0.0285694 -0.086358
-0.681 -0.0794319 -0.0676968
-0.68 -0.218367 -0.061804
-0.679 -0.332071 -0.0610587
-0.678 -0.371841 -0.0561808
-0.677 -0.315317 -0.0408804
-0.676 -0.174601 -0.0148349
-0.675 0.00828499 0.015989
-0.674 0.175433 0.0413762
-0.673 0.272082 0.0504678
-0.672 0.26552 0.0358731
-0.671 0.157238 -0.00318942
-0.67 -0.0174095 -0.0602279
-0.669 -0.20263 -0.123777
-0.668 -0.342777 -0.181539
-0.667 -0.401036 -0.224343
-0.666 -0.36954 -0.248414
-0.665 -0.269485 -0.255583
-0.664 -0.142806 -0.251688
-0.663 -0.0372902 -0.243651
-0.662 0.0111653 -0.236131
-0.661 -0.00775655 -0.229326
-0.66 -0.0757663 -0.219259
-0.659 -0.154873 -0.200421
-0.658 -0.203154 -0.169115
-0.657 -0.189848 -0.125644
-0.656 -0.104821 -0.074649
-0.655 0.0385162 -0.0239913
-0.654 0.206651 0.0172975
-0.653 0.355889 0.0416202
-0.652 0.446684 0.045315
-0.651 0.456721 0.0297974
-0.65 0.386817 0.000384464
-0.649 0.257956 -0.0366309
-0.648 0.102609 -0.0767618
-0.647 -0.0449966 -0.118394
-0.646 -0.157088 -0.162021
-0.645 -0.218528 -0.20857
-0.644 -0.229984 -0.257773
-0.643 -0.206272 -0.30703
-0.642 -0.169904 -0.351065
-0.641 -0.142873 -0.382855
-0.64 -0.140257 -0.395957
-0.639 -0.166878 -0.387255
-0.638 -0.216272 -0.358492
-0.637 -0.271644 -0.315684
-0.636 -0.309757 -0.266805
-0.635 -0.30787 -0.218896
-0.634 -0.251504 -0.175779
-0.633 -0.139899 -0.137156
-0.632 0.0124178 -0.0994253
-0.631 0.177807 -0.0580936
-0.63 0.321191 -0.0108434
-0.629 0.409393 0.0403617
-0.628 0.422355 0.0892809
-0.627 0.361394 0.127325
-0.626 0.249877 0.146469
-0.625 0.125961 0.142224
-0.624 0.0308516 0.11575
-0.623 -0.00359754 0.0741046
-0.622 0.0346375 0.0279745
-0.621 0.131724 -0.0125426
-0.62 0.249899 -0.0420138
-0.619 0.339483 -0.0613301
-0.618 0.357467 -0.0764474
-0.617 0.284 -0.095511
-0.616 0.129452 -0.125667
-0.615 -0.0691506 -0.170076
-0.614 -0.259441 -0.225751
-0.613 -0.389604 -0.28353
-0.612 -0.425615 -0.331152
-0.611 -0.36483 -0.358387
-0.61 -0.239291 -0.361231
-0.609 -0.104829 -0.342735
-0.608 -0.0197168 -0.310845
-0.607 -0.0228185 -0.275245
-0.606 -0.119908 -0.244322
-0.605 -0.281293 -0.222359
-0.604 -0.450286 -0.207656
-0.603 -0.560748 -0.193227
-0.602 -0.559796 -0.17069
-0.601 -0.428355 -0.135327
-0.6 -0.190493 -0.0888471
-0.599 0.0937657 -0.0385165
-0.598 0.349041 0.00564594
-0.597 0.509388 0.0336175
-0.596 0.53866 0.0379744
-0.595 0.441411 0.0166622
-0.594 0.261412 -0.0254203
-0.593 0.0668366 -0.0780993
-0.592 -0.074259 -0.130701
-0.591 -0.118991 -0.176614
-0.59 -0.064364 -0.214326
-0.589 0.0541835 -0.245291
-0.588 0.177742 -0.271619
-0.587 0.24497 -0.295007
-0.586 0.212894 -0.315657
-0.585 0.0729428 -0.330471
-0.584 -0.143154 -0.332512
-0.583 -0.372223 -0.314014
-0.582 -0.541679 -0.271658
-0.581 -0.595312 -0.209699
-0.58 -0.51132 -0.138169
-0.579 -0.306957 -0.0683024
-0.578 -0.0319112 -0.00926783
-0.577 0.245138 0.0327445
-0.576 0.454684 0.055109
-0.575 0.547102 0.0598564
-0.574 0.509038 0.0530994
-0.573 0.366886 0.0410193
-0.572 0.175078 0.0247885
-0.571 -0.0040789 -0.000755416
-0.57 -0.119433 -0.0430244
-0.569 -0.143748 -0.1058
-0.568 -0.0802648 -0.186144
-0.567 0.0369646 -0.27484
-0.566 0.151985 -0.358102
-0.565 0.206055 -0.41968
-0.564 0.160374 -0.444837
-0.563 0.0115993 -0.42637
-0.562 -0.206163 -0.369018
-0.561 -0.431467 -0.288004
-0.56 -0.592715 -0.201988
-0.559 -0.628471 -0.12539
-0.558 -0.507764 -0.0644577
-0.557 -0.244531 -0.0172697
-0.556 0.101618 0.024263
-0.555 0.441613 0.0707131
-0.554 0.684495 0.129135
-0.553 0.765673 0.196668
-0.552 0.666775 0.258436
-0.551 0.422149 0.29259
-0.55 0.109971 0.279908
-0.549 -0.171433 0.212091
-0.548 -0.336605 0.0950591
-0.547 -0.343821 -0.0523637
-0.546 -0.2109 -0.202924
-0.545 -0.00947783 -0.328397
-0.544 0.159442 -0.409185
-0.543 0.200112 -0.442014
-0.542 0.0566283 -0.440599
-0.541 -0.263097 -0.428038
-0.54 -0.683614 -0.425394
-0.539 -1.08322 -0.442734
-0.538 -1.33502 -0.475815
-0.537 -1.35237 -0.507985
-0.536 -1.12064 -0.51612
-0.535 -0.704196 -0.479864
-0.534 -0.227236 -0.391673
-0.533 0.165386 -0.262774
-0.532 0.35615 -0.120793
-0.531 0.296839 0.000485826
-0.53 0.0286804 0.074107
-0.529 -0.329654 0.0896468
-0.528 -0.62399 0.0564152
-0.527 -0.720838 -7.91874e-05
-0.526 -0.556214 -0.0472339
-0.525 -0.159531 -0.0576837
-0.524 0.355126 -0.0205445
-0.523 0.827014 0.0535659
-0.522 1.10359 0.13655
-0.521 1.09419 0.194297
-0.52 0.803932 0.200505
-0.519 0.334094 0.147174
-0.518 -0.15304 0.0479892
-0.517 -0.492827 -0.0665698
-0.516 -0.578192 -0.160873
-0.515 -0.397817 -0.208351
-0.514 -0.0386625 -0.202493
-0.513 0.346517 -0.159793
-0.512 0.593534 -0.113247
-0.511 0.584377 -0.0990453
-0.51 0.289779 -0.141739
-0.509 -0.21779 -0.243512
-0.508 -0.787294 -0.381681
-0.507 -1.24193 -0.515828
-0.506 -1.44172 -0.602372
-0.505 -1.33118 -0.611018
-0.504 -0.954733 -0.536442
-0.503 -0.437458 -0.400431
-0.502 0.0588628 -0.243608
-0.501 0.38937 -0.110106
-0.5 0.473423 -0.0312163
-0.499 0.320235 -0.0141984
-0.498 0.0223766 -0.0404934
-0.497 -0.281403 -0.0741576
-0.496 -0.458718 -0.0773756
-0.495 -0.430125 -0.0269893
-0.494 -0.193949 0.0745613
-0.493 0.175605 0.198572
-0.492 0.554016 0.30047
-0.491 0.808325 0.337329
-0.49 0.842892 0.285309
-0.489 0.632107 0.149804
-0.488 0.226587 -0.0356328
-0.487 -0.267662 -0.220838
-0.486 -0.725139 -0.356489
-0.485 -1.03742 -0.411295
-0.484 -1.14184 -0.382991
-0.483 -1.03783 -0.298564
-0.482 -0.78574 -0.202699
-0.481 -0.484436 -0.138826
-0.48 -0.234938 -0.131243
-0.479 -0.107441 -0.176348
-0.478 -0.125832 -0.246086
-0.477 -0.269435 -0.300782
-0.476 -0.482774 -0.305635
-0.475 -0.688904 -0.245345
-0.474 -0.80949 -0.132097
-0.473 -0.791178 -0.00292399
-0.472 -0.626292 0.0940694
-0.471 -0.3543 0.119296
-0.47 -0.0448327 0.0578277
-0.469 0.223586 -0.0753712
-0.468 0.379216 -0.242239
-0.467 0.370884 -0.395915
-0.466 0.185696 -0.496716
-0.465 -0.136426 -0.525317
-0.464 -0.507012 -0.489053
-0.463 -0.816707 -0.417816
-0.462 -0.971746 -0.349935
-0.461 -0.920656 -0.314342
-0.46 -0.666234 -0.318169
-0.459 -0.268088 -0.345414
-0.458 0.164917 -0.365557
-0.457 0.500916 -0.346844
-0.456 0.63006 -0.26937
-0.455 0.509073 -0.134648
-0.454 0.180356 0.031962
-0.453 -0.242892 0.188948
-0.452 -0.613663 0.294722
-0.451 -0.794758 0.324393
-0.45 -0.701817 0.278494
-0.449 -0.338955 0.180251
-0.448 0.189431 0.0647475
-0.447 0.706617 -0.0343121
-0.446 1.02611 -0.096362
-0.445 1.02021 -0.121561
-0.444 0.664449 -0.130705
-0.443 0.0464487 -0.15518
-0.442 -0.656847 -0.220306
-0.441 -1.22825 -0.331011
-0.44 -1.48043 -0.468037
-0.439 -1.32814 -0.595852
-0.438 -0.828951 -0.676814
-0.437 -0.167157 -0.685192
-0.436 0.412736 -0.617198
-0.435 0.690996 -0.494386
-0.434 0.544517 -0.357711
-0.433 -0.0103296 -0.252046
-0.432 -0.812098 -0.207003
-0.431 -1.5955 -0.224018
-0.43 -2.07896 -0.276672
-0.429 -2.07039 -0.32312
-0.428 -1.54296 -0.323633
-0.427 -0.645558 -0.256327
-0.426 0.350893 -0.126635
-0.425 1.14329 0.0325733
-0.424 1.49258 0.172008
-0.423 1.30406 0.245636
-0.422 0.668714 0.230796
-0.421 -0.15853 0.138578
-0.42 -0.848244 0.00934043
-0.419 -1.12131 -0.103653
-0.418 -0.854026 -0.154809
-0.417 -0.121602 -0.123731
-0.416 0.828349 -0.0243665
-0.415 1.65618 0.0980702
-0.414 2.04108 0.183103
-0.413 1.79382 0.178842
-0.412 0.933491 0.0634963
-0.411 -0.308371 -0.145411
-0.41 -1.56566 -0.397697
-0.409 -2.46667 -0.628983
-0.408 -2.76089 -0.783279
-0.407 -2.39914 -0.832403
-0.406 -1.5466 -0.786081
-0.405 -0.527332 -0.688239
-0.404 0.285981 -0.59945
-0.403 0.604407 -0.571901
-0.402 0.328464 -0.627619
-0.401 -0.416801 -0.749456
-0.4 -1.33087 -0.887865
-0.399 -2.04776 -0.979515
-0.398 -2.26436 -0.970515
-0.397 -1.84574 -0.836895
-0.396 -0.875304 -0.595466
-0.395 0.369017 -0.300113
-0.394 1.50931 -0.0236805
-0.393 2.20023 0.167884
-0.392 2.24796 0.238543
-0.391 1.67074 0.193171
-0.39 0.684853 0.073235
-0.389 -0.372677 -0.0598937
-0.388 -1.15762 -0.147886
-0.387 -1.43397 -0.157233
-0.386 -1.15302 -0.0919682
-0.385 -0.464693 0.00825174
-0.384 0.344482 0.0843943
-0.383 0.95969 0.0819966
-0.382 1.14685 -0.0270418
-0.381 0.824924 -0.233174
-0.38 0.0852843 -0.491755
-0.379 -0.841619 -0.737721
-0.378 -1.663 -0.907518
-0.377 -2.12255 -0.961019
-0.376 -2.08651 -0.895033
-0.375 -1.58264 -0.742882
-0.374 -0.778965 -0.560552
-0.373 0.0812593 -0.405552
-0.372 0.757833 -0.317072
-0.371 1.08076 -0.304491
-0.37 0.993533 -0.347072
-0.369 0.564896 -0.403993
-0.368 -0.0365728 -0.431373
-0.367 -0.599986 -0.400442
-0.366 -0.941192 -0.3095
-0.365 -0.95674 -0.184515
-0.364 -0.646858 -0.0684651
-0.363 -0.108007 -0.00459824
-0.362 0.496363 -0.020919
-0.361 0.979312 -0.121323
-0.36 1.18147 -0.285017
-0.359 1.01843 -0.473415
-0.358 0.509232 -0.642621
-0.357 -0.225222 -0.757714
-0.356 -0.99332 -0.803351
-0.355 -1.58432 -0.78616
-0.354 -1.82761 -0.728407
-0.353 -1.6452 -0.656877
-0.352 -1.08115 -0.592651
-0.351 -0.29595 -0.545441
-0.35 0.476479 -0.512866
-0.349 0.99782 -0.48368
-0.348 1.10027 -0.444087
-0.347 0.74478 -0.385365
-0.346 0.0430557 -0.309559
-0.345 -0.769223 -0.230083
-0.344 -1.4068 -0.166715
-0.343 -1.63438 -0.137911
-0.342 -1.35376 -0.154774
-0.341 -0.644359 -0.21895
-0.34 0.257003 -0.323808
-0.339 1.02922 -0.45744
-0.338 1.3703 -0.606658
-0.337 1.1019 -0.760894
-0.336 0.241903 -0.914173
-0.335 -0.985948 -1.06375
-0.334 -2.2188 -1.20612
-0.333 -3.07825 -1.33314
-0.332 -3.30269 -1.43131
-0.331 -2.83678 -1.48462
-0.33 -1.84776 -1.47957
-0.329 -0.668304 -1.41058
-0.328 0.312839 -1.28392
-0.327 0.780464 -1.11814
-0.326 0.603732 -0.939413
-0.325 -0.112334 -0.772879
-0.324 -1.06037 -0.63391
-0.323 -1.84175 -0.523491
-0.322 -2.11252 -0.429572
-0.321 -1.70642 -0.333166
-0.32 -0.690609 -0.216992
-0.319 0.659038 -0.0747439
-0.318 1.949 0.0820733
-0.317 2.79538 0.224106
-0.316 2.94933 0.313241
-0.315 2.38058 0.317695
-0.314 1.28792 0.225655
-0.313 0.0300661 0.0509296
-0.312 -0.998895 -0.170697
-0.311 -1.50205 -0.391682
-0.31 -1.37259 -0.566663
-0.309 -0.719365 -0.667767
-0.308 0.177223 -0.696477
-0.307 0.960743 -0.68526
-0.306 1.31499 -0.685394
-0.305 1.06592 -0.745432
-0.304 0.238153 -0.890658
-0.303 -0.952081 -1.11245
-0.302 -2.16565 -1.36986
-0.301 -3.04784 -1.60109
-0.3 -3.33926 -1.742
-0.299 -2.9553 -1.74801
-0.298 -2.00979 -1.61202
-0.297 -0.777408 -1.36971
-0.296 0.390689 -1.08754
-0.295 1.17132 -0.838455
-0.294 1.36442 -0.676252
-0.293 0.95413 -0.618192
-0.292 0.118474 -0.640264
-0.291 -0.820379 -0.685867
-0.29 -1.49793 -0.686868
-0.289 -1.6316 -0.591652
-0.288 -1.12224 -0.389335
-0.287 -0.0942741 -0.118725
-0.286 1.13814 0.142613
-0.285 2.16427 0.304211
-0.284 2.6008 0.29318
-0.283 2.21585 0.0799071
-0.282 1.02007 -0.308223
-0.281 -0.71191 -0.791133
-0.28 -2.51381 -1.26032
-0.279 -3.87983 -1.61582
-0.278 -4.43974 -1.80039
-0.277 -4.08597 -1.81616
-0.276 -3.00697 -1.71841
-0.275 -1.62263 -1.59145
-0.274 -0.447472 -1.51626
-0.273 0.0812138 -1.53917
-0.272 -0.236411 -1.65109
-0.271 -1.27303 -1.7873
-0.27 -2.60422 -1.85196
-0.269 -3.66081 -1.75892
-0.268 -3.94546 -1.47026
-0.267 -3.22285 -1.015
-0.266 -1.61038 -0.48224
-0.265 0.455473 0.00605159
-0.264 2.35885 0.332408
-0.263 3.50796 0.421163
-0.262 3.54151 0.264553
-0.261 2.46474 -0.0738271
-0.26 0.655292 -0.482689
-0.259 -1.2716 -0.845154
-0.258 -2.68683 -1.0806
-0.257 -3.16975 -1.16875
-0.256 -2.64631 -1.14868
-0.255 -1.40021 -1.09669
-0.254 0.0407531 -1.09216
-0.253 1.10327 -1.18305
-0.252 1.38229 -1.3631
-0.251 0.789501 -1.57085
-0.25 -0.420487 -1.71259
-0.249 -1.75351 -1.69983
-0.248 -2.66477 -1.48586
-0.247 -2.76035 -1.0865
-0.246 -1.93956 -0.577789
-0.245 -0.429847 -0.0719915
-0.244 1.29869 0.319334
-0.243 2.7083 0.521242
-0.242 3.38675 0.516507
-0.241 3.17983 0.344291
-0.24 2.21846 0.0788373
-0.239 0.84545 -0.201622
-0.238 -0.517889 -0.443785
-0.237 -1.51614 -0.636185
-0.236 -1.97138 -0.807987
-0.235 -1.92681 -1.00946
-0.234 -1.60294 -1.28214
-0.233 -1.28384 -1.63307
-0.232 -1.19085 -2.02604
-0.231 -1.4066 -2.39342
-0.23 -1.87424 -2.66098
-0.229 -2.45006 -2.77401
-0.228 -2.9693 -2.71565
-0.227 -3.29852 -2.51226
-0.226 -3.36851 -2.2234
-0.225 -3.18411 -1.91835
-0.224 -2.80413 -1.64849
-0.223 -2.29828 -1.42906
-0.222 -1.71137 -1.23964
-0.221 -1.065 -1.0423
-0.22 -0.395214 -0.80644
-0.219 0.210509 -0.528351
-0.218 0.616928 -0.237698
-0.217 0.691979 0.0110048
-0.216 0.37512 0.159656
-0.215 -0.275134 0.172697
-0.214 -1.07583 0.0560222
-0.213 -1.76006 -0.141565
-0.212 -2.05784 -0.346326
-0.211 -1.801 -0.489333
-0.21 -1.01603 -0.535179
-0.209 0.0445847 -0.497909
-0.208 0.967673 -0.437328
-0.207 1.33002 -0.435194
-0.206 0.875262 -0.559113
-0.205 -0.360818 -0.829817
-0.204 -2.03436 -1.20783
-0.203 -3.59894 -1.60603
-0.202 -4.49686 -1.92185
-0.201 -4.36943 -2.07554
-0.2 -3.20981 -2.04051
-0.199 -1.39481 -1.85544
-0.198 0.430023 -1.61208
-0.197 1.58177 -1.4195
-0.196 1.60633 -1.35716
-0.195 0.473586 -1.43839
-0.194 -1.38492 -1.60253
-0.193 -3.22089 -1.73897
-0.192 -4.24545 -1.73114
-0.191 -3.93155 -1.50255
-0.19 -2.22681 -1.04962
-0.189 0.405971 -0.450934
-0.188 3.1389 0.152515
-0.187 5.06829 0.60351
-0.186 5.54205 0.78501
-0.185 4.40589 0.662294
-0.184 2.07128 0.292141
-0.183 -0.629867 -0.202842
-0.182 -2.75544 -0.681573
-0.181 -3.61066 -1.03484
-0.18 -3.01047 -1.22221
-0.179 -1.34197 -1.28355
-0.178 0.593159 -1.31914
-0.177 1.88746 -1.44352
-0.176 1.86969 -1.73215
-0.175 0.359572 -2.18434
-0.174 -2.25287 -2.71787
-0.173 -5.13614 -3.19502
-0.172 -7.31642 -3.4688
-0.171 -8.04067 -3.43338
-0.17 -7.05901 -3.06249
-0.169 -4.7083 -2.42171
-0.168 -1.76874 -1.64791
-0.167 0.832725 -0.90294
-0.166 2.34754 -0.321859
-0.165 2.44558 0.0235857
-0.164 1.30149 0.135812
-0.163 -0.491839 0.078194
-0.162 -2.15463 -0.0547614
-0.161 -3.01907 -0.174782
-0.16 -2.78048 -0.23348
-0.159 -1.59439 -0.238803
-0.158 0.0161859 -0.245629
-0.157 1.38665 -0.325478
-0.156 1.96297 -0.5321
-0.155 1.48575 -0.878739
-0.154 0.0583453 -1.33207
-0.153 -1.90454 -1.81896
-0.152 -3.82355 -2.24209
-0.151 -5.15054 -2.50355
-0.15 -5.54686 -2.53311
-0.149 -4.97512 -2.31033
-0.148 -3.67351 -1.86905
-0.147 -2.03891 -1.28324
-0.146 -0.481393 -0.645084
-0.145 0.690359 -0.0465751
-0.144 1.32398 0.433555
-0.143 1.4231 0.742126
-0.142 1.11227 0.863077
-0.141 0.585435 0.820141
-0.14 0.051042 0.664342
-0.139 -0.316013 0.45177
-0.138 -0.408755 0.224416
-0.137 -0.205902 0.00124548
-0.136 0.225948 -0.223518
-0.135 0.740999 -0.479117
-0.134 1.13191 -0.810799
-0.133 1.16514 -1.26032
-0.132 0.645115 -1.83838
-0.131 -0.499831 -2.5048
-0.13 -2.14524 -3.17034
-0.129 -3.96043 -3.72024
-0.128 -5.48666 -4.04699
-0.127 -6.28294 -4.08113
-0.126 -6.08306 -3.81451
-0.125 -4.90591 -3.31153
-0.124 -3.08054 -2.69926
-0.123 -1.16924 -2.13115
-0.122 0.202922 -1.73471
-0.121 0.568794 -1.56673
-0.12 -0.188826 -1.59664
-0.119 -1.76223 -1.72251
-0.118 -3.50962 -1.81015
-0.117 -4.68655 -1.74195
-0.116 -4.72906 -1.46274
-0.115 -3.47827 -1.00762
-0.114 -1.25855 -0.495499
-0.113 1.22341 -0.0846067
-0.112 3.12511 0.0920515
-0.111 3.77344 -0.0187262
-0.11 2.91895 -0.36876
-0.109 0.843409 -0.824923
-0.108 -1.72595 -1.21469
-0.107 -3.87445 -1.38672
-0.106 -4.84199 -1.26897
-0.105 -4.31539 -0.901375
-0.104 -2.54588 -0.423728
-0.103 -0.242118 -0.020162
-0.102 1.70668 0.153817
-0.101 2.55701 0.0282669
-0.1 1.96747 -0.360504
-0.099 0.110299 -0.886859
-0.098 -2.38882 -1.38082
-0.097 -4.66981 -1.68812
-0.096 -5.95336 -1.72717
-0.095 -5.83226 -1.51854
-0.094 -4.40799 -1.17
-0.093 -2.21456 -0.823981
-0.092 0.0145436 -0.596046
-0.091 1.61548 -0.533057
-0.09 2.19737 -0.603924
-0.089 1.73603 -0.719553
-0.088 0.552965 -0.771843
-0.087 -0.814037 -0.679932
-0.086 -1.81786 -0.427835
-0.085 -2.10816 -0.074955
-0.084 -1.64045 0.268353
-0.083 -0.645165 0.487239
-0.082 0.50163 0.506267
-0.081 1.42235 0.312042
-0.08 1.83801 -0.0505433
-0.079 1.61433 -0.502819
-0.078 0.766819 -0.966751
-0.077 -0.565974 -1.39596
-0.076 -2.17038 -1.78898
-0.075 -3.80402 -2.17645
-0.074 -5.22215 -2.58936
-0.073 -6.19282 -3.02849
-0.072 -6.52535 -3.4514
-0.071 -6.12202 -3.78091
-0.07 -5.03642 -3.9312
-0.069 -3.50846 -3.84468
-0.068 -1.94734 -3.52659
-0.067 -0.842861 -3.05772
-0.066 -0.604802 -2.56984
-0.065 -1.37446 -2.18992
-0.064 -2.90254 -1.98377
-0.063 -4.5844 -1.93092
-0.062 -5.66251 -1.93869
-0.061 -5.51252 -1.88247
-0.06 -3.89783 -1.65702
-0.059 -1.10775 -1.22774
-0.058 2.06922 -0.665329
-0.057 4.56146 -0.137689
-0.056 5.39388 0.153873
-0.055 4.10765 0.0695058
-0.054 1.0187 -0.396267
-0.053 -2.83981 -1.10298
-0.052 -6.08266 -1.81257
-0.051 -7.48483 -2.26902
-0.05 -6.43731 -2.28218
-0.049 -3.19366 -1.79792
-0.048 1.17405 -0.932064
-0.047 5.12183 0.0597579
-0.046 7.19849 0.880354
-0.045 6.62514 1.31527
-0.044 3.63569 1.31864
-0.043 -0.585283 1.02166
-0.042 -4.34643 0.670743
-0.041 -6.09446 0.528689
-0.04 -5.01291 0.772821
-0.039 -1.35276 1.41777
-0.038 3.63627 2.29236
-0.037 8.16324 3.09343
-0.036 10.5711 3.50405
-0.035 9.95912 3.32138
-0.034 6.51377 2.53414
-0.033 1.43843 1.32333
-0.032 -3.48389 -0.00394631
-0.031 -6.55098 -1.11916
-0.03 -6.79432 -1.78395
-0.029 -4.35854 -1.93378
-0.028 -0.423527 -1.69769
-0.027 3.30309 -1.33692
-0.026 5.27506 -1.12903
-0.025 4.66941 -1.25602
-0.024 1.6366 -1.74376
-0.023 -2.78694 -2.46354
-0.022 -7.05276 -3.18424
-0.021 -9.66975 -3.65723
-0.02 -9.79159 -3.711
-0.019 -7.55878 -3.32157
-0.018 -3.99594 -2.62259
-0.017 -0.515038 -1.84488
-0.016 1.68606 -1.21851
-0.015 2.03515 -0.890391
-0.014 0.699824 -0.888418
-0.013 -1.54663 -1.13049
-0.012 -3.63373 -1.46385
-0.011 -4.61218 -1.72226
-0.01 -4.05417 -1.78725
-0.009 -2.22948 -1.6307
-0.008 0.0729642 -1.31582
-0.007 1.97134 -0.954209
-0.006 2.89233 -0.646755
-0.005 2.74865 -0.443689
-0.004 1.88225 -0.338909
-0.003 0.863278 -0.290259
-0.002 0.228127 -0.249614
-0.001 0.229135 -0.188771
0 0.706171 -0.110346
0.001 1.18975 -0.0382738
0.002 1.20706 0.00629537
0.003 0.590904 0.027824
0.004 -0.414978 0.0624943
0.005 -1.28077 0.163538
0.006 -1.43803 0.372883
0.007 -0.540937 0.69104
0.008 1.33097 1.05938
0.009 3.61242 1.37003
0.01 5.42618 1.50953
0.011 5.98241 1.41927
0.012 5.00545 1.13622
0.013 2.91502 0.788046
0.014 0.65359 0.54657
0.015 -0.710841 0.564347
0.016 -0.401586 0.917396
0.017 1.75754 1.56828
0.018 5.20499 2.36134
0.019 8.75121 3.06299
0.02 10.9865 3.44621
0.021 10.8816 3.38658
0.022 8.2865 2.91797
0.023 4.03687 2.21776
0.024 -0.383733 1.53389
0.025 -3.42832 1.0903
0.026 -4.05493 1.00436
0.027 -2.10251 1.23903
0.028 1.6171 1.60609
0.029 5.56403 1.83007
0.03 8.0288 1.65927
0.031 7.82157 0.976956
0.032 4.78327 -0.143157
0.033 -0.131445 -1.46038
0.034 -5.2284 -2.65118
0.035 -8.72308 -3.41868
0.036 -9.4006 -3.59347
0.037 -7.05663 -3.19466
0.038 -2.57423 -2.42493
0.039 2.39941 -1.59217
0.04 6.07149 -0.985407
0.041 7.17997 -0.763578
0.042 5.4564 -0.907252
0.043 1.70162 -1.24329
0.044 -2.53849 -1.51996
0.045 -5.56777 -1.50466
0.046 -6.18498 -1.0776
0.047 -4.13353 -0.2886
0.048 -0.173263 0.654416
0.049 4.25086 1.46951
0.05 7.58464 1.91831
0.051 8.73316 1.89606
0.052 7.41623 1.45714
0.053 4.2218 0.782101
0.054 0.366712 0.112142
0.055 -2.75618 -0.329354
0.056 -4.09255 -0.411275
0.057 -3.29998 -0.13912
0.058 -0.817002 0.357549
0.059 2.38593 0.894109
0.06 5.22396 1.31775
0.061 6.88384 1.56373
0.062 7.05071 1.66096
0.063 5.94515 1.70071
0.064 4.19157 1.79132
0.065 2.56461 2.01272
0.066 1.69766 2.38024
0.067 1.86959 2.83252
0.068 2.95715 3.2556
0.069 4.54901 3.53412
0.07 6.13505 3.59975
0.071 7.27573 3.45025
0.072 7.70325 3.13619
0.073 7.34942 2.73057
0.074 6.31643 2.29806
0.075 4.81705 1.87376
0.076 3.11416 1.45736
0.077 1.47927 1.0262
0.078 0.165696 0.562906
0.079 -0.622632 0.0815749
0.08 -0.773287 -0.365193
0.081 -0.302636 -0.702408
0.082 0.62981 -0.86198
0.083 1.73636 -0.812095
0.084 2.65144 -0.576207
0.085 3.02774 -0.233163
0.086 2.66903 0.106261
0.087 1.64516 0.341423
0.088 0.31248 0.424184
0.089 -0.797581 0.378233
0.09 -1.17807 0.284778
0.091 -0.541598 0.244618
0.092 1.06277 0.335433
0.093 3.2378 0.57825
0.094 5.33476 0.922036
0.095 6.65126 1.25451
0.096 6.68786 1.44228
0.097 5.36692 1.38879
0.098 3.09903 1.08259
0.099 0.64563 0.608535
0.1 -1.1644 0.11653
0.101 -1.73697 -0.234093
0.102 -0.919184 -0.330041
0.103 0.948528 -0.143262
0.104 3.14462 0.255924
0.105 4.81503 0.719014
0.106 5.28594 1.07213
0.107 4.32692 1.18405
0.108 2.24962 1.01841
0.109 -0.208846 0.644802
0.11 -2.1689 0.206871
0.111 -2.93679 -0.133224
0.112 -2.25043 -0.251169
0.113 -0.358963 -0.101535
0.114 2.08291 0.26776
0.115 4.26039 0.734618
0.116 5.49222 1.15183
0.117 5.46714 1.40668
0.118 4.33978 1.46374
0.119 2.6545 1.37312
0.12 1.12929 1.24569
0.121 0.383844 1.21002
0.122 0.717023 1.36587
0.123 2.01895 1.74655
0.124 3.84243 2.30223
0.125 5.58745 2.91334
0.126 6.71352 3.4309
0.127 6.90337 3.72607
0.128 6.13661 3.72721
0.129 4.66653 3.43352
0.13 2.91574 2.90768
0.131 1.32651 2.25464
0.132 0.220212 1.59117
0.133 -0.279809 1.01142
0.134 -0.240299 0.560833
0.135 0.150537 0.231279
0.136 0.66531 -0.0208083
0.137 1.0987 -0.246116
0.138 1.30207 -0.479544
0.139 1.20335 -0.728962
0.14 0.819098 -0.972299
0.141 0.254417 -1.16023
0.142 -0.315158 -1.22777
0.143 -0.679474 -1.11673
0.144 -0.642433 -0.800911
0.145 -0.0763395 -0.300051
0.146 1.02665 0.324066
0.147 2.51841 0.983274
0.148 4.09426 1.5805
0.149 5.3494 2.02556
0.15 5.89433 2.25197
0.151 5.49809 2.2346
0.152 4.2005 1.99928
0.153 2.33461 1.61568
0.154 0.436128 1.17461
0.155 -0.929939 0.761201
0.156 -1.36083 0.434898
0.157 -0.760809 0.21976
0.158 0.608549 0.103258
0.159 2.19827 0.0436699
0.16 3.35578 -0.0117746
0.161 3.57232 -0.100481
0.162 2.70102 -0.221115
0.163 1.04392 -0.326912
0.164 -0.744271 -0.340742
0.165 -1.90058 -0.184925
0.166 -1.84528 0.187109
0.167 -0.408712 0.768147
0.168 2.08433 1.48971
0.169 4.90162 2.23302
0.17 7.1408 2.85852
0.171 8.04695 3.24705
0.172 7.29953 3.3376
0.173 5.14893 3.1455
0.174 2.3334 2.75356
0.175 -0.196296 2.28085
0.176 -1.63069 1.8417
0.177 -1.5934 1.50916
0.178 -0.265856 1.29457
0.179 1.69135 1.15036
0.18 3.38755 0.995898
0.181 4.0356 0.75671
0.182 3.25349 0.400536
0.183 1.21908 -0.0447221
0.184 -1.38992 -0.497043
0.185 -3.65217 -0.846728
0.186 -4.75279 -0.993838
0.187 -4.28725 -0.884438
0.188 -2.40391 -0.532899
0.189 0.261112 -0.0203779
0.19 2.82274 0.531828
0.191 4.46683 1.00347
0.192 4.73621 1.31355
0.193 3.68161 1.44139
0.194 1.82417 1.42562
0.195 -0.0542181 1.34453
0.196 -1.2104 1.28459
0.197 -1.21354 1.30709
0.198 -0.0891144 1.42426
0.199 1.71602 1.59549
0.2 3.52376 1.74649
0.201 4.6877 1.80235
0.202 4.82549 1.71831
0.203 3.93734 1.49559
0.204 2.37796 1.1786
0.205 0.705163 0.837868
0.206 -0.531136 0.545273
0.207 -0.982325 0.349621
0.208 -0.609294 0.260486
0.209 0.330689 0.247565
0.21 1.40811 0.256961
0.211 2.19993 0.236888
0.212 2.44429 0.160126
0.213 2.11017 0.0335007
0.214 1.36959 -0.107741
0.215 0.505039 -0.215841
0.216 -0.199178 -0.24892
0.217 -0.544769 -0.185076
0.218 -0.467069 -0.0279389
0.219 -0.0333645 0.197804
0.22 0.606663 0.458825
0.221 1.2958 0.727588
0.222 1.92806 0.991829
0.223 2.45925 1.25463
0.224 2.87474 1.52532
0.225 3.1519 1.80624
0.226 3.25193 2.08311
0.227 3.14394 2.32431
0.228 2.83583 2.48954
0.229 2.3882 2.54388
0.23 1.90781 2.47095
0.231 1.52522 2.27976
0.232 1.35494 2.00262
0.233 1.44032 1.68474
0.234 1.70681 1.36889
0.235 1.96134 1.08088
0.236 1.95855 0.822899
0.237 1.51128 0.578238
0.238 0.589096 0.325713
0.239 -0.644787 0.0569954
0.24 -1.87209 -0.211407
0.241 -2.71695 -0.437499
0.242 -2.87358 -0.565478
0.243 -2.22641 -0.545729
0.244 -0.917637 -0.355861
0.245 0.675851 -0.0145129
0.246 2.06188 0.41833
0.247 2.80862 0.855891
0.248 2.70521 1.20962
0.249 1.84234 1.41623
0.25 0.583318 1.45711
0.251 -0.564683 1.36219
0.252 -1.1366 1.19597
0.253 -0.886704 1.03071
0.254 0.111471 0.9177
0.255 1.48467 0.868507
0.256 2.69454 0.853523
0.257 3.23705 0.817241
0.258 2.83276 0.703646
0.259 1.54008 0.483006
0.26 -0.250076 0.171022
0.261 -1.94253 -0.168258
0.262 -2.94862 -0.439923
0.263 -2.90076 -0.551216
0.264 -1.7856 -0.446551
0.265 0.0549403 -0.129185
0.266 2.04875 0.33889
0.267 3.59215 0.856618
0.268 4.25205 1.31464
0.269 3.90819 1.62813
0.27 2.78985 1.76252
0.271 1.3888 1.74231
0.272 0.273747 1.63737
0.273 -0.123284 1.53093
0.274 0.338366 1.48366
0.275 1.47065 1.51015
0.276 2.83951 1.57636
0.277 3.92417 1.61569
0.278 4.29443 1.55581
0.279 3.7539 1.34801
0.28 2.40816 0.990389
0.281 0.631944 0.535072
0.282 -1.05988 0.0742783
0.283 -2.19173 -0.290755
0.284 -2.48614 -0.484646
0.285 -1.94228 -0.481597
0.286 -0.815186 -0.310229
0.287 0.482304 -0.0408364
0.288 1.51562 0.239303
0.289 1.96323 0.455536
0.29 1.71479 0.570952
0.291 0.901942 0.596861
0.292 -0.152339 0.583623
0.293 -1.05015 0.596112
0.294 -1.45629 0.685418
0.295 -1.20599 0.868557
0.296 -0.349863 1.12216
0.297 0.869532 1.39033
0.298 2.0961 1.60399
0.299 2.96977 1.70598
0.3 3.23727 1.67219
0.301 2.83088 1.5196
0.302 1.8887 1.29767
0.303 0.708273 1.06834
0.304 -0.35036 0.884021
0.305 -0.979479 0.771389
0.306 -1.01978 0.725004
0.307 -0.508287 0.711873
0.308 0.336482 0.686085
0.309 1.18691 0.608529
0.31 1.71317 0.462993
0.311 1.69054 0.261386
0.312 1.07355 0.0371195
0.313 0.0142527 -0.168268
0.314 -1.18171 -0.318866
0.315 -2.15045 -0.394518
0.316 -2.58846 -0.395259
0.317 -2.35458 -0.338473
0.318 -1.51752 -0.249285
0.319 -0.331439 -0.148739
0.32 0.84991 -0.0460802
0.321 1.68849 0.0614944
0.322 1.96872 0.183311
0.323 1.66504 0.328234
0.324 0.950799 0.499138
0.325 0.141201 0.689605
0.326 -0.416786 0.883771
0.327 -0.470297 1.06064
0.328 0.047447 1.20153
0.329 0.995774 1.29622
0.33 2.08011 1.34396
0.331 2.95385 1.34979
0.332 3.33087 1.31963
0.333 3.07665 1.25731
0.334 2.25394 1.16396
0.335 1.10573 1.03879
0.336 -0.0255212 0.881587
0.337 -0.816571 0.69764
0.338 -1.07299 0.501969
0.339 -0.785703 0.318631
0.34 -0.118721 0.173966
0.341 0.656846 0.087549
0.342 1.25424 0.0659075
0.343 1.46165 0.10132
0.344 1.20851 0.174662
0.345 0.586051 0.26089
0.346 -0.188447 0.336997
0.347 -0.852066 0.390817
0.348 -1.18794 0.425872
0.349 -1.09245 0.458127
0.35 -0.599282 0.506117
0.351 0.138333 0.580355
0.352 0.897281 0.677217
0.353 1.45276 0.778734
0.354 1.64653 0.857115
0.355 1.4331 0.882975
0.356 0.888009 0.83631
0.357 0.17812 0.716615
0.358 -0.491159 0.546131
0.359 -0.933974 0.363033
0.36 -1.03459 0.207949
0.361 -0.779912 0.110809
0.362 -0.262877 0.0830217
0.363 0.347446 0.116094
0.364 0.859355 0.18568
0.365 1.11572 0.260222
0.366 1.03752 0.312835
0.367 0.645997 0.332321
0.368 0.060904 0.327304
0.369 -0.528707 0.320824
0.37 -0.920385 0.338807
0.371 -0.9657 0.398602
0.372 -0.622292 0.501932
0.373 0.0305355 0.633373
0.374 0.815112 0.763791
0.375 1.50588 0.858067
0.376 1.89345 0.886025
0.377 1.8501 0.833149
0.378 1.37885 0.705992
0.379 0.622792 0.529362
0.38 -0.177859 0.337141
0.381 -0.767465 0.161444
0.382 -0.961794 0.0243421
0.383 -0.708306 -0.0661075
0.384 -0.104301 -0.115839
0.385 0.629471 -0.141227
0.386 1.2158 -0.162046
0.387 1.41483 -0.192524
0.388 1.11435 -0.234444
0.389 0.378045 -0.275959
0.39 -0.571638 -0.296409
0.391 -1.42833 -0.274129
0.392 -1.90393 -0.193603
0.393 -1.82389 -0.0503487
0.394 -1.18831 0.14623
0.395 -0.179095 0.372706
0.396 0.895616 0.596196
0.397 1.70643 0.783594
0.398 2.01873 0.911528
0.399 1.77322 0.972084
0.4 1.10183 0.972551
0.401 0.278639 0.93122
0.402 -0.374623 0.871782
0.403 -0.599637 0.816716
0.404 -0.29504 0.779618
0.405 0.442667 0.759349
0.406 1.35139 0.740566
0.407 2.09841 0.701559
0.408 2.39894 0.624742
0.409 2.11316 0.504115
0.41 1.29233 0.347791
0.411 0.164101 0.177074
0.412 -0.939714 0.0226527
0.413 -1.69445 -0.0835877
0.414 -1.89598 -0.120557
0.415 -1.53 -0.0878468
0.416 -0.769011 -0.00658328
0.417 0.0964301 0.0893621
0.418 0.759165 0.165621
0.419 0.995097 0.196972
0.42 0.735605 0.173362
0.421 0.0924188 0.103378
0.422 -0.679732 0.0132592
0.423 -1.27686 -0.0619948
0.424 -1.45975 -0.0936976
0.425 -1.13838 -0.0720277
0.426 -0.395406 -0.00813822
0.427 0.548989 0.0734738
0.428 1.40974 0.145329
0.429 1.92677 0.185382
0.43 1.952 0.183955
0.431 1.50446 0.149239
0.432 0.764648 0.106904
0.433 0.00426458 0.0899034
0.434 -0.516411 0.122442
0.435 -0.636407 0.208412
0.436 -0.338016 0.330963
0.437 0.255645 0.460411
0.438 0.921659 0.56366
0.439 1.41004 0.612397
0.44 1.53231 0.591217
0.441 1.23236 0.504238
0.442 0.604563 0.374563
0.443 -0.149038 0.233992
0.444 -0.79667 0.108861
0.445 -1.15346 0.0115023
0.446 -1.13445 -0.0591392
0.447 -0.777128 -0.111999
0.448 -0.228622 -0.158662
0.449 0.305824 -0.208638
0.45 0.639779 -0.263608
0.451 0.674371 -0.313226
0.452 0.426503 -0.337864
0.453 0.00985534 -0.318627
0.454 -0.412773 -0.247636
0.455 -0.683647 -0.131293
0.456 -0.699027 0.0137041
0.457 -0.444214 0.16641
0.458 -0.000316191 0.306203
0.459 0.487155 0.416837
0.46 0.866199 0.490914
0.461 1.03278 0.531696
0.462 0.957509 0.548778
0.463 0.682852 0.549799
0.464 0.303345 0.53504
0.465 -0.0629344 0.49906
0.466 -0.310321 0.436702
0.467 -0.38121 0.348025
0.468 -0.283345 0.239979
0.469 -0.0770158 0.12629
0.47 0.158075 0.0261694
0.471 0.353538 -0.0400633
0.472 0.467079 -0.0588623
0.473 0.485407 -0.0305063
0.474 0.423904 0.0303039
0.475 0.322182 0.101214
0.476 0.229794 0.16169
0.477 0.185959 0.199904
0.478 0.20678 0.215238
0.479 0.287418 0.217065
0.48 0.411897 0.22004
0.481 0.558439 0.236097
0.482 0.698036 0.266043
0.483 0.794494 0.29588
0.484 0.812109 0.301129
0.485 0.727229 0.25729
0.486 0.536373 0.151033
0.487 0.25926 -0.0127111
0.488 -0.0609849 -0.209886
0.489 -0.361716 -0.402876
0.49 -0.57337 -0.551463
0.491 -0.640994 -0.625991
0.492 -0.546402 -0.61744
0.493 -0.319324 -0.539749
0.494 -0.0313938 -0.423356
0.495 0.224969 -0.302949
0.496 0.366417 -0.20449
0.497 0.349197 -0.136279
0.498 0.189552 -0.0873222
0.499 -0.0369872 -0.0338821
0.5 -0.220922 0.0482125
0.501 -0.260084 0.170943
0.502 -0.100367 0.32678
0.503 0.239795 0.489438
0.504 0.669834 0.622071
0.505 1.0532 0.689963
0.506 1.25315 0.673386
0.507 1.18431 0.575689
0.508 0.849401 0.422873
0.509 0.343918 0.254387
0.51 -0.17545 0.109213
0.511 -0.546015 0.0133471
0.512 -0.656793 -0.0269216
0.513 -0.48824 -0.0246334
0.514 -0.120618 -0.00540031
0.515 0.292824 0.00360097
0.516 0.580695 -0.0149199
0.517 0.617683 -0.0613538
0.518 0.373093 -0.120129
0.519 -0.0762183 -0.167929
0.52 -0.573325 -0.184443
0.521 -0.938129 -0.160596
0.522 -1.03301 -0.101922
0.523 -0.813854 -0.0268719
0.524 -0.347383 0.039573
0.525 0.212555 0.0754107
0.526 0.681508 0.0706521
0.527 0.912043 0.031333
0.528 0.846538 -0.0238127
0.529 0.536444 -0.0717251
0.53 0.122724 -0.093423
0.531 -0.215509 -0.0792577
0.532 -0.327265 -0.0308864
0.533 -0.146845 0.0398124
0.534 0.281212 0.115383
0.535 0.819841 0.180121
0.536 1.29161 0.226515
0.537 1.54315 0.256691
0.538 1.49731 0.278068
0.539 1.17679 0.297076
0.54 0.693673 0.315382
0.541 0.208489 0.329356
0.542 -0.128513 0.330878
0.543 -0.232079 0.309202
0.544 -0.109973 0.255108
0.545 0.146618 0.166559
0.546 0.403747 0.0519822
0.547 0.537385 -0.0721893
0.548 0.477709 -0.188369
0.549 0.231574 -0.283847
0.55 -0.122075 -0.352565
0.551 -0.462245 -0.394044
0.552 -0.671463 -0.412019
0.553 -0.67909 -0.412545
0.554 -0.484729 -0.40026
0.555 -0.1538 -0.374358
0.556 0.209904 -0.328245
0.557 0.501733 -0.2545
0.558 0.649961 -0.151607
0.559 0.635721 -0.0270417
0.56 0.493662 0.104703
0.561 0.293617 0.22614
0.562 0.111234 0.320368
0.563 0.000625088 0.374773
0.564 -0.0203587 0.385382
0.565 0.0306082 0.359297
0.566 0.112742 0.311909
0.567 0.18001 0.259496
0.568 0.198508 0.212334
0.569 0.157889 0.172786
0.57 0.072546 0.137801
0.571 -0.0276086 0.102192
0.572 -0.110825 0.0611318
0.573 -0.153772 0.0129584
0.574 -0.144886 -0.0377477
0.575 -0.0830812 -0.0796317
0.576 0.0243885 -0.0988998
0.577 0.163613 -0.0864537
0.578 0.316091 -0.0426439
0.579 0.461346 0.0233103
0.58 0.578863 0.0973501
0.581 0.649198 0.164542
0.582 0.656511 0.211987
0.583 0.594215 0.231755
0.584 0.471354 0.223571
0.585 0.314516 0.194766
0.586 0.16193 0.156151
0.587 0.0512602 0.116273
0.588 0.00637845 0.0782303
0.589 0.0285485 0.040633
0.59 0.0951599 0.000559095
0.591 0.166685 -0.0442133
0.592 0.20064 -0.0940549
0.593 0.168648 -0.146347
0.594 0.0699929 -0.194629
0.595 -0.0647988 -0.229756
0.596 -0.182997 -0.243471
0.597 -0.22872 -0.232111
0.598 -0.164978 -0.197772
0.599 0.00999552 -0.146649
0.6 0.258836 -0.0864054
0.601 0.515649 -0.024219
0.602 0.707976 0.0345001
0.603 0.782375 0.0872044
0.604 0.723839 0.134456
0.605 0.561631 0.178371
0.606 0.359303 0.219934
0.607 0.192039 0.257207
0.608 0.119144 0.28574
0.609 0.161893 0.300505
0.61 0.29532 0.297894
0.611 0.457488 0.276944
0.612 0.573241 0.239958
0.613 0.583233 0.192452
0.614 0.466597 0.141856
0.615 0.248778 0.0948928
0.616 -0.00777243 0.0549857
0.617 -0.226353 0.0213165
0.618 -0.343783 -0.0100029
0.619 -0.333013 -0.0434957
0.62 -0.212376 -0.0818755
0.621 -0.0380126 -0.124458
0.622 0.117925 -0.166785
0.623 0.194707 -0.201592
0.624 0.165188 -0.221068
0.625 0.044561 -0.219705
0.626 -0.116803 -0.196503
0.627 -0.253083 -0.155539
0.628 -0.307377 -0.10456
0.629 -0.251596 -0.0521214
0.63 -0.0951599 -0.00442768
0.631 0.119824 0.0366372
0.632 0.334539 0.0734177
0.633 0.494334 0.110549
0.634 0.566795 0.152261
0.635 0.550816 0.20009
0.636 0.473773 0.251599
0.637 0.378433 0.300229
0.638 0.305579 0.336609
0.639 0.279751 0.351469
0.64 0.302914 0.339245
0.641 0.356685 0.300494
0.642 0.410716 0.241645
0.643 0.433874 0.172409
0.644 0.405005 0.102571
0.645 0.320091 0.0397091
0.646 0.193152 -0.0119798
0.647 0.0504818 -0.0521368
0.648 -0.0788117 -0.0837667
0.649 -0.171235 -0.111268
0.65 -0.213347 -0.137429
0.651 -0.202608 -0.161196
0.652 -0.146484 -0.177882
0.653 -0.0605003 -0.181598
0.654 0.0352932 -0.168066
0.655 0.121303 -0.136237
0.656 0.183143 -0.0886298
0.657 0.214168 -0.0310389
0.658 0.215451 0.0283447
0.659 0.194731 0.0808416
0.66 0.165219 0.119958
0.661 0.143115 0.143391
0.662 0.142612 0.153001
0.663 0.169761 0.152909
0.664 0.218623 0.147219
0.665 0.272345 0.138628
0.666 0.308929 0.128065
0.667 0.308954 0.11499
0.668 0.262455 0.0981878
0.669 0.173666 0.0770612
0.67 0.0623783 0.052923
0.671 -0.0400346 0.0293036
0.672 -0.100439 0.0107844
0.673 -0.0962993 0.00109711
0.674 -0.0249725 0.00171458
0.675 0.0944083 0.011472
0.676 0.227056 0.0270416
0.677 0.333779 0.0440288
0.678 0.383569 0.058563
0.679 0.36428 0.0689435
0.68 0.287818 0.0763642
0.681 0.186455 0.0839082
0.682 0.100383 0.0942687
0.683 0.0617065 0.107757
0.684 0.0820922 0.121757
0.685 0.148961 0.131539
0.686 0.230729 0.131761
0.687 0.288316 0.11828
0.688 0.289294 0.0900847
0.689 0.220814 0.0507406
0.69 0.0962193 0.00817977
0.691 -0.048963 -0.0278852
0.692 -0.170818 -0.0498964
0.693 -0.233901 -0.0554836
0.694 -0.223386 -0.0480353
0.695 -0.148503 -0.0349583
0.696 -0.0379388 -0.0247893
0.697 0.0701479 -0.0242052
0.698 0.141047 -0.0354841
0.699 0.156181 -0.0549995
0.7 0.120227 -0.0737823
0.701 0.0581012 -0.0807626
0.702 0.00293437 -0.0675666
0.703 -0.0181027 -0.032395
0.704 0.00682876 0.0190017
0.705 0.072061 0.075456
0.706 0.157742 0.124317
0.707 0.23648 0.155552
0.708 0.282434 0.164929
0.709 0.281057 0.15557
0.71 0.234958 0.137024
0.711 0.161793 0.121583
0.712 0.0853694 0.119079
0.713 0.0257525 0.132587
0.714 -0.00650843 0.157068
0.715 -0.0112965 0.181438
0.716 0.0028857 0.19288
0.717 0.0221033 0.181604
0.718 0.0319331 0.144541
0.719 0.0234561 0.0868614
0.72 -0.00304199 0.0205664
0.721 -0.0394448 -0.0396236
0.722 -0.0749232 -0.0814701
0.723 -0.100716 -0.0992862
0.724 -0.111995 -0.0952793
0.725 -0.107515 -0.0778969
0.726 -0.0889235 -0.0581135
0.727 -0.0601293 -0.0451014
0.728 -0.0258238 -0.0426965
0.729 0.0105455 -0.0479752
0.73 0.0474272 -0.0527389
0.731 0.0836487 -0.0473503
0.732 0.116557 -0.0250414
0.733 0.142097 0.0152844
0.734 0.156877 0.068673
0.735 0.16023 0.125833
0.736 0.154684 0.176017
0.737 0.145089 0.210264
0.738 0.137343 0.224203
0.739 0.136642 0.219289
0.74 0.144863 0.201564
0.741 0.158243 0.17851
0.742 0.167667 0.155848
0.743 0.162381 0.135944
0.744 0.135218 0.118122
0.745 0.0862164 0.0999724
0.746 0.0230358 0.0787767
0.747 -0.0412229 0.0528598
0.748 -0.0916507 0.0228001
0.749 -0.116163 -0.00821196
0.75 -0.110359 -0.0355369
0.751 -0.0803384 -0.0552342
0.752 -0.0410652 -0.0657065
0.753 -0.0103198 -0.067794
0.754 -0.00131614 -0.0636052
0.755 -0.017791 -0.0552158
0.756 -0.0532914 -0.0439933
0.757 -0.0939115 -0.0304359
0.758 -0.123069 -0.0142708
0.759 -0.127351 0.00499712
0.76 -0.102017 0.0270164
0.761 -0.0537259 0.0496788
0.762 0.00155637 0.0692731
0.763 0.0449939 0.0818563
0.764 0.0624522 0.0850373
0.765 0.0495368 0.0791113
0.766 0.0124583 0.0670691
0.767 -0.0346433 0.0536732
0.768 -0.0745654 0.0438984
0.769 -0.0928731 0.0410215
0.77 -0.0831001 0.045065
0.771 -0.0492452 0.0525824
0.772 -0.00413164 0.0581588
0.773 0.0358387 0.0569061
0.774 0.0570629 0.0466793
0.775 0.0534587 0.0291053
0.776 0.0280583 0.00923909
0.777 -0.00852117 -0.00595652
0.778 -0.0419872 -0.0100373
0.779 -0.0594727 0.000215764
0.78 -0.0541504 0.0230509
0.781 -0.0276181 0.0521177
0.782 0.0109055 0.0789291
0.783 0.0481634 0.0961108
0.784 0.0716627 0.0999107
0.785 0.0738995 0.0911973
0.786 0.0547051 0.074963
0.787 0.0210686 0.0585485
0.788 -0.0155345 0.0488698
0.789 -0.0433855 0.0494754
0.79 -0.0546687 0.0588857
0.791 -0.0478958 0.0712796
0.792 -0.027876 0.0791666
0.793 -0.00360131 0.0765322
0.794 0.0149909 0.0610469
0.795 0.0203998 0.0348118
0.796 0.010195 0.00372999
0.797 -0.0120182 -0.0243358
0.798 -0.0379457 -0.0422851
0.799 -0.0579185 -0.046424
0.8 -0.0646324 -0.0376902
0.801 -0.0555345 -0.0208039
0.802 -0.0331229 -0.00199191
0.803 -0.00367706 0.0134124
0.804 0.0247341 0.0225847
0.805 0.0445511 0.0258068
0.806 0.0511008 0.0260579
0.807 0.0443203 0.0276164
0.808 0.0286911 0.0340213
0.809 0.0110336 0.0463268
0.81 -0.0025783 0.0626381
0.811 -0.00892127 0.0790784
0.812 -0.00803079 0.091402
0.813 -0.00258367 0.0963812
0.814 0.00298877 0.0926404
0.815 0.00370479 0.0809465
0.816 -0.00413079 0.0638804
0.817 -0.0209993 0.0448229
0.818 -0.0435691 0.0266121
0.819 -0.0661667 0.0106567
0.82 -0.0832856 -0.00297264
0.821 -0.0914415 -0.0147642
0.822 -0.0897711 -0.0250444
0.823 -0.0798937 -0.0336986
0.824 -0.0654641 -0.0401948
0.825 -0.0511903 -0.0437321
0.826 -0.0411026 -0.0435751
0.827 -0.0367498 -0.039588
0.828 -0.0366171 -0.0326244
0.829 -0.0372624 -0.0243031
0.83 -0.0352215 -0.0161646
0.831 -0.0284697 -0.00883646
0.832 -0.0170906 -0.00184301
0.833 -0.00331826 0.00591865
0.834 0.00909575 0.0154711
0.835 0.0163183 0.0271593
0.836 0.0162601 0.0402494
0.837 0.00973712 0.0528185
0.838 9.41479e-05 0.0621728
0.839 -0.00842411 0.0658881
0.84 -0.0124024 0.0630471
0.841 -0.0103471 0.0548933
0.842 -0.00317112 0.0444337
0.843 0.00594312 0.0352486
0.844 0.0126653 0.03016
0.845 0.0135501 0.0302624
0.846 0.00793497 0.034528
0.847 -0.00165966 0.0400851
0.848 -0.0109766 0.0432191
0.849 -0.0161991 0.0408791
0.85 -0.015447 0.0320671
0.851 -0.00923646 0.018361
0.852 -0.000344562 0.00327845
0.853 0.00683891 -0.00914773
0.854 0.00784621 -0.0158803
0.855 0.000339334 -0.0159114
0.856 -0.0142943 -0.0105503
0.857 -0.0312976 -0.00291019
0.858 -0.0447875 0.00328678
0.859 -0.0503572 0.00520351
0.86 -0.0465497 0.00206815
0.861 -0.0349848 -0.0045299
0.862 -0.01971 -0.011373
0.863 -0.00601993 -0.0149913
0.864 0.00137857 -0.0130405
0.865 0.000452393 -0.00516302
0.866 -0.00701716 0.00690117
0.867 -0.0162163 0.0199324
0.868 -0.0216512 0.0303686
0.869 -0.0196324 0.0355774
0.87 -0.00966146 0.0347687
0.871 0.00552239 0.0291443
0.872 0.0208997 0.0212408
0.873 0.0308576 0.0138272
0.874 0.0313154 0.00888234
0.875 0.0215491 0.00701506
0.876 0.00469997 0.00743683
0.877 -0.0134579 0.00843149
0.878 -0.0268542 0.0081572
0.879 -0.0314042 0.00549477
0.88 -0.0263803 0.000572182
0.881 -0.0145736 -0.00530624
0.882 -0.00124244 -0.0102748
0.883 0.00792976 -0.012696
0.884 0.00919406 -0.0117292
0.885 0.00232107 -0.00752306
0.886 -0.00943169 -0.00108594
0.887 -0.020874 0.00607258
0.888 -0.0270578 0.0124526
0.889 -0.0251401 0.0170777
0.89 -0.0154278 0.0197622
0.891 -0.00137554 0.0209565
0.892 0.0115987 0.0212801
0.893 0.0182726 0.0210925
0.894 0.0158975 0.0203658
0.895 0.00539471 0.0188326
0.896 -0.00918216 0.0162193
0.897 -0.0224868 0.0124385
0.898 -0.029974 0.00772848
0.899 -0.0294174 0.00271489
0.9 -0.0215493 -0.00170772
0.901 -0.00976138 -0.00472071
0.902 0.00115255 -0.00597935
0.903 0.00695203 -0.00576974
0.904 0.00580779 -0.00479733
0.905 -0.000943898 -0.00376884
0.906 -0.00957861 -0.00304269
0.907 -0.0157736 -0.00250391
0.908 -0.016418 -0.00165058
0.909 -0.0107148 0.000174987
0.91 -0.000367469 0.00345508
0.911 0.0110612 0.00815197
0.912 0.0194488 0.0135363
0.913 0.0217275 0.0183525
0.914 0.0171728 0.021283
0.915 0.00770018 0.0214765
0.916 -0.00301639 0.018882
0.917 -0.011122 0.0142674
0.918 -0.0140735 0.00894624
0.919 -0.0114643 0.00432005
0.92 -0.00499527 0.00138178
0.921 0.00229095 0.000362176
0.922 0.00723307 0.000688296
0.923 0.00780889 0.00128926
0.924 0.00392883 0.00110077
0.925 -0.00259412 -0.000467852
0.926 -0.00887374 -0.00328844
0.927 -0.0121718 -0.00656151
0.928 -0.0109781 -0.00912603
0.929 -0.00555553 -0.00992298
0.93 0.0022052 -0.00844118
0.931 0.00954654 -0.00495157
0.932 0.0139333 -0.000412961
0.933 0.0140324 0.00390284
0.934 0.0101703 0.00688326
0.935 0.00409892 0.00794864
0.936 -0.0017712 0.00721002
0.937 -0.0053062 0.0053808
0.938 -0.00539963 0.00348056
0.939 -0.00231411 0.00243128
0.94 0.00248374 0.00269989
0.941 0.00695146 0.0041418
0.942 0.00932639 0.00611054
0.943 0.00883169 0.00776382
0.944 0.00591245 0.00841409
0.945 0.00193372 0.00778301
0.946 -0.00145465 0.00608172
0.947 -0.00297236 0.00390552
0.948 -0.0021471 0.00198981
0.949 0.000562308 0.000921195
0.95 0.00397332 0.000919206
0.951 0.00665876 0.00177774
0.952 0.00752561 0.0029797
0.953 0.00624027 0.00392094
0.954 0.00330536 0.00414599
0.955 -0.000222254 0.00350809
0.956 -0.00319927 0.00220017
0.957 -0.00482103 0.000652536
0.958 -0.00485448 -0.000653277
0.959 -0.00364294 -0.00137169
0.96 -0.0019142 -0.00140417
0.961 -0.000466609 -0.000900174
0.962 0.000148826 -0.000166752
0.963 -0.000179126 0.000465537
0.964 -0.00113026 0.00077008
0.965 -0.0021414 0.000700671
0.966 -0.00267257 0.000387061
0.967 -0.00242718 5.3425e-05
0.968 -0.00144481 -9.66382e-05
0.969 -5.00055e-05 3.09212e-05
0.97 0.00130428 0.000395866
0.971 0.00222394 0.000860209
0.972 0.00251245 0.00125502
0.973 0.00221432 0.00144674
0.974 0.0015634 0.00138377
0.975 0.000869434 0.00110977
0.976 0.000391176 0.000737146
0.977 0.000244806 0.000392233
0.978 0.000381608 0.000160978
0.979 0.00063961 6.29393e-05
0.98 0.000838174 6.14384e-05
0.981 0.000863002 9.54071e-05
0.982 0.000701544 0.000111612
0.983 0.000425436 8.45903e-05
0.984 0.000143595 2.13972e-05
0.985 -4.79097e-05 -4.7779e-05
0.986 -0.000102187 -8.86119e-05
0.987 -3.41352e-05 -8.17959e-05
0.988 9.43682e-05 -3.20013e-05
0.989 0.000209537 3.73562e-05
0.99 0.000261756 9.82607e-05
0.991 0.000242563 0.000131436
0.992 0.000176876 0.000132312
0.993 0.000101301 0.000109112
0.994 4.39502e-05 7.6121e-05
0.995 1.4775e-05 4.60639e-05
0.996 7.33804e-06 2.51793e-05
0.997 8.09738e-06 1.30187e-05
0.998 6.94532e-06 6.04082e-06
0.999 2.60007e-06 1.70357e-06
0.12 0.416182 -0.183879
0.24 0.415951 -0.183456
0.36 0.415566 -0.182752
0.48 0.415025 -0.181772
0.6 0.41433 -0.180519
0.72 0.413479 -0.178998
0.84 0.412472 -0.177217
0.96 0.411307 -0.175183
1.08 0.409985 -0.172904
1.2 0.408505 -0.170392
1.32 0.406866 -0.167656
1.44 0.405067 -0.164708
1.56 0.403109 -0.161562
1.68 0.400992 -0.158229
1.8 0.398717 -0.154725
1.92 0.396283 -0.151063
2.04 0.393692 -0.14726
2.16 0.390946 -0.143331
2.28 0.388047 -0.139291
2.4 0.384998 -0.135157
2.52 0.381801 -0.130947
2.64 0.378463 -0.126675
2.76 0.374986 -0.12236
2.88 0.371376 -0.118017
3 0.36764 -0.113664
3.12 0.363784 -0.109316
3.24 0.359817 -0.104989
3.36 0.355746 -0.1007
3.48 0.351582 -0.0964624
3.6 0.347332 -0.0922917
3.72 0.343009 -0.0882016
3.84 0.338624 -0.0842054
3.96 0.334187 -0.0803157
4.08 0.329712 -0.0765443
4.2 0.325211 -0.0729021
4.32 0.320698 -0.0693992
4.44 0.316186 -0.0660447
4.56 0.311688 -0.0628467
4.68 0.307219 -0.0598126
4.8 0.302792 -0.0569484
4.92 0.298421 -0.0542594
5.04 0.294121 -0.0517498
5.16 0.289904 -0.0494225
5.28 0.285783 -0.0472797
5.4 0.28177 -0.0453225
5.52 0.277879 -0.0435508
5.64 0.274119 -0.0419636
5.76 0.270502 -0.0405592
5.88 0.267036 -0.0393344
6 0.26373 -0.0382856
6.12 0.260591 -0.0374081
6.24 0.257626 -0.0366963
6.36 0.254839 -0.0361438
6.48 0.252234 -0.0357437
6.6 0.249812 -0.0354883
6.72 0.247575 -0.035369
6.84 0.245521 -0.0353769
6.96 0.243649 -0.0355026
7.08 0.241954 -0.0357361
7.2 0.240431 -0.036067
7.32 0.239074 -0.0364846
7.44 0.237874 -0.036978
7.56 0.236821 -0.0375361
7.68 0.235904 -0.0381474
7.8 0.235111 -0.0388007
7.92 0.234428 -0.0394845
8.04 0.233841 -0.0401875
8.16 0.233333 -0.0408983
8.28 0.232888 -0.041606
8.4 0.232489 -0.0422996
8.52 0.232117 -0.0429686
8.64 0.231753 -0.0436027
8.76 0.231378 -0.044192
8.88 0.230973 -0.0447271
9 0.230518 -0.0451991
9.12 0.229994 -0.0455994
9.24 0.229381 -0.0459201
9.36 0.228661 -0.046154
9.48 0.227814 -0.0462943
9.6 0.226824 -0.0463351
9.72 0.225674 -0.0462708
9.84 0.224347 -0.0460969
9.96 0.222829 -0.0458093
10.08 0.221107 -0.0454048
10.2 0.219167 -0.0448809
10.32 0.217 -0.0442358
10.44 0.214596 -0.0434684
10.56 0.211947 -0.0425784
10.68 0.209049 -0.0415663
10.8 0.205898 -0.0404331
10.92 0.202491 -0.0391808
11.04 0.198828 -0.0378118
11.16 0.194912 -0.0363294
11.28 0.190746 -0.0347374
11.4 0.186336 -0.0330404
11.52 0.18169 -0.0312434
11.64 0.176817 -0.0293521
11.76 0.171729 -0.0273728
11.88 0.166439 -0.025312
12 0.160963 -0.0231771
12.12 0.155316 -0.0209754
12.24 0.149516 -0.0187151
12.36 0.143584 -0.0164045
12.48 0.137539 -0.0140521
12.6 0.131403 -0.0116667
12.72 0.1252 -0.00925748
12.84 0.118952 -0.00683357
12.96 0.112683 -0.00440427
13.08 0.106419 -0.00197895
13.2 0.100184 0.000433036
13.32 0.0940032 0.00282236
13.44 0.0879013 0.00517981
13.56 0.0819033 0.00749627
13.68 0.0760334 0.00976285
13.8 0.0703154 0.0119709
13.92 0.0647724 0.0141119
14.04 0.0594265 0.0161779
14.16 0.0542988 0.0181612
14.28 0.0494092 0.0200544
14.4 0.0447763 0.0218506
14.52 0.0404171 0.0235435
14.64 0.0363472 0.025127
14.76 0.0325804 0.026596
14.88 0.0291288 0.0279454
15 0.0260027 0.0291712
15.12 0.0232102 0.0302697
15.24 0.0207578 0.0312379
15.36 0.0186498 0.0320734
15.48 0.0168884 0.0327746
15.6 0.015474 0.0333404
15.72 0.0144046 0.0337704
15.84 0.0136767 0.0340648
15.96 0.0132843 0.0342246
16.08 0.0132199 0.0342514
16.2 0.0134738 0.0341473
16.32 0.0140348 0.0339152
16.44 0.0148897 0.0335584
16.56 0.016024 0.0330811
16.68 0.0174215 0.0324877
16.8 0.0190647 0.0317833
16.92 0.0209348 0.0309736
17.04 0.0230119 0.0300645
17.16 0.0252752 0.0290625
17.28 0.027703 0.0279746
17.4 0.0302727 0.0268077
17.52 0.0329617 0.0255696
17.64 0.0357464 0.0242678
17.76 0.0386034 0.0229105
17.88 0.0415092 0.0215056
18 0.0444401 0.0200614
18.12 0.047373 0.0185863
18.24 0.0502848 0.0170885
18.36 0.0531532 0.0155764
18.48 0.0559566 0.014058
18.6 0.0586739 0.0125416
18.72 0.0612851 0.011035
18.84 0.0637713 0.00954581
18.96 0.0661145 0.00808155
19.08 0.0682981 0.00664931
19.2 0.0703067 0.00525585
19.32 0.0721264 0.00390756
19.44 0.0737446 0.00261044
19.56 0.0751504 0.00137001
19.68 0.0763343 0.000191355
19.8 0.0772884 -0.000920958
19.92 0.0780064 -0.00196286
20.04 0.0784837 -0.00293083
20.16 0.0787171 -0.00382187
20.28 0.0787053 -0.00463355
20.4 0.0784482 -0.00536399
20.52 0.0779476 -0.00601186
20.64 0.0772065 -0.00657641
20.76 0.0762296 -0.00705743
20.88 0.0750228 -0.00745523
21 0.0735933 -0.00777067
21.12 0.0719498 -0.00800511
21.24 0.0701018 -0.0081604
21.36 0.0680602 -0.00823885
21.48 0.0658367 -0.0082432
21.6 0.063444 -0.0081766
21.72 0.0608953 -0.0080426
21.84 0.058205 -0.00784504
21.96 0.0553876 -0.0075881
22.08 0.0524583 -0.00727623
22.2 0.0494326 -0.00691406
22.32 0.0463263 -0.00650646
22.44 0.0431554 -0.00605841
22.56 0.0399358 -0.005575
22.68 0.0366836 -0.00506138
22.8 0.0334145 -0.00452273
22.92 0.0301441 -0.00396417
23.04 0.0268876 -0.00339082
23.16 0.02366 -0.00280764
23.28 0.0204754 -0.00221948
23.4 0.0173478 -0.00163102
23.52 0.0142902 -0.00104673
23.64 0.0113151 -0.000470836
23.76 0.0084341 9.2696e-05
23.88 0.00565813 0.000640192
24 0.00299718 0.00116829
24.12 0.000460378 0.00167397
24.24 -0.00194407 0.00215454
24.36 -0.0042089 0.0026077
24.48 -0.00632782 0.0030315
24.6 -0.00829548 0.00342439
24.72 -0.0101075 0.00378518
24.84 -0.0117606 0.00411307
24.96 -0.0132523 0.00440765
25.08 -0.0145811 0.00466886
25.2 -0.0157464 0.00489703
25.32 -0.0167488 0.00509281
25.44 -0.0175893 0.00525719
25.56 -0.0182701 0.0053915
25.68 -0.0187941 0.00549732
25.8 -0.0191648 0.00557652
25.92 -0.0193868 0.00563124
26.04 -0.019465 0.00566379
26.16 -0.0194051 0.00567669
26.28 -0.0192132 0.00567264
26.4 -0.0188962 0.00565444
26.52 -0.0184612 0.005625
26.64 -0.0179157 0.00558728
26.76 -0.0172678 0.0055443
26.88 -0.0165255 0.00549906
27 -0.0156973 0.00545454
27.12 -0.0147917 0.00541367
27.24 -0.0138176 0.00537927
27.36 -0.0127835 0.00535406
27.48 -0.0116984 0.00534061
27.6 -0.0105707 0.00534132
27.72 -0.00940928 0.00535842
27.84 -0.00822244 0.00539389
27.96 -0.00701847 0.00544952
28.08 -0.0058054 0.00552683
28.2 -0.00459098 0.00562709
28.32 -0.00338264 0.0057513
28.44 -0.00218749 0.00590017
28.56 -0.00101225 0.00607415
28.68 0.000136764 0.00627337
28.8 0.00125364 0.00649771
28.92 0.00233294 0.00674675
29.04 0.00336965 0.00701977
29.16 0.00435927 0.00731582
29.28 0.00529774 0.00763365
29.4 0.00618154 0.00797179
29.52 0.0070076 0.00832853
29.64 0.00777337 0.00870193
29.76 0.00847678 0.00908986
29.88 0.00911626 0.00949003
30 0.00969071 0.00989996
30.12 0.0101995 0.0103171
30.24 0.0106424 0.0107386
30.36 0.0110198 0.0111619
30.48 0.0113322 0.0115839
30.6 0.0115808 0.0120019
30.72 0.011767 0.012413
30.84 0.0118926 0.0128142
30.96 0.0119598 0.0132028
31.08 0.0119709 0.0135759
31.2 0.0119287 0.0139309
31.32 0.0118362 0.0142652
31.44 0.0116965 0.0145763
31.56 0.011513 0.0148621
31.68 0.0112891 0.0151204
31.8 0.0110286 0.0153492
31.92 0.0107352 0.0155469
32.04 0.0104127 0.0157119
32.16 0.0100649 0.0158429
32.28 0.0096958 0.015939
32.4 0.00930913 0.0159994
32.52 0.00890875 0.0160234
32.64 0.00849842 0.0160108
32.76 0.00808178 0.0159615
32.88 0.0076624 0.0158758
33 0.00724368 0.0157541
33.12 0.00682888 0.015597
33.24 0.00642111 0.0154055
33.36 0.00602326 0.0151807
33.48 0.00563805 0.014924
33.6 0.00526798 0.014637
33.72 0.00491532 0.0143213
33.84 0.00458211 0.0139788
33.96 0.00427015 0.0136116
34.08 0.00398103 0.013222
34.2 0.00371605 0.012812
34.32 0.00347629 0.0123843
34.44 0.00326259 0.0119412
34.56 0.00307554 0.0114852
34.68 0.00291549 0.011019
34.8 0.00278257 0.0105451
34.92 0.00267669 0.010066
35.04 0.00259752 0.00958427
35.16 0.00254457 0.00910248
35.28 0.00251713 0.00862304
35.4 0.00251432 0.00814831
35.52 0.00253509 0.00768057
35.64 0.00257825 0.00722197
35.76 0.00264247 0.00677455
35.88 0.00272631 0.00634022
36 0.00282822 0.00592073
36.12 0.00294656 0.00551768
36.24 0.00307964 0.0051325
36.36 0.00322571 0.00476645
36.48 0.00338297 0.00442062
36.6 0.00354963 0.0040959
36.72 0.00372388 0.00379301
36.84 0.00390392 0.00351248
36.96 0.00408798 0.00325468
37.08 0.00427435 0.00301976
37.2 0.00446135 0.00280771
37.32 0.00464739 0.00261837
37.44 0.00483093 0.00245138
37.56 0.00501056 0.00230623
37.68 0.00518493 0.00218228
37.8 0.00535283 0.00207874
37.92 0.00551312 0.00199467
38.04 0.00566482 0.00192904
38.16 0.00580706 0.00188069
38.28 0.00593908 0.0018484
38.4 0.00606027 0.00183084
38.52 0.00617012 0.00182661
38.64 0.00626829 0.00183427
38.76 0.00635451 0.00185234
38.88 0.00642868 0.00187931
39 0.00649079 0.00191364
39.12 0.00654095 0.0019538
39.24 0.00657938 0.00199829
39.36 0.0066064 0.0020456
39.48 0.0066224 0.00209427
39.6 0.0066279 0.00214288
39.72 0.00662345 0.00219008
39.84 0.00660968 0.00223458
39.96 0.00658729 0.00227514
40.08 0.00655701 0.00231063
40.2 0.0065196 0.00234
40.32 0.00647588 0.0023623
40.44 0.00642665 0.00237665
40.56 0.00637272 0.00238231
40.68 0.00631492 0.00237862
40.8 0.00625405 0.00236505
40.92 0.0061909 0.00234116
41.04 0.0061262 0.00230663
41.16 0.00606068 0.00226124
41.28 0.005995 0.00220487
41.4 0.00592979 0.00213754
41.52 0.00586561 0.00205934
41.64 0.00580294 0.00197045
41.76 0.00574224 0.00187117
41.88 0.00568386 0.00176187
42 0.00562809 0.001643
42.12 0.00557515 0.00151511
42.24 0.0055252 0.00137879
42.36 0.00547829 0.0012347
42.48 0.00543443 0.00108357
42.6 0.00539355 0.000926159
42.72 0.00535551 0.000763273
42.84 0.00532009 0.000595753
42.96 0.00528704 0.000424464
43.08 0.00525602 0.000250288
43.2 0.00522666 7.41156e-05
43.32 0.00519853 -0.000103157
43.44 0.00517117 -0.000280638
43.56 0.00514407 -0.000457448
43.68 0.00511671 -0.000632723
43.8 0.00508854 -0.000805625
43.92 0.00505899 -0.00097534
44.04 0.00502749 -0.00114109
44.16 0.00499347 -0.00130214
44.28 0.00495635 -0.0014578
44.4 0.00491558 -0.00160741
44.52 0.00487062 -0.00175038
44.64 0.00482096 -0.00188616
44.76 0.00476611 -0.00201427
44.88 0.00470563 -0.00213427
45 0.00463912 -0.0022458
45.12 0.00456619 -0.00234853
45.24 0.00448656 -0.00244223
45.36 0.00439994 -0.00252669
45.48 0.00430614 -0.00260178
45.6 0.004205 -0.00266743
45.72 0.00409644 -0.00272362
45.84 0.00398041 -0.0027704
45.96 0.00385696 -0.00280786
46.08 0.00372616 -0.00283615
46.2 0.00358815 -0.00285546
46.32 0.00344315 -0.00286602
46.44 0.00329142 -0.00286814
46.56 0.00313325 -0.00286213
46.68 0.00296902 -0.00284836
46.8 0.00279913 -0.00282722
46.92 0.00262404 -0.00279914
47.04 0.00244423 -0.00276457
47.16 0.00226023 -0.00272399
47.28 0.0020726 -0.0026779
47.4 0.00188191 -0.00262679
47.52 0.00168878 -0.00257119
47.64 0.00149381 -0.00251164
47.76 0.00129764 -0.00244866
47.88 0.0011009 -0.00238279
48 0.000904219 -0.00231456
48.12 0.000708239 -0.00224451
48.24 0.000513576 -0.00217315
48.36 0.000320837 -0.00210099
48.48 0.000130614 -0.00202852
48.6 -5.65244e-05 -0.00195623
48.72 -0.000240036 -0.00188458
48.84 -0.000419408 -0.001814
48.96 -0.000594157 -0.00174491
49.08 -0.000763837 -0.00167771
49.2 -0.000928037 -0.00161277
49.32 -0.00108639 -0.00155042
49.44 -0.00123856 -0.00149098
49.56 -0.00138427 -0.00143472
49.68 -0.00152326 -0.00138192
49.8 -0.00165534 -0.00133277
49.92 -0.00178034 -0.00128749
50.04 -0.00189815 -0.00124623
50.16 -0.0020087 -0.00120913
50.28 -0.00211195 -0.00117627
50.4 -0.00220791 -0.00114774
50.52 -0.00229662 -0.00112357
50.64 -0.00237816 -0.00110378
50.76 -0.00245264 -0.00108834
50.88 -0.0025202 -0.00107722
51 -0.00258103 -0.00107034
51.12 -0.00263532 -0.00106761
51.24 -0.0026833 -0.0010689
51.36 -0.0027252 -0.00107408
51.48 -0.00276128 -0.00108299
51.6 -0.00279183 -0.00109544
51.72 -0.00281713 -0.00111122
51.84 -0.00283748 -0.00113014
51.96 -0.00285317 -0.00115195
52.08 -0.00286451 -0.00117642
52.2 -0.00287181 -0.00120329
52.32 -0.00287537 -0.00123229
52.44 -0.00287548 -0.00126317
52.56 -0.00287245 -0.00129564
52.68 -0.00286654 -0.00132943
52.8 -0.00285804 -0.00136426
52.92 -0.00284721 -0.00139985
53.04 -0.00283428 -0.00143591
53.16 -0.0028195 -0.00147219
53.28 -0.00280307 -0.0015084
53.4 -0.00278521 -0.0015443
53.52 -0.00276608 -0.00157961
53.64 -0.00274585 -0.00161411
53.76 -0.00272468 -0.00164756
53.88 -0.00270268 -0.00167973
54 -0.00267997 -0.00171043
54.12 -0.00265664 -0.00173946
54.24 -0.00263276 -0.00176664
54.36 -0.00260841 -0.00179181
54.48 -0.00258362 -0.00181483
54.6 -0.00255841 -0.00183557
54.72 -0.00253282 -0.00185393
54.84 -0.00250684 -0.00186982
54.96 -0.00248046 -0.00188316
55.08 -0.00245366 -0.0018939
55.2 -0.00242643 -0.00190201
55.32 -0.00239872 -0.00190748
55.44 -0.00237049 -0.0019103
55.56 -0.00234169 -0.00191049
55.68 -0.00231228 -0.0019081
55.8 -0.0022822 -0.00190317
55.92 -0.00225139 -0.00189579
56.04 -0.0022198 -0.00188602
56.16 -0.00218738 -0.00187397
56.28 -0.00215406 -0.00185976
56.4 -0.0021198 -0.0018435
56.52 -0.00208454 -0.00182534
56.64 -0.00204825 -0.00180541
56.76 -0.00201089 -0.00178388
56.88 -0.00197242 -0.0017609
57 -0.0019328 -0.00173663
57.12 -0.00189204 -0.00171126
57.24 -0.00185009 -0.00168495
57.36 -0.00180697 -0.00165789
57.48 -0.00176268 -0.00163025
57.6 -0.00171721 -0.00160222
57.72 -0.00167059 -0.00157396
57.84 -0.00162284 -0.00154566
57.96 -0.001574 -0.00151749
58.08 -0.00152411 -0.00148961
58.2 -0.00147321 -0.00146218
58.32 -0.00142137 -0.00143536
58.44 -0.00136864 -0.0014093
58.56 -0.00131511 -0.00138413
58.68 -0.00126085 -0.00135998
58.8 -0.00120595 -0.00133699
58.92 -0.0011505 -0.00131524
59.04 -0.0010946 -0.00129486
59.16 -0.00103837 -0.00127593
59.28 -0.000981914 -0.00125852
59.4 -0.000925352 -0.00124271
59.52 -0.000868809 -0.00122856
59.64 -0.000812415 -0.0012161
59.76 -0.000756304 -0.00120538
59.88 -0.000700616 -0.00119643
60 -0.000645494 -0.00118924
60.12 -0.000591083 -0.00118384
60.24 -0.000537534 -0.00118022
60.36 -0.000484999 -0.00117836
60.48 -0.000433633 -0.00117823
60.6 -0.000383592 -0.00117981
60.72 -0.000335035 -0.00118305
60.84 -0.000288122 -0.00118791
60.96 -0.00024301 -0.00119433
61.08 -0.000199861 -0.00120225
61.2 -0.000158831 -0.00121162
61.32 -0.00012008 -0.00122234
61.44 -8.37616e-05 -0.00123436
61.56 -5.00293e-05 -0.00124758
61.68 -1.90326e-05 -0.00126193
61.8 9.08297e-06 -0.00127732
61.92 3.41766e-05 -0.00129366
62.04 5.61129e-05 -0.00131087
62.16 7.47628e-05 -0.00132884
62.28 9.00041e-05 -0.00134749
62.4 0.000101723 -0.00136672
62.52 0.000109813 -0.00138645
62.64 0.00011418 -0.00140657
62.76 0.000114737 -0.00142699
62.88 0.00011141 -0.00144763
63 0.000104137 -0.00146839
63.12 9.28685e-05 -0.00148918
63.24 7.75682e-05 -0.00150991
63.36 5.8215e-05 -0.00153051
63.48 3.48023e-05 -0.00155088
63.6 7.33938e-06 -0.00157094
63.72 -2.41481e-05 -0.00159062
63.84 -5.96178e-05 -0.00160984
63.96 -9.90098e-05 -0.00162853
64.08 -0.000142247 -0.00164661
64.2 -0.000189233 -0.00166402
64.32 -0.000239855 -0.00168069
64.44 -0.00029398 -0.00169658
64.56 -0.000351458 -0.00171162
64.68 -0.000412121 -0.00172575
64.8 -0.000475782 -0.00173895
64.92 -0.000542236 -0.00175116
65.04 -0.000611262 -0.00176234
65.16 -0.000682622 -0.00177247
65.28 -0.000756062 -0.00178153
65.4 -0.000831313 -0.00178949
65.52 -0.000908091 -0.00179634
65.64 -0.000986102 -0.00180208
65.76 -0.00106504 -0.0018067
65.88 -0.00114458 -0.00181021
66 -0.00122439 -0.00181263
66.12 -0.00130416 -0.00181398
66.24 -0.00138352 -0.00181429
66.36 -0.00146215 -0.0018136
66.48 -0.00153968 -0.00181195
66.6 -0.00161578 -0.0018094
66.72 -0.0016901 -0.00180601
66.84 -0.00176229 -0.00180185
66.96 -0.00183203 -0.00179699
67.08 -0.00189897 -0.00179151
67.2 -0.0019628 -0.00178552
67.32 -0.00202321 -0.0017791
67.44 -0.00207991 -0.00177235
67.56 -0.00213261 -0.0017654
67.68 -0.00218104 -0.00175835
67.8 -0.00222498 -0.00175132
67.92 -0.00226419 -0.00174443
68.04 -0.00229846 -0.0017378
68.16 -0.00232763 -0.00173157
68.28 -0.00235153 -0.00172586
68.4 -0.00237004 -0.0017208
68.52 -0.00238305 -0.0017165
68.64 -0.0023905 -0.0017131
68.76 -0.00239234 -0.00171071
68.88 -0.00238855 -0.00170945
69 -0.00237914 -0.00170943
69.12 -0.00236416 -0.00171074
69.24 -0.00234368 -0.00171348
69.36 -0.00231779 -0.00171773
69.48 -0.00228663 -0.00172357
69.6 -0.00225035 -0.00173105
69.72 -0.00220914 -0.00174023
69.84 -0.00216319 -0.00175114
69.96 -0.00211275 -0.0017638
70.08 -0.00205807 -0.00177822
70.2 -0.00199943 -0.00179439
70.32 -0.00193712 -0.00181229
70.44 -0.00187145 -0.00183187
70.56 -0.00180276 -0.00185308
70.68 -0.0017314 -0.00187584
70.8 -0.0016577 -0.00190008
70.92 -0.00158205 -0.00192569
71.04 -0.0015048 -0.00195254
71.16 -0.00142634 -0.00198051
71.28 -0.00134704 -0.00200946
71.4 -0.00126728 -0.00203922
71.52 -0.00118742 -0.00206963
71.64 -0.00110785 -0.00210051
71.76 -0.00102892 -0.00213168
71.88 -0.000950988 -0.00216295
72 -0.000874387 -0.00219413
72.12 -0.000799449 -0.002225
72.24 -0.000726485 -0.00225538
72.36 -0.00065579 -0.00228507
72.48 -0.00058764 -0.00231388
72.6 -0.000522292 -0.00234161
72.72 -0.000459982 -0.00236809
72.84 -0.000400922 -0.00239314
72.96 -0.000345303 -0.0024166
73.08 -0.000293293 -0.00243834
73.2 -0.000245033 -0.0024582
73.32 -0.000200644 -0.00247609
73.44 -0.00016022 -0.00249191
73.56 -0.000123832 -0.00250558
73.68 -9.15274e-05 -0.00251704
73.8 -6.33299e-05 -0.00252626
73.92 -3.92416e-05 -0.00253323
74.04 -1.92427e-05 -0.00253797
74.16 -3.29305e-06 -0.00254052
74.28 8.66707e-06 -0.00254093
74.4 1.67154e-05 -0.00253929
74.52 2.09467e-05 -0.00253572
74.64 2.14709e-05 -0.00253033
74.76 1.84121e-05 -0.0025233
74.88 1.19067e-05 -0.00251478
75 2.10205e-06 -0.00250498
75.12 -1.08449e-05 -0.00249409
75.24 -2.67696e-05 -0.00248236
75.36 -4.55007e-05 -0.00247001
75.48 -6.68622e-05 -0.0024573
75.6 -9.0674e-05 -0.00244448
75.72 -0.000116754 -0.00243182
75.84 -0.000144918 -0.00241958
75.96 -0.000174983 -0.00240802
76.08 -0.000206764 -0.00239741
76.2 -0.00024008 -0.00238801
76.32 -0.000274751 -0.00238005
76.44 -0.000310598 -0.00237377
76.56 -0.000347447 -0.00236938
76.68 -0.000385125 -0.0023671
76.8 -0.000423464 -0.00236709
76.92 -0.000462295 -0.0023695
77.04 -0.000501455 -0.00237448
77.16 -0.000540781 -0.00238211
77.28 -0.000580113 -0.00239248
77.4 -0.000619289 -0.00240561
77.52 -0.00065815 -0.00242151
77.64 -0.000696534 -0.00244016
77.76 -0.000734279 -0.0024615
77.88 -0.000771219 -0.00248542
78 -0.000807185 -0.0025118
78.12 -0.000842003 -0.00254048
78.24 -0.000875495 -0.00257125
78.36 -0.000907475 -0.00260389
78.48 -0.000937751 -0.00263813
78.6 -0.000966124 -0.0026737
78.72 -0.000992385 -0.00271027
78.84 -0.00101632 -0.00274751
78.96 -0.0010377 -0.00278507
79.08 -0.00105629 -0.00282257
79.2 -0.00107185 -0.00285963
79.32 -0.00108413 -0.00289585
79.44 -0.00109287 -0.00293084
79.56 -0.00109779 -0.00296419
79.68 -0.00109864 -0.0029955
79.8 -0.00109513 -0.00302439
79.92 -0.00108698 -0.00305048
80.04 -0.00107391 -0.0030734
80.16 -0.00105564 -0.00309282
80.28 -0.00103189 -0.0031084
80.4 -0.00100238 -0.00311988
80.52 -0.000966853 -0.00312698
80.64 -0.000925053 -0.00312948
80.76 -0.000876735 -0.00312721
80.88 -0.000821676 -0.00312002
81 -0.000759669 -0.00310781
81.12 -0.000690532 -0.00309054
81.24 -0.000614108 -0.0030682
81.36 -0.000530271 -0.00304083
81.48 -0.000438924 -0.00300854
81.6 -0.000340008 -0.00297146
81.72 -0.000233503 -0.00292981
81.84 -0.000119428 -0.00288382
81.96 2.15284e-06 -0.00283379
82.08 0.000131129 -0.00278007
82.2 0.000267343 -0.00272304
82.32 0.000410586 -0.00266313
82.44 0.0005606 -0.00260082
82.56 0.000717073 -0.00253661
82.68 0.000879642 -0.00247103
82.8 0.00104789 -0.00240466
82.92 0.00122135 -0.00233809
83.04 0.0013995 -0.00227192
83.16 0.00158177 -0.00220679
83.28 0.00176754 -0.00214334
83.4 0.00195614 -0.00208219
83.52 0.00214688 -0.00202399
83.64 0.00233901 -0.00196937
83.76 0.00253174 -0.00191897
83.88 0.00272426 -0.00187338
84 0.00291574 -0.00183321
84.12 0.00310532 -0.001799
84.24 0.00329213 -0.0017713
84.36 0.00347528 -0.00175061
84.48 0.00365391 -0.00173739
84.6 0.00382712 -0.00173207
84.72 0.00399407 -0.00173504
84.84 0.0041539 -0.00174662
84.96 0.0043058 -0.00176712
85.08 0.004449 -0.00179677
85.2 0.00458275 -0.00183576
85.32 0.00470636 -0.00188425
85.44 0.00481922 -0.00194232
85.56 0.00492076 -0.00201003
85.68 0.00501048 -0.00208736
85.8 0.00508798 -0.00217427
85.92 0.00515292 -0.00227067
86.04 0.00520508 -0.00237643
86.16 0.00524431 -0.00249138
86.28 0.00527059 -0.0026153
86.4 0.00528397 -0.00274797
86.52 0.00528466 -0.00288912
86.64 0.00527294 -0.00303847
86.76 0.00524922 -0.0031957
86.88 0.00521404 -0.00336051
87 0.00516803 -0.00353256
87.12 0.00511198 -0.00371151
87.24 0.00504676 -0.00389705
87.36 0.00497336 -0.00408883
87.48 0.00489292 -0.00428654
87.6 0.00480664 -0.00448987
87.72 0.00471587 -0.00469853
87.84 0.00462202 -0.00491224
87.96 0.00452663 -0.00513075
88.08 0.00443131 -0.00535384
88.2 0.00433776 -0.00558131
88.32 0.00424775 -0.00581299
88.44 0.00416312 -0.00604873
88.56 0.00408574 -0.00628844
88.68 0.00401758 -0.00653203
88.8 0.00396059 -0.00677945
88.92 0.00391677 -0.00703068
89.04 0.00388815 -0.00728573
89.16 0.00387674 -0.00754463
89.28 0.00388454 -0.00780743
89.4 0.00391356 -0.0080742
89.52 0.00396574 -0.00834504
89.64 0.00404302 -0.00862005
89.76 0.00414725 -0.00889933
89.88 0.00428023 -0.00918299
90 0.00444369 -0.00947114
90.12 0.00463926 -0.00976387
90.24 0.00486849 -0.0100613
90.36 0.00513281 -0.0103634
90.48 0.00543354 -0.0106704
90.6 0.00577188 -0.0109821
90.72 0.00614887 -0.0112986
90.84 0.00656545 -0.0116199
90.96 0.00702238 -0.0119457
91.08 0.00752028 -0.0122761
91.2 0.00805962 -0.0126107
91.32 0.00864069 -0.0129494
91.44 0.00926361 -0.0132918
91.56 0.00992835 -0.0136375
91.68 0.0106347 -0.0139862
91.8 0.0113822 -0.0143372
91.92 0.0121704 -0.0146902
92.04 0.0129985 -0.0150444
92.16 0.0138656 -0.0153992
92.28 0.0147705 -0.0157538
92.4 0.0157121 -0.0161074
92.52 0.016689 -0.0164593
92.64 0.0176994 -0.0168085
92.76 0.0187417 -0.017154
92.88 0.019814 -0.017495
93 0.0209143 -0.0178303
93.12 0.0220402 -0.018159
93.24 0.0231896 -0.01848
93.36 0.02436 -0.0187923
93.48 0.0255487 -0.0190948
93.6 0.0267532 -0.0193863
93.72 0.0279706 -0.0196659
93.84 0.0291981 -0.0199326
93.96 0.0304326 -0.0201853
94.08 0.0316712 -0.0204231
94.2 0.0329108 -0.020645
94.32 0.0341482 -0.0208502
94.44 0.0353802 -0.0210379
94.56 0.0366036 -0.0212074
94.68 0.0378151 -0.0213579
94.8 0.0390114 -0.021489
94.92 0.0401894 -0.0216001
95.04 0.0413456 -0.0216908
95.16 0.042477 -0.0217609
95.28 0.0435802 -0.0218101
95.4 0.0446521 -0.0218383
95.52 0.0456896 -0.0218455
95.64 0.0466896 -0.0218318
95.76 0.0476491 -0.0217974
95.88 0.0485653 -0.0217427
96 0.0494352 -0.021668
96.12 0.0502563 -0.0215739
96.24 0.0510259 -0.0214609
96.36 0.0517416 -0.0213297
96.48 0.052401 -0.0211811
96.6 0.0530018 -0.021016
96.72 0.0535422 -0.0208352
96.84 0.0540201 -0.0206398
96.96 0.0544338 -0.0204308
97.08 0.0547819 -0.0202092
97.2 0.0550629 -0.0199762
97.32 0.0552756 -0.0197329
97.44 0.0554191 -0.0194804
97.56 0.0554926 -0.01922
97.68 0.0554955 -0.0189528
97.8 0.0554274 -0.0186799
97.92 0.0552882 -0.0184025
98.04 0.0550779 -0.0181217
98.16 0.0547968 -0.0178384
98.28 0.0544455 -0.0175538
98.4 0.0540246 -0.0172687
98.52 0.0535351 -0.0169841
98.64 0.0529781 -0.0167008
98.76 0.0523551 -0.0164194
98.88 0.0516675 -0.0161407
99 0.0509173 -0.0158652
99.12 0.0501064 -0.0155933
99.24 0.049237 -0.0153254
99.36 0.0483116 -0.0150618
99.48 0.0473326 -0.0148027
99.6 0.0463029 -0.0145481
99.72 0.0452254 -0.014298
99.84 0.0441031 -0.0140523
99.96 0.0429392 -0.0138108
100.08 0.0417371 -0.0135731
100.2 0.0405001 -0.0133389
100.32 0.039232 -0.0131076
100.44 0.0379361 -0.0128787
100.56 0.0366163 -0.0126515
100.68 0.0352763 -0.0124255
100.8 0.0339198 -0.0121997
100.92 0.0325506 -0.0119733
101.04 0.0311725 -0.0117456
101.16 0.0297891 -0.0115157
101.28 0.0284043 -0.0112825
101.4 0.0270216 -0.0110451
101.52 0.0256445 -0.0108026
101.64 0.0242766 -0.0105541
101.76 0.0229212 -0.0102985
101.88 0.0215815 -0.0100349
102 0.0202604 -0.00976236
102.12 0.018961 -0.00947997
102.24 0.017686 -0.00918684
102.36 0.0164377 -0.00888214
102.48 0.0152186 -0.00856505
102.6 0.0140308 -0.00823482
102.72 0.012876 -0.00789075
102.84 0.011756 -0.00753218
102.96 0.010672 -0.00715853
103.08 0.00962524 -0.00676927
103.2 0.00861656 -0.00636395
103.32 0.00764657 -0.00594216
103.44 0.00671563 -0.00550359
103.56 0.00582384 -0.00504799
103.68 0.00497105 -0.00457516
103.8 0.00415685 -0.004085
103.92 0.0033806 -0.00357747
104.04 0.00264143 -0.0030526
104.16 0.00193824 -0.0025105
104.28 0.00126972 -0.00195134
104.4 0.00063435 -0.00137536
104.52 3.04472e-05 -0.000782881
104.64 -0.000543852 -0.000174289
104.76 -0.00109056 0.000449964
104.88 -0.00161182 0.00108936
105 -0.0021099 0.0017433
105.12 -0.00258713 0.00241113
105.24 -0.00304595 0.00309212
105.36 -0.00348882 0.00378548
105.48 -0.00391825 0.00449034
105.6 -0.00433675 0.00520576
105.72 -0.00474681 0.00593073
105.84 -0.00515089 0.00666418
105.96 -0.00555139 0.00740495
106.08 -0.00595062 0.00815181
106.2 -0.0063508 0.00890344
106.32 -0.00675404 0.00965845
106.44 -0.00716229 0.0104154
106.56 -0.00757737 0.0111727
106.68 -0.0080009 0.0119287
106.8 -0.00843434 0.0126817
106.92 -0.00887893 0.0134298
107.04 -0.00933572 0.0141713
107.16 -0.00980551 0.0149039
107.28 -0.0102889 0.0156258
107.4 -0.0107863 0.0163347
107.52 -0.0112977 0.0170283
107.64 -0.0118231 0.0177042
107.76 -0.012362 0.0183601
107.88 -0.012914 0.0189935
108 -0.013478 0.0196017
108.12 -0.0140531 0.020182
108.24 -0.014638 0.0207319
108.36 -0.0152312 0.0212484
108.48 -0.0158309 0.0217289
108.6 -0.0164352 0.0221704
108.72 -0.0170421 0.0225701
108.84 -0.0176494 0.0229251
108.96 -0.0182546 0.0232326
109.08 -0.0188552 0.0234898
109.2 -0.0194487 0.0236938
109.32 -0.0200323 0.023842
109.44 -0.0206032 0.0239317
109.56 -0.0211588 0.0239604
109.68 -0.021696 0.0239256
109.8 -0.0222122 0.0238251
109.92 -0.0227043 0.0236569
110.04 -0.0231698 0.0234189
110.16 -0.0236058 0.0231095
110.28 -0.0240097 0.0227272
110.4 -0.0243789 0.0222708
110.52 -0.0247111 0.0217393
110.64 -0.0250039 0.0211321
110.76 -0.0252551 0.020449
110.88 -0.0254629 0.0196898
111 -0.0256253 0.0188551
111.12 -0.0257409 0.0179454
111.24 -0.0258081 0.016962
111.36 -0.0258258 0.0159064
111.48 -0.025793 0.0147805
111.6 -0.0257089 0.0135866
111.72 -0.0255731 0.0123275
111.84 -0.0253853 0.0110064
111.96 -0.0251454 0.00962684
112.08 -0.0248535 0.00819293
112.2 -0.0245102 0.00670907
112.32 -0.0241161 0.00518009
112.44 -0.023672 0.00361122
112.56 -0.0231791 0.00200804
112.68 -0.0226385 0.000376518
112.8 -0.0220519 -0.00127708
112.92 -0.021421 -0.00294616
113.04 -0.0207476 -0.00462387
113.16 -0.0200337 -0.0063031
113.28 -0.0192815 -0.00797652
113.4 -0.0184935 -0.00963665
113.52 -0.0176721 -0.0112759
113.64 -0.0168198 -0.0128864
113.76 -0.0159394 -0.0144606
113.88 -0.0150336 -0.0159905
114 -0.0141054 -0.0174686
114.12 -0.0131576 -0.018887
114.24 -0.0121932 -0.0202383
114.36 -0.0112152 -0.0215152
114.48 -0.0102265 -0.0227106
114.6 -0.00923034 -0.0238176
114.72 -0.00822955 -0.0248297
114.84 -0.00722718 -0.0257409
114.96 -0.00622619 -0.0265453
115.08 -0.00522949 -0.0272379
115.2 -0.00423995 -0.0278137
115.32 -0.00326038 -0.0282686
115.44 -0.00229351 -0.028599
115.56 -0.00134202 -0.0288019
115.68 -0.000408468 -0.0288748
115.8 0.00050464 -0.0288159
115.92 0.00139491 -0.0286244
116.04 0.00226006 -0.0282996
116.16 0.00309789 -0.0278421
116.28 0.00390631 -0.0272529
116.4 0.00468336 -0.0265337
116.52 0.00542717 -0.025687
116.64 0.00613601 -0.0247161
116.76 0.00680825 -0.0236249
116.88 0.00744238 -0.0224178
117 0.00803702 -0.0211003
117.12 0.00859092 -0.0196781
117.24 0.00910292 -0.0181578
117.36 0.00957201 -0.0165464
117.48 0.00999731 -0.0148515
117.6 0.010378 -0.0130813
117.72 0.0107136 -0.0112442
117.84 0.0110034 -0.00934926
117.96 0.0112471 -0.00740567
118.08 0.0114445 -0.00542305
118.2 0.0115955 -0.00341121
118.32 0.0117 -0.00138014
118.44 0.0117581 0.000660061
118.56 0.0117703 0.00269922
118.68 0.0117368 0.00472719
118.8 0.0116582 0.00673386
118.92 0.0115353 0.00870927
119.04 0.0113688 0.0106437
119.16 0.0111598 0.0125275
119.28 0.0109093 0.0143515
119.4 0.0106186 0.0161068
119.52 0.0102891 0.017785
119.64 0.00992226 0.0193781
119.76 0.00951987 0.0208785
119.88 0.00908369 0.0222794
120 0.00861569 0.0235743
