-0.999 3.07343e-06 7.95102e-07
-0.998 1.15427e-05 1.4561e-06
-0.997 2.36668e-05 -4.36698e-06
-0.996 3.7863e-05 -2.33174e-05
-0.995 5.3291e-05 -5.48979e-05
-0.994 6.96876e-05 -8.71167e-05
-0.993 8.68952e-05 -9.93983e-05
-0.992 0.000104727 -7.27073e-05
-0.991 0.000123894 -2.18056e-06
-0.99 0.000147889 9.49549e-05
-0.989 0.000183951 0.000182267
-0.988 0.000240726 0.000218962
-0.987 0.000322573 0.000180912
-0.986 0.000423883 7.70625e-05
-0.985 0.000527977 -4.88854e-05
-0.984 0.000612857 -0.000134918
-0.983 0.000662166 -0.000129557
-0.982 0.000677056 -2.05826e-05
-0.981 0.000683473 0.000150407
-0.98 0.000728574 0.000297038
-0.979 0.000862439 0.000320754
-0.978 0.00110932 0.000155377
-0.977 0.00144183 -0.000196272
-0.976 0.00177406 -0.000652716
-0.975 0.00198323 -0.00107886
-0.974 0.00195627 -0.00133739
-0.973 0.00164449 -0.00134566
-0.972 0.00110378 -0.00111303
-0.971 0.000498948 -0.000740255
-0.97 6.07403e-05 -0.000378835
-0.969 2.80203e-06 -0.000166153
-0.968 0.000428628 -0.000164267
-0.967 0.00126906 -0.000330853
-0.966 0.00228385 -0.000537813
-0.965 0.00313876 -0.00063139
-0.964 0.00353739 -0.000508051
-0.963 0.00335738 -0.00017128
-0.962 0.00273089 0.000260191
-0.961 0.00202459 0.000600717
-0.96 0.00171221 0.000681994
-0.959 0.00218232 0.00043499
-0.958 0.0035572 -6.7871e-05
-0.957 0.00559727 -0.000632768
-0.956 0.00773954 -0.0010238
-0.955 0.00927794 -0.00107004
-0.954 0.00963279 -0.000752088
-0.953 0.00860275 -0.000223648
-0.952 0.00648431 0.000251531
-0.951 0.00399369 0.000423657
-0.95 0.00201356 0.000183848
-0.949 0.00126718 -0.0003644
-0.948 0.00204462 -0.000922493
-0.947 0.00407449 -0.00110613
-0.946 0.00659748 -0.000614904
-0.945 0.00864741 0.000605679
-0.944 0.00945091 0.00229015
-0.943 0.00877154 0.0039199
-0.942 0.00703054 0.00492022
-0.941 0.00514279 0.00490404
-0.94 0.00414986 0.0038511
-0.939 0.00481678 0.00214877
-0.938 0.00733377 0.000477891
-0.937 0.0111987 -0.000431153
-0.936 0.0153353 -0.000101265
-0.935 0.0184597 0.00144778
-0.934 0.0195791 0.0036396
-0.933 0.0183884 0.00552626
-0.932 0.0153681 0.00616182
-0.931 0.0115536 0.00500244
-0.93 0.00812224 0.00215722
-0.929 0.00599513 -0.00160577
-0.928 0.00555408 -0.00509942
-0.927 0.00651315 -0.00713643
-0.926 0.00801702 -0.00699566
-0.925 0.00900871 -0.00475436
-0.924 0.00872808 -0.00132222
-0.923 0.00706519 0.00187692
-0.922 0.00457401 0.0034642
-0.921 0.00218036 0.002668
-0.92 0.000795741 -0.000344902
-0.919 0.00102249 -0.0044896
-0.918 0.00297563 -0.00812722
-0.917 0.00620704 -0.0096606
-0.916 0.00982184 -0.00815956
-0.915 0.0128429 -0.00377252
-0.914 0.0146511 0.00226175
-0.913 0.0152093 0.00803433
-0.912 0.0149374 0.0116629
-0.911 0.0143863 0.0119899
-0.91 0.0139753 0.00901879
-0.909 0.0139076 0.003933
-0.908 0.0141616 -0.00132181
-0.907 0.0144908 -0.00476151
-0.906 0.0145419 -0.00512909
-0.905 0.0141352 -0.00239281
-0.904 0.0134927 0.00223314
-0.903 0.0131554 0.00675479
-0.902 0.0136176 0.00916059
-0.901 0.0149859 0.00818905
-0.9 0.0169342 0.00383251
-0.899 0.0189143 -0.00260068
-0.898 0.020376 -0.00891458
-0.897 0.0209145 -0.0128197
-0.896 0.0204573 -0.0127943
-0.895 0.0194585 -0.00865662
-0.894 0.0188205 -0.00161372
-0.893 0.0194098 0.00620954
-0.892 0.0214657 0.0125427
-0.891 0.02438 0.0157478
-0.89 0.0270141 0.0153521
-0.889 0.0282532 0.0121732
-0.888 0.0274207 0.00797878
-0.887 0.0245019 0.00478075
-0.886 0.0203 0.00402993
-0.885 0.0163908 0.00604812
-0.884 0.0145812 0.00993777
-0.883 0.0159792 0.0139844
-0.882 0.0203027 0.016344
-0.881 0.0259791 0.0157221
-0.88 0.0309394 0.011813
-0.879 0.0334941 0.00539042
-0.878 0.0328427 -0.0019574
-0.877 0.0292661 -0.00835683
-0.876 0.0241503 -0.0122714
-0.875 0.0196409 -0.0129956
-0.874 0.0177055 -0.0108211
-0.873 0.0189971 -0.00681323
-0.872 0.0223756 -0.0023287
-0.871 0.0255173 0.00147826
-0.87 0.0261458 0.00396259
-0.869 0.0230379 0.00506075
-0.868 0.01641 0.00519502
-0.867 0.0078663 0.00508338
-0.866 6.25834e-05 0.00548131
-0.865 -0.00410917 0.00689277
-0.864 -0.00283503 0.00936532
-0.863 0.00350477 0.0124948
-0.862 0.0123331 0.0156265
-0.861 0.0201063 0.0180895
-0.86 0.0239363 0.0193212
-0.859 0.0226751 0.0189025
-0.858 0.0172027 0.0166212
-0.857 0.0101344 0.0125906
-0.856 0.00502328 0.00731217
-0.855 0.00495685 0.00157349
-0.854 0.0109068 -0.00376501
-0.853 0.0208659 -0.00795579
-0.852 0.0305805 -0.0104722
-0.851 0.0355217 -0.0111042
-0.85 0.0328891 -0.0100545
-0.849 0.0227284 -0.0079243
-0.848 0.0080132 -0.00550094
-0.847 -0.0061474 -0.00343054
-0.846 -0.0141359 -0.0019683
-0.845 -0.012092 -0.00091938
-0.844 7.90956e-05 0.000272105
-0.843 0.0182646 0.00236358
-0.842 0.0358038 0.00607207
-0.841 0.046335 0.0117393
-0.84 0.0463081 0.019051
-0.839 0.0362582 0.0270249
-0.838 0.0206984 0.0343019
-0.837 0.00669389 0.0395459
-0.836 0.00126261 0.0417564
-0.835 0.00828712 0.0404603
-0.834 0.0263554 0.0358428
-0.833 0.0489298 0.0287753
-0.832 0.0669777 0.0205905
-0.831 0.0726874 0.0125932
-0.83 0.0625477 0.00559053
-0.829 0.0387954 -0.000251819
-0.828 0.00890859 -0.00523176
-0.827 -0.0168309 -0.0098609
-0.826 -0.0291468 -0.0147058
-0.825 -0.023609 -0.0202409
-0.824 -0.00271615 -0.0265828
-0.823 0.0249891 -0.0332124
-0.822 0.0484116 -0.038971
-0.821 0.0583017 -0.0424298
-0.82 0.0507534 -0.0423714
-0.819 0.0286878 -0.0380947
-0.818 0.00085409 -0.0295352
-0.817 -0.0214567 -0.0173585
-0.816 -0.0289176 -0.00304547
-0.815 -0.0181024 0.0112347
-0.814 0.00695585 0.0231271
-0.813 0.0363858 0.0308176
-0.812 0.0584752 0.0336011
-0.811 0.0642387 0.032055
-0.81 0.0508391 0.0278454
-0.809 0.0227256 0.0232541
-0.808 -0.00996824 0.0204677
-0.807 -0.035285 0.0207527
-0.806 -0.0441396 0.0238166
-0.805 -0.0339515 0.0277124
-0.804 -0.00961742 0.029459
-0.803 0.0186055 0.0262022
-0.802 0.0392891 0.0164846
-0.801 0.0443174 0.00116087
-0.8 0.0319705 -0.0164446
-0.799 0.00745992 -0.0313696
-0.798 -0.019308 -0.0386716
-0.797 -0.0378209 -0.0352953
-0.796 -0.0412513 -0.0213812
-0.795 -0.0292321 -0.000484459
-0.794 -0.00794834 0.0214118
-0.793 0.0125241 0.0378162
-0.792 0.0225238 0.0440266
-0.791 0.0169928 0.0390291
-0.79 -0.00224499 0.0261261
-0.789 -0.02722 0.0117793
-0.788 -0.0472493 0.00302355
-0.787 -0.0534427 0.0045734
-0.786 -0.0423563 0.0168311
-0.785 -0.0174147 0.0355118
-0.784 0.0123977 0.052991
-0.783 0.0361193 0.0609906
-0.782 0.0453638 0.0538082
-0.781 0.0379906 0.0309182
-0.78 0.0190966 -0.00229778
-0.779 -0.00132759 -0.0362695
-0.778 -0.0129428 -0.0607723
-0.777 -0.00960853 -0.0687545
-0.776 0.00796729 -0.0589446
-0.775 0.032395 -0.0363391
-0.774 0.0524846 -0.0104182
-0.773 0.0578597 0.00837119
-0.772 0.0435972 0.0126869
-0.771 0.0128555 0.00132432
-0.77 -0.0239618 -0.0201947
-0.769 -0.0532985 -0.0418587
-0.768 -0.0639111 -0.0532444
-0.767 -0.0513757 -0.0476994
-0.766 -0.02 -0.0250661
-0.765 0.0185196 0.00798633
-0.764 0.049409 0.0402185
-0.763 0.0607151 0.059993
-0.762 0.0483846 0.0598325
-0.761 0.0180359 0.0394322
-0.76 -0.0175326 0.00572218
-0.759 -0.0437403 -0.0300206
-0.758 -0.0499257 -0.0565965
-0.757 -0.033266 -0.0669935
-0.756 3.4457e-05 -0.060809
-0.755 0.0366222 -0.0442446
-0.754 0.0608303 -0.0275495
-0.753 0.0611361 -0.0206657
-0.752 0.0353575 -0.0287975
-0.751 -0.00825795 -0.0499797
-0.75 -0.0545645 -0.0758926
-0.749 -0.0874941 -0.0954372
-0.748 -0.0956124 -0.099198
-0.747 -0.0756425 -0.0829098
-0.746 -0.0335818 -0.0489259
-0.745 0.0168624 -0.00540279
-0.744 0.0587978 0.0366406
-0.743 0.0785703 0.0675477
-0.742 0.0711484 0.0828626
-0.741 0.0415858 0.0848743
-0.74 0.0021327 0.0809491
-0.739 -0.0329126 0.079584
-0.738 -0.0520919 0.0863675
-0.737 -0.0501315 0.101672
-0.736 -0.029466 0.120651
-0.735 0.00047252 0.135213
-0.734 0.0266417 0.13727
-0.733 0.0375524 0.122242
-0.732 0.0277582 0.0914174
-0.731 -0.000477339 0.0518619
-0.73 -0.0385581 0.0135204
-0.729 -0.0747145 -0.0151117
-0.728 -0.0976405 -0.0304367
-0.727 -0.0998227 -0.0346865
-0.726 -0.0798083 -0.0342489
-0.725 -0.0424974 -0.036431
-0.724 0.00280772 -0.0460321
-0.723 0.0455232 -0.0629487
-0.722 0.0765298 -0.0817427
-0.721 0.0899567 -0.0936847
-0.72 0.0843446 -0.0907794
-0.719 0.0632033 -0.0699376
-0.718 0.034253 -0.0350464
-0.717 0.0070397 0.0041896
-0.716 -0.0100716 0.0360421
-0.715 -0.0120823 0.0514263
-0.714 0.0016586 0.047486
-0.713 0.0270555 0.0287566
-0.712 0.0553654 0.00545205
-0.711 0.074878 -0.0107164
-0.71 0.0749649 -0.0117292
-0.709 0.0511146 0.00288684
-0.708 0.00789386 0.0255433
-0.707 -0.042112 0.0437758
-0.706 -0.0825427 0.0456828
-0.705 -0.0985284 0.0252063
-0.704 -0.0815452 -0.0149267
-0.703 -0.0331081 -0.0636808
-0.702 0.0339326 -0.105505
-0.701 0.0981734 -0.126311
-0.7 0.136937 -0.119421
-0.699 0.135478 -0.0887078
-0.698 0.0934709 -0.0472489
-0.697 0.0255243 -0.0119652
-0.696 -0.0441028 0.00331665
-0.695 -0.0901245 -0.00660824
-0.694 -0.095264 -0.0363039
-0.693 -0.05687 -0.0717068
-0.692 0.0112687 -0.0954559
-0.691 0.0832046 -0.0938808
-0.69 0.130468 -0.0630055
-0.689 0.133532 -0.0107202
-0.688 0.0900309 0.0462289
-0.687 0.0161246 0.0891875
-0.686 -0.0594017 0.105234
-0.685 -0.106067 0.0921403
-0.684 -0.103571 0.0589395
-0.683 -0.0499466 0.0223733
-0.682 0.0372501 0.00057644
-0.681 0.127255 0.00594186
-0.68 0.187673 0.0397567
-0.679 0.196862 0.0911703
-0.678 0.152244 0.141418
-0.677 0.0714997 0.17157
-0.676 -0.0138376 0.170203
-0.675 -0.0704451 0.13766
-0.674 -0.0764481 0.0855493
-0.673 -0.0302226 0.0322266
-0.672 0.049108 -0.00394635
-0.671 0.129705 -0.0114265
-0.67 0.180132 0.010006
-0.669 0.181902 0.0491405
-0.668 0.136375 0.0880536
-0.667 0.0638283 0.109657
-0.666 -0.00465891 0.104594
-0.665 -0.0398042 0.0745593
-0.664 -0.0265769 0.0310515
-0.663 0.0288193 -0.00948059
-0.662 0.100976 -0.0321312
-0.661 0.15604 -0.0293987
-0.66 0.166654 -0.00424502
-0.659 0.12408 0.0310732
-0.658 0.0419697 0.0600707
-0.657 -0.049397 0.0687327
-0.656 -0.115545 0.0508887
-0.655 -0.131909 0.0101674
-0.654 -0.0941576 -0.0419256
-0.653 -0.0205018 -0.0907336
-0.652 0.0555244 -0.124024
-0.651 0.0995906 -0.136305
-0.65 0.0924784 -0.130224
-0.649 0.0396859 -0.114461
-0.648 -0.0304025 -0.0992007
-0.647 -0.0791277 -0.091449
-0.646 -0.0751375 -0.0923126
-0.645 -0.00913598 -0.0971826
-0.644 0.100593 -0.0984265
-0.643 0.214275 -0.0892035
-0.642 0.286111 -0.0667652
-0.641 0.283378 -0.033922
-0.64 0.201563 0.00202392
-0.639 0.068479 0.0325233
-0.638 -0.0655091 0.0515613
-0.637 -0.147745 0.0579464
-0.636 -0.145633 0.0550301
-0.635 -0.0612934 0.0482391
-0.634 0.0682648 0.0418768
-0.633 0.185838 0.0368598
-0.632 0.237566 0.0303671
-0.631 0.195925 0.0174626
-0.63 0.0728748 -0.00588061
-0.629 -0.0828246 -0.039571
-0.628 -0.203957 -0.0777599
-0.627 -0.232097 -0.11009
-0.626 -0.142944 -0.125626
-0.625 0.0410565 -0.117679
-0.624 0.256978 -0.0870848
-0.623 0.424822 -0.0422336
-0.622 0.478997 0.00407694
-0.621 0.395343 0.0395312
-0.62 0.202491 0.0571089
-0.619 -0.0276418 0.0580734
-0.618 -0.206931 0.0516967
-0.617 -0.265421 0.0513533
-0.616 -0.179743 0.0682913
-0.615 0.0160174 0.105783
-0.614 0.242291 0.15657
-0.613 0.404915 0.205038
-0.612 0.433094 0.233191
-0.611 0.309196 0.227771
-0.61 0.0776793 0.185768
-0.609 -0.17114 0.116356
-0.608 -0.336284 0.0384037
-0.607 -0.346476 -0.0258798
-0.606 -0.189881 -0.0591228
-0.605 0.0789589 -0.0555928
-0.604 0.358579 -0.0235454
-0.603 0.539429 0.0181276
-0.602 0.547149 0.0474844
-0.601 0.372951 0.0481062
-0.6 0.0782259 0.0153921
-0.599 -0.229023 -0.041574
-0.598 -0.436415 -0.103279
-0.597 -0.47123 -0.147208
-0.596 -0.328835 -0.1568
-0.595 -0.0741125 -0.128323
-0.594 0.184742 -0.0727276
-0.593 0.339616 -0.0116745
-0.592 0.326056 0.030565
-0.591 0.149619 0.0361916
-0.59 -0.116155 0.000654581
-0.589 -0.359698 -0.065387
-0.588 -0.47695 -0.139934
-0.587 -0.413741 -0.198099
-0.586 -0.187655 -0.221638
-0.585 0.119326 -0.205477
-0.584 0.393652 -0.158814
-0.583 0.534735 -0.100993
-0.582 0.493971 -0.0541239
-0.581 0.293312 -0.0349398
-0.58 0.0157409 -0.0485164
-0.579 -0.228889 -0.0863666
-0.578 -0.348591 -0.130284
-0.577 -0.305827 -0.16052
-0.576 -0.130451 -0.16417
-0.575 0.0958231 -0.139662
-0.574 0.275287 -0.0960291
-0.573 0.334506 -0.0485344
-0.572 0.253381 -0.0129715
-0.571 0.0724662 -0.000206769
-0.57 -0.124442 -0.0122231
-0.569 -0.245948 -0.0413854
-0.568 -0.232397 -0.0740548
-0.567 -0.0818828 -0.097078
-0.566 0.148987 -0.103333
-0.565 0.369843 -0.0932361
-0.564 0.494806 -0.0723613
-0.563 0.477216 -0.0477539
-0.562 0.327332 -0.025179
-0.561 0.106852 -0.00769297
-0.56 -0.0975076 0.00487054
-0.559 -0.210853 0.015208
-0.558 -0.201926 0.0262348
-0.557 -0.0958295 0.038298
-0.556 0.0385185 0.0482438
-0.555 0.120679 0.051454
-0.554 0.0957859 0.0453936
-0.553 -0.0398743 0.0319384
-0.552 -0.235436 0.0169085
-0.551 -0.406047 0.00742672
-0.55 -0.469629 0.00866364
-0.549 -0.384095 0.0210088
-0.548 -0.168116 0.0385248
-0.547 0.104401 0.0500007
-0.546 0.334112 0.0432198
-0.545 0.437176 0.0109039
-0.544 0.379935 -0.0447556
-0.543 0.19368 -0.111541
-0.542 -0.0366987 -0.171044
-0.541 -0.207552 -0.20517
-0.54 -0.241865 -0.202975
-0.539 -0.124952 -0.165762
-0.538 0.0871934 -0.108266
-0.537 0.291703 -0.054139
-0.536 0.38365 -0.0266722
-0.535 0.301342 -0.0389026
-0.534 0.0535949 -0.0879112
-0.533 -0.280233 -0.155718
-0.532 -0.577727 -0.215881
-0.531 -0.720624 -0.242983
-0.53 -0.644707 -0.222225
-0.529 -0.37022 -0.15649
-0.528 0.00315398 -0.0675491
-0.527 0.336091 0.0108994
-0.526 0.506118 0.0463917
-0.525 0.455706 0.0209714
-0.524 0.213492 -0.0616094
-0.523 -0.117136 -0.177403
-0.522 -0.397573 -0.290981
-0.521 -0.508678 -0.367682
-0.52 -0.400092 -0.385774
-0.519 -0.112694 -0.344938
-0.518 0.237128 -0.267199
-0.517 0.50531 -0.188519
-0.516 0.579062 -0.143993
-0.515 0.422139 -0.153289
-0.514 0.0895563 -0.212695
-0.513 -0.292634 -0.29678
-0.512 -0.575488 -0.368352
-0.511 -0.645684 -0.392602
-0.51 -0.470577 -0.350505
-0.509 -0.11053 -0.246787
-0.508 0.30592 -0.108951
-0.507 0.632401 0.0228439
-0.506 0.759729 0.110964
-0.505 0.655357 0.134269
-0.504 0.373996 0.0953986
-0.503 0.0349698 0.0187449
-0.502 -0.226994 -0.0598771
-0.501 -0.317771 -0.107688
-0.5 -0.220712 -0.107794
-0.499 0.00198087 -0.0650829
-0.498 0.240395 -0.00275084
-0.497 0.383192 0.0484413
-0.496 0.359855 0.0630034
-0.495 0.166189 0.0305756
-0.494 -0.133504 -0.0403238
-0.493 -0.430382 -0.125745
-0.492 -0.615757 -0.195944
-0.491 -0.627732 -0.227825
-0.49 -0.475366 -0.214785
-0.489 -0.228245 -0.168876
-0.488 0.0191494 -0.114095
-0.487 0.186783 -0.0749335
-0.486 0.235271 -0.0663948
-0.485 0.174313 -0.0893901
-0.484 0.055079 -0.131906
-0.483 -0.0522284 -0.174649
-0.482 -0.0910407 -0.199545
-0.481 -0.0468269 -0.198489
-0.48 0.0468522 -0.177988
-0.479 0.129942 -0.155968
-0.478 0.150805 -0.151646
-0.477 0.0922933 -0.174547
-0.476 -0.0232483 -0.219256
-0.475 -0.146911 -0.268031
-0.474 -0.224498 -0.298698
-0.473 -0.219203 -0.293954
-0.472 -0.129902 -0.249298
-0.471 0.00413153 -0.17711
-0.47 0.119541 -0.104
-0.469 0.161059 -0.0604527
-0.468 0.111273 -0.0667385
-0.467 0.000292389 -0.122572
-0.466 -0.108704 -0.206268
-0.465 -0.148546 -0.283589
-0.464 -0.078503 -0.321737
-0.463 0.0943875 -0.302918
-0.462 0.311375 -0.232903
-0.461 0.481131 -0.141052
-0.46 0.518274 -0.0700774
-0.459 0.38402 -0.0582889
-0.458 0.107225 -0.121992
-0.457 -0.224472 -0.246551
-0.456 -0.497038 -0.390321
-0.455 -0.611592 -0.499524
-0.454 -0.522137 -0.528148
-0.453 -0.258027 -0.456104
-0.452 0.0807265 -0.299217
-0.451 0.360474 -0.106012
-0.45 0.470583 0.0593768
-0.449 0.371366 0.142026
-0.448 0.108783 0.117898
-0.447 -0.207234 0.00299566
-0.446 -0.44551 -0.153166
-0.445 -0.500181 -0.286372
-0.444 -0.330262 -0.341816
-0.443 0.0184139 -0.295648
-0.442 0.422825 -0.166071
-0.441 0.72898 -0.00800927
-0.44 0.816933 0.108439
-0.439 0.650846 0.127187
-0.438 0.289567 0.0299478
-0.437 -0.140959 -0.155582
-0.436 -0.494408 -0.365625
-0.435 -0.65244 -0.5234
-0.434 -0.564868 -0.566935
-0.433 -0.271069 -0.472505
-0.432 0.11108 -0.265122
-0.431 0.431525 -0.0105994
-0.43 0.569925 0.209024
-0.429 0.48141 0.326739
-0.428 0.20643 0.315136
-0.427 -0.151957 0.194505
-0.426 -0.467552 0.0224552
-0.425 -0.633781 -0.129697
-0.424 -0.600264 -0.204751
-0.423 -0.391344 -0.181852
-0.422 -0.0952668 -0.0846178
-0.421 0.174063 0.0287568
-0.42 0.32336 0.089764
-0.419 0.311511 0.0480012
-0.418 0.157046 -0.107965
-0.417 -0.0739427 -0.345237
-0.416 -0.292188 -0.598224
-0.415 -0.416519 -0.792497
-0.414 -0.403125 -0.871817
-0.413 -0.259224 -0.817961
-0.412 -0.0332668 -0.655526
-0.411 0.210293 -0.440198
-0.41 0.413835 -0.236321
-0.409 0.537283 -0.0932931
-0.408 0.561576 -0.029273
-0.407 0.491323 -0.027439
-0.406 0.353208 -0.0460688
-0.405 0.184855 -0.0387233
-0.404 0.0196653 0.0240124
-0.403 -0.119664 0.141168
-0.402 -0.215517 0.282332
-0.401 -0.249811 0.401353
-0.4 -0.211464 0.455294
-0.399 -0.111643 0.420644
-0.398 0.0119076 0.301804
-0.397 0.10939 0.129577
-0.396 0.139944 -0.050612
-0.395 0.0843163 -0.197006
-0.394 -0.0510482 -0.287933
-0.393 -0.231068 -0.327865
-0.392 -0.392001 -0.340475
-0.391 -0.456466 -0.353725
-0.39 -0.36754 -0.385468
-0.389 -0.123825 -0.43548
-0.388 0.210821 -0.485417
-0.387 0.530118 -0.506321
-0.386 0.724347 -0.472121
-0.385 0.716382 -0.374138
-0.384 0.487414 -0.228616
-0.383 0.0899602 -0.0718166
-0.382 -0.359466 0.0553586
-0.381 -0.71565 0.124981
-0.38 -0.860079 0.133264
-0.379 -0.749803 0.101272
-0.378 -0.433738 0.0660447
-0.377 -0.0317069 0.0651251
-0.376 0.309693 0.119134
-0.375 0.467843 0.219668
-0.374 0.388385 0.329857
-0.373 0.109069 0.399101
-0.372 -0.250412 0.385379
-0.371 -0.534178 0.27448
-0.37 -0.612881 0.0878758
-0.369 -0.433898 -0.123266
-0.368 -0.0393768 -0.295513
-0.367 0.448889 -0.376638
-0.366 0.869469 -0.347185
-0.365 1.0765 -0.230503
-0.364 0.994697 -0.0848181
-0.363 0.650939 0.020265
-0.362 0.163945 0.0321889
-0.361 -0.304538 -0.0632414
-0.36 -0.611045 -0.235195
-0.359 -0.67606 -0.417704
-0.358 -0.502839 -0.533295
-0.357 -0.172199 -0.523095
-0.356 0.18426 -0.372218
-0.355 0.430901 -0.118622
-0.354 0.481525 0.16011
-0.353 0.333177 0.376398
-0.352 0.0601243 0.465262
-0.351 -0.226022 0.407408
-0.35 -0.423106 0.235916
-0.349 -0.469823 0.0246361
-0.348 -0.358545 -0.138901
-0.347 -0.134981 -0.187431
-0.346 0.116021 -0.101437
-0.345 0.301436 0.0825354
-0.344 0.358463 0.287069
-0.343 0.278573 0.42507
-0.342 0.102397 0.433124
-0.341 -0.106696 0.295153
-0.34 -0.289047 0.0493541
-0.339 -0.402631 -0.22419
-0.338 -0.427216 -0.432171
-0.337 -0.364769 -0.50306
-0.336 -0.235544 -0.41435
-0.335 -0.0676538 -0.200122
-0.334 0.114619 0.0638553
-0.333 0.293997 0.289716
-0.332 0.453366 0.409332
-0.331 0.569066 0.397633
-0.33 0.613766 0.279964
-0.329 0.567528 0.120407
-0.328 0.429164 -0.00485959
-0.327 0.222554 -0.0382918
-0.326 -0.0037539 0.0370313
-0.325 -0.186077 0.192658
-0.324 -0.266861 0.367635
-0.323 -0.222314 0.492324
-0.322 -0.0801739 0.514129
-0.321 0.0869389 0.416729
-0.32 0.190333 0.225633
-0.319 0.160352 -0.0028692
-0.318 -0.0259106 -0.204331
-0.317 -0.329598 -0.329644
-0.316 -0.651878 -0.359759
-0.315 -0.859625 -0.307749
-0.314 -0.83555 -0.210053
-0.313 -0.534133 -0.11137
-0.312 -0.0114565 -0.0477298
-0.311 0.590332 -0.03304
-0.31 1.09395 -0.0553368
-0.309 1.34671 -0.0852416
-0.308 1.26913 -0.0914623
-0.307 0.883962 -0.0542492
-0.306 0.318128 0.02889
-0.305 -0.232653 0.144852
-0.304 -0.574474 0.270634
-0.303 -0.593851 0.380754
-0.302 -0.30423 0.455573
-0.301 0.162498 0.488089
-0.3 0.610067 0.484617
-0.299 0.849914 0.457955
-0.298 0.767032 0.418239
-0.297 0.363815 0.36841
-0.296 -0.23206 0.306182
-0.295 -0.806459 0.228864
-0.294 -1.13767 0.136943
-0.293 -1.08411 0.0355284
-0.292 -0.640989 -0.0652024
-0.291 0.0572319 -0.151084
-0.29 0.784453 -0.208608
-0.289 1.30025 -0.231958
-0.288 1.43175 -0.226972
-0.287 1.13481 -0.207895
-0.286 0.511979 -0.188948
-0.285 -0.223812 -0.176563
-0.284 -0.827782 -0.166264
-0.283 -1.11173 -0.144152
-0.282 -1.00763 -0.0913341
-0.281 -0.586534 0.00903074
-0.28 -0.0298407 0.162562
-0.279 0.437669 0.356385
-0.278 0.631964 0.559609
-0.277 0.480166 0.733031
-0.276 0.0475542 0.842802
-0.275 -0.490846 0.870882
-0.274 -0.919529 0.819075
-0.273 -1.06108 0.707506
-0.272 -0.836002 0.568679
-0.271 -0.289008 0.436957
-0.27 0.42465 0.335422
-0.269 1.09179 0.266375
-0.268 1.51781 0.212014
-0.267 1.59716 0.145278
-0.266 1.34674 0.0438273
-0.265 0.889111 -0.10017
-0.264 0.39887 -0.276497
-0.263 0.0397486 -0.458016
-0.262 -0.0861608 -0.606071
-0.261 0.0334773 -0.681157
-0.26 0.322043 -0.656964
-0.259 0.64551 -0.531223
-0.258 0.86506 -0.326691
-0.257 0.889521 -0.0821648
-0.256 0.704781 0.159899
-0.255 0.369554 0.363061
-0.254 -0.0144331 0.503175
-0.253 -0.340686 0.572789
-0.252 -0.53151 0.582526
-0.251 -0.558916 0.556496
-0.25 -0.447391 0.521697
-0.249 -0.259188 0.49651
-0.248 -0.0697889 0.484843
-0.247 0.0569568 0.477522
-0.246 0.0860759 0.457161
-0.245 0.0170538 0.403389
-0.244 -0.121386 0.299204
-0.243 -0.284276 0.13904
-0.242 -0.426291 -0.0646235
-0.241 -0.512245 -0.280872
-0.24 -0.517866 -0.468022
-0.239 -0.427659 -0.585903
-0.238 -0.238709 -0.607002
-0.237 0.0313129 -0.523648
-0.236 0.341339 -0.351407
-0.235 0.635103 -0.127466
-0.234 0.856289 0.0983197
-0.233 0.961064 0.278442
-0.232 0.925314 0.382963
-0.231 0.753447 0.408389
-0.23 0.488925 0.376942
-0.229 0.212064 0.327629
-0.228 0.014318 0.30273
-0.227 -0.0406566 0.332525
-0.226 0.0542424 0.422016
-0.225 0.246932 0.546157
-0.224 0.446551 0.657988
-0.223 0.552739 0.706718
-0.222 0.486444 0.657492
-0.221 0.222516 0.505037
-0.22 -0.185728 0.277274
-0.219 -0.611047 0.0287562
-0.218 -0.894935 -0.174819
-0.217 -0.910813 -0.278662
-0.216 -0.616242 -0.260395
-0.215 -0.0715322 -0.139967
-0.214 0.57737 0.0281488
-0.213 1.14147 0.176116
-0.212 1.44768 0.247008
-0.211 1.40193 0.213476
-0.21 1.03154 0.0865294
-0.209 0.480899 -0.0870317
-0.208 -0.0414985 -0.239413
-0.207 -0.340789 -0.30699
-0.206 -0.305445 -0.256504
-0.205 0.0534969 -0.0987813
-0.204 0.602414 0.116788
-0.203 1.12636 0.322239
-0.202 1.40648 0.455227
-0.201 1.30849 0.479254
-0.2 0.840377 0.395597
-0.199 0.149854 0.243887
-0.198 -0.532642 0.08848
-0.197 -0.97547 -0.00725866
-0.196 -1.02255 -0.0074887
-0.195 -0.648127 0.0826363
-0.194 0.023903 0.221625
-0.193 0.752568 0.348779
-0.192 1.26664 0.405281
-0.191 1.37262 0.353648
-0.19 1.02906 0.191742
-0.189 0.353834 -0.0439625
-0.188 -0.427128 -0.29068
-0.187 -1.05795 -0.483879
-0.186 -1.33273 -0.58099
-0.185 -1.16389 -0.572045
-0.184 -0.621217 -0.476432
-0.183 0.0845372 -0.332672
-0.182 0.682132 -0.18578
-0.181 0.951055 -0.0725503
-0.18 0.806568 -0.00729962
-0.179 0.321915 0.0239045
-0.178 -0.309015 0.0538061
-0.177 -0.842612 0.114115
-0.176 -1.06616 0.219536
-0.175 -0.871037 0.364559
-0.174 -0.297667 0.528599
-0.173 0.472107 0.681367
-0.172 1.182 0.788108
-0.171 1.60075 0.819331
-0.17 1.60777 0.7635
-0.169 1.22965 0.632778
-0.168 0.62062 0.455044
-0.167 0.00220431 0.25878
-0.166 -0.413756 0.0643437
-0.165 -0.494549 -0.11399
-0.164 -0.227283 -0.263591
-0.163 0.282473 -0.374581
-0.162 0.853528 -0.443479
-0.161 1.29714 -0.471733
-0.16 1.48394 -0.459497
-0.159 1.38418 -0.403501
-0.158 1.06773 -0.303482
-0.157 0.667293 -0.169819
-0.156 0.323875 -0.0221974
-0.155 0.138703 0.120253
-0.154 0.147466 0.247064
-0.153 0.317822 0.355855
-0.152 0.564378 0.447147
-0.151 0.776895 0.522008
-0.15 0.856208 0.582384
-0.149 0.746464 0.628404
-0.148 0.450342 0.652235
-0.147 0.0218687 0.63603
-0.146 -0.45534 0.559659
-0.145 -0.890146 0.41374
-0.144 -1.19942 0.207744
-0.143 -1.32099 -0.031562
-0.142 -1.22738 -0.267191
-0.141 -0.935342 -0.459459
-0.14 -0.504677 -0.574572
-0.139 -0.0254561 -0.595729
-0.138 0.40249 -0.531866
-0.137 0.692579 -0.416092
-0.136 0.793121 -0.292365
-0.135 0.703763 -0.198089
-0.134 0.480291 -0.152139
-0.133 0.221722 -0.151259
-0.132 0.0410517 -0.172106
-0.131 0.0281201 -0.17798
-0.13 0.21498 -0.132266
-0.129 0.555431 -0.0161118
-0.128 0.930839 0.15926
-0.127 1.18686 0.354346
-0.126 1.19059 0.516541
-0.125 0.885181 0.599633
-0.124 0.319 0.578881
-0.123 -0.361132 0.459075
-0.122 -0.948735 0.275754
-0.121 -1.2387 0.087295
-0.12 -1.09821 -0.0439044
-0.119 -0.526282 -0.0755895
-0.118 0.327324 -0.00333967
-0.117 1.20342 0.137559
-0.116 1.82439 0.286299
-0.115 1.99559 0.379001
-0.114 1.67376 0.370398
-0.113 0.980477 0.24937
-0.112 0.162927 0.0448404
-0.111 -0.48513 -0.181358
-0.11 -0.724259 -0.354744
-0.109 -0.462861 -0.415252
-0.108 0.196434 -0.340443
-0.107 0.988023 -0.154802
-0.106 1.58663 0.0793441
-0.105 1.73607 0.285338
-0.104 1.34553 0.400239
-0.103 0.519869 0.397117
-0.102 -0.476877 0.294246
-0.101 -1.30762 0.148546
-0.1 -1.67441 0.0357616
-0.099 -1.4262 0.0230673
-0.098 -0.623538 0.141917
-0.097 0.474153 0.371642
-0.096 1.50226 0.643232
-0.095 2.12551 0.863863
-0.094 2.1535 0.951482
-0.093 1.5957 0.864177
-0.092 0.647227 0.613524
-0.091 -0.380373 0.259988
-0.09 -1.15992 -0.105677
-0.089 -1.45524 -0.390426
-0.088 -1.20218 -0.530512
-0.087 -0.530573 -0.515522
-0.086 0.28723 -0.39171
-0.085 0.939677 -0.240704
-0.084 1.18649 -0.144157
-0.083 0.935866 -0.151682
-0.082 0.268207 -0.264302
-0.081 -0.594107 -0.435769
-0.08 -1.35857 -0.588669
-0.079 -1.75696 -0.641688
-0.078 -1.63538 -0.541904
-0.077 -1.0076 -0.289448
-0.076 -0.0509394 0.0592936
-0.075 0.95155 0.412826
-0.074 1.70038 0.678446
-0.073 1.973 0.792972
-0.072 1.69463 0.740745
-0.071 0.963386 0.556409
-0.07 0.0187817 0.312348
-0.069 -0.837217 0.0922792
-0.068 -1.33632 -0.0409715
-0.067 -1.32226 -0.0682984
-0.066 -0.79261 -0.0155683
-0.065 0.0982203 0.0643166
-0.064 1.07739 0.115244
-0.063 1.83632 0.0973827
-0.062 2.13941 0.00028692
-0.061 1.91278 -0.151397
-0.06 1.26772 -0.304506
-0.059 0.450693 -0.398895
-0.058 -0.244977 -0.395216
-0.057 -0.56503 -0.291182
-0.056 -0.365456 -0.116373
-0.055 0.329521 0.0855976
-0.054 1.3059 0.272004
-0.053 2.21279 0.408662
-0.052 2.69022 0.476255
-0.051 2.51332 0.477411
-0.05 1.67631 0.436981
-0.049 0.383419 0.388492
-0.048 -1.02485 0.353842
-0.047 -2.16666 0.334177
-0.046 -2.72177 0.319315
-0.045 -2.53954 0.302446
-0.044 -1.71447 0.284095
-0.043 -0.5723 0.265827
-0.042 0.450705 0.245585
-0.041 0.982651 0.22069
-0.04 0.856134 0.192055
-0.039 0.153078 0.16072
-0.038 -0.841924 0.120227
-0.037 -1.741 0.0582767
-0.036 -2.17701 -0.0296138
-0.035 -1.9314 -0.129221
-0.034 -1.0268 -0.212206
-0.033 0.263596 -0.251835
-0.032 1.50982 -0.236575
-0.031 2.29047 -0.173878
-0.03 2.35505 -0.0865057
-0.029 1.70907 -0.00701855
-0.028 0.595813 0.0300521
-0.027 -0.600291 0.00247627
-0.026 -1.48518 -0.0840851
-0.025 -1.78093 -0.192618
-0.024 -1.41139 -0.268715
-0.023 -0.52393 -0.263616
-0.022 0.563222 -0.154688
-0.021 1.47781 0.043673
-0.02 1.93304 0.281183
-0.019 1.82771 0.485223
-0.018 1.26398 0.585226
-0.017 0.485595 0.540733
-0.016 -0.22485 0.359354
-0.015 -0.643315 0.0941988
-0.014 -0.665769 -0.176554
-0.013 -0.326641 -0.37693
-0.012 0.221093 -0.458462
-0.011 0.760232 -0.417996
-0.01 1.08702 -0.301404
-0.009 1.08379 -0.186993
-0.008 0.753873 -0.151226
-0.007 0.205126 -0.232926
-0.006 -0.402915 -0.415807
-0.005 -0.916513 -0.636338
-0.004 -1.22394 -0.808131
-0.003 -1.26714 -0.850847
-0.002 -1.04184 -0.717412
-0.001 -0.595914 -0.414922
0 -0.0232087 -0.00979913
0.001 0.553861 0.392045
0.002 1.01202 0.685795
0.003 1.25479 0.807698
0.004 1.23077 0.75355
0.005 0.941048 0.572182
0.006 0.441963 0.343948
0.007 -0.154682 0.153887
0.008 -0.694089 0.0638905
0.009 -1.01593 0.0896261
0.01 -1.01268 0.193525
0.011 -0.682623 0.302074
0.012 -0.145773 0.340365
0.013 0.391663 0.264595
0.014 0.71087 0.0771909
0.015 0.659065 -0.1772
0.016 0.204325 -0.428314
0.017 -0.544982 -0.603271
0.018 -1.35998 -0.651259
0.019 -1.95414 -0.562273
0.02 -2.08147 -0.370202
0.021 -1.63927 -0.137787
0.022 -0.729613 0.0675157
0.023 0.35884 0.19507
0.024 1.25168 0.224114
0.025 1.62906 0.166902
0.026 1.34307 0.0615712
0.027 0.470226 -0.0438355
0.028 -0.710778 -0.11054
0.029 -1.80536 -0.121804
0.03 -2.42918 -0.0827395
0.031 -2.33991 -0.0117229
0.032 -1.53393 0.0666944
0.033 -0.264376 0.125876
0.034 1.04466 0.143674
0.035 1.96111 0.111151
0.036 2.21086 0.0361139
0.037 1.77174 -0.0628659
0.038 0.864248 -0.166936
0.039 -0.141377 -0.26199
0.04 -0.853912 -0.335229
0.041 -0.986138 -0.372692
0.042 -0.454691 -0.366537
0.043 0.573273 -0.325403
0.044 1.72492 -0.274288
0.045 2.56181 -0.242362
0.046 2.75514 -0.2498
0.047 2.20741 -0.302866
0.048 1.06766 -0.395475
0.049 -0.343787 -0.509312
0.05 -1.64384 -0.611304
0.051 -2.49022 -0.657968
0.052 -2.67627 -0.612828
0.053 -2.20467 -0.466968
0.054 -1.29759 -0.246406
0.055 -0.314136 -0.00177418
0.056 0.393079 0.210391
0.057 0.606418 0.343833
0.058 0.297491 0.37313
0.059 -0.393335 0.301047
0.06 -1.21435 0.161372
0.061 -1.87259 0.0102259
0.062 -2.11814 -0.0961725
0.063 -1.83273 -0.126409
0.064 -1.08234 -0.0865896
0.065 -0.097459 -0.0154079
0.066 0.813293 0.0328452
0.067 1.37158 0.0086317
0.068 1.41364 -0.114604
0.069 0.931332 -0.327561
0.07 0.0724522 -0.582534
0.071 -0.897413 -0.806222
0.072 -1.67103 -0.925474
0.073 -1.99708 -0.894196
0.074 -1.76386 -0.709286
0.075 -1.03634 -0.411184
0.076 -0.0343762 -0.0712087
0.077 0.937613 0.230231
0.078 1.58644 0.429298
0.079 1.72317 0.500141
0.08 1.32509 0.462293
0.081 0.543589 0.369106
0.082 -0.347526 0.282944
0.083 -1.04442 0.250105
0.084 -1.31301 0.285359
0.085 -1.06585 0.368395
0.086 -0.394326 0.451184
0.087 0.456185 0.475091
0.088 1.16605 0.393985
0.089 1.4538 0.194914
0.09 1.18118 -0.0938828
0.091 0.407072 -0.412582
0.092 -0.632394 -0.691738
0.093 -1.60523 -0.874849
0.094 -2.1931 -0.933131
0.095 -2.19464 -0.870938
0.096 -1.59483 -0.722573
0.097 -0.578101 -0.540874
0.098 0.526078 -0.37969
0.099 1.35555 -0.275641
0.1 1.6471 -0.236803
0.101 1.33108 -0.243944
0.102 0.548075 -0.26274
0.103 -0.412393 -0.259216
0.104 -1.21844 -0.211516
0.105 -1.60737 -0.11574
0.106 -1.47026 0.0138408
0.107 -0.887639 0.149278
0.108 -0.102521 0.257128
0.109 0.56882 0.309197
0.11 0.859941 0.292678
0.111 0.657748 0.214617
0.112 0.0388468 0.0982416
0.113 -0.771309 -0.0260785
0.114 -1.4884 -0.130355
0.115 -1.86749 -0.195716
0.116 -1.7795 -0.215814
0.117 -1.25017 -0.198022
0.118 -0.451793 -0.162302
0.119 0.356217 -0.135697
0.12 0.921779 -0.142454
0.121 1.08992 -0.194381
0.122 0.847411 -0.286734
0.123 0.308588 -0.400737
0.124 -0.339608 -0.509823
0.125 -0.903121 -0.586262
0.126 -1.23617 -0.607319
0.127 -1.27799 -0.561667
0.128 -1.06411 -0.45434
0.129 -0.706261 -0.305967
0.13 -0.346053 -0.144985
0.131 -0.101928 0.00260433
0.132 -0.0326258 0.119991
0.133 -0.128589 0.2012
0.134 -0.326507 0.250003
0.135 -0.534665 0.277913
0.136 -0.660432 0.300059
0.137 -0.635462 0.327865
0.138 -0.433428 0.361918
0.139 -0.076005 0.390624
0.14 0.372685 0.395642
0.141 0.820543 0.359158
0.142 1.1681 0.268624
0.143 1.33148 0.119658
0.144 1.263 -0.080366
0.145 0.96441 -0.309334
0.146 0.488878 -0.532884
0.147 -0.0684109 -0.713965
0.148 -0.588952 -0.823919
0.149 -0.958067 -0.848196
0.15 -1.09821 -0.786403
0.151 -0.997922 -0.651455
0.152 -0.721343 -0.469177
0.153 -0.390258 -0.274087
0.154 -0.143975 -0.098768
0.155 -0.0918715 0.037928
0.156 -0.275245 0.135194
0.157 -0.649861 0.204728
0.158 -1.0944 0.261677
0.159 -1.44574 0.318655
0.16 -1.55487 0.382074
0.161 -1.34594 0.44713
0.162 -0.854408 0.493634
0.163 -0.225238 0.489826
0.164 0.333024 0.406214
0.165 0.623296 0.231428
0.166 0.534186 -0.0205781
0.167 0.0830615 -0.314614
0.168 -0.587155 -0.603452
0.169 -1.25326 -0.836828
0.17 -1.68331 -0.971727
0.171 -1.71456 -0.985882
0.172 -1.31543 -0.888475
0.173 -0.606561 -0.718317
0.174 0.176678 -0.527862
0.175 0.773176 -0.362651
0.176 0.997674 -0.247712
0.177 0.806441 -0.184231
0.178 0.302736 -0.152365
0.179 -0.307371 -0.117669
0.18 -0.784683 -0.0437128
0.181 -0.934772 0.089603
0.182 -0.679417 0.271638
0.183 -0.0965709 0.461577
0.184 0.599765 0.604607
0.185 1.14357 0.653456
0.186 1.32604 0.584349
0.187 1.0729 0.403811
0.188 0.459675 0.148277
0.189 -0.323419 -0.123476
0.19 -1.03232 -0.347401
0.191 -1.44243 -0.477416
0.192 -1.4246 -0.503081
0.193 -0.999276 -0.451179
0.194 -0.335048 -0.3714
0.195 0.318631 -0.315365
0.196 0.731902 -0.318567
0.197 0.775303 -0.389402
0.198 0.451752 -0.506004
0.199 -0.11566 -0.622661
0.2 -0.726176 -0.687043
0.201 -1.16628 -0.662586
0.202 -1.28488 -0.544509
0.203 -1.05146 -0.361134
0.204 -0.566573 -0.161414
0.205 -0.0166021 0.00380139
0.206 0.401022 0.0987797
0.207 0.545757 0.113675
0.208 0.375434 0.0670703
0.209 -0.0426436 -0.00130438
0.21 -0.553718 -0.0468743
0.211 -0.969483 -0.0390383
0.212 -1.13719 0.0266997
0.213 -0.993985 0.128398
0.214 -0.582153 0.227683
0.215 -0.0249986 0.28469
0.216 0.516707 0.2721
0.217 0.891365 0.184055
0.218 1.00105 0.0375764
0.219 0.834263 -0.134347
0.22 0.468664 -0.295713
0.221 0.036803 -0.420447
0.222 -0.328053 -0.499385
0.223 -0.536128 -0.539543
0.224 -0.557802 -0.557621
0.225 -0.419425 -0.570895
0.226 -0.192743 -0.588813
0.227 0.0226328 -0.60853
0.228 0.131681 -0.616354
0.229 0.0824932 -0.594696
0.23 -0.113021 -0.531016
0.231 -0.389491 -0.423818
0.232 -0.658689 -0.283051
0.233 -0.83793 -0.126219
0.234 -0.865386 0.0270698
0.235 -0.710517 0.160411
0.236 -0.38737 0.264398
0.237 0.0395354 0.337221
0.238 0.471 0.381281
0.239 0.806553 0.397535
0.24 0.976347 0.381556
0.241 0.957114 0.324765
0.242 0.772297 0.220325
0.243 0.484641 0.0694508
0.244 0.184317 -0.115515
0.245 -0.0324861 -0.311994
0.246 -0.0941937 -0.491443
0.247 0.0195157 -0.62659
0.248 0.268955 -0.70021
0.249 0.566368 -0.711827
0.25 0.803087 -0.677963
0.251 0.883718 -0.624356
0.252 0.757871 -0.573781
0.253 0.43973 -0.536092
0.254 0.00761027 -0.504854
0.255 -0.418634 -0.460849
0.256 -0.714823 -0.380836
0.257 -0.791714 -0.249204
0.258 -0.626445 -0.0687678
0.259 -0.277402 0.134431
0.26 0.127809 0.31638
0.261 0.434203 0.429926
0.262 0.51708 0.442677
0.263 0.330037 0.349386
0.264 -0.0774506 0.174005
0.265 -0.576395 -0.038123
0.266 -0.997633 -0.23482
0.267 -1.18219 -0.374305
0.268 -1.03433 -0.439749
0.269 -0.563075 -0.445073
0.27 0.11 -0.427866
0.271 0.789088 -0.431316
0.272 1.27546 -0.483891
0.273 1.43885 -0.586762
0.274 1.25874 -0.713322
0.275 0.82568 -0.81895
0.276 0.310249 -0.8569
0.277 -0.090353 -0.795817
0.278 -0.218491 -0.633498
0.279 -0.016208 -0.400685
0.28 0.447617 -0.151075
0.281 1.00009 0.0591689
0.282 1.4292 0.192091
0.283 1.56223 0.238935
0.284 1.32668 0.218939
0.285 0.775664 0.169337
0.286 0.0728334 0.13086
0.287 -0.559325 0.132269
0.288 -0.914753 0.178396
0.289 -0.876847 0.247386
0.29 -0.460422 0.300281
0.291 0.193373 0.29887
0.292 0.865403 0.222048
0.293 1.33215 0.0730195
0.294 1.44106 -0.123143
0.295 1.16348 -0.328072
0.296 0.604659 -0.501789
0.297 -0.0362926 -0.61515
0.298 -0.541148 -0.659198
0.299 -0.749833 -0.646597
0.3 -0.61095 -0.603398
0.301 -0.19364 -0.555655
0.302 0.337193 -0.518727
0.303 0.77573 -0.493785
0.304 0.948389 -0.470438
0.305 0.781371 -0.432678
0.306 0.331182 -0.366484
0.307 -0.239549 -0.267302
0.308 -0.727754 -0.144001
0.309 -0.962938 -0.01634
0.31 -0.859138 0.0931805
0.311 -0.437031 0.168115
0.312 0.182309 0.202497
0.313 0.8124 0.199922
0.314 1.26282 0.169574
0.315 1.40842 0.121232
0.316 1.23327 0.0604352
0.317 0.826941 -0.0140782
0.318 0.340321 -0.108133
0.319 -0.0711759 -0.22547
0.32 -0.293989 -0.36098
0.321 -0.284626 -0.498765
0.322 -0.0787546 -0.616441
0.323 0.222405 -0.692823
0.324 0.489824 -0.715224
0.325 0.616527 -0.684381
0.326 0.555925 -0.6158
0.327 0.331646 -0.535473
0.328 0.0208089 -0.46949
0.329 -0.275825 -0.431943
0.33 -0.465055 -0.418349
0.331 -0.487252 -0.4087
0.332 -0.332162 -0.377891
0.333 -0.0397426 -0.307599
0.334 0.314453 -0.194936
0.335 0.642561 -0.05615
0.336 0.867103 0.075925
0.337 0.938583 0.162232
0.338 0.846985 0.173685
0.339 0.624061 0.105372
0.34 0.333312 -0.0197761
0.341 0.0510282 -0.159969
0.342 -0.15292 -0.270715
0.343 -0.228777 -0.320296
0.344 -0.156543 -0.299643
0.345 0.0455309 -0.225162
0.346 0.31836 -0.133435
0.347 0.575198 -0.0672581
0.348 0.731049 -0.0571806
0.349 0.733792 -0.107856
0.35 0.580588 -0.196872
0.351 0.315929 -0.285775
0.352 0.0185944 -0.336341
0.353 -0.217194 -0.324708
0.354 -0.308204 -0.249732
0.355 -0.215042 -0.134346
0.356 0.033056 -0.0184786
0.357 0.340968 0.0561676
0.358 0.581967 0.0636534
0.359 0.645809 0.00433376
0.36 0.477507 -0.0969263
0.361 0.0953823 -0.202317
0.362 -0.411191 -0.275624
0.363 -0.902776 -0.294397
0.364 -1.22986 -0.257341
0.365 -1.28472 -0.185107
0.366 -1.04453 -0.112536
0.367 -0.583154 -0.0739112
0.368 -0.0447924 -0.0882114
0.369 0.407089 -0.152465
0.37 0.644448 -0.245733
0.371 0.615767 -0.339499
0.372 0.362676 -0.408576
0.373 0.00578662 -0.439504
0.374 -0.298711 -0.435268
0.375 -0.417432 -0.414183
0.376 -0.289677 -0.401247
0.377 0.0507796 -0.4149
0.378 0.487953 -0.45669
0.379 0.863792 -0.51033
0.38 1.03368 -0.55009
0.381 0.919991 -0.552513
0.382 0.542902 -0.505431
0.383 0.0136127 -0.412211
0.384 -0.507545 -0.29124
0.385 -0.867607 -0.170059
0.386 -0.968613 -0.0745785
0.387 -0.793881 -0.0176358
0.388 -0.410892 0.00643883
0.389 0.0495755 0.0171961
0.39 0.437085 0.0358512
0.391 0.636039 0.0729587
0.392 0.606264 0.12241
0.393 0.388923 0.163218
0.394 0.0795652 0.167343
0.395 -0.210894 0.111242
0.396 -0.389113 -0.0122776
0.397 -0.402553 -0.186919
0.398 -0.254762 -0.375193
0.399 -0.00722452 -0.53095
0.4 0.241024 -0.61713
0.401 0.392181 -0.620031
0.402 0.386456 -0.553463
0.403 0.21734 -0.451886
0.404 -0.0752308 -0.355995
0.405 -0.420392 -0.296173
0.406 -0.731912 -0.279952
0.407 -0.926705 -0.288749
0.408 -0.9488 -0.285874
0.409 -0.790198 -0.233233
0.41 -0.495201 -0.109832
0.411 -0.144779 0.0763392
0.412 0.168997 0.288444
0.413 0.366754 0.47273
0.414 0.400553 0.577475
0.415 0.268214 0.571902
0.416 0.0186016 0.457909
0.417 -0.259881 0.270024
0.418 -0.46756 0.0632952
0.419 -0.527343 -0.106674
0.42 -0.410621 -0.20393
0.421 -0.147978 -0.224272
0.422 0.177058 -0.194326
0.423 0.451751 -0.158517
0.424 0.572392 -0.159735
0.425 0.484616 -0.2214
0.426 0.206801 -0.337514
0.427 -0.17527 -0.474213
0.428 -0.537922 -0.582569
0.429 -0.75931 -0.618337
0.43 -0.758373 -0.560778
0.431 -0.525647 -0.422109
0.432 -0.135126 -0.243253
0.433 0.275307 -0.0782204
0.434 0.554537 0.0256809
0.435 0.598292 0.0440077
0.436 0.388201 -0.0173746
0.437 -0.00592101 -0.125415
0.438 -0.453522 -0.232764
0.439 -0.804986 -0.296481
0.44 -0.938079 -0.295197
0.441 -0.801716 -0.236731
0.442 -0.441122 -0.152517
0.443 0.0143052 -0.0822377
0.444 0.402191 -0.0566735
0.445 0.593221 -0.0859991
0.446 0.538248 -0.156739
0.447 0.278606 -0.237298
0.448 -0.0752028 -0.290253
0.449 -0.382651 -0.28768
0.45 -0.520407 -0.223394
0.451 -0.428028 -0.115938
0.452 -0.13499 -0.000270092
0.453 0.248294 0.0875824
0.454 0.575567 0.124986
0.455 0.723763 0.110055
0.456 0.637467 0.0602666
0.457 0.343277 0.00419254
0.458 -0.0646705 -0.0304678
0.459 -0.459248 -0.0285885
0.46 -0.724828 0.00573344
0.461 -0.798096 0.0514247
0.462 -0.6884 0.0812791
0.463 -0.46749 0.0758322
0.464 -0.234952 0.0328402
0.465 -0.0780192 -0.0318994
0.466 -0.0424829 -0.0916462
0.467 -0.121478 -0.119981
0.468 -0.262525 -0.10203
0.469 -0.390902 -0.0417481
0.47 -0.442265 0.0382719
0.471 -0.389782 0.105855
0.472 -0.250943 0.133798
0.473 -0.0719949 0.11247
0.474 0.0965834 0.0538338
0.475 0.217792 -0.0144032
0.476 0.274721 -0.0607567
0.477 0.271052 -0.0627845
0.478 0.227746 -0.0167085
0.479 0.172755 0.0592381
0.48 0.12504 0.130351
0.481 0.0842107 0.159689
0.482 0.0368129 0.125232
0.483 -0.0248018 0.0308381
0.484 -0.0887948 -0.0948744
0.485 -0.128288 -0.210332
0.486 -0.118612 -0.27702
0.487 -0.0518571 -0.273392
0.488 0.0592395 -0.203055
0.489 0.184142 -0.0949497
0.49 0.279844 0.00623492
0.491 0.30207 0.0577967
0.492 0.225381 0.0375243
0.493 0.0633767 -0.0466753
0.494 -0.127943 -0.160907
0.495 -0.271628 -0.260092
0.496 -0.304943 -0.305727
0.497 -0.207659 -0.27989
0.498 -0.0107356 -0.192017
0.499 0.213927 -0.0765752
0.5 0.376788 0.0191365
0.501 0.402049 0.0539223
0.502 0.259519 0.0102134
0.503 -0.016571 -0.0986042
0.504 -0.334656 -0.234271
0.505 -0.579623 -0.349191
0.506 -0.658745 -0.404059
0.507 -0.538995 -0.381434
0.508 -0.261131 -0.291622
0.509 0.0733953 -0.168724
0.51 0.338433 -0.0570203
0.511 0.430776 0.00739285
0.512 0.311747 0.0111189
0.513 0.0245767 -0.0326667
0.514 -0.32096 -0.0915223
0.515 -0.590244 -0.127574
0.516 -0.674504 -0.112153
0.517 -0.531587 -0.0368389
0.518 -0.203138 0.0825012
0.519 0.198419 0.211205
0.52 0.531094 0.309895
0.521 0.678889 0.350811
0.522 0.598093 0.327935
0.523 0.333135 0.256687
0.524 -0.00391783 0.165507
0.525 -0.278716 0.0844569
0.526 -0.385107 0.0346832
0.527 -0.283361 0.0211255
0.528 -0.0150233 0.0310932
0.529 0.311354 0.040757
0.53 0.561644 0.0276395
0.531 0.630349 -0.0176899
0.532 0.483601 -0.0876187
0.533 0.170925 -0.162388
0.534 -0.19783 -0.219451
0.535 -0.497057 -0.24228
0.536 -0.631563 -0.226182
0.537 -0.568475 -0.180126
0.538 -0.346326 -0.123459
0.539 -0.0585797 -0.0774935
0.54 0.183952 -0.0553844
0.541 0.297788 -0.0562241
0.542 0.259015 -0.0670712
0.543 0.108765 -0.0710847
0.544 -0.0687591 -0.0565956
0.545 -0.183721 -0.0230464
0.546 -0.176804 0.0178198
0.547 -0.0408117 0.0459304
0.548 0.178801 0.0413472
0.549 0.40377 -0.00575782
0.55 0.555129 -0.0887065
0.551 0.584048 -0.185627
0.552 0.488586 -0.26814
0.553 0.310501 -0.312777
0.554 0.115241 -0.30997
0.555 -0.0354461 -0.267838
0.556 -0.107175 -0.209743
0.557 -0.103874 -0.165554
0.558 -0.0616668 -0.158898
0.559 -0.0285734 -0.195865
0.56 -0.04033 -0.261435
0.561 -0.104565 -0.32596
0.562 -0.199899 -0.358169
0.563 -0.28805 -0.338085
0.564 -0.331731 -0.26504
0.565 -0.310833 -0.159009
0.566 -0.231566 -0.0547812
0.567 -0.125014 0.0104534
0.568 -0.0339157 0.0124233
0.569 0.00785756 -0.0489522
0.57 -0.00748099 -0.148611
0.571 -0.0578974 -0.246541
0.572 -0.103337 -0.303719
0.573 -0.105878 -0.296468
0.574 -0.0475592 -0.224493
0.575 0.0614228 -0.11097
0.576 0.185843 0.00548064
0.577 0.278309 0.0852403
0.578 0.298627 0.10355
0.579 0.233168 0.0606434
0.58 0.104746 -0.0189549
0.581 -0.0339256 -0.0974126
0.582 -0.121778 -0.139178
0.583 -0.116 -0.124554
0.584 -0.0111105 -0.0569444
0.585 0.157674 0.0382001
0.586 0.327201 0.122796
0.587 0.429866 0.161098
0.588 0.419741 0.134238
0.589 0.292043 0.0477843
0.59 0.0876141 -0.0708941
0.591 -0.120977 -0.183544
0.592 -0.257267 -0.255066
0.593 -0.271528 -0.265562
0.594 -0.161117 -0.216839
0.595 0.0281198 -0.131224
0.596 0.219645 -0.0425641
0.597 0.335834 0.0173737
0.598 0.328006 0.0310747
0.599 0.195595 0.00059612
0.6 -0.0128765 -0.0555472
0.601 -0.217736 -0.111316
0.602 -0.338536 -0.14365
0.603 -0.325379 -0.141086
0.604 -0.178761 -0.108096
0.605 0.050113 -0.0634009
0.606 0.278505 -0.0322298
0.607 0.423132 -0.0355284
0.608 0.431082 -0.0812955
0.609 0.299081 -0.162051
0.61 0.0740791 -0.258708
0.611 -0.164787 -0.348006
0.612 -0.335835 -0.410179
0.613 -0.384738 -0.434695
0.614 -0.30336 -0.422662
0.615 -0.130913 -0.385062
0.616 0.0621559 -0.337258
0.617 0.201072 -0.292192
0.618 0.23465 -0.255646
0.619 0.153927 -0.225682
0.62 -0.00553341 -0.195749
0.621 -0.178299 -0.159156
0.622 -0.294533 -0.112803
0.623 -0.306008 -0.059042
0.624 -0.202906 -0.00526561
0.625 -0.0162014 0.0386078
0.626 0.193972 0.063821
0.627 0.359595 0.0660553
0.628 0.428686 0.0466729
0.629 0.383373 0.0113903
0.63 0.245101 -0.0325642
0.631 0.065033 -0.0790932
0.632 -0.095995 -0.124558
0.633 -0.189362 -0.167563
0.634 -0.193948 -0.20762
0.635 -0.120617 -0.243512
0.636 -0.00612693 -0.272221
0.637 0.100959 -0.28901
0.638 0.158168 -0.288905
0.639 0.144657 -0.269034
0.64 0.0682539 -0.230522
0.641 -0.0389875 -0.178745
0.642 -0.134517 -0.121745
0.643 -0.181671 -0.0676029
0.644 -0.161721 -0.0219431
0.645 -0.078476 0.013421
0.646 0.0440719 0.0403537
0.647 0.169733 0.0628794
0.648 0.261964 0.0847006
0.649 0.296115 0.106692
0.65 0.267359 0.125726
0.651 0.19071 0.135686
0.652 0.0933478 0.130252
0.653 0.00386181 0.106017
0.654 -0.0562794 0.0643916
0.655 -0.0771909 0.0115429
0.656 -0.0617929 -0.0433633
0.657 -0.024085 -0.0909087
0.658 0.0158755 -0.124351
0.659 0.0393042 -0.141747
0.66 0.0354764 -0.146257
0.661 0.00468543 -0.144342
0.662 -0.043734 -0.142657
0.663 -0.0960103 -0.145244
0.664 -0.138166 -0.152322
0.665 -0.159239 -0.160899
0.666 -0.154075 -0.166488
0.667 -0.125026 -0.165126
0.668 -0.0813493 -0.155102
0.669 -0.0361025 -0.13779
0.67 -0.00173598 -0.117129
0.671 0.0135302 -0.0978904
0.672 0.0072168 -0.0836207
0.673 -0.017458 -0.0754222
0.674 -0.052349 -0.0721396
0.675 -0.0862565 -0.0715525
0.676 -0.108002 -0.0716968
0.677 -0.109556 -0.0717444
0.678 -0.0881425 -0.072237
0.679 -0.0469329 -0.0745743
0.68 0.00582782 -0.0798758
0.681 0.058928 -0.0877988
0.682 0.100965 -0.0961439
0.683 0.123438 -0.101734
0.684 0.123251 -0.102152
0.685 0.103295 -0.0972275
0.686 0.0710901 -0.0893758
0.687 0.0365832 -0.0827234
0.688 0.00962744 -0.081414
0.689 -0.00272461 -0.087613
0.69 0.00149579 -0.0999237
0.691 0.0181131 -0.113104
0.692 0.0377661 -0.11963
0.693 0.0491932 -0.112751
0.694 0.0435168 -0.0896794
0.695 0.0173554 -0.0533045
0.696 -0.0260781 -0.0115839
0.697 -0.0775135 0.0250965
0.698 -0.12364 0.0476239
0.699 -0.150583 0.051662
0.7 -0.148333 0.0395791
0.701 -0.114861 0.01978
0.702 -0.0578847 0.00343055
0.703 0.00723334 -0.000224051
0.704 0.0625528 0.0120458
0.705 0.0930701 0.0357822
0.706 0.0908396 0.0603527
0.707 0.057066 0.0730815
0.708 0.00190974 0.0644559
0.709 -0.0581408 0.0323812
0.71 -0.105206 -0.0163405
0.711 -0.126175 -0.0680566
0.712 -0.117593 -0.107084
0.713 -0.0868153 -0.121456
0.714 -0.049032 -0.107413
0.715 -0.021746 -0.0709376
0.716 -0.0188316 -0.0256009
0.717 -0.0458777 0.012609
0.718 -0.0979367 0.0315696
0.719 -0.160322 0.0277813
0.72 -0.212685 0.00751163
0.721 -0.235625 -0.0160682
0.722 -0.217691 -0.0283886
0.723 -0.160012 -0.0194149
0.724 -0.0766719 0.012138
0.725 0.0094794 0.0578386
0.726 0.074143 0.10235
0.727 0.0994547 0.129206
0.728 0.0797932 0.127345
0.729 0.0237478 0.0955407
0.73 -0.048383 0.0427768
0.731 -0.111012 -0.0153906
0.732 -0.141855 -0.0627016
0.733 -0.129965 -0.0879526
0.734 -0.0801291 -0.0887218
0.735 -0.0114986 -0.0718676
0.736 0.0493834 -0.0505232
0.737 0.0783953 -0.0385359
0.738 0.0625779 -0.0445809
0.739 0.00470793 -0.068595
0.74 -0.0774965 -0.102071
0.741 -0.157029 -0.131782
0.742 -0.206517 -0.145067
0.743 -0.207932 -0.134603
0.744 -0.159713 -0.1011
0.745 -0.0780589 -0.0530697
0.746 0.00873254 -0.00363084
0.747 0.0707235 0.0345358
0.748 0.0871779 0.0539465
0.749 0.0535668 0.0546637
0.75 -0.0173371 0.043395
0.751 -0.100014 0.0301341
0.752 -0.164796 0.0239795
0.753 -0.188144 0.029656
0.754 -0.161334 0.0458065
0.755 -0.094015 0.0656707
0.756 -0.010688 0.0800469
0.757 0.0586259 0.0813569
0.758 0.0895875 0.0669058
0.759 0.0720556 0.0398195
0.76 0.0130511 0.00748106
0.761 -0.0662369 -0.0214776
0.762 -0.138053 -0.0402615
0.763 -0.177921 -0.0461186
0.764 -0.173522 -0.0410602
0.765 -0.129226 -0.030719
0.766 -0.0643221 -0.021602
0.767 -0.00551148 -0.0179655
0.768 0.0233136 -0.0199524
0.769 0.00990856 -0.0239187
0.77 -0.0421962 -0.0245262
0.771 -0.115451 -0.0173013
0.772 -0.184935 -0.000539194
0.773 -0.227404 0.0238922
0.774 -0.229456 0.0509724
0.775 -0.191913 0.0742128
0.776 -0.12898 0.0881775
0.777 -0.0625665 0.0907235
0.778 -0.0139249 0.0837386
0.779 0.00412177 0.0719539
0.78 -0.00867789 0.0605734
0.781 -0.040889 0.0530468
0.782 -0.0746581 0.0498948
0.783 -0.0930793 0.0487607
0.784 -0.0866476 0.0455254
0.785 -0.0564201 0.0362069
0.786 -0.0130266 0.0190185
0.787 0.0278635 -0.00436612
0.788 0.051799 -0.0291037
0.789 0.0509832 -0.0490073
0.79 0.0267774 -0.058988
0.791 -0.0114719 -0.0569256
0.792 -0.050586 -0.0442971
0.793 -0.078879 -0.0255431
0.794 -0.0903968 -0.00645293
0.795 -0.0864327 0.00793802
0.796 -0.0739492 0.0151755
0.797 -0.0617868 0.0161433
0.798 -0.0565334 0.0143712
0.799 -0.0600102 0.0142293
0.8 -0.0691997 0.0189113
0.801 -0.0781488 0.029084
0.802 -0.0808733 0.0425857
0.803 -0.0741873 0.0551558
0.804 -0.0593449 0.0619852
0.805 -0.0416679 0.0596122
0.806 -0.0280704 0.0474013
0.807 -0.0235364 0.0278969
0.808 -0.0285687 0.0058636
0.809 -0.039169 -0.0134835
0.81 -0.0491114 -0.0262037
0.811 -0.0529506 -0.0306931
0.812 -0.0483746 -0.0279319
0.813 -0.0372688 -0.0209629
0.814 -0.0252788 -0.0136892
0.815 -0.0197792 -0.0093087
0.816 -0.0265372 -0.00902737
0.817 -0.046381 -0.0116932
0.818 -0.0739524 -0.0145142
0.819 -0.099671 -0.0143996
0.82 -0.113868 -0.00921897
0.821 -0.110804 0.00144595
0.822 -0.0908621 0.0161181
0.823 -0.0604426 0.0317895
0.824 -0.0298765 0.0448327
0.825 -0.00986607 0.0522527
0.826 -0.00727113 0.0527704
0.827 -0.0218795 0.047203
0.828 -0.0460929 0.0379838
0.829 -0.0680788 0.0281386
0.83 -0.0768138 0.020232
0.831 -0.0665527 0.015643
0.832 -0.0389961 0.0142842
0.833 -0.00269706 0.0147884
0.834 0.0298959 0.0151346
0.835 0.0469374 0.0135206
0.836 0.0418713 0.00912604
0.837 0.0163297 0.0024401
0.838 -0.0203743 -0.0049582
0.839 -0.0550108 -0.0110273
0.84 -0.0755695 -0.0140102
0.841 -0.0755827 -0.0130263
0.842 -0.0562522 -0.00834446
0.843 -0.0258921 -0.00126689
0.844 0.00315346 0.00633883
0.845 0.0192579 0.0126788
0.846 0.0161992 0.0165915
0.847 -0.00436334 0.0178464
0.848 -0.0338263 0.0171101
0.849 -0.0603105 0.015608
0.85 -0.0731946 0.0146159
0.851 -0.0668499 0.0149757
0.852 -0.0425929 0.0167929
0.853 -0.00830188 0.0194229
0.854 0.024414 0.0217564
0.855 0.0446971 0.0226749
0.856 0.0467063 0.0214761
0.857 0.0315998 0.0181281
0.858 0.00645502 0.0132778
0.859 -0.0189082 0.00801979
0.86 -0.035566 0.00352878
0.861 -0.0384426 0.00068595
0.862 -0.02794 -0.000207155
0.863 -0.00971984 0.00047549
0.864 0.00758408 0.00185759
0.865 0.0159949 0.00294893
0.866 0.0114667 0.00306976
0.867 -0.00480902 0.00211863
0.868 -0.0273973 0.000569336
0.869 -0.0489773 -0.000772765
0.87 -0.0629186 -0.00110526
0.871 -0.0654103 7.17703e-05
0.872 -0.0566931 0.00273981
0.873 -0.0408788 0.00629382
0.874 -0.0241897 0.00970814
0.875 -0.0123235 0.0119245
0.876 -0.00827422 0.0123013
0.877 -0.0116105 0.0108868
0.878 -0.0192027 0.00835641
0.879 -0.0267124 0.00567107
0.88 -0.0302069 0.00368151
0.881 -0.0275399 0.0028524
0.882 -0.0191088 0.00313271
0.883 -0.00757863 0.00396944
0.884 0.00340095 0.00450376
0.885 0.0107949 0.00394271
0.886 0.0132353 0.00196194
0.887 0.0111645 -0.00109628
0.888 0.00632193 -0.00437314
0.889 0.000984397 -0.00689131
0.89 -0.00283204 -0.00794749
0.891 -0.00407709 -0.00733218
0.892 -0.00298633 -0.0053702
0.893 -0.000763306 -0.00281535
0.894 0.00119825 -0.000600247
0.895 0.00200413 0.000521944
0.896 0.00146879 0.000301077
0.897 -7.56388e-05 -0.00090771
0.898 -0.00205376 -0.00233402
0.899 -0.0038518 -0.00315118
0.9 -0.00501255 -0.00280278
0.901 -0.00542492 -0.00118293
0.902 -0.0053349 0.00134027
0.903 -0.00507966 0.00404997
0.904 -0.00475758 0.0061416
0.905 -0.00415722 0.00704129
0.906 -0.00299373 0.0066321
0.907 -0.00119674 0.00526623
0.908 0.000993537 0.00357505
0.909 0.00312459 0.00220464
0.91 0.00467821 0.00159577
0.911 0.00520128 0.00185044
0.912 0.00447406 0.00270053
0.913 0.00269242 0.00360906
0.914 0.000488699 0.00399839
0.915 -0.00131851 0.00350821
0.916 -0.00211153 0.00214286
0.917 -0.00174888 0.000237599
0.918 -0.000596673 -0.00170175
0.919 0.00064051 -0.00317666
0.92 0.00117981 -0.00383349
0.921 0.000443606 -0.0035606
0.922 -0.00168256 -0.00252808
0.923 -0.00473204 -0.00112425
0.924 -0.00779919 0.000212196
0.925 -0.00990305 0.00117975
0.926 -0.0103766 0.00171027
0.927 -0.00910246 0.00193194
0.928 -0.00653585 0.00205513
0.929 -0.00354198 0.00226671
0.93 -0.00110267 0.00266442
0.931 3.54387e-05 0.00321934
0.932 -0.000347637 0.00377164
0.933 -0.0018641 0.00408478
0.934 -0.00370971 0.00395119
0.935 -0.00501897 0.00329351
0.936 -0.00519838 0.00219818
0.937 -0.00411896 0.000864714
0.938 -0.00213842 -0.000485215
0.939 3.69035e-05 -0.00167946
0.94 0.00161724 -0.00262621
0.941 0.00204368 -0.00331421
0.942 0.0012202 -0.0037897
0.943 -0.000460316 -0.00411458
0.944 -0.00230685 -0.00432248
0.945 -0.00361815 -0.00439621
0.946 -0.00392889 -0.00428135
0.947 -0.00314396 -0.00392883
0.948 -0.0015461 -0.003338
0.949 0.000319404 -0.00257383
0.95 0.00185477 -0.00175423
0.951 0.00264019 -0.00101658
0.952 0.00258075 -0.000474154
0.953 0.00190159 -0.000179377
0.954 0.00101338 -0.000112389
0.955 0.000333942 -0.000198972
0.956 0.000141551 -0.000346399
0.957 0.000494337 -0.000479723
0.958 0.00122797 -0.000563743
0.959 0.00203275 -0.000606263
0.96 0.00258521 -0.000646332
0.961 0.00267734 -0.00073047
0.962 0.00228326 -0.000883012
0.963 0.00154228 -0.001086
0.964 0.000685044 -0.001282
0.965 -5.43512e-05 -0.00139773
0.966 -0.000511291 -0.00137434
0.967 -0.000634318 -0.00118998
0.968 -0.00048933 -0.000866894
0.969 -0.000220557 -0.000464237
0.97 1.60151e-05 -6.09892e-05
0.971 0.000113325 0.000267129
0.972 4.08371e-05 0.000470226
0.973 -0.000162903 0.000536971
0.974 -0.000417533 0.000492505
0.975 -0.000633572 0.000384285
0.976 -0.000742605 0.000262906
0.977 -0.000718564 0.000165471
0.978 -0.000582816 0.00010694
0.979 -0.000389758 8.09823e-05
0.98 -0.000200555 6.83693e-05
0.981 -6.00887e-05 4.85131e-05
0.982 1.3077e-05 8.97085e-06
0.983 2.47895e-05 -5.02817e-05
0.984 -2.86238e-06 -0.000117871
0.985 -4.19879e-05 -0.000176106
0.986 -6.91012e-05 -0.000208456
0.987 -7.24073e-05 -0.000206548
0.988 -5.35479e-05 -0.000173341
0.989 -2.3326e-05 -0.000121046
0.99 5.50014e-06 -6.54061e-05
0.991 2.39561e-05 -1.97443e-05
0.992 2.90921e-05 8.65112e-06
0.993 2.33546e-05 1.92835e-05
0.994 1.23303e-05 1.6991e-05
0.995 1.89233e-06 9.01222e-06
0.996 -4.19655e-06 1.64528e-06
0.997 -5.30921e-06 -1.9876e-06
0.998 -3.32445e-06 -2.10136e-06
0.999 -9.37114e-07 -7.49301e-07
0.12 0.059797 -0.177655
0.24 0.0597259 -0.176957
0.36 0.059607 -0.175797
0.48 0.0594398 -0.174179
0.6 0.0592239 -0.172107
0.72 0.0589582 -0.16959
0.84 0.0586418 -0.166635
0.96 0.0582737 -0.163252
1.08 0.0578525 -0.159454
1.2 0.0573768 -0.155252
1.32 0.0568451 -0.150661
1.44 0.056256 -0.145696
1.56 0.0556077 -0.140375
1.68 0.0548987 -0.134715
1.8 0.0541272 -0.128735
1.92 0.0532916 -0.122455
2.04 0.0523902 -0.115897
2.16 0.0514216 -0.109084
2.28 0.0503843 -0.102037
2.4 0.0492769 -0.0947803
2.52 0.0480983 -0.0873391
2.64 0.0468474 -0.0797381
2.76 0.0455234 -0.0720028
2.88 0.0441258 -0.0641593
3 0.0426542 -0.0562339
3.12 0.0411085 -0.0482532
3.24 0.0394889 -0.0402438
3.36 0.037796 -0.0322324
3.48 0.0360307 -0.0242457
3.6 0.0341941 -0.0163101
3.72 0.0322879 -0.00845179
3.84 0.0303139 -0.000696572
3.96 0.0282744 0.00693023
4.08 0.0261722 0.0144039
4.2 0.0240103 0.0217003
4.32 0.0217921 0.0287962
4.44 0.0195215 0.0356692
4.56 0.0172026 0.0422978
4.68 0.0148399 0.0486615
4.8 0.0124384 0.054741
4.92 0.0100031 0.0605182
5.04 0.00753968 0.0659764
5.16 0.00505375 0.0710999
5.28 0.00255134 0.0758747
5.4 3.86613e-05 0.0802882
5.52 -0.00247791 0.0843292
5.64 -0.00499185 0.0879882
5.76 -0.00749652 0.0912572
5.88 -0.00998524 0.0941298
6 -0.0124513 0.0966015
6.12 -0.014888 0.098669
6.24 -0.0172888 0.100331
6.36 -0.0196471 0.101588
6.48 -0.0219566 0.102442
6.6 -0.0242112 0.102896
6.72 -0.026405 0.102955
6.84 -0.0285325 0.102627
6.96 -0.0305883 0.101919
7.08 -0.0325677 0.100842
7.2 -0.0344662 0.0994065
7.32 -0.0362799 0.0976252
7.44 -0.0380053 0.095512
7.56 -0.0396394 0.0930821
7.68 -0.0411799 0.0903518
7.8 -0.042625 0.0873384
7.92 -0.0439734 0.0840602
8.04 -0.0452245 0.0805363
8.16 -0.0463783 0.0767868
8.28 -0.0474355 0.0728322
8.4 -0.0483973 0.0686936
8.52 -0.0492656 0.0643926
8.64 -0.0500428 0.0599511
8.76 -0.050732 0.0553912
8.88 -0.0513368 0.0507352
9 -0.0518613 0.0460052
9.12 -0.0523102 0.0412232
9.24 -0.0526886 0.0364112
9.36 -0.0530019 0.0315906
9.48 -0.0532561 0.0267824
9.6 -0.0534573 0.022007
9.72 -0.053612 0.0172844
9.84 -0.0537267 0.0126335
9.96 -0.0538082 0.0080725
10.08 -0.0538634 0.00361881
10.2 -0.053899 -0.000711301
10.32 -0.0539219 -0.00490259
10.44 -0.0539385 -0.00894094
10.56 -0.0539552 -0.0128134
10.68 -0.0539782 -0.0165083
10.8 -0.0540131 -0.0200151
10.92 -0.0540652 -0.0233248
11.04 -0.0541394 -0.0264294
11.16 -0.05424 -0.0293226
11.28 -0.0543705 -0.031999
11.4 -0.054534 -0.0344549
11.52 -0.0547328 -0.0366878
11.64 -0.0549684 -0.0386964
11.76 -0.0552416 -0.0404809
11.88 -0.0555522 -0.0420425
12 -0.0558995 -0.0433838
12.12 -0.0562815 -0.0445084
12.24 -0.0566957 -0.0454209
12.36 -0.0571387 -0.0461273
12.48 -0.0576059 -0.0466342
12.6 -0.0580923 -0.0469493
12.72 -0.0585919 -0.047081
12.84 -0.0590978 -0.0470385
12.96 -0.0596025 -0.0468316
13.08 -0.0600979 -0.0464706
13.2 -0.0605749 -0.0459665
13.32 -0.0610243 -0.0453306
13.44 -0.061436 -0.0445742
13.56 -0.0617997 -0.0437093
13.68 -0.0621047 -0.0427476
13.8 -0.0623401 -0.0417011
13.92 -0.0624946 -0.0405817
14.04 -0.0625571 -0.039401
14.16 -0.0625165 -0.0381705
14.28 -0.0623616 -0.0369014
14.4 -0.0620818 -0.0356046
14.52 -0.0616666 -0.0342905
14.64 -0.0611058 -0.0329689
14.76 -0.0603902 -0.0316493
14.88 -0.0595107 -0.0303404
15 -0.0584594 -0.0290503
15.12 -0.0572289 -0.0277864
15.24 -0.0558129 -0.0265554
15.36 -0.0542061 -0.0253634
15.48 -0.052404 -0.0242155
15.6 -0.0504036 -0.0231161
15.72 -0.0482029 -0.0220689
15.84 -0.0458012 -0.0210768
15.96 -0.0431991 -0.0201419
16.08 -0.0403983 -0.0192656
16.2 -0.0374022 -0.0184484
16.32 -0.0342154 -0.0176903
16.44 -0.0308437 -0.0169905
16.56 -0.0272943 -0.0163475
16.68 -0.023576 -0.0157593
16.8 -0.0196985 -0.0152234
16.92 -0.015673 -0.0147366
17.04 -0.0115118 -0.0142954
17.16 -0.00722829 -0.0138957
17.28 -0.00283696 -0.0135332
17.4 0.00164671 -0.0132033
17.52 0.00620639 -0.0129011
17.64 0.0108249 -0.0126215
17.76 0.0154845 -0.0123594
17.88 0.0201668 -0.0121095
18 0.024853 -0.0118665
18.12 0.0295238 -0.0116253
18.24 0.03416 -0.0113807
18.36 0.0387421 -0.0111277
18.48 0.0432507 -0.0108617
18.6 0.0476667 -0.0105782
18.72 0.0519711 -0.0102729
18.84 0.0561455 -0.00994195
18.96 0.0601721 -0.00958191
19.08 0.0640336 -0.00918965
19.2 0.0677137 -0.00876249
19.32 0.0711968 -0.00829822
19.44 0.0744687 -0.00779507
19.56 0.0775158 -0.00725176
19.68 0.0803261 -0.00666748
19.8 0.0828888 -0.00604193
19.92 0.0851944 -0.00537529
20.04 0.0872348 -0.00466821
20.16 0.0890034 -0.00392183
20.28 0.0904951 -0.00313775
20.4 0.0917063 -0.002318
20.52 0.092635 -0.00146503
20.64 0.0932809 -0.000581687
20.76 0.0936448 0.000328813
20.88 0.0937295 0.00126292
21 0.0935389 0.00221679
21.12 0.0930788 0.00318629
21.24 0.0923559 0.00416708
21.36 0.0913787 0.00515463
21.48 0.0901566 0.00614423
21.6 0.0887003 0.00713109
21.72 0.0870218 0.00811033
21.84 0.0851338 0.00907704
21.96 0.0830501 0.0100263
22.08 0.0807852 0.0109533
22.2 0.0783542 0.0118533
22.32 0.0757731 0.0127216
22.44 0.0730579 0.0135537
22.56 0.0702251 0.0143453
22.68 0.0672916 0.0150924
22.8 0.064274 0.0157911
22.92 0.0611892 0.0164379
23.04 0.0580537 0.0170294
23.16 0.0548839 0.0175628
23.28 0.0516956 0.0180354
23.4 0.0485043 0.0184449
23.52 0.0453249 0.0187895
23.64 0.0421714 0.0190676
23.76 0.0390573 0.0192779
23.88 0.035995 0.0194197
24 0.0329963 0.0194926
24.12 0.0300717 0.0194964
24.24 0.0272308 0.0194315
24.36 0.0244822 0.0192984
24.48 0.0218333 0.0190981
24.6 0.0192903 0.0188319
24.72 0.0168585 0.0185014
24.84 0.0145419 0.0181084
24.96 0.0123433 0.0176552
25.08 0.0102645 0.017144
25.2 0.00830625 0.0165776
25.32 0.00646812 0.0159587
25.44 0.00474875 0.0152903
25.56 0.00314578 0.0145756
25.68 0.00165596 0.0138178
25.8 0.000275207 0.0130205
25.92 -0.00100134 0.012187
26.04 -0.00217923 0.0113208
26.16 -0.00326463 0.0104257
26.28 -0.00426425 0.00950508
26.4 -0.00518522 0.00856263
26.52 -0.00603506 0.0076019
26.64 -0.00682155 0.00662642
26.76 -0.00755264 0.00563964
26.88 -0.0082364 0.00464495
27 -0.00888089 0.00364567
27.12 -0.00949411 0.00264498
27.24 -0.0100839 0.00164598
27.36 -0.0106578 0.000651619
27.48 -0.0112233 -0.000335255
27.6 -0.0117871 -0.00131195
27.72 -0.0123558 -0.00227591
27.84 -0.0129354 -0.00322471
27.96 -0.0135314 -0.00415609
28.08 -0.0141485 -0.00506794
28.2 -0.014791 -0.00595826
28.32 -0.0154626 -0.00682524
28.44 -0.016166 -0.00766718
28.56 -0.0169035 -0.00848252
28.68 -0.0176766 -0.00926985
28.8 -0.0184861 -0.0100279
28.92 -0.0193319 -0.0107554
29.04 -0.0202136 -0.0114514
29.16 -0.0211297 -0.0121149
29.28 -0.0220784 -0.012745
29.4 -0.0230571 -0.0133411
29.52 -0.0240626 -0.0139025
29.64 -0.0250913 -0.0144285
29.76 -0.0261389 -0.0149187
29.88 -0.0272008 -0.0153726
30 -0.0282719 -0.01579
30.12 -0.029347 -0.0161705
30.24 -0.0304202 -0.0165139
30.36 -0.0314857 -0.0168199
30.48 -0.0325374 -0.0170885
30.6 -0.0335692 -0.0173196
30.72 -0.0345747 -0.0175132
30.84 -0.0355479 -0.0176692
30.96 -0.0364825 -0.0177878
31.08 -0.0373726 -0.017869
31.2 -0.0382123 -0.0179131
31.32 -0.038996 -0.0179202
31.44 -0.0397183 -0.0178907
31.56 -0.0403743 -0.0178248
31.68 -0.0409593 -0.0177229
31.8 -0.0414692 -0.0175855
31.92 -0.0419 -0.0174131
32.04 -0.0422485 -0.0172063
32.16 -0.0425119 -0.0169657
32.28 -0.0426877 -0.016692
32.4 -0.0427742 -0.0163861
32.52 -0.0427702 -0.0160489
32.64 -0.0426747 -0.0156812
32.76 -0.0424877 -0.0152842
32.88 -0.0422094 -0.0148589
33 -0.0418406 -0.0144066
33.12 -0.0413828 -0.0139286
33.24 -0.0408376 -0.0134263
33.36 -0.0402075 -0.0129012
33.48 -0.0394951 -0.0123547
33.6 -0.0387036 -0.0117886
33.72 -0.0378365 -0.0112045
33.84 -0.0368977 -0.0106042
33.96 -0.0358915 -0.00998959
34.08 -0.0348223 -0.00936254
34.2 -0.0336949 -0.00872502
34.32 -0.0325142 -0.00807902
34.44 -0.0312854 -0.00742658
34.56 -0.0300137 -0.00676978
34.68 -0.0287044 -0.00611069
34.8 -0.027363 -0.00545143
34.92 -0.0259949 -0.00479408
35.04 -0.0246054 -0.00414073
35.16 -0.0232 -0.00349345
35.28 -0.0217839 -0.00285428
35.4 -0.0203623 -0.00222521
35.52 -0.0189401 -0.00160817
35.64 -0.0175223 -0.00100504
35.76 -0.0161134 -0.000417622
35.88 -0.0147178 0.000152365
36 -0.0133399 0.000703298
36.12 -0.0119834 0.00123365
36.24 -0.0106521 0.00174202
36.36 -0.00934947 0.00222711
36.48 -0.00807851 0.00268775
36.6 -0.00684208 0.00312289
36.72 -0.00564273 0.00353165
36.84 -0.0044827 0.00391326
36.96 -0.00336394 0.0042671
37.08 -0.00228811 0.0045927
37.2 -0.00125661 0.00488973
37.32 -0.000270528 0.00515801
37.44 0.000669276 0.00539752
37.56 0.00156221 0.00560836
37.68 0.00240793 0.00579078
37.8 0.00320631 0.00594518
37.92 0.00395744 0.00607208
38.04 0.00466161 0.00617212
38.16 0.00531928 0.00624608
38.28 0.0059311 0.00629484
38.4 0.00649784 0.00631938
38.52 0.00702044 0.00632078
38.64 0.00749994 0.00630022
38.76 0.00793746 0.00625893
38.88 0.00833425 0.00619824
39 0.0086916 0.00611951
39.12 0.00901086 0.00602415
39.24 0.00929345 0.00591361
39.36 0.00954079 0.00578937
39.48 0.00975433 0.00565291
39.6 0.00993555 0.00550572
39.72 0.0100859 0.00534928
39.84 0.0102068 0.00518507
39.96 0.0102998 0.00501451
40.08 0.0103662 0.004839
40.2 0.0104074 0.00465992
40.32 0.0104247 0.00447855
40.44 0.0104195 0.00429615
40.56 0.0103931 0.0041139
40.68 0.0103467 0.0039329
40.8 0.0102813 0.00375419
40.92 0.0101983 0.00357872
41.04 0.0100987 0.00340736
41.16 0.00998352 0.00324087
41.28 0.00985378 0.00307996
41.4 0.00971046 0.00292523
41.52 0.00955448 0.00277719
41.64 0.00938674 0.00263626
41.76 0.00920809 0.00250278
41.88 0.00901937 0.002377
42 0.00882137 0.00225909
42.12 0.00861487 0.00214914
42.24 0.0084006 0.00204716
42.36 0.00817931 0.00195309
42.48 0.0079517 0.00186682
42.6 0.00771846 0.00178816
42.72 0.00748026 0.00171688
42.84 0.00723778 0.00165269
42.96 0.00699165 0.00159525
43.08 0.00674252 0.00154421
43.2 0.00649103 0.00149917
43.32 0.00623778 0.0014597
43.44 0.00598339 0.00142536
43.56 0.00572846 0.00139572
43.68 0.00547357 0.0013703
43.8 0.00521932 0.00134864
43.92 0.00496626 0.0013303
44.04 0.00471494 0.00131483
44.16 0.00446592 0.00130179
44.28 0.00421972 0.00129077
44.4 0.00397684 0.00128139
44.52 0.00373778 0.00127326
44.64 0.00350301 0.00126607
44.76 0.00327298 0.00125948
44.88 0.00304812 0.00125324
45 0.00282883 0.00124709
45.12 0.0026155 0.00124083
45.24 0.00240848 0.00123428
45.36 0.00220809 0.0012273
45.48 0.00201464 0.0012198
45.6 0.00182838 0.0012117
45.72 0.00164956 0.00120295
45.84 0.00147839 0.00119357
45.96 0.00131504 0.00118356
46.08 0.00115966 0.00117297
46.2 0.00101237 0.00116189
46.32 0.000873253 0.00115039
46.44 0.000742363 0.00113861
46.56 0.000619731 0.00112666
46.68 0.000505355 0.0011147
46.8 0.000399208 0.00110286
46.92 0.000301238 0.00109133
47.04 0.000211366 0.00108026
47.16 0.000129491 0.00106981
47.28 5.54895e-05 0.00106015
47.4 -1.07817e-05 0.00105144
47.52 -6.94851e-05 0.00104383
47.64 -0.000120801 0.00103747
47.76 -0.000164925 0.00103248
47.88 -0.000202066 0.00102898
48 -0.000232449 0.00102708
48.12 -0.000256307 0.00102685
48.24 -0.000273886 0.00102837
48.36 -0.000285437 0.00103167
48.48 -0.000291222 0.0010368
48.6 -0.000291509 0.00104375
48.72 -0.000286569 0.00105251
48.84 -0.00027668 0.00106305
48.96 -0.000262123 0.0010753
49.08 -0.000243182 0.00108921
49.2 -0.000220142 0.00110467
49.32 -0.000193291 0.00112157
49.44 -0.000162918 0.00113978
49.56 -0.000129313 0.00115917
49.68 -9.27671e-05 0.00117958
49.8 -5.35696e-05 0.00120083
49.92 -1.20115e-05 0.00122275
50.04 3.16169e-05 0.00124516
50.16 7.70259e-05 0.00126785
50.28 0.000123926 0.00129063
50.4 0.00017203 0.00131329
50.52 0.00022105 0.00133564
50.64 0.000270701 0.00135747
50.76 0.000320699 0.00137858
50.88 0.000370763 0.00139878
51 0.000420614 0.00141788
51.12 0.000469976 0.0014357
51.24 0.000518578 0.00145206
51.36 0.000566152 0.00146682
51.48 0.000612436 0.00147981
51.6 0.000657175 0.0014909
51.72 0.000700119 0.00149998
51.84 0.000741028 0.00150693
51.96 0.000779671 0.00151166
52.08 0.000815826 0.00151409
52.2 0.000849282 0.00151417
52.32 0.000879843 0.00151185
52.44 0.000907325 0.0015071
52.56 0.000931559 0.00149991
52.68 0.000952392 0.00149028
52.8 0.000969691 0.00147823
52.92 0.000983337 0.0014638
53.04 0.000993234 0.00144702
53.16 0.000999307 0.00142797
53.28 0.0010015 0.00140671
53.4 0.000999778 0.00138333
53.52 0.000994136 0.00135792
53.64 0.000984585 0.00133058
53.76 0.000971164 0.00130144
53.88 0.000953935 0.00127061
54 0.000932983 0.00123822
54.12 0.000908418 0.00120439
54.24 0.000880375 0.00116927
54.36 0.000849009 0.00113299
54.48 0.000814501 0.0010957
54.6 0.000777049 0.00105754
54.72 0.000736876 0.00101865
54.84 0.000694221 0.000979161
54.96 0.000649342 0.000939227
55.08 0.000602513 0.00089898
55.2 0.00055402 0.000858553
55.32 0.000504164 0.000818076
55.44 0.000453255 0.000777674
55.56 0.000401611 0.000737467
55.68 0.000349555 0.00069757
55.8 0.000297414 0.00065809
55.92 0.000245516 0.000619131
56.04 0.000194188 0.000580787
56.16 0.000143751 0.000543148
56.28 9.45233e-05 0.000506297
56.4 4.68107e-05 0.000470308
56.52 9.10221e-07 0.00043525
56.64 -4.2895e-05 0.000401185
56.76 -8.43371e-05 0.000368168
56.88 -0.000123166 0.000336246
57 -0.000159149 0.000305463
57.12 -0.000192078 0.000275853
57.24 -0.000221763 0.000247447
57.36 -0.000248042 0.000220267
57.48 -0.000270773 0.000194332
57.6 -0.000289846 0.000169655
57.72 -0.000305171 0.000146244
57.84 -0.00031669 0.000124101
57.96 -0.00032437 0.000103225
58.08 -0.000328206 8.36102e-05
58.2 -0.00032822 6.52469e-05
58.32 -0.000324459 4.81215e-05
58.44 -0.000316998 3.22168e-05
58.56 -0.000305937 1.75123e-05
58.68 -0.0002914 3.9844e-06
58.8 -0.000273532 -8.3936e-06
58.92 -0.000252503 -1.96511e-05
59.04 -0.000228501 -2.98203e-05
59.16 -0.00020173 -3.8936e-05
59.28 -0.000172415 -4.70352e-05
59.4 -0.000140792 -5.41577e-05
59.52 -0.000107112 -6.03454e-05
59.64 -7.16334e-05 -6.56425e-05
59.76 -3.4626e-05 -7.00955e-05
59.88 3.6356e-06 -7.37532e-05
60 4.28725e-05 -7.66663e-05
60.12 8.28038e-05 -7.88879e-05
60.24 0.000123149 -8.04734e-05
60.36 0.000163628 -8.148e-05
60.48 0.000203968 -8.19675e-05
60.6 0.000243899 -8.19975e-05
60.72 0.00028316 -8.16337e-05
60.84 0.000321499 -8.09422e-05
60.96 0.000358676 -7.99908e-05
61.08 0.000394462 -7.88495e-05
61.2 0.000428642 -7.759e-05
61.32 0.000461016 -7.6286e-05
61.44 0.000491398 -7.50127e-05
61.56 0.000519622 -7.3847e-05
61.68 0.000545535 -7.28672e-05
61.8 0.000569004 -7.21524e-05
61.92 0.000589914 -7.17831e-05
62.04 0.000608168 -7.18404e-05
62.16 0.000623686 -7.24056e-05
62.28 0.000636407 -7.35605e-05
62.4 0.000646289 -7.53863e-05
62.52 0.000653307 -7.7964e-05
62.64 0.000657452 -8.13734e-05
62.76 0.000658734 -8.56931e-05
62.88 0.000657177 -9.09999e-05
63 0.000652823 -9.73681e-05
63.12 0.000645725 -0.00010487
63.24 0.000635953 -0.000113573
63.36 0.00062359 -0.000123544
63.48 0.000608728 -0.000134842
63.6 0.000591474 -0.000147524
63.72 0.000571944 -0.00016164
63.84 0.000550261 -0.000177237
63.96 0.00052656 -0.000194351
64.08 0.000500982 -0.000213017
64.2 0.000473675 -0.000233259
64.32 0.000444792 -0.000255094
64.44 0.000414491 -0.000278532
64.56 0.000382936 -0.000303575
64.68 0.000350292 -0.000330215
64.8 0.000316728 -0.000358436
64.92 0.000282416 -0.000388211
65.04 0.000247527 -0.000419507
65.16 0.000212235 -0.000452278
65.28 0.000176712 -0.000486471
65.4 0.000141133 -0.000522023
65.52 0.00010567 -0.00055886
65.64 7.0493e-05 -0.000596901
65.76 3.57724e-05 -0.000636054
65.88 1.67536e-06 -0.00067622
66 -3.1633e-05 -0.000717289
66.12 -6.39908e-05 -0.000759147
66.24 -9.52391e-05 -0.000801671
66.36 -0.000125223 -0.000844729
66.48 -0.000153791 -0.000888186
66.6 -0.000180798 -0.000931901
66.72 -0.000206101 -0.000975729
66.84 -0.000229564 -0.00101952
66.96 -0.000251058 -0.00106312
67.08 -0.00027046 -0.00110639
67.2 -0.000287651 -0.00114915
67.32 -0.000302524 -0.00119128
67.44 -0.000314978 -0.0012326
67.56 -0.000324921 -0.00127298
67.68 -0.000332271 -0.00131227
67.8 -0.000336956 -0.00135033
67.92 -0.000338916 -0.00138703
68.04 -0.000338101 -0.00142225
68.16 -0.000334474 -0.00145586
68.28 -0.000328014 -0.00148777
68.4 -0.000318712 -0.00151787
68.52 -0.000306573 -0.00154608
68.64 -0.00029162 -0.00157232
68.76 -0.000273892 -0.00159655
68.88 -0.000253445 -0.0016187
69 -0.000230353 -0.00163875
69.12 -0.000204709 -0.00165668
69.24 -0.000176624 -0.00167249
69.36 -0.000146231 -0.00168618
69.48 -0.000113682 -0.00169779
69.6 -7.91504e-05 -0.00170735
69.72 -4.28287e-05 -0.00171492
69.84 -4.93189e-06 -0.00172056
69.96 3.43043e-05 -0.00172437
70.08 7.46235e-05 -0.00172642
70.2 0.000115749 -0.00172684
70.32 0.000157382 -0.00172573
70.44 0.000199208 -0.00172322
70.56 0.000240889 -0.00171945
70.68 0.000282071 -0.00171456
70.8 0.000322385 -0.00170869
70.92 0.000361444 -0.001702
71.04 0.000398845 -0.00169464
71.16 0.000434177 -0.00168675
71.28 0.000467014 -0.0016785
71.4 0.000496922 -0.00167003
71.52 0.000523461 -0.00166148
71.64 0.000546186 -0.00165301
71.76 0.000564648 -0.00164472
71.88 0.0005784 -0.00163675
72 0.000586997 -0.0016292
72.12 0.00059 -0.00162217
72.24 0.000586978 -0.00161575
72.36 0.000577512 -0.00160999
72.48 0.000561196 -0.00160494
72.6 0.000537644 -0.00160065
72.72 0.000506488 -0.00159712
72.84 0.000467385 -0.00159434
72.96 0.000420018 -0.0015923
73.08 0.000364101 -0.00159095
73.2 0.000299381 -0.00159022
73.32 0.000225637 -0.00159003
73.44 0.000142691 -0.00159029
73.56 5.04036e-05 -0.00159086
73.68 -5.13207e-05 -0.00159162
73.8 -0.000162531 -0.0015924
73.92 -0.00028323 -0.00159305
74.04 -0.000413369 -0.00159337
74.16 -0.000552848 -0.00159318
74.28 -0.000701516 -0.00159227
74.4 -0.000859168 -0.00159042
74.52 -0.00102554 -0.00158743
74.64 -0.00120033 -0.00158307
74.76 -0.00138316 -0.00157711
74.88 -0.0015736 -0.00156934
75 -0.00177119 -0.00155954
75.12 -0.0019754 -0.00154749
75.24 -0.00218564 -0.001533
75.36 -0.00240129 -0.00151586
75.48 -0.00262167 -0.0014959
75.6 -0.00284608 -0.00147295
75.72 -0.00307375 -0.00144687
75.84 -0.00330389 -0.00141752
75.96 -0.00353567 -0.0013848
76.08 -0.00376824 -0.00134862
76.2 -0.00400073 -0.00130893
76.32 -0.00423223 -0.00126567
76.44 -0.00446184 -0.00121886
76.56 -0.00468864 -0.00116848
76.68 -0.00491169 -0.0011146
76.8 -0.0051301 -0.00105727
76.92 -0.00534294 -0.000996594
77.04 -0.00554933 -0.000932685
77.16 -0.00574839 -0.00086569
77.28 -0.00593927 -0.000795775
77.4 -0.00612118 -0.00072313
77.52 -0.00629332 -0.000647963
77.64 -0.00645498 -0.000570502
77.76 -0.00660548 -0.000490991
77.88 -0.0067442 -0.000409687
78 -0.00687059 -0.000326856
78.12 -0.00698414 -0.000242774
78.24 -0.00708445 -0.000157724
78.36 -0.00717115 -7.19864e-05
78.48 -0.00724397 1.4155e-05
78.6 -0.00730274 0.000100423
78.72 -0.00734733 0.000186545
78.84 -0.00737773 0.000272262
78.96 -0.00739399 0.000357324
79.08 -0.00739627 0.000441499
79.2 -0.00738478 0.000524574
79.32 -0.00735984 0.000606354
79.44 -0.00732185 0.00068667
79.56 -0.00727129 0.000765377
79.68 -0.00720871 0.000842354
79.8 -0.00713472 0.000917512
79.92 -0.00705002 0.000990788
80.04 -0.00695536 0.00106215
80.16 -0.00685156 0.00113159
80.28 -0.00673946 0.00119914
80.4 -0.00661997 0.00126485
80.52 -0.00649404 0.00132881
80.64 -0.00636261 0.00139113
80.76 -0.00622667 0.00145193
80.88 -0.00608721 0.00151138
81 -0.00594523 0.00156965
81.12 -0.0058017 0.00162694
81.24 -0.00565761 0.00168345
81.36 -0.00551387 0.00173941
81.48 -0.0053714 0.00179504
81.6 -0.00523105 0.00185058
81.72 -0.00509363 0.00190625
81.84 -0.00495988 0.00196228
81.96 -0.00483047 0.00201889
82.08 -0.004706 0.00207628
82.2 -0.00458697 0.00213464
82.32 -0.00447381 0.00219414
82.44 -0.00436683 0.00225492
82.56 -0.00426625 0.00231709
82.68 -0.0041722 0.00238075
82.8 -0.00408469 0.00244593
82.92 -0.0040036 0.00251266
83.04 -0.00392874 0.0025809
83.16 -0.00385978 0.0026506
83.28 -0.0037963 0.00272163
83.4 -0.00373776 0.00279385
83.52 -0.00368352 0.00286707
83.64 -0.00363286 0.00294104
83.76 -0.00358494 0.00301548
83.88 -0.00353885 0.00309008
84 -0.00349361 0.00316448
84.12 -0.00344816 0.00323829
84.24 -0.00340137 0.00331107
84.36 -0.00335208 0.00338238
84.48 -0.0032991 0.00345174
84.6 -0.00324118 0.00351865
84.72 -0.00317708 0.0035826
84.84 -0.00310557 0.00364308
84.96 -0.00302539 0.00369957
85.08 -0.00293535 0.00375155
85.2 -0.00283428 0.00379852
85.32 -0.00272106 0.00384
85.44 -0.00259463 0.00387554
85.56 -0.00245402 0.0039047
85.68 -0.00229834 0.0039271
85.8 -0.00212681 0.00394239
85.92 -0.00193876 0.0039503
86.04 -0.00173365 0.0039506
86.16 -0.00151105 0.00394311
86.28 -0.00127069 0.00392774
86.4 -0.00101246 0.00390448
86.52 -0.000736373 0.00387339
86.64 -0.000442622 0.0038346
86.76 -0.000131558 0.00378834
86.88 0.000196304 0.00373493
87 0.000540286 0.00367475
87.12 0.000899545 0.00360831
87.24 0.00127308 0.00353618
87.36 0.00165972 0.00345901
87.48 0.00205818 0.00337754
87.6 0.00246698 0.00329259
87.72 0.00288454 0.00320505
87.84 0.00330915 0.00311588
87.96 0.00373899 0.00302609
88.08 0.00417212 0.00293674
88.2 0.00460653 0.00284894
88.32 0.00504015 0.00276384
88.44 0.00547082 0.0026826
88.56 0.00589638 0.00260638
88.68 0.00631463 0.00253636
88.8 0.00672335 0.00247369
88.92 0.00712037 0.00241951
89.04 0.00750352 0.00237491
89.16 0.00787071 0.00234092
89.28 0.00821989 0.00231851
89.4 0.00854913 0.00230857
89.52 0.00885657 0.00231189
89.64 0.00914051 0.00232917
89.76 0.00939935 0.00236098
89.88 0.00963168 0.00240774
90 0.00983621 0.00246977
90.12 0.0100119 0.00254719
90.24 0.0101578 0.00264
90.36 0.0102732 0.00274801
90.48 0.0103577 0.00287084
90.6 0.010411 0.00300794
90.72 0.010433 0.00315859
90.84 0.0104239 0.00332184
90.96 0.010384 0.00349657
91.08 0.010314 0.00368148
91.2 0.0102148 0.00387505
91.32 0.0100872 0.00407559
91.44 0.00993262 0.00428123
91.56 0.00975242 0.00448993
91.68 0.00954822 0.00469946
91.8 0.00932182 0.00490746
91.92 0.00907515 0.00511141
92.04 0.00881031 0.00530868
92.16 0.0085295 0.0054965
92.28 0.00823504 0.00567202
92.4 0.00792933 0.00583231
92.52 0.00761486 0.00597437
92.64 0.00729413 0.00609518
92.76 0.0069697 0.00619167
92.88 0.0066441 0.00626079
93 0.00631989 0.00629954
93.12 0.00599953 0.00630493
93.24 0.00568547 0.00627406
93.36 0.00538005 0.00620415
93.48 0.00508552 0.00609252
93.6 0.004804 0.00593662
93.72 0.00453747 0.00573411
93.84 0.00428776 0.00548281
93.96 0.00405651 0.00518076
94.08 0.00384519 0.00482625
94.2 0.00365506 0.0044178
94.32 0.00348717 0.00395423
94.44 0.00334234 0.00343462
94.56 0.00322118 0.00285839
94.68 0.00312404 0.00222525
94.8 0.00305106 0.00153526
94.92 0.00300212 0.000788795
95.04 0.00297687 -1.33966e-05
95.16 0.00297473 -0.000870225
95.28 0.00299488 -0.00178025
95.4 0.0030363 -0.00274166
95.52 0.00309772 -0.0037523
95.64 0.00317771 -0.00480968
95.76 0.00327462 -0.00591094
95.88 0.00338664 -0.00705291
96 0.00351179 -0.00823208
96.12 0.00364795 -0.00944466
96.24 0.00379289 -0.0106865
96.36 0.00394426 -0.0119533
96.48 0.00409962 -0.0132405
96.6 0.0042565 -0.0145431
96.72 0.00441234 -0.0158561
96.84 0.0045646 -0.0171743
96.96 0.00471072 -0.0184923
97.08 0.00484817 -0.0198046
97.2 0.00497445 -0.0211056
97.32 0.00508716 -0.0223897
97.44 0.00518395 -0.0236511
97.56 0.00526258 -0.0248843
97.68 0.00532095 -0.0260835
97.8 0.00535708 -0.0272433
97.92 0.00536915 -0.028358
98.04 0.00535553 -0.0294225
98.16 0.00531473 -0.0304314
98.28 0.0052455 -0.0313799
98.4 0.00514676 -0.0322632
98.52 0.00501766 -0.0330768
98.64 0.00485756 -0.0338164
98.76 0.00466603 -0.0344782
98.88 0.00444288 -0.0350586
99 0.00418814 -0.0355543
99.12 0.00390206 -0.0359625
99.24 0.00358509 -0.0362806
99.36 0.00323794 -0.0365067
99.48 0.00286148 -0.036639
99.6 0.0024568 -0.0366763
99.72 0.0020252 -0.0366178
99.84 0.00156812 -0.0364631
99.96 0.0010872 -0.0362122
100.08 0.000584218 -0.0358657
100.2 6.11052e-05 -0.0354244
100.32 -0.000480087 -0.0348897
100.44 -0.00103719 -0.0342634
100.56 -0.00160795 -0.0335476
100.68 -0.00219002 -0.0327449
100.8 -0.002781 -0.0318582
100.92 -0.00337842 -0.0308908
101.04 -0.0039798 -0.0298463
101.16 -0.00458263 -0.0287287
101.28 -0.0051844 -0.0275421
101.4 -0.00578262 -0.0262911
101.52 -0.00637481 -0.0249804
101.64 -0.00695855 -0.0236149
101.76 -0.00753146 -0.0221998
101.88 -0.0080912 -0.0207403
102 -0.00863555 -0.0192418
102.12 -0.00916234 -0.0177098
102.24 -0.00966951 -0.0161498
102.36 -0.0101551 -0.0145674
102.48 -0.0106172 -0.0129681
102.6 -0.011054 -0.0113575
102.72 -0.011464 -0.00974101
102.84 -0.0118456 -0.00812403
102.96 -0.0121974 -0.00651182
103.08 -0.012518 -0.00490948
103.2 -0.0128064 -0.00332194
103.32 -0.0130615 -0.00175397
103.44 -0.0132823 -0.000210077
103.56 -0.013468 0.00130543
103.68 -0.0136179 0.0027885
103.8 -0.0137314 0.00423537
103.92 -0.0138081 0.00564254
104.04 -0.0138474 0.00700681
104.16 -0.0138492 0.00832528
104.28 -0.0138132 0.00959538
104.4 -0.0137394 0.0108148
104.52 -0.0136276 0.0119817
104.64 -0.013478 0.0130943
104.76 -0.0132907 0.0141514
104.88 -0.0130659 0.015152
105 -0.0128039 0.0160953
105.12 -0.0125051 0.016981
105.24 -0.0121699 0.017809
105.36 -0.0117987 0.0185795
105.48 -0.0113922 0.0192929
105.6 -0.0109509 0.01995
105.72 -0.0104756 0.0205516
105.84 -0.00996692 0.0210989
105.96 -0.00942572 0.0215934
106.08 -0.00885288 0.0220365
106.2 -0.00824932 0.02243
106.32 -0.00761605 0.0227757
106.44 -0.00695414 0.0230755
106.56 -0.00626473 0.0233317
106.68 -0.00554901 0.0235463
106.8 -0.00480827 0.0237216
106.92 -0.00404385 0.0238597
107.04 -0.00325718 0.0239631
107.16 -0.00244975 0.024034
107.28 -0.00162312 0.0240746
107.4 -0.000778944 0.0240873
107.52 8.10747e-05 0.0240741
107.64 0.000955152 0.0240371
107.76 0.00184144 0.0239784
107.88 0.00273802 0.0239
108 0.00364291 0.0238036
108.12 0.0045541 0.0236909
108.24 0.00546948 0.0235635
108.36 0.00638695 0.0234229
108.48 0.00730432 0.0232704
108.6 0.00821942 0.023107
108.72 0.00913002 0.0229338
108.84 0.0100339 0.0227517
108.96 0.0109288 0.0225613
109.08 0.0118126 0.0223632
109.2 0.012683 0.022158
109.32 0.013538 0.0219457
109.44 0.0143753 0.0217266
109.56 0.0151929 0.0215007
109.68 0.0159889 0.021268
109.8 0.0167613 0.0210282
109.92 0.0175084 0.0207811
110.04 0.0182285 0.0205262
110.16 0.0189199 0.0202632
110.28 0.0195813 0.0199916
110.4 0.0202114 0.0197108
110.52 0.0208091 0.0194203
110.64 0.0213733 0.0191194
110.76 0.0219032 0.0188077
110.88 0.0223983 0.0184844
111 0.0228581 0.0181491
111.12 0.0232823 0.0178013
111.24 0.0236708 0.0174405
111.36 0.0240239 0.0170662
111.48 0.0243417 0.0166782
111.6 0.0246248 0.0162762
111.72 0.0248738 0.01586
111.84 0.0250897 0.0154295
111.96 0.0252734 0.0149849
112.08 0.0254261 0.0145263
112.2 0.0255491 0.0140539
112.32 0.0256439 0.0135682
112.44 0.025712 0.0130697
112.56 0.0257553 0.012559
112.68 0.0257754 0.0120369
112.8 0.0257742 0.0115043
112.92 0.0257536 0.0109622
113.04 0.0257155 0.0104118
113.16 0.0256619 0.00985417
113.28 0.0255948 0.0092908
113.4 0.025516 0.00872308
113.52 0.0254275 0.00815253
113.64 0.025331 0.00758075
113.76 0.0252283 0.00700939
113.88 0.0251209 0.00644017
114 0.0250104 0.00587485
114.12 0.0248981 0.00531521
114.24 0.0247851 0.00476304
114.36 0.0246725 0.00422015
114.48 0.0245611 0.00368832
114.6 0.0244515 0.00316931
114.72 0.0243442 0.00266484
114.84 0.0242392 0.00217657
114.96 0.0241367 0.00170611
115.08 0.0240363 0.00125497
115.2 0.0239376 0.00082457
115.32 0.0238398 0.000416237
115.44 0.0237421 3.11716e-05
115.56 0.0236433 -0.000329546
115.68 0.0235422 -0.000664972
115.8 0.0234371 -0.000974304
115.92 0.0233264 -0.00125689
116.04 0.0232083 -0.00151223
116.16 0.0230807 -0.00173999
116.28 0.0229416 -0.00194
116.4 0.0227886 -0.00211224
116.52 0.0226196 -0.00225686
116.64 0.0224322 -0.00237419
116.76 0.022224 -0.00246471
116.88 0.0219926 -0.00252905
117 0.0217358 -0.002568
117.12 0.0214513 -0.00258251
117.24 0.0211367 -0.00257364
117.36 0.0207902 -0.00254261
117.48 0.0204098 -0.00249074
117.6 0.0199937 -0.00241948
117.72 0.0195404 -0.00233035
117.84 0.0190484 -0.00222499
117.96 0.0185169 -0.00210508
118.08 0.0179448 -0.00197238
118.2 0.0173317 -0.00182869
118.32 0.0166774 -0.00167584
118.44 0.015982 -0.00151567
118.56 0.0152458 -0.00135003
118.68 0.0144696 -0.00118075
118.8 0.0136547 -0.00100961
118.92 0.0128023 -0.000838392
119.04 0.0119144 -0.000668778
119.16 0.0109931 -0.000502396
119.28 0.010041 -0.000340788
119.4 0.00906088 -0.000185398
119.52 0.00805594 -3.75635e-05
119.64 0.00702967 0.000101497
119.76 0.00598586 0.000230693
119.88 0.00492856 0.000349067
120 0.00386206 0.000455804
