-0.999 1.26068e-06 -4.6779e-07
-0.998 7.82939e-06 -1.70786e-06
-0.997 1.6969e-05 -3.48449e-06
-0.996 1.77502e-05 -5.46094e-06
-0.995 -1.83548e-06 -7.00897e-06
-0.994 -4.44636e-05 -6.90441e-06
-0.993 -9.61208e-05 -3.10076e-06
-0.992 -0.000127775 6.73724e-06
-0.991 -0.000107902 2.37285e-05
-0.99 -2.09989e-05 4.63842e-05
-0.989 0.000117899 7.06824e-05
-0.988 0.000261671 9.16018e-05
-0.987 0.000345137 0.000104997
-0.986 0.000310698 0.000109282
-0.985 0.00013709 0.000107167
-0.984 -0.000140775 0.00010663
-0.983 -0.000433251 0.00011898
-0.982 -0.000623804 0.000153467
-0.981 -0.000614847 0.000211458
-0.98 -0.000371298 0.00028414
-0.979 5.85064e-05 0.000354845
-0.978 0.000552567 0.000404294
-0.977 0.000950813 0.000417448
-0.976 0.001107 0.000391541
-0.975 0.000944025 0.000342279
-0.974 0.00049257 0.000301828
-0.973 -0.000107894 0.000305623
-0.972 -0.000653025 0.00037417
-0.971 -0.000946117 0.000500289
-0.97 -0.000866695 0.000647245
-0.969 -0.000408965 0.00075643
-0.968 0.000314572 0.000762409
-0.967 0.00109813 0.000615748
-0.966 0.00169458 0.000310012
-0.965 0.00189001 -0.000101857
-0.964 0.0015798 -0.000518729
-0.963 0.000814576 -0.000829557
-0.962 -0.00020663 -0.000957946
-0.961 -0.00119297 -0.000890842
-0.96 -0.00184387 -0.000683414
-0.959 -0.00193273 -0.000443783
-0.958 -0.00138059 -0.000300781
-0.957 -0.000306125 -0.000354922
-0.956 0.000971185 -0.000624384
-0.955 0.0019946 -0.00101766
-0.954 0.00229759 -0.00136021
-0.953 0.00156254 -0.00146694
-0.952 -0.000245148 -0.00122284
-0.951 -0.0028226 -0.000635961
-0.95 -0.00558217 0.000153808
-0.949 -0.00780306 0.000909357
-0.948 -0.00884305 0.00136761
-0.947 -0.00835382 0.00133597
-0.946 -0.00643691 0.000782881
-0.945 -0.00367615 -0.000127937
-0.944 -0.000996614 -0.00108831
-0.943 0.000641548 -0.00175983
-0.942 0.000614932 -0.0019008
-0.941 -0.00108345 -0.00145889
-0.94 -0.00378568 -0.000597952
-0.939 -0.00633931 0.000353196
-0.938 -0.00747501 0.00102091
-0.937 -0.00624428 0.00114183
-0.936 -0.00241733 0.0006877
-0.935 0.00329501 -0.000108517
-0.934 0.00934059 -0.000840217
-0.933 0.0137937 -0.00108389
-0.932 0.0150478 -0.000566828
-0.931 0.0124424 0.000705582
-0.93 0.00655728 0.00241243
-0.929 -0.000922965 0.00400284
-0.928 -0.00770261 0.00489449
-0.927 -0.0115908 0.00471468
-0.926 -0.011269 0.00346742
-0.925 -0.00685738 0.00153873
-0.924 5.10711e-06 -0.000450335
-0.923 0.00669219 -0.00186347
-0.922 0.0105585 -0.0022658
-0.921 0.00993808 -0.00158038
-0.92 0.00478129 -0.000131047
-0.919 -0.00326192 0.00146681
-0.918 -0.0113166 0.0025554
-0.917 -0.0162214 0.00272828
-0.916 -0.0156989 0.00201689
-0.915 -0.00933288 0.000869264
-0.914 0.00111354 -5.15907e-05
-0.913 0.012238 -0.000138367
-0.912 0.0201817 0.000926341
-0.911 0.0219725 0.00303623
-0.91 0.016565 0.00566218
-0.909 0.00528492 0.00800391
-0.908 -0.00847925 0.00927105
-0.907 -0.0203514 0.0089968
-0.906 -0.0265297 0.00723087
-0.905 -0.0252178 0.00450471
-0.904 -0.017279 0.00159368
-0.903 -0.00586182 -0.000792282
-0.902 0.00475985 -0.00224812
-0.901 0.0106488 -0.00277125
-0.9 0.0095342 -0.00271896
-0.899 0.00166593 -0.00265316
-0.898 -0.0101332 -0.00310582
-0.897 -0.021407 -0.00433483
-0.896 -0.0277484 -0.00618317
-0.895 -0.026489 -0.00813075
-0.894 -0.017637 -0.00952522
-0.893 -0.0037809 -0.00986769
-0.892 0.0108162 -0.00900655
-0.891 0.0215508 -0.00716914
-0.89 0.0249205 -0.00485616
-0.889 0.019748 -0.00266239
-0.888 0.00773124 -0.0010767
-0.887 -0.00706827 -0.000310456
-0.886 -0.0196984 -0.000222503
-0.885 -0.0260717 -0.000399548
-0.884 -0.0242435 -0.000369111
-0.883 -0.014871 0.000175105
-0.882 -0.000917893 0.00126323
-0.881 0.0132383 0.002691
-0.88 0.0231484 0.00415429
-0.879 0.025798 0.00539385
-0.878 0.020729 0.00630351
-0.877 0.0102008 0.00697971
-0.876 -0.0017139 0.00767521
-0.875 -0.010611 0.0086423
-0.874 -0.0131765 0.00994449
-0.873 -0.00818043 0.0113727
-0.872 0.00310671 0.012533
-0.871 0.0172063 0.0130434
-0.87 0.0294901 0.0127108
-0.869 0.0357692 0.0116031
-0.868 0.0337932 0.0100281
-0.867 0.0239856 0.00844713
-0.866 0.00918813 0.00730571
-0.865 -0.00628712 0.00680224
-0.864 -0.0179145 0.00673181
-0.863 -0.0222988 0.00655894
-0.862 -0.0183261 0.00571707
-0.861 -0.00765264 0.00395165
-0.86 0.00582673 0.00148829
-0.859 0.0173836 -0.00104333
-0.858 0.023066 -0.00282748
-0.857 0.0208209 -0.0031175
-0.856 0.0109381 -0.00151013
-0.855 -0.00401721 0.00181318
-0.854 -0.0197903 0.00603087
-0.853 -0.0316917 0.00992725
-0.852 -0.0362633 0.0123683
-0.851 -0.0325763 0.0127582
-0.85 -0.022453 0.0112266
-0.849 -0.00959972 0.00850004
-0.848 0.00170951 0.0056035
-0.847 0.007791 0.00352169
-0.846 0.00649317 0.00287097
-0.845 -0.00198644 0.00366999
-0.844 -0.0148022 0.00533805
-0.843 -0.0272514 0.00695751
-0.842 -0.0345415 0.00768675
-0.841 -0.0336163 0.00711843
-0.84 -0.0240995 0.00542195
-0.839 -0.0081529 0.00326289
-0.838 0.0102684 0.00157769
-0.837 0.0263535 0.00125328
-0.836 0.0356559 0.00279725
-0.835 0.0356017 0.00616019
-0.834 0.0266198 0.0107869
-0.833 0.0120863 0.0158069
-0.832 -0.00296322 0.0202391
-0.831 -0.0135829 0.0231736
-0.83 -0.016287 0.0239605
-0.829 -0.00978522 0.0224142
-0.828 0.00470632 0.0189125
-0.827 0.0235767 0.0142686
-0.826 0.0417006 0.00947122
-0.825 0.0540786 0.00549458
-0.824 0.0575159 0.00318676
-0.823 0.0515598 0.00308392
-0.822 0.0384954 0.0051418
-0.821 0.0226824 0.00860255
-0.82 0.00948631 0.0122229
-0.819 0.00380595 0.0148081
-0.818 0.00832883 0.0156958
-0.817 0.0222375 0.0149322
-0.816 0.0412091 0.0132533
-0.815 0.0587651 0.0120169
-0.814 0.068274 0.0129304
-0.813 0.0649529 0.017389
-0.812 0.0475398 0.0256503
-0.811 0.0192835 0.036404
-0.81 -0.0123729 0.0471134
-0.809 -0.0378985 0.0549351
-0.808 -0.0490797 0.0576612
-0.807 -0.0421627 0.0543709
-0.806 -0.0192932 0.0458609
-0.805 0.0120288 0.0347631
-0.804 0.0410219 0.0249407
-0.803 0.0567687 0.0200486
-0.802 0.0518908 0.0218924
-0.801 0.0256546 0.0295588
-0.8 -0.0150309 0.0397931
-0.799 -0.057711 0.0482406
-0.798 -0.0889064 0.0508568
-0.797 -0.0989828 0.0451918
-0.796 -0.0854724 0.031499
-0.795 -0.054037 0.0132019
-0.794 -0.0169046 -0.00400006
-0.793 0.0110651 -0.0143835
-0.792 0.0177899 -0.0146942
-0.791 -0.00104178 -0.00548601
-0.79 -0.0396557 0.00923012
-0.789 -0.0838644 0.0234996
-0.788 -0.11608 0.0313578
-0.787 -0.121579 0.0288704
-0.786 -0.0938758 0.015965
-0.785 -0.0375967 -0.00286769
-0.784 0.0323169 -0.0199327
-0.783 0.0952606 -0.0274783
-0.782 0.132101 -0.0209978
-0.781 0.132099 -0.000965698
-0.78 0.0968415 0.0275018
-0.779 0.0396838 0.0564347
-0.778 -0.0189183 0.0775081
-0.777 -0.0585046 0.0848532
-0.776 -0.0659016 0.0774972
-0.775 -0.0402262 0.0601348
-0.774 0.00655724 0.0412953
-0.773 0.0541326 0.0295691
-0.772 0.0817241 0.0299361
-0.771 0.0761908 0.0419913
-0.77 0.0371903 0.0604222
-0.769 -0.0223731 0.0770377
-0.768 -0.080659 0.0836503
-0.767 -0.114546 0.0752717
-0.766 -0.10813 0.0525921
-0.765 -0.058973 0.0222722
-0.764 0.0204696 -0.00560703
-0.763 0.106993 -0.0217699
-0.762 0.174752 -0.0213738
-0.761 0.204252 -0.0054594
-0.76 0.188932 0.0198233
-0.759 0.137037 0.0454621
-0.758 0.0681552 0.0626833
-0.757 0.00579794 0.0662536
-0.756 -0.0311549 0.0567262
-0.755 -0.0350401 0.0401949
-0.754 -0.0117413 0.0253362
-0.753 0.0219522 0.0193392
-0.752 0.0449903 0.0249338
-0.751 0.0404011 0.03964
-0.75 0.0021983 0.0569736
-0.749 -0.0620668 0.0688912
-0.748 -0.134236 0.0688845
-0.747 -0.192429 0.0548794
-0.746 -0.218804 0.0305658
-0.745 -0.205431 0.00407801
-0.744 -0.156773 -0.0155276
-0.743 -0.0882637 -0.0220709
-0.742 -0.0212023 -0.0144167
-0.741 0.024713 0.00358812
-0.74 0.0384414 0.0249074
-0.739 0.020953 0.0420745
-0.738 -0.0165821 0.0501504
-0.737 -0.0582064 0.048843
-0.736 -0.0892065 0.0426167
-0.735 -0.100685 0.0383914
-0.734 -0.0919197 0.0419234
-0.733 -0.0701606 0.054844
-0.732 -0.047571 0.0737749
-0.731 -0.0359435 0.0916515
-0.73 -0.0414741 0.100511
-0.729 -0.0624652 0.0947382
-0.728 -0.0909329 0.073664
-0.727 -0.116407 0.0423826
-0.726 -0.129596 0.0100722
-0.725 -0.124965 -0.0137191
-0.724 -0.102202 -0.0231106
-0.723 -0.0662864 -0.0182988
-0.722 -0.0256699 -0.00533328
-0.721 0.01104 0.00652529
-0.72 0.0380645 0.00880975
-0.719 0.0532778 -0.00229513
-0.718 0.0570554 -0.0238154
-0.717 0.0509758 -0.0466758
-0.716 0.037372 -0.0592397
-0.715 0.0190893 -0.052347
-0.714 -0.00113715 -0.023604
-0.713 -0.021131 0.0210096
-0.712 -0.0388534 0.0689156
-0.711 -0.0516492 0.105447
-0.71 -0.0566667 0.119435
-0.709 -0.0528725 0.10773
-0.708 -0.0427553 0.0767586
-0.707 -0.031571 0.0402641
-0.706 -0.0245935 0.0139122
-0.705 -0.0247585 0.00890834
-0.704 -0.0319766 0.0273429
-0.703 -0.0433778 0.0611873
-0.702 -0.0536114 0.0953046
-0.701 -0.0558223 0.11334
-0.7 -0.044528 0.104297
-0.699 -0.0196048 0.0672337
-0.698 0.0118219 0.0121542
-0.697 0.0377605 -0.0434603
-0.696 0.0464627 -0.0812612
-0.695 0.0308924 -0.0891789
-0.694 -0.00915437 -0.0661689
-0.693 -0.0667955 -0.0226941
-0.692 -0.129082 0.0231787
-0.691 -0.179947 0.0526135
-0.69 -0.20565 0.0532248
-0.689 -0.200753 0.023888
-0.688 -0.170784 -0.0247613
-0.687 -0.129695 -0.0743626
-0.686 -0.0940255 -0.105879
-0.685 -0.0769769 -0.106909
-0.684 -0.0842588 -0.076388
-0.683 -0.112143 -0.0249169
-0.682 -0.148151 0.029318
-0.681 -0.175126 0.0674765
-0.68 -0.178163 0.0771946
-0.679 -0.151323 0.0571153
-0.678 -0.10035 0.0171497
-0.677 -0.0403199 -0.0254481
-0.676 0.00986229 -0.0526551
-0.675 0.0337149 -0.0524753
-0.674 0.0226921 -0.0233811
-0.673 -0.0202633 0.0252622
-0.672 -0.0808364 0.0768574
-0.671 -0.138246 0.113869
-0.67 -0.17341 0.124266
-0.669 -0.176173 0.105592
-0.668 -0.148034 0.0653399
-0.667 -0.100185 0.0178314
-0.666 -0.0490983 -0.0211689
-0.665 -0.0114598 -0.0401833
-0.664 0.00102905 -0.0358977
-0.663 -0.0139459 -0.0137522
-0.662 -0.0480635 0.0147272
-0.661 -0.0860364 0.0366026
-0.66 -0.11257 0.0422879
-0.659 -0.118333 0.028625
-0.658 -0.101977 -0.000516833
-0.657 -0.0688307 -0.0359535
-0.656 -0.0287143 -0.0666162
-0.655 0.00616002 -0.0835388
-0.654 0.0242614 -0.0827456
-0.653 0.0190121 -0.0659548
-0.652 -0.00818849 -0.0392436
-0.651 -0.0488162 -0.0105904
-0.65 -0.0912994 0.0126354
-0.649 -0.125071 0.0254904
-0.648 -0.142435 0.0264185
-0.647 -0.139081 0.0173379
-0.646 -0.115177 0.00264088
-0.645 -0.0769231 -0.0125996
-0.644 -0.0360226 -0.0242033
-0.643 -0.00576887 -0.0295655
-0.642 0.0040384 -0.0277116
-0.641 -0.00988098 -0.0192857
-0.64 -0.0440138 -0.00667234
-0.639 -0.0890348 0.00613149
-0.638 -0.131244 0.0144902
-0.637 -0.155486 0.0148245
-0.636 -0.150403 0.0059934
-0.635 -0.114151 -0.0103533
-0.634 -0.056613 -0.0301847
-0.633 0.00390611 -0.0478506
-0.632 0.0474736 -0.0573061
-0.631 0.0592103 -0.0539992
-0.63 0.0340455 -0.0370277
-0.629 -0.0207711 -0.0103959
-0.628 -0.0863113 0.0178341
-0.627 -0.137243 0.0383911
-0.626 -0.151322 0.0440775
-0.625 -0.119228 0.0319815
-0.624 -0.0494159 0.0042276
-0.623 0.0346586 -0.0325432
-0.622 0.103059 -0.0689064
-0.621 0.129708 -0.095549
-0.62 0.101642 -0.106654
-0.619 0.0250458 -0.102225
-0.618 -0.074644 -0.0878713
-0.617 -0.16053 -0.0721012
-0.616 -0.198174 -0.0627574
-0.615 -0.16979 -0.0642703
-0.614 -0.0819523 -0.0763655
-0.613 0.0366121 -0.0941287
-0.612 0.145493 -0.109349
-0.611 0.206833 -0.113134
-0.61 0.199001 -0.0992266
-0.609 0.125641 -0.0665589
-0.608 0.0159393 -0.0196805
-0.607 -0.0856321 0.0329573
-0.606 -0.136837 0.0816912
-0.605 -0.115127 0.118113
-0.604 -0.0273053 0.136852
-0.603 0.0927043 0.13666
-0.602 0.196616 0.12056
-0.601 0.239961 0.0946461
-0.6 0.199502 0.0658417
-0.599 0.0835781 0.0398246
-0.598 -0.0694876 0.0200511
-0.597 -0.205321 0.00763907
-0.596 -0.274447 0.00138539
-0.595 -0.251747 -0.00218533
-0.594 -0.146509 -0.00811357
-0.593 0.000937948 -0.0212509
-0.592 0.13452 -0.0441962
-0.591 0.203774 -0.0761488
-0.59 0.183374 -0.112917
-0.589 0.0831692 -0.147389
-0.588 -0.0557415 -0.170403
-0.587 -0.177594 -0.172867
-0.586 -0.234348 -0.149358
-0.585 -0.204794 -0.101603
-0.584 -0.102805 -0.0394508
-0.583 0.0283608 0.0217162
-0.582 0.13328 0.0657904
-0.581 0.166394 0.0807408
-0.58 0.110384 0.0623303
-0.579 -0.0163259 0.0164309
-0.578 -0.166034 -0.0411999
-0.577 -0.279892 -0.0892168
-0.576 -0.310703 -0.108659
-0.575 -0.241233 -0.0911671
-0.574 -0.0905127 -0.0430064
-0.573 0.0943488 0.017158
-0.572 0.25696 0.0651064
-0.571 0.3529 0.0794449
-0.57 0.365091 0.049253
-0.569 0.30832 -0.0207377
-0.568 0.222031 -0.109731
-0.567 0.153792 -0.187021
-0.566 0.139064 -0.223513
-0.565 0.185643 -0.203682
-0.564 0.270462 -0.132153
-0.563 0.350702 -0.0322494
-0.562 0.383457 0.062026
-0.561 0.343911 0.117328
-0.56 0.234396 0.112534
-0.559 0.0827374 0.047134
-0.558 -0.0677498 -0.0572285
-0.557 -0.173615 -0.163976
-0.556 -0.207721 -0.235327
-0.555 -0.170013 -0.246587
-0.554 -0.0862616 -0.194887
-0.553 0.00562583 -0.0996639
-0.552 0.0741841 0.00430613
-0.551 0.107303 0.0790466
-0.55 0.113801 0.0972937
-0.549 0.115731 0.0532404
-0.548 0.136712 -0.0348328
-0.547 0.19027 -0.131725
-0.546 0.271593 -0.199041
-0.545 0.356838 -0.209261
-0.544 0.412313 -0.154969
-0.543 0.410325 -0.0512688
-0.542 0.343324 0.0688555
-0.541 0.228264 0.165633
-0.54 0.099315 0.207203
-0.539 -0.00646578 0.181956
-0.538 -0.0641209 0.102488
-0.537 -0.0711266 -0.000533032
-0.536 -0.0487226 -0.0906943
-0.535 -0.0321467 -0.138341
-0.534 -0.053077 -0.129412
-0.533 -0.122862 -0.0694683
-0.532 -0.22529 0.0180621
-0.531 -0.322156 0.100321
-0.53 -0.368351 0.147985
-0.529 -0.330339 0.146817
-0.528 -0.202192 0.101815
-0.527 -0.0132118 0.0326763
-0.526 0.178707 -0.0354087
-0.525 0.308682 -0.0805766
-0.524 0.332496 -0.0905473
-0.523 0.245913 -0.0661778
-0.522 0.0860832 -0.0212888
-0.521 -0.0836189 0.0225916
-0.52 -0.196837 0.0452118
-0.519 -0.207493 0.0357402
-0.518 -0.107759 -0.0043878
-0.517 0.0651568 -0.0644796
-0.516 0.240046 -0.130089
-0.515 0.340636 -0.187552
-0.514 0.32017 -0.226874
-0.513 0.183222 -0.243603
-0.512 -0.0161843 -0.239269
-0.511 -0.196761 -0.219518
-0.51 -0.280396 -0.190686
-0.509 -0.219874 -0.157113
-0.508 -0.0174656 -0.121041
-0.507 0.271105 -0.0845241
-0.506 0.552688 -0.0508544
-0.505 0.731053 -0.0239935
-0.504 0.745735 -0.00686486
-0.503 0.596367 1.0076e-05
-0.502 0.341361 -0.000846493
-0.501 0.0738562 -0.0039135
-0.5 -0.112839 -0.0018748
-0.499 -0.157543 0.0116159
-0.498 -0.0521873 0.0383423
-0.497 0.154879 0.0731224
-0.496 0.376612 0.104589
-0.495 0.521219 0.119194
-0.494 0.528217 0.106449
-0.493 0.390871 0.0632948
-0.492 0.156814 -0.00352606
-0.491 -0.0913942 -0.0779746
-0.49 -0.267216 -0.138746
-0.489 -0.31162 -0.166294
-0.488 -0.214521 -0.150537
-0.487 -0.0179297 -0.0957228
-0.486 0.201198 -0.0197379
-0.485 0.360584 0.0519713
-0.484 0.4011 0.0950101
-0.483 0.304013 0.0940671
-0.482 0.0943986 0.0483272
-0.481 -0.167895 -0.0271533
-0.48 -0.407664 -0.105236
-0.479 -0.55965 -0.155615
-0.478 -0.590711 -0.156364
-0.477 -0.508371 -0.103161
-0.476 -0.352134 -0.011421
-0.475 -0.17493 0.0895805
-0.474 -0.0261177 0.16731
-0.473 0.0591166 0.196835
-0.472 0.0663808 0.168969
-0.471 0.00632476 0.0941119
-0.47 -0.0872615 0.000333016
-0.469 -0.169167 -0.0753987
-0.468 -0.200406 -0.101139
-0.467 -0.161791 -0.0632036
-0.466 -0.0570715 0.028146
-0.465 0.0913073 0.143078
-0.464 0.247299 0.243287
-0.463 0.366296 0.294323
-0.462 0.404712 0.275703
-0.461 0.335349 0.187496
-0.46 0.161506 0.0518607
-0.459 -0.0797676 -0.0927856
-0.458 -0.32807 -0.204908
-0.457 -0.518039 -0.255213
-0.456 -0.598011 -0.236705
-0.455 -0.544638 -0.165259
-0.454 -0.371447 -0.0722974
-0.453 -0.128367 0.00590164
-0.452 0.110914 0.0390599
-0.451 0.272717 0.0125114
-0.45 0.310422 -0.0666231
-0.449 0.223455 -0.170316
-0.448 0.0594708 -0.259239
-0.447 -0.1022 -0.297698
-0.446 -0.180319 -0.266983
-0.445 -0.12336 -0.171594
-0.444 0.0695771 -0.0372331
-0.443 0.346283 0.0972947
-0.442 0.617547 0.191727
-0.441 0.786357 0.217151
-0.44 0.781735 0.166365
-0.439 0.586908 0.0573624
-0.438 0.25059 -0.0724456
-0.437 -0.126833 -0.179241
-0.436 -0.430166 -0.227655
-0.435 -0.573628 -0.201934
-0.434 -0.531569 -0.110302
-0.433 -0.343807 0.0181881
-0.432 -0.0978398 0.143499
-0.431 0.102484 0.228425
-0.43 0.172383 0.251495
-0.429 0.0769162 0.213908
-0.428 -0.153598 0.138065
-0.427 -0.433606 0.0588572
-0.426 -0.65761 0.011315
-0.425 -0.744521 0.0185521
-0.424 -0.668475 0.0833125
-0.423 -0.463777 0.186031
-0.422 -0.207271 0.291159
-0.421 0.0110351 0.359998
-0.42 0.119056 0.364611
-0.419 0.0873983 0.297092
-0.418 -0.0604844 0.171442
-0.417 -0.259204 0.018663
-0.416 -0.430644 -0.122518
-0.415 -0.516776 -0.216971
-0.414 -0.499602 -0.244158
-0.413 -0.401837 -0.205049
-0.412 -0.27251 -0.12115
-0.411 -0.165121 -0.0254542
-0.41 -0.116129 0.0503326
-0.409 -0.131749 0.0864971
-0.408 -0.189417 0.0802602
-0.407 -0.253712 0.0446441
-0.406 -0.296869 0.00310108
-0.405 -0.310628 -0.0184852
-0.404 -0.304414 -0.00119732
-0.403 -0.295497 0.0589227
-0.402 -0.297866 0.148354
-0.401 -0.312274 0.241097
-0.4 -0.320409 0.309003
-0.399 -0.289668 0.332179
-0.398 -0.191899 0.304596
-0.397 -0.0272656 0.233819
-0.396 0.165255 0.137169
-0.395 0.322239 0.0365808
-0.394 0.386236 -0.047251
-0.393 0.331994 -0.100656
-0.392 0.176794 -0.120477
-0.391 -0.0232717 -0.113177
-0.39 -0.187759 -0.0899596
-0.389 -0.238665 -0.0612442
-0.388 -0.137049 -0.0341329
-0.387 0.0874325 -0.0131762
-0.386 0.337757 -0.00165408
-0.385 0.488882 -0.00135443
-0.384 0.444639 -0.0115617
-0.383 0.180564 -0.0287526
-0.382 -0.244386 -0.0472132
-0.381 -0.70509 -0.0598527
-0.38 -1.04869 -0.0591172
-0.379 -1.14744 -0.0390077
-0.378 -0.952654 0.00142013
-0.377 -0.525219 0.0550322
-0.376 -0.020112 0.106964
-0.375 0.374039 0.13909
-0.374 0.511619 0.136677
-0.373 0.346804 0.094694
-0.372 -0.0500343 0.0219224
-0.371 -0.517546 -0.0588562
-0.37 -0.861309 -0.116201
-0.369 -0.928297 -0.120602
-0.368 -0.671802 -0.056594
-0.367 -0.176778 0.0694352
-0.366 0.370128 0.229683
-0.365 0.754033 0.383092
-0.364 0.815974 0.487773
-0.363 0.514236 0.514366
-0.362 -0.057249 0.457467
-0.361 -0.699336 0.340776
-0.36 -1.17993 0.211208
-0.359 -1.32438 0.121639
-0.358 -1.08631 0.109362
-0.357 -0.565293 0.180697
-0.356 0.0359469 0.308299
-0.355 0.492114 0.440575
-0.354 0.638973 0.51859
-0.353 0.431957 0.496124
-0.352 -0.0367555 0.358658
-0.351 -0.570747 0.134049
-0.35 -0.946239 -0.113131
-0.349 -1.00562 -0.304563
-0.348 -0.723778 -0.378603
-0.347 -0.214159 -0.313759
-0.346 0.324073 -0.135918
-0.345 0.687394 0.0910826
-0.344 0.742848 0.286518
-0.343 0.474596 0.379812
-0.342 -0.00908399 0.337009
-0.341 -0.514181 0.176465
-0.34 -0.837875 -0.0361603
-0.339 -0.854137 -0.213903
-0.338 -0.565342 -0.283471
-0.337 -0.0938509 -0.213186
-0.336 0.376995 -0.0237049
-0.335 0.678859 0.219853
-0.334 0.719438 0.430292
-0.333 0.51164 0.529141
-0.332 0.164975 0.476867
-0.331 -0.160193 0.289842
-0.33 -0.322119 0.0344194
-0.329 -0.260497 -0.199652
-0.328 -0.0200623 -0.333278
-0.327 0.276162 -0.325234
-0.326 0.486272 -0.184565
-0.325 0.510763 0.0335923
-0.324 0.331364 0.247344
-0.323 0.0162181 0.37799
-0.322 -0.309584 0.380356
-0.321 -0.518782 0.259488
-0.32 -0.539324 0.0655067
-0.319 -0.385414 -0.12894
-0.318 -0.146066 -0.256209
-0.317 0.0601819 -0.275926
-0.316 0.139382 -0.187337
-0.315 0.0618703 -0.0293803
-0.314 -0.125373 0.13345
-0.313 -0.318193 0.236906
-0.312 -0.402559 0.243621
-0.311 -0.311815 0.156623
-0.31 -0.064345 0.0138823
-0.309 0.24163 -0.129748
-0.308 0.474097 -0.222556
-0.307 0.527706 -0.231768
-0.306 0.368923 -0.153295
-0.305 0.0508728 -0.0130351
-0.304 -0.303541 0.143438
-0.303 -0.546321 0.270757
-0.302 -0.565942 0.342949
-0.301 -0.341615 0.360633
-0.3 0.0398572 0.344052
-0.299 0.41921 0.31954
-0.298 0.636056 0.307994
-0.297 0.59942 0.318231
-0.296 0.325088 0.344507
-0.295 -0.0709816 0.369027
-0.294 -0.416422 0.370899
-0.293 -0.54917 0.338442
-0.292 -0.385946 0.27661
-0.291 0.0354914 0.203595
-0.29 0.563734 0.139356
-0.289 0.993048 0.094783
-0.288 1.14975 0.0677215
-0.287 0.965685 0.0457616
-0.286 0.506567 0.0127918
-0.285 -0.0539065 -0.0424297
-0.284 -0.501898 -0.117569
-0.283 -0.667531 -0.192742
-0.282 -0.493284 -0.236368
-0.281 -0.0583808 -0.219964
-0.28 0.452324 -0.133869
-0.279 0.82334 0.00520533
-0.278 0.897218 0.158264
-0.277 0.640287 0.276881
-0.276 0.157783 0.319832
-0.275 -0.348644 0.268904
-0.274 -0.664363 0.138326
-0.273 -0.65136 -0.0280241
-0.272 -0.305073 -0.17289
-0.271 0.245645 -0.248798
-0.27 0.792715 -0.237174
-0.269 1.13232 -0.155135
-0.268 1.1447 -0.0484222
-0.267 0.840782 0.0258788
-0.266 0.357049 0.0211442
-0.265 -0.10134 -0.079221
-0.264 -0.347058 -0.252313
-0.263 -0.288711 -0.441818
-0.262 0.0348267 -0.578227
-0.261 0.477313 -0.604828
-0.26 0.850964 -0.499022
-0.259 1.00429 -0.281431
-0.258 0.881268 -0.0101974
-0.257 0.541033 0.237655
-0.256 0.130493 0.392102
-0.255 -0.179976 0.414124
-0.254 -0.270112 0.30834
-0.253 -0.119234 0.119599
-0.252 0.189755 -0.0840598
-0.251 0.510927 -0.235264
-0.25 0.70016 -0.290258
-0.249 0.676084 -0.243797
-0.248 0.45291 -0.130419
-0.247 0.131673 -0.0105641
-0.246 -0.147651 0.0534096
-0.245 -0.271303 0.0209403
-0.244 -0.201411 -0.112701
-0.243 0.0128174 -0.315246
-0.242 0.262771 -0.5273
-0.241 0.430733 -0.680238
-0.24 0.441869 -0.718273
-0.239 0.298726 -0.618138
-0.238 0.0833626 -0.398104
-0.237 -0.0787274 -0.111558
-0.236 -0.0808914 0.171684
-0.235 0.107959 0.387276
-0.234 0.425423 0.493696
-0.233 0.745259 0.482243
-0.232 0.934899 0.378828
-0.231 0.912265 0.23596
-0.23 0.681614 0.115199
-0.229 0.337594 0.0653907
-0.228 0.0326826 0.10563
-0.227 -0.0867671 0.219918
-0.226 0.0482031 0.364023
-0.225 0.388815 0.480124
-0.224 0.78584 0.514752
-0.223 1.05645 0.436595
-0.222 1.06483 0.249215
-0.221 0.780535 -0.007142
-0.22 0.295073 -0.266955
-0.219 -0.207907 -0.460375
-0.218 -0.522281 -0.536091
-0.217 -0.507357 -0.478471
-0.216 -0.156265 -0.314074
-0.215 0.392238 -0.105318
-0.214 0.908889 0.0685314
-0.213 1.17026 0.138258
-0.212 1.05207 0.0694591
-0.211 0.582136 -0.124873
-0.21 -0.0650317 -0.38816
-0.209 -0.631718 -0.638272
-0.208 -0.879556 -0.794255
-0.207 -0.691883 -0.804402
-0.206 -0.128133 -0.666557
-0.205 0.598005 -0.431486
-0.204 1.20643 -0.185381
-0.203 1.46398 -0.017677
-0.202 1.2768 0.0118516
-0.201 0.72834 -0.106188
-0.2 0.0495147 -0.327739
-0.199 -0.471476 -0.569439
-0.198 -0.609004 -0.736603
-0.197 -0.298515 -0.757799
-0.196 0.334382 -0.61366
-0.195 1.0278 -0.346718
-0.194 1.49221 -0.0464249
-0.193 1.52569 0.184288
-0.192 1.09252 0.266302
-0.191 0.338537 0.171638
-0.19 -0.462379 -0.0669301
-0.189 -1.0147 -0.366493
-0.188 -1.12131 -0.622707
-0.187 -0.764464 -0.747541
-0.186 -0.108736 -0.701361
-0.185 0.573079 -0.506091
-0.184 1.01356 -0.234698
-0.183 1.05553 0.0176103
-0.182 0.71019 0.168752
-0.181 0.14938 0.179359
-0.18 -0.365647 0.0665237
-0.179 -0.59332 -0.104157
-0.178 -0.414878 -0.246008
-0.177 0.114997 -0.286198
-0.176 0.793441 -0.192769
-0.175 1.35611 0.015895
-0.174 1.58465 0.279863
-0.173 1.39167 0.519388
-0.172 0.85266 0.662446
-0.171 0.173526 0.670217
-0.17 -0.394184 0.551041
-0.169 -0.65667 0.354985
-0.168 -0.55531 0.150696
-0.167 -0.183619 -0.00269732
-0.166 0.261773 -0.0743548
-0.165 0.570475 -0.0655918
-0.164 0.607663 -0.00271192
-0.163 0.36798 0.074834
-0.162 -0.0253986 0.128082
-0.161 -0.375929 0.132808
-0.16 -0.501196 0.0891999
-0.159 -0.315078 0.0195332
-0.158 0.133066 -0.0464067
-0.157 0.680234 -0.0881057
-0.156 1.12123 -0.101944
-0.155 1.29596 -0.0970662
-0.154 1.15436 -0.0863809
-0.153 0.772945 -0.0807001
-0.152 0.318069 -0.0873339
-0.151 -0.0279152 -0.109508
-0.15 -0.14608 -0.145721
-0.149 -0.0312445 -0.192071
-0.148 0.209066 -0.248052
-0.147 0.406562 -0.320743
-0.146 0.412184 -0.421647
-0.145 0.168411 -0.556498
-0.144 -0.259536 -0.715263
-0.143 -0.708961 -0.870248
-0.142 -0.990266 -0.984025
-0.141 -0.970312 -1.02276
-0.14 -0.631092 -0.969185
-0.139 -0.0795175 -0.830897
-0.138 0.493886 -0.640728
-0.137 0.890821 -0.44787
-0.136 0.987254 -0.301474
-0.135 0.787672 -0.232059
-0.134 0.424039 -0.238298
-0.133 0.0957894 -0.285489
-0.132 -0.0218628 -0.317439
-0.131 0.143188 -0.278442
-0.13 0.529478 -0.137706
-0.129 0.968999 0.0941689
-0.128 1.25656 0.365388
-0.127 1.2354 0.60107
-0.126 0.869139 0.731648
-0.125 0.268301 0.719238
-0.124 -0.348114 0.571786
-0.123 -0.744274 0.341276
-0.122 -0.768533 0.107896
-0.121 -0.415092 -0.0458164
-0.12 0.177621 -0.0645462
-0.119 0.783962 0.0571227
-0.118 1.17811 0.270616
-0.117 1.22232 0.492338
-0.116 0.925798 0.637754
-0.115 0.444406 0.653924
-0.114 0.0118697 0.536021
-0.113 -0.16807 0.324563
-0.112 -0.0128792 0.0894374
-0.111 0.407447 -0.0923642
-0.11 0.905044 -0.161273
-0.109 1.25199 -0.0968302
-0.108 1.27129 0.072401
-0.107 0.912569 0.278659
-0.106 0.283047 0.442584
-0.105 -0.389202 0.504398
-0.104 -0.852419 0.442361
-0.103 -0.942219 0.273251
-0.102 -0.649198 0.0417142
-0.101 -0.114713 -0.193108
-0.1 0.433243 -0.37176
-0.099 0.771769 -0.450869
-0.098 0.770612 -0.418534
-0.097 0.44738 -0.299828
-0.096 -0.035787 -0.1467
-0.095 -0.443099 -0.0175252
-0.094 -0.575029 0.0416788
-0.093 -0.36057 0.00692083
-0.092 0.113517 -0.121364
-0.091 0.643104 -0.318179
-0.09 0.991937 -0.536089
-0.089 0.987852 -0.714433
-0.088 0.598562 -0.797354
-0.087 -0.0431058 -0.75425
-0.086 -0.686091 -0.592453
-0.085 -1.0692 -0.356343
-0.084 -1.03789 -0.114427
-0.083 -0.608854 0.0602461
-0.082 0.0429385 0.111368
-0.081 0.658556 0.0184044
-0.08 0.997176 -0.191693
-0.079 0.933394 -0.446494
-0.078 0.517531 -0.647419
-0.077 -0.0339274 -0.702843
-0.076 -0.430012 -0.563705
-0.075 -0.442255 -0.246663
-0.074 -0.0133125 0.166483
-0.073 0.717803 0.554315
-0.072 1.47469 0.796892
-0.071 1.95146 0.817911
-0.07 1.93121 0.614436
-0.069 1.38135 0.264225
-0.068 0.487811 -0.094684
-0.067 -0.404808 -0.310182
-0.066 -0.938434 -0.274585
-0.065 -0.902192 0.0283161
-0.064 -0.322334 0.51033
-0.063 0.555445 1.00762
-0.062 1.36721 1.33969
-0.061 1.76921 1.37605
-0.06 1.57316 1.08739
-0.059 0.837173 0.563253
-0.058 -0.135675 -0.0138874
-0.057 -0.917077 -0.434195
-0.056 -1.14705 -0.542088
-0.055 -0.697543 -0.299267
-0.054 0.277243 0.197593
-0.053 1.40878 0.750334
-0.052 2.25256 1.1307
-0.051 2.44825 1.16553
-0.05 1.8637 0.807143
-0.049 0.673028 0.159946
-0.048 -0.688983 -0.554839
-0.047 -1.70651 -1.08707
-0.046 -2.01232 -1.25811
-0.045 -1.53921 -1.02766
-0.044 -0.526826 -0.504386
-0.043 0.587602 0.0948914
-0.042 1.33113 0.521584
-0.041 1.36493 0.587687
-0.04 0.626626 0.245957
-0.039 -0.6133 -0.380111
-0.038 -1.84259 -1.04301
-0.037 -2.5324 -1.47826
-0.036 -2.37725 -1.51412
-0.035 -1.41545 -1.13072
-0.034 0.00872928 -0.456598
-0.033 1.3859 0.279479
-0.032 2.21843 0.823897
-0.031 2.19526 0.989086
-0.03 1.32707 0.73533
-0.029 -0.0262236 0.198953
-0.028 -1.29181 -0.365341
-0.027 -1.9409 -0.703637
-0.026 -1.72141 -0.671815
-0.025 -0.742091 -0.279833
-0.024 0.598855 0.328115
-0.023 1.77142 0.928798
-0.022 2.29823 1.293
-0.021 1.9342 1.2705
-0.02 0.792351 0.864195
-0.019 -0.667355 0.245007
-0.018 -1.82853 -0.322727
-0.017 -2.20212 -0.607883
-0.016 -1.63509 -0.510352
-0.015 -0.345042 -0.0835075
-0.014 1.18839 0.503191
-0.013 2.39641 1.0266
-0.012 2.81262 1.28251
-0.011 2.25697 1.16474
-0.01 0.946874 0.724886
-0.009 -0.562006 0.163581
-0.008 -1.62452 -0.265203
-0.007 -1.80885 -0.381127
-0.006 -1.06899 -0.152425
-0.005 0.276368 0.310217
-0.004 1.68916 0.809507
-0.003 2.59811 1.13104
-0.002 2.59295 1.11591
-0.001 1.60114 0.730636
0 -0.0336444 0.102594
0.001 -1.66961 -0.523572
0.002 -2.66522 -0.904036
0.003 -2.67548 -0.913973
0.004 -1.77101 -0.590183
0.005 -0.360177 -0.0944076
0.006 0.986854 0.357831
0.007 1.73201 0.570459
0.008 1.55551 0.436095
0.009 0.501535 -0.00903423
0.01 -1.00035 -0.58023
0.011 -2.3072 -1.02051
0.012 -2.86475 -1.12858
0.013 -2.45572 -0.854919
0.014 -1.25924 -0.309818
0.015 0.259446 0.298087
0.016 1.53236 0.742684
0.017 2.08021 0.854047
0.018 1.68524 0.5807
0.019 0.499882 0.0258364
0.02 -0.987737 -0.576749
0.021 -2.16161 -0.961875
0.022 -2.56065 -0.960317
0.023 -2.06911 -0.573079
0.024 -0.928661 0.0449108
0.025 0.386244 0.660818
0.026 1.34763 1.0504
0.027 1.55848 1.07154
0.028 0.910296 0.718586
0.029 -0.345773 0.140395
0.03 -1.68283 -0.406017
0.031 -2.53005 -0.665739
0.032 -2.52901 -0.505017
0.033 -1.67033 0.0326385
0.034 -0.266737 0.756932
0.035 1.18215 1.41439
0.036 2.1654 1.77967
0.037 2.33801 1.72997
0.038 1.6614 1.29118
0.039 0.440625 0.638831
0.04 -0.795639 0.0367399
0.041 -1.53416 -0.273594
0.042 -1.50233 -0.178793
0.043 -0.760227 0.263248
0.044 0.355049 0.857964
0.045 1.37227 1.35744
0.046 1.85637 1.55263
0.047 1.56926 1.34645
0.048 0.577245 0.790074
0.049 -0.756008 0.0683047
0.05 -1.91832 -0.569694
0.051 -2.47571 -0.911104
0.052 -2.25211 -0.865138
0.053 -1.37745 -0.493197
0.054 -0.211275 0.0244725
0.055 0.801534 0.463767
0.056 1.29103 0.641299
0.057 1.09883 0.479948
0.058 0.344793 0.034597
0.059 -0.620829 -0.53143
0.06 -1.37491 -1.01171
0.061 -1.61107 -1.2375
0.062 -1.26118 -1.13972
0.063 -0.502113 -0.768249
0.064 0.331555 -0.26606
0.065 0.881623 0.18777
0.066 0.903576 0.44423
0.067 0.365829 0.43641
0.068 -0.532042 0.198835
0.069 -1.44337 -0.152384
0.07 -2.0271 -0.468742
0.071 -2.08981 -0.626098
0.072 -1.64981 -0.566394
0.073 -0.91003 -0.311182
0.074 -0.167889 0.0534522
0.075 0.300635 0.411446
0.076 0.347357 0.657675
0.077 0.0111631 0.732086
0.078 -0.501873 0.6365
0.079 -0.917073 0.429097
0.08 -1.01958 0.199458
0.081 -0.745226 0.0346576
0.082 -0.196732 -0.00956551
0.083 0.407792 0.0780538
0.084 0.825138 0.268351
0.085 0.883917 0.506172
0.086 0.555832 0.727332
0.087 -0.0289306 0.874828
0.088 -0.636214 0.913809
0.089 -1.03113 0.842115
0.09 -1.078 0.690432
0.091 -0.789312 0.50978
0.092 -0.309725 0.352766
0.093 0.149408 0.259095
0.094 0.39789 0.249727
0.095 0.345477 0.325148
0.096 0.0400474 0.462871
0.097 -0.355192 0.617344
0.098 -0.638768 0.72991
0.099 -0.664822 0.749585
0.1 -0.406954 0.654146
0.101 0.03343 0.458781
0.102 0.470203 0.20928
0.103 0.707527 -0.032986
0.104 0.621424 -0.207105
0.105 0.216995 -0.268649
0.106 -0.367539 -0.20592
0.107 -0.918142 -0.0505112
0.108 -1.23818 0.127991
0.109 -1.23035 0.246695
0.11 -0.929537 0.243407
0.111 -0.480227 0.1023
0.112 -0.0751234 -0.140493
0.113 0.122004 -0.410845
0.114 0.044474 -0.622183
0.115 -0.246043 -0.704197
0.116 -0.58487 -0.627686
0.117 -0.7801 -0.418043
0.118 -0.702531 -0.149973
0.119 -0.343869 0.0784494
0.12 0.181604 0.183595
0.121 0.684772 0.129374
0.122 0.974975 -0.0593068
0.123 0.933746 -0.307855
0.124 0.56419 -0.521893
0.125 -0.00625608 -0.62258
0.126 -0.576381 -0.574126
0.127 -0.955417 -0.394833
0.128 -1.04104 -0.148686
0.129 -0.854077 0.0797546
0.13 -0.518485 0.218229
0.131 -0.202577 0.234607
0.132 -0.0482633 0.148275
0.133 -0.113162 0.0202961
0.134 -0.346804 -0.0731125
0.135 -0.613221 -0.0718863
0.136 -0.75315 0.0450124
0.137 -0.6584 0.253638
0.138 -0.32258 0.497052
0.139 0.156056 0.708952
0.14 0.618128 0.838269
0.141 0.909519 0.865081
0.142 0.941783 0.803351
0.143 0.724464 0.691415
0.144 0.357808 0.574861
0.145 -0.0117081 0.488329
0.146 -0.255019 0.44295
0.147 -0.315535 0.425001
0.148 -0.229893 0.407093
0.149 -0.1041 0.365909
0.15 -0.0573859 0.295584
0.151 -0.1621 0.20897
0.152 -0.407851 0.128046
0.153 -0.704976 0.0714642
0.154 -0.924403 0.0464857
0.155 -0.95559 0.0469117
0.156 -0.757861 0.0552658
0.157 -0.383643 0.0491681
0.158 0.0380657 0.0125725
0.159 0.354204 -0.0524198
0.16 0.454567 -0.12221
0.161 0.321813 -0.162301
0.162 0.0395609 -0.146961
0.163 -0.246039 -0.0753533
0.164 -0.39287 0.0258583
0.165 -0.326834 0.113092
0.166 -0.0764412 0.142231
0.167 0.235419 0.0848592
0.168 0.440798 -0.0585409
0.169 0.400344 -0.252769
0.17 0.0713005 -0.43543
0.171 -0.462952 -0.539125
0.172 -1.01954 -0.520109
0.173 -1.38892 -0.378881
0.174 -1.42099 -0.161667
0.175 -1.08784 0.0569774
0.176 -0.498954 0.201507
0.177 0.136335 0.222665
0.178 0.587473 0.116589
0.179 0.695527 -0.0712016
0.18 0.442658 -0.26076
0.181 -0.0363657 -0.368124
0.182 -0.5101 -0.339351
0.183 -0.748457 -0.173034
0.184 -0.618521 0.0783795
0.185 -0.140074 0.327752
0.186 0.517903 0.484874
0.187 1.09821 0.490012
0.188 1.35472 0.337975
0.189 1.15532 0.0825107
0.19 0.54475 -0.182537
0.191 -0.266904 -0.358424
0.192 -0.988744 -0.378234
0.193 -1.36654 -0.230229
0.194 -1.28108 0.0395108
0.195 -0.791339 0.343681
0.196 -0.110871 0.583745
0.197 0.473494 0.684876
0.198 0.713998 0.623723
0.199 0.504485 0.436676
0.2 -0.0723416 0.20413
0.201 -0.77943 0.0180651
0.202 -1.32709 -0.0521941
0.203 -1.49285 0.0172316
0.204 -1.20797 0.19896
0.205 -0.581242 0.424593
0.206 0.144514 0.608048
0.207 0.687152 0.676419
0.208 0.837719 0.597619
0.209 0.545815 0.392456
0.21 -0.0613022 0.125622
0.211 -0.735902 -0.119219
0.212 -1.21491 -0.268511
0.213 -1.32438 -0.281454
0.214 -1.04267 -0.161116
0.215 -0.503429 0.0473065
0.216 0.0604304 0.271142
0.217 0.412267 0.434729
0.218 0.409699 0.485181
0.219 0.0612192 0.408995
0.22 -0.484852 0.233703
0.221 -1.01002 0.015935
0.222 -1.31734 -0.178121
0.223 -1.30613 -0.293352
0.224 -1.00564 -0.30246
0.225 -0.55932 -0.214441
0.226 -0.164508 -0.0711782
0.227 0.0126532 0.0676783
0.228 -0.0899917 0.145858
0.229 -0.40771 0.129641
0.23 -0.78655 0.0190237
0.231 -1.05673 -0.151746
0.232 -1.10353 -0.324192
0.233 -0.909015 -0.43401
0.234 -0.554834 -0.432871
0.235 -0.187709 -0.305977
0.236 0.0424751 -0.0780718
0.237 0.0499412 0.194432
0.238 -0.146716 0.441359
0.239 -0.435871 0.600072
0.24 -0.670132 0.634329
0.241 -0.736282 0.545991
0.242 -0.603545 0.375289
0.243 -0.333392 0.187503
0.244 -0.0512659 0.0494282
0.245 0.108014 0.00505176
0.246 0.0612507 0.0608322
0.247 -0.18082 0.18567
0.248 -0.512626 0.323426
0.249 -0.779666 0.4124
0.25 -0.849996 0.406604
0.251 -0.675693 0.29357
0.252 -0.316872 0.101914
0.253 0.0805937 -0.106948
0.254 0.344999 -0.261506
0.255 0.352913 -0.307372
0.256 0.0858188 -0.226641
0.257 -0.357427 -0.0425063
0.258 -0.800322 0.189878
0.259 -1.06382 0.401327
0.26 -1.04285 0.530592
0.261 -0.751874 0.545157
0.262 -0.322144 0.453341
0.263 0.0488054 0.300754
0.264 0.178951 0.151075
0.265 -0.0175151 0.0602751
0.266 -0.48791 0.0565299
0.267 -1.05951 0.133078
0.268 -1.51121 0.253725
0.269 -1.66498 0.366897
0.27 -1.45765 0.424188
0.271 -0.966355 0.398763
0.272 -0.380273 0.296702
0.273 0.071792 0.154689
0.274 0.213129 0.0240587
0.275 -0.00627343 -0.0505089
0.276 -0.487111 -0.0470063
0.277 -1.0228 0.0286893
0.278 -1.38683 0.147426
0.279 -1.42565 0.267732
0.28 -1.11937 0.350262
0.281 -0.588319 0.372206
0.282 -0.0445413 0.335624
0.283 0.293341 0.264319
0.284 0.288865 0.190434
0.285 -0.056598 0.139131
0.286 -0.605418 0.119899
0.287 -1.14111 0.126664
0.288 -1.45571 0.143341
0.289 -1.43171 0.151177
0.29 -1.08772 0.13666
0.291 -0.569727 0.0984914
0.292 -0.0895643 0.0494404
0.293 0.164191 0.00975948
0.294 0.102916 -0.00479706
0.295 -0.231041 0.00806264
0.296 -0.688521 0.0372972
0.297 -1.07702 0.0661114
0.298 -1.23596 0.0805434
0.299 -1.09832 0.074748
0.3 -0.717697 0.0531349
0.301 -0.246589 0.0301111
0.302 0.130374 0.0256986
0.303 0.278652 0.0557941
0.304 0.169466 0.121155
0.305 -0.117131 0.203196
0.306 -0.435974 0.271196
0.307 -0.640024 0.296907
0.308 -0.636898 0.267468
0.309 -0.423393 0.190619
0.31 -0.087883 0.0923207
0.311 0.225696 0.00922762
0.312 0.383052 -0.0229655
0.313 0.322982 0.0161987
0.314 0.0834235 0.120415
0.315 -0.223014 0.255642
0.316 -0.46572 0.372944
0.317 -0.55324 0.429183
0.318 -0.468331 0.404496
0.319 -0.272625 0.309092
0.32 -0.0802903 0.179039
0.321 -0.00702715 0.0641643
0.322 -0.113586 0.0111051
0.323 -0.372737 0.0452115
0.324 -0.679787 0.15801
0.325 -0.901414 0.307822
0.326 -0.93652 0.435465
0.327 -0.761246 0.487838
0.328 -0.441697 0.438149
0.329 -0.109902 0.295361
0.33 0.090499 0.101426
0.331 0.0687039 -0.0820003
0.332 -0.169173 -0.194291
0.333 -0.520854 -0.198317
0.334 -0.833459 -0.0957604
0.335 -0.969465 0.0728478
0.336 -0.863411 0.244227
0.337 -0.550494 0.356658
0.338 -0.158744 0.371914
0.339 0.136881 0.287931
0.34 0.187812 0.139558
0.341 -0.0571516 -0.013033
0.342 -0.521532 -0.106051
0.343 -1.03118 -0.0970233
0.344 -1.38808 0.0176939
0.345 -1.44921 0.201515
0.346 -1.17865 0.392536
0.347 -0.661072 0.526566
0.348 -0.0755742 0.558697
0.349 0.367157 0.477629
0.35 0.509179 0.309717
0.351 0.316492 0.110637
0.352 -0.102379 -0.0545088
0.353 -0.544372 -0.135984
0.354 -0.800736 -0.118027
0.355 -0.741709 -0.0225205
0.356 -0.364065 0.102444
0.357 0.208535 0.201689
0.358 0.768602 0.231729
0.359 1.10037 0.174745
0.36 1.06556 0.0450267
0.361 0.664253 -0.115081
0.362 0.0389195 -0.2504
0.363 -0.583391 -0.314154
0.364 -0.982359 -0.285449
0.365 -1.02783 -0.175032
0.366 -0.724584 -0.0186683
0.367 -0.206513 0.136465
0.368 0.316192 0.246729
0.369 0.638924 0.285127
0.37 0.643108 0.249781
0.371 0.341378 0.164075
0.372 -0.131914 0.0669049
0.373 -0.578201 -0.00312179
0.374 -0.813353 -0.0218382
0.375 -0.737244 0.0139799
0.376 -0.37113 0.0884609
0.377 0.150663 0.173763
0.378 0.634413 0.239543
0.379 0.905711 0.263001
0.38 0.877726 0.236879
0.381 0.578354 0.171732
0.382 0.129432 0.0909467
0.383 -0.30534 0.0212281
0.384 -0.580124 -0.0165114
0.385 -0.616505 -0.0125991
0.386 -0.430212 0.029919
0.387 -0.123728 0.096892
0.388 0.15796 0.16751
0.389 0.291211 0.221146
0.39 0.224311 0.24413
0.391 -0.010264 0.232991
0.392 -0.320918 0.193091
0.393 -0.598889 0.134796
0.394 -0.757211 0.0698922
0.395 -0.757405 0.00918691
0.396 -0.620195 -0.0392829
0.397 -0.415682 -0.0716558
0.398 -0.232012 -0.088414
0.399 -0.134772 -0.0928444
0.4 -0.139483 -0.089062
0.401 -0.212005 -0.081219
0.402 -0.29242 -0.0736728
0.403 -0.325604 -0.0705326
0.404 -0.283318 -0.0739093
0.405 -0.171484 -0.0819456
0.406 -0.0237324 -0.0883209
0.407 0.114874 -0.0839474
0.408 0.208276 -0.0600575
0.409 0.245303 -0.0114484
0.41 0.242544 0.0607258
0.411 0.232805 0.147222
0.412 0.245737 0.23126
0.413 0.290243 0.292254
0.414 0.347461 0.312108
0.415 0.379023 0.281922
0.416 0.347556 0.206188
0.417 0.239004 0.102401
0.418 0.0742505 -0.0038805
0.419 -0.0971115 -0.0867205
0.42 -0.217207 -0.127878
0.421 -0.242943 -0.122859
0.422 -0.162111 -0.08277
0.423 0.00075913 -0.0308514
0.424 0.190177 0.00575319
0.425 0.338353 0.00634379
0.426 0.393063 -0.0350759
0.427 0.34278 -0.107188
0.428 0.224117 -0.185182
0.429 0.104921 -0.239257
0.43 0.0521832 -0.245044
0.431 0.102939 -0.192922
0.432 0.25044 -0.0931592
0.433 0.44676 0.0256352
0.434 0.618171 0.125421
0.435 0.689639 0.17218
0.436 0.612921 0.148262
0.437 0.388385 0.0586499
0.438 0.0689365 -0.0705342
0.439 -0.258675 -0.200063
0.44 -0.506828 -0.289724
0.441 -0.618163 -0.311374
0.442 -0.582441 -0.258995
0.443 -0.435451 -0.151425
0.444 -0.242921 -0.0254899
0.445 -0.0761162 0.0779897
0.446 0.0126695 0.129017
0.447 0.00717331 0.118164
0.448 -0.0687216 0.0587161
0.449 -0.16138 -0.0184854
0.45 -0.208635 -0.0758428
0.451 -0.1643 -0.0827907
0.452 -0.017046 -0.0282987
0.453 0.204469 0.0734573
0.454 0.442933 0.1878
0.455 0.634032 0.272703
0.456 0.727324 0.294092
0.457 0.698947 0.237206
0.458 0.555735 0.1111
0.459 0.333254 -0.0540297
0.46 0.0878428 -0.215825
0.461 -0.119105 -0.333191
0.462 -0.24167 -0.380172
0.463 -0.264602 -0.354429
0.464 -0.204058 -0.276283
0.465 -0.0956386 -0.179392
0.466 0.0199711 -0.0980395
0.467 0.106433 -0.0560295
0.468 0.137946 -0.0599217
0.469 0.106659 -0.0977331
0.47 0.0292636 -0.143717
0.471 -0.0554053 -0.168618
0.472 -0.101217 -0.151878
0.473 -0.0742363 -0.0900619
0.474 0.0348342 0.00237389
0.475 0.209268 0.0992903
0.476 0.411484 0.172211
0.477 0.590569 0.199241
0.478 0.693448 0.171635
0.479 0.681768 0.0967503
0.48 0.549683 -0.00407375
0.481 0.331705 -0.103022
0.482 0.0935348 -0.175803
0.483 -0.0904789 -0.209167
0.484 -0.162908 -0.202755
0.485 -0.102722 -0.166217
0.486 0.0665594 -0.11463
0.487 0.282575 -0.064135
0.488 0.46359 -0.0277833
0.489 0.537038 -0.0118043
0.49 0.467137 -0.0142194
0.491 0.269984 -0.02742
0.492 0.00941427 -0.0431916
0.493 -0.225095 -0.0563753
0.494 -0.351276 -0.0650327
0.495 -0.326458 -0.0687123
0.496 -0.166197 -0.06778
0.497 0.0603887 -0.0644028
0.498 0.257638 -0.0630239
0.499 0.340989 -0.0687579
0.5 0.269303 -0.0850717
0.501 0.0601427 -0.113032
0.502 -0.215476 -0.151932
0.503 -0.456386 -0.199035
0.504 -0.567009 -0.247657
0.505 -0.494851 -0.286049
0.506 -0.253744 -0.300025
0.507 0.0801146 -0.278879
0.508 0.398836 -0.220756
0.509 0.605227 -0.134227
0.51 0.647307 -0.0361866
0.511 0.532777 0.0520494
0.512 0.322398 0.109724
0.513 0.107098 0.122849
0.514 -0.0252256 0.0901988
0.515 -0.0239175 0.0255417
0.516 0.103252 -0.0465375
0.517 0.293707 -0.0999687
0.518 0.458132 -0.117171
0.519 0.519083 -0.0953319
0.52 0.441684 -0.0472381
0.521 0.244843 0.00301602
0.522 -0.00772839 0.0283905
0.523 -0.23095 0.00939108
0.524 -0.348784 -0.0570063
0.525 -0.322288 -0.154418
0.526 -0.164349 -0.252183
0.527 0.066236 -0.316476
0.528 0.289141 -0.322611
0.529 0.434121 -0.26403
0.53 0.46623 -0.155319
0.531 0.39547 -0.0283646
0.532 0.268876 0.0777785
0.533 0.149047 0.130568
0.534 0.087448 0.11592
0.535 0.103383 0.042974
0.536 0.177911 -0.0601941
0.537 0.264681 -0.157272
0.538 0.311226 -0.216239
0.539 0.280931 -0.21983
0.54 0.167704 -0.171235
0.541 -0.00116952 -0.0930964
0.542 -0.175217 -0.0190802
0.543 -0.301109 0.0195905
0.544 -0.345027 0.0067682
0.545 -0.305915 -0.0528377
0.546 -0.212472 -0.136569
0.547 -0.106771 -0.212762
0.548 -0.0248942 -0.251697
0.549 0.0161461 -0.235415
0.55 0.0219382 -0.164164
0.551 0.0156194 -0.0572225
0.552 0.0262713 0.0533464
0.553 0.0738301 0.134444
0.554 0.156614 0.163957
0.555 0.249288 0.137529
0.556 0.314361 0.0681532
0.557 0.321083 -0.0196905
0.558 0.260645 -0.0985339
0.559 0.150079 -0.146681
0.56 0.0246157 -0.155161
0.561 -0.0767095 -0.13054
0.562 -0.126244 -0.0918434
0.563 -0.118542 -0.0623867
0.564 -0.072675 -0.0604216
0.565 -0.0238802 -0.0928175
0.566 -0.00697171 -0.153585
0.567 -0.0390997 -0.226681
0.568 -0.110428 -0.291618
0.569 -0.187294 -0.330193
0.57 -0.22655 -0.332493
0.571 -0.194891 -0.300095
0.572 -0.0847347 -0.244917
0.573 0.0804268 -0.184204
0.574 0.253686 -0.134319
0.575 0.382323 -0.105972
0.576 0.428073 -0.101863
0.577 0.38193 -0.116721
0.578 0.267969 -0.13957
0.579 0.134677 -0.157724
0.58 0.0363324 -0.161256
0.581 0.0110277 -0.146097
0.582 0.064726 -0.114389
0.583 0.168997 -0.0725829
0.584 0.273527 -0.0290732
0.585 0.327354 0.00769476
0.586 0.299561 0.0310665
0.587 0.191563 0.0380648
0.588 0.0371235 0.0303466
0.589 -0.109827 0.0133454
0.59 -0.19586 -0.00603543
0.591 -0.189698 -0.0217178
0.592 -0.0954602 -0.0296145
0.593 0.04885 -0.0280906
0.594 0.186577 -0.0186486
0.595 0.264258 -0.00632437
0.596 0.251442 0.00161588
0.597 0.151729 -0.00131718
0.598 0.00131199 -0.0179424
0.599 -0.14497 -0.0463878
0.6 -0.235389 -0.0811153
0.601 -0.242022 -0.114825
0.602 -0.170966 -0.140219
0.603 -0.0578876 -0.151726
0.604 0.0475776 -0.147387
0.605 0.10108 -0.129928
0.606 0.0798008 -0.105801
0.607 -0.00896632 -0.0824541
0.608 -0.13016 -0.0654945
0.609 -0.234646 -0.0572471
0.61 -0.27951 -0.0569416
0.611 -0.245702 -0.0617671
0.612 -0.144416 -0.0680156
0.613 -0.0102603 -0.0721798
0.614 0.113407 -0.0720422
0.615 0.189811 -0.0673477
0.616 0.200397 -0.0596098
0.617 0.150548 -0.0512116
0.618 0.0671799 -0.0444536
0.619 -0.0123926 -0.0410903
0.62 -0.0563727 -0.0423991
0.621 -0.0511741 -0.0493432
0.622 -0.00446355 -0.0623987
0.623 0.0612616 -0.0810641
0.624 0.119081 -0.103402
0.625 0.147017 -0.125994
0.626 0.134674 -0.14456
0.627 0.0865381 -0.155154
0.628 0.0202414 -0.155533
0.629 -0.040976 -0.146216
0.63 -0.0783399 -0.130836
0.631 -0.0842633 -0.115508
0.632 -0.0624833 -0.107135
0.633 -0.0236729 -0.110936
0.634 0.019374 -0.12795
0.635 0.0552449 -0.153734
0.636 0.076801 -0.179254
0.637 0.0833867 -0.193878
0.638 0.0803354 -0.189265
0.639 0.0748958 -0.162661
0.64 0.0715676 -0.118456
0.641 0.0709687 -0.067412
0.642 0.0724464 -0.0235385
0.643 0.0766237 0.000710007
0.644 0.084971 -0.000640514
0.645 0.0975648 -0.0242142
0.646 0.11211 -0.058041
0.647 0.125009 -0.0857391
0.648 0.132279 -0.0924509
0.649 0.128982 -0.070446
0.65 0.109372 -0.0225127
0.651 0.0702738 0.0382424
0.652 0.0158055 0.0925693
0.653 -0.0414752 0.122131
0.654 -0.08526 0.116773
0.655 -0.102994 0.0787828
0.656 -0.0910712 0.022298
0.657 -0.0554553 -0.0316354
0.658 -0.00942493 -0.0624546
0.659 0.0296152 -0.0576796
0.66 0.0448593 -0.0182472
0.661 0.0269741 0.040806
0.662 -0.019899 0.0953898
0.663 -0.0779813 0.121619
0.664 -0.123115 0.105279
0.665 -0.135504 0.0472403
0.666 -0.107919 -0.0370391
0.667 -0.0480252 -0.122954
0.668 0.0245262 -0.185054
0.669 0.0843208 -0.205983
0.67 0.10858 -0.183284
0.671 0.0861147 -0.130938
0.672 0.0230192 -0.0740282
0.673 -0.0587593 -0.0383613
0.674 -0.129982 -0.0399429
0.675 -0.165492 -0.0790877
0.676 -0.153239 -0.140881
0.677 -0.0980605 -0.200788
0.678 -0.0196929 -0.233273
0.679 0.0541521 -0.22113
0.68 0.0978689 -0.162628
0.681 0.0977713 -0.0731568
0.682 0.0571881 0.0202014
0.683 -0.00568908 0.0891474
0.684 -0.0655412 0.114789
0.685 -0.0991535 0.0938845
0.686 -0.0930004 0.0390144
0.687 -0.0476696 -0.0264888
0.688 0.0220377 -0.0769924
0.689 0.0921717 -0.0939568
0.69 0.13882 -0.0730534
0.691 0.147571 -0.0258024
0.692 0.118428 0.0254122
0.693 0.0641739 0.0567245
0.694 0.00449987 0.0522293
0.695 -0.0405487 0.00978655
0.696 -0.0562918 -0.0583552
0.697 -0.0379752 -0.129932
0.698 0.00709894 -0.180714
0.699 0.0618008 -0.193643
0.7 0.105916 -0.165362
0.701 0.12427 -0.107128
0.702 0.111677 -0.0397855
0.703 0.0728096 0.0145051
0.704 0.0189419 0.0401326
0.705 -0.0357922 0.0329516
0.706 -0.0779877 0.00115058
0.707 -0.0987169 -0.0381761
0.708 -0.0965242 -0.0659874
0.709 -0.0777292 -0.0692364
0.71 -0.0531943 -0.0460658
0.711 -0.0333697 -0.00574744
0.712 -0.0247455 0.0360519
0.713 -0.0290217 0.0637998
0.714 -0.0437473 0.0676308
0.715 -0.0630885 0.0464953
0.716 -0.0789482 0.00841206
0.717 -0.0831012 -0.0324982
0.718 -0.0699407 -0.0616778
0.719 -0.0384841 -0.0701876
0.72 0.00732567 -0.0579924
0.721 0.0596295 -0.0329275
0.722 0.10801 -0.00654878
0.723 0.141194 0.0106222
0.724 0.149759 0.0126421
0.725 0.129427 -0.000163307
0.726 0.083254 -0.021607
0.727 0.0213086 -0.0423248
0.728 -0.0421089 -0.0540311
0.729 -0.0925914 -0.0532623
0.73 -0.119855 -0.0424598
0.731 -0.12115 -0.0280936
0.732 -0.102784 -0.0173883
0.733 -0.0784036 -0.0153859
0.734 -0.0637661 -0.0231644
0.735 -0.0699608 -0.0374555
0.736 -0.0983982 -0.0519112
0.737 -0.139837 -0.059961
0.738 -0.177517 -0.0581033
0.739 -0.19292 -0.0476443
0.74 -0.172371 -0.0337643
0.741 -0.112754 -0.022767
0.742 -0.0242977 -0.0193116
0.743 0.0714993 -0.0246977
0.744 0.148972 -0.036331
0.745 0.187663 -0.0484192
0.746 0.179642 -0.0541218
0.747 0.131742 -0.0487652
0.748 0.0625095 -0.032525
0.749 -0.0043737 -0.0106922
0.75 -0.0479842 0.00882665
0.751 -0.0572878 0.0191337
0.752 -0.0352074 0.0170642
0.753 0.00244372 0.00419134
0.754 0.0334702 -0.0136718
0.755 0.0386541 -0.0282597
0.756 0.00965016 -0.0318786
0.757 -0.0478905 -0.0209134
0.758 -0.116612 0.00197611
0.759 -0.17367 0.0285888
0.76 -0.198613 0.0486577
0.761 -0.180602 0.0540941
0.762 -0.122698 0.0419355
0.763 -0.0413696 0.0152021
0.764 0.0391831 -0.0181154
0.765 0.0958125 -0.0476015
0.766 0.114571 -0.0641057
0.767 0.0949482 -0.0634516
0.768 0.0490352 -0.0483508
0.769 -0.00350967 -0.0272885
0.77 -0.0426612 -0.0108707
0.771 -0.0550161 -0.00752345
0.772 -0.0383379 -0.0204029
0.773 -0.00200498 -0.0463573
0.774 0.0370023 -0.0769571
0.775 0.0610094 -0.101321
0.776 0.0585099 -0.110071
0.777 0.0282492 -0.0990207
0.778 -0.0207505 -0.0708937
0.779 -0.0728427 -0.0342406
0.78 -0.111493 -0.000141694
0.781 -0.125027 0.0217511
0.782 -0.110493 0.0263527
0.783 -0.0742942 0.0146293
0.784 -0.0293712 -0.00687795
0.785 0.00982922 -0.0284428
0.786 0.032427 -0.0407948
0.787 0.0343392 -0.0386161
0.788 0.0188065 -0.0224075
0.789 -0.00557649 0.00195889
0.79 -0.028348 0.0256042
0.791 -0.0409144 0.0398673
0.792 -0.0393157 0.0392724
0.793 -0.0250601 0.023404
0.794 -0.003821 -0.00287217
0.795 0.0171456 -0.0310544
0.796 0.0315709 -0.0520467
0.797 0.0358522 -0.0594028
0.798 0.0295937 -0.0514643
0.799 0.0151721 -0.0316716
0.8 -0.00334267 -0.00712604
0.801 -0.021579 0.0139345
0.802 -0.0361457 0.0248788
0.803 -0.0453035 0.0228312
0.804 -0.0488712 0.00955874
0.805 -0.0477732 -0.00927941
0.806 -0.0436746 -0.0262995
0.807 -0.0387419 -0.0351191
0.808 -0.0353224 -0.0325805
0.809 -0.0354206 -0.0197077
0.81 -0.0400722 -0.0011705
0.811 -0.0488762 0.0164511
0.812 -0.0598493 0.0269592
0.813 -0.0696188 0.0266371
0.814 -0.0740643 0.0154686
0.815 -0.0695035 -0.00294081
0.816 -0.0541112 -0.0226971
0.817 -0.0289338 -0.0376984
0.818 0.00200051 -0.0437175
0.819 0.0325805 -0.039759
0.82 0.0562658 -0.0282236
0.821 0.0680215 -0.0138812
0.822 0.0660035 -0.0021015
0.823 0.0523969 0.00298898
0.824 0.0328462 -0.000179084
0.825 0.0144505 -0.0102005
0.826 0.00312469 -0.0232597
0.827 0.00146122 -0.0345004
0.828 0.00787652 -0.0397695
0.829 0.01724 -0.037093
0.83 0.0227257 -0.0272921
0.831 0.01836 -0.0135444
0.832 0.00153175 -0.000175141
0.833 -0.0255017 0.00880336
0.834 -0.0559659 0.0109369
0.835 -0.0808228 0.00604797
0.836 -0.0919885 -0.00377279
0.837 -0.0851853 -0.0149564
0.838 -0.0614137 -0.0237959
0.839 -0.0266599 -0.027801
0.84 0.00996993 -0.0264865
0.841 0.0391321 -0.0213319
0.842 0.0542966 -0.0150663
0.843 0.0538821 -0.0106291
0.844 0.0415759 -0.0101389
0.845 0.0247001 -0.0141378
0.846 0.0113252 -0.0213682
0.847 0.00726973 -0.0292325
0.848 0.0140686 -0.0348011
0.849 0.0285581 -0.0359197
0.85 0.0441377 -0.0319094
0.851 0.0532493 -0.0236334
0.852 0.0502113 -0.0130541
0.853 0.0333629 -0.002535
0.854 0.00574512 0.00590853
0.855 -0.0258666 0.0112201
0.856 -0.0531961 0.0135572
0.857 -0.0692042 0.0140418
0.858 -0.0703906 0.0141043
0.859 -0.0578547 0.0147759
0.86 -0.0367472 0.016306
0.861 -0.0143484 0.0182079
0.862 0.00245674 0.0195719
0.863 0.00936569 0.0194476
0.864 0.0058237 0.0172041
0.865 -0.00507751 0.0127981
0.866 -0.0178541 0.00683012
0.867 -0.0266322 0.000301143
0.868 -0.0272506 -0.00582967
0.869 -0.018723 -0.0110105
0.87 -0.00350479 -0.0151566
0.871 0.0135194 -0.0184382
0.872 0.0268602 -0.0210154
0.873 0.0323103 -0.0228809
0.874 0.0282519 -0.0238283
0.875 0.0160617 -0.0235119
0.876 -0.000406919 -0.0216023
0.877 -0.016065 -0.0180267
0.878 -0.0262084 -0.0131884
0.879 -0.0280367 -0.00798015
0.88 -0.0215292 -0.00350826
0.881 -0.00931492 -0.000658722
0.882 0.00439615 0.000249847
0.883 0.0153359 -0.000437156
0.884 0.0205317 -0.00187135
0.885 0.0190748 -0.00302648
0.886 0.0122207 -0.0030779
0.887 0.00291923 -0.00173905
0.888 -0.00512421 0.000562112
0.889 -0.00868364 0.0027914
0.89 -0.00615844 0.00372201
0.891 0.00186924 0.00249413
0.892 0.012942 -0.000947914
0.893 0.0237124 -0.00575869
0.894 0.0310866 -0.0104731
0.895 0.0330916 -0.0135224
0.896 0.0293453 -0.0137813
0.897 0.0211459 -0.0109847
0.898 0.0111135 -0.00589115
0.899 0.00234354 -9.45824e-05
0.9 -0.00269901 0.00451547
0.901 -0.00305063 0.00646895
0.902 0.000532727 0.00529101
0.903 0.00603171 0.00166237
0.904 0.0109524 -0.00289031
0.905 0.0131051 -0.00659509
0.906 0.011239 -0.00807365
0.907 0.005455 -0.00682403
0.908 -0.00276863 -0.00341426
0.909 -0.0110563 0.000703786
0.91 -0.0169828 0.00374807
0.911 -0.0189152 0.00433669
0.912 -0.0164852 0.00206633
0.913 -0.0105823 -0.00233532
0.914 -0.00299524 -0.00732173
0.915 0.00414212 -0.0111189
0.916 0.00899322 -0.0123512
0.917 0.0105867 -0.0105116
0.918 0.00908606 -0.00614755
0.919 0.00563476 -0.00068036
0.92 0.00186361 0.00411871
0.921 -0.00070436 0.00680417
0.922 -0.00112936 0.0067838
0.923 0.000691656 0.00447302
0.924 0.00401803 0.00105901
0.925 0.00752449 -0.00197954
0.926 0.00978415 -0.00341084
0.927 0.00979478 -0.00268294
0.928 0.00731636 -0.000115454
0.929 0.00290378 0.00323542
0.93 -0.00231697 0.00601002
0.931 -0.00700139 0.00709612
0.932 -0.00996402 0.00604714
0.933 -0.0105167 0.00320585
0.934 -0.00868113 -0.000467271
0.935 -0.00516752 -0.00375985
0.936 -0.00109407 -0.00563935
0.937 0.00242292 -0.00561645
0.938 0.00461692 -0.0039113
0.939 0.00523854 -0.00134362
0.94 0.0045446 0.00101832
0.941 0.00316759 0.00228679
0.942 0.00190616 0.00206454
0.943 0.00146223 0.000532641
0.944 0.00219141 -0.00166797
0.945 0.00397436 -0.00369197
0.946 0.0062783 -0.00480178
0.947 0.00837531 -0.00463834
0.948 0.00960525 -0.0033444
0.949 0.00957398 -0.00147768
0.95 0.00824355 0.00024786
0.951 0.00592518 0.00125788
0.952 0.00319114 0.00131187
0.953 0.000712788 0.000542843
0.954 -0.000945675 -0.000631145
0.955 -0.00150832 -0.00167626
0.956 -0.00106269 -0.00214371
0.957 5.70864e-06 -0.00183762
0.958 0.00117826 -0.000879652
0.959 0.00198427 0.000364242
0.96 0.0021344 0.00145608
0.961 0.00158594 0.00206333
0.962 0.000540212 0.00206132
0.963 -0.000628554 0.00154202
0.964 -0.00150514 0.000753142
0.965 -0.00178723 -3.2737e-06
0.966 -0.00139498 -0.000483601
0.967 -0.000484804 -0.000588214
0.968 0.000629632 -0.000382935
0.969 0.00160015 -4.66914e-05
0.97 0.00215667 0.000223002
0.971 0.00217931 0.000294098
0.972 0.00172072 0.000138806
0.973 0.000977538 -0.000174218
0.974 0.000215819 -0.000518885
0.975 -0.000326866 -0.000765764
0.976 -0.000522472 -0.000833432
0.977 -0.000382338 -0.000716846
0.978 -3.0139e-05 -0.000480107
0.979 0.000360512 -0.000219438
0.98 0.000633434 -1.86984e-05
0.981 0.000699175 7.98124e-05
0.982 0.000555035 8.09096e-05
0.983 0.00027387 2.36616e-05
0.984 -3.24182e-05 -4.08753e-05
0.985 -0.000259737 -7.27196e-05
0.986 -0.000349173 -5.80338e-05
0.987 -0.000300607 -9.9286e-06
0.988 -0.000161199 4.39897e-05
0.989 1.58441e-06 7.87316e-05
0.99 0.000128693 8.353e-05
0.991 0.00018877 6.3303e-05
0.992 0.000182775 3.23402e-05
0.993 0.000135039 5.51071e-06
0.994 7.69781e-05 -8.59447e-06
0.995 3.2051e-05 -1.00144e-05
0.996 8.56265e-06 -4.83942e-06
0.997 1.72657e-06 1.13466e-07
0.998 1.56345e-06 1.61971e-06
0.999 1.06725e-06 7.01515e-07
0.12 -0.0900983 0.0573675
0.24 -0.0899188 0.057526
0.36 -0.0896206 0.0577888
0.48 -0.0892046 0.058154
0.6 -0.0886725 0.058619
0.72 -0.0880264 0.0591804
0.84 -0.0872685 0.0598341
0.96 -0.0864018 0.0605752
1.08 -0.0854294 0.0613983
1.2 -0.0843549 0.0622973
1.32 -0.0831821 0.0632655
1.44 -0.0819152 0.0642954
1.56 -0.0805586 0.0653794
1.68 -0.0791168 0.066509
1.8 -0.0775947 0.0676756
1.92 -0.0759971 0.0688698
2.04 -0.0743291 0.0700823
2.16 -0.0725957 0.0713031
2.28 -0.0708022 0.0725222
2.4 -0.0689534 0.0737294
2.52 -0.0670545 0.0749141
2.64 -0.0651103 0.076066
2.76 -0.0631257 0.0771745
2.88 -0.0611052 0.0782292
3 -0.0590532 0.0792197
3.12 -0.0569738 0.0801357
3.24 -0.0548709 0.0809672
3.36 -0.052748 0.0817044
3.48 -0.0506084 0.082338
3.6 -0.048455 0.0828588
3.72 -0.0462902 0.0832582
3.84 -0.0441162 0.083528
3.96 -0.0419348 0.0836606
4.08 -0.0397473 0.0836489
4.2 -0.0375546 0.0834864
4.32 -0.0353574 0.0831673
4.44 -0.0331556 0.0826865
4.56 -0.0309492 0.0820396
4.68 -0.0287375 0.0812229
4.8 -0.0265197 0.0802337
4.92 -0.0242943 0.0790697
5.04 -0.02206 0.0777299
5.16 -0.0198147 0.0762138
5.28 -0.0175566 0.0745219
5.4 -0.0152833 0.0726555
5.52 -0.0129924 0.0706169
5.64 -0.0106814 0.0684091
5.76 -0.00834756 0.066036
5.88 -0.00598839 0.0635024
6 -0.00360124 0.0608138
6.12 -0.00118356 0.0579769
6.24 0.00126707 0.0549987
6.36 0.00375288 0.0518873
6.48 0.00627588 0.0486514
6.6 0.00883784 0.0453005
6.72 0.0114402 0.0418447
6.84 0.0140839 0.0382947
6.96 0.0167697 0.0346621
7.08 0.0194977 0.0309585
7.2 0.0222677 0.0271965
7.32 0.0250786 0.0233888
7.44 0.0279292 0.0195487
7.56 0.0308174 0.0156897
7.68 0.0337404 0.0118257
7.8 0.036695 0.00797062
7.92 0.0396772 0.00413869
8.04 0.0426824 0.000344176
8.16 0.0457051 -0.00339865
8.28 0.0487393 -0.00707555
8.4 0.0517783 -0.0106724
8.52 0.0548148 -0.0141752
8.64 0.0578405 -0.0175703
8.76 0.0608469 -0.0208442
8.88 0.0638246 -0.0239839
9 0.0667638 -0.0269767
9.12 0.0696539 -0.0298104
9.24 0.0724841 -0.0324735
9.36 0.0752431 -0.0349549
9.48 0.077919 -0.0372443
9.6 0.0804998 -0.0393319
9.72 0.082973 -0.0412088
9.84 0.0853262 -0.0428669
9.96 0.0875466 -0.0442988
10.08 0.0896213 -0.045498
10.2 0.0915378 -0.0464591
10.32 0.0932832 -0.0471773
10.44 0.0948451 -0.0476489
10.56 0.0962112 -0.0478712
10.68 0.0973696 -0.0478425
10.8 0.0983089 -0.0475619
10.92 0.0990179 -0.0470299
11.04 0.0994864 -0.0462475
11.16 0.0997044 -0.045217
11.28 0.099663 -0.0439417
11.4 0.0993539 -0.0424258
11.52 0.0987698 -0.0406744
11.64 0.0979041 -0.0386937
11.76 0.0967515 -0.0364906
11.88 0.0953076 -0.0340731
12 0.0935691 -0.0314499
12.12 0.091534 -0.0286306
12.24 0.0892012 -0.0256255
12.36 0.0865711 -0.0224455
12.48 0.0836453 -0.0191025
12.6 0.0804265 -0.0156087
12.72 0.076919 -0.011977
12.84 0.0731282 -0.00822079
12.96 0.0690606 -0.00435383
13.08 0.0647244 -0.000390336
13.2 0.0601288 0.0036552
13.32 0.0552842 0.00776804
13.44 0.0502023 0.0119333
13.56 0.0448961 0.0161358
13.68 0.0393794 0.0203607
13.8 0.0336673 0.0245927
13.92 0.0277759 0.0288171
14.04 0.021722 0.0330189
14.16 0.0155237 0.0371837
14.28 0.00919938 0.0412971
14.4 0.00276853 0.0453452
14.52 -0.00374893 0.0493145
14.64 -0.0103325 0.053192
14.76 -0.0169614 0.056965
14.88 -0.0236142 0.0606218
15 -0.0302695 0.0641509
15.12 -0.0369058 0.0675417
15.24 -0.0435013 0.0707842
15.36 -0.0500345 0.0738694
15.48 -0.056484 0.0767887
15.6 -0.0628287 0.0795345
15.72 -0.069048 0.0821001
15.84 -0.0751215 0.0844796
15.96 -0.0810297 0.0866679
16.08 -0.0867534 0.0886608
16.2 -0.0922746 0.0904551
16.32 -0.0975758 0.0920483
16.44 -0.10264 0.0934389
16.56 -0.107453 0.0946263
16.68 -0.112 0.0956106
16.8 -0.116267 0.0963929
16.92 -0.120242 0.0969751
17.04 -0.123915 0.0973597
17.16 -0.127276 0.0975503
17.28 -0.130317 0.097551
17.4 -0.133031 0.0973665
17.52 -0.135412 0.0970023
17.64 -0.137457 0.0964646
17.76 -0.139163 0.09576
17.88 -0.140527 0.0948957
18 -0.141552 0.0938792
18.12 -0.142237 0.0927186
18.24 -0.142586 0.0914222
18.36 -0.142603 0.0899989
18.48 -0.142293 0.0884574
18.6 -0.141663 0.0868071
18.72 -0.140721 0.085057
18.84 -0.139475 0.0832166
18.96 -0.137936 0.0812952
19.08 -0.136114 0.0793022
19.2 -0.134022 0.077247
19.32 -0.131672 0.0751386
19.44 -0.129079 0.0729861
19.56 -0.126256 0.0707982
19.68 -0.123218 0.0685835
19.8 -0.119981 0.0663501
19.92 -0.116561 0.064106
20.04 -0.112975 0.0618587
20.16 -0.109238 0.0596153
20.28 -0.105368 0.0573825
20.4 -0.101381 0.0551665
20.52 -0.097295 0.0529732
20.64 -0.0931266 0.0508077
20.76 -0.0888926 0.048675
20.88 -0.0846096 0.0465792
21 -0.0802939 0.0445242
21.12 -0.0759615 0.0425133
21.24 -0.071628 0.0405491
21.36 -0.0673084 0.0386341
21.48 -0.0630172 0.0367698
21.6 -0.0587684 0.0349578
21.72 -0.0545752 0.0331986
21.84 -0.0504503 0.0314929
21.96 -0.0464054 0.0298404
22.08 -0.0424516 0.0282409
22.2 -0.0385993 0.0266934
22.32 -0.0348578 0.0251969
22.44 -0.0312359 0.0237499
22.56 -0.0277411 0.0223506
22.68 -0.0243805 0.0209971
22.8 -0.0211599 0.0196872
22.92 -0.0180847 0.0184184
23.04 -0.015159 0.0171883
23.16 -0.0123862 0.0159941
23.28 -0.00976899 0.0148333
23.4 -0.00730909 0.0137029
23.52 -0.00500747 0.0126003
23.64 -0.00286432 0.0115226
23.76 -0.000879118 0.0104671
23.88 0.000949401 0.00943119
24 0.00262316 0.00841234
24.12 0.0041447 0.00740812
24.24 0.00551718 0.00641628
24.36 0.00674431 0.00543475
24.48 0.00783027 0.00446163
24.6 0.00877975 0.00349525
24.72 0.00959783 0.00253416
24.84 0.01029 0.00157714
24.96 0.0108619 0.00062321
25.08 0.0113198 -0.000328353
25.2 0.0116698 -0.00127802
25.32 0.0119186 -0.00222601
25.44 0.0120726 -0.0031723
25.56 0.0121386 -0.00411658
25.68 0.0121233 -0.00505835
25.8 0.0120337 -0.00599684
25.92 0.0118764 -0.00693108
26.04 0.0116581 -0.00785986
26.16 0.0113856 -0.00878181
26.28 0.0110651 -0.00969535
26.4 0.0107032 -0.0105988
26.52 0.010306 -0.0114902
26.64 0.00987929 -0.0123676
26.76 0.00942893 -0.013229
26.88 0.00896034 -0.0140721
27 0.0084787 -0.0148947
27.12 0.00798893 -0.0156946
27.24 0.00749563 -0.0164694
27.36 0.00700311 -0.017217
27.48 0.00651534 -0.017935
27.6 0.00603601 -0.0186213
27.72 0.00556844 -0.0192739
27.84 0.00511567 -0.0198906
27.96 0.00468038 -0.0204696
28.08 0.00426497 -0.0210091
28.2 0.0038715 -0.0215076
28.32 0.00350174 -0.0219634
28.44 0.00315713 -0.0223755
28.56 0.00283887 -0.0227426
28.68 0.00254786 -0.0230639
28.8 0.00228473 -0.0233387
28.92 0.00204987 -0.0235665
29.04 0.00184344 -0.0237471
29.16 0.00166536 -0.0238803
29.28 0.00151538 -0.0239664
29.4 0.00139303 -0.0240058
29.52 0.00129768 -0.0239991
29.64 0.00122855 -0.023947
29.76 0.00118472 -0.0238506
29.88 0.00116514 -0.0237112
30 0.00116868 -0.02353
30.12 0.0011941 -0.0233088
30.24 0.00124009 -0.0230491
30.36 0.00130529 -0.022753
30.48 0.00138829 -0.0224225
30.6 0.00148765 -0.0220596
30.72 0.00160193 -0.0216666
30.84 0.00172967 -0.0212459
30.96 0.00186943 -0.0207998
31.08 0.00201979 -0.0203309
31.2 0.00217935 -0.0198416
31.32 0.00234675 -0.0193345
31.44 0.00252068 -0.018812
31.56 0.0026999 -0.0182767
31.68 0.0028832 -0.017731
31.8 0.00306945 -0.0171774
31.92 0.00325759 -0.0166183
32.04 0.00344662 -0.0160558
32.16 0.00363564 -0.0154924
32.28 0.00382379 -0.01493
32.4 0.00401033 -0.0143707
32.52 0.00419455 -0.0138163
32.64 0.00437586 -0.0132686
32.76 0.0045537 -0.0127293
32.88 0.00472763 -0.0121997
33 0.00489723 -0.0116812
33.12 0.00506219 -0.0111751
33.24 0.00522224 -0.0106823
33.36 0.00537716 -0.0102037
33.48 0.00552682 -0.00974006
33.6 0.00567109 -0.00929193
33.72 0.00580993 -0.00885975
33.84 0.00594331 -0.00844381
33.96 0.00607125 -0.00804427
34.08 0.00619379 -0.00766114
34.2 0.006311 -0.00729433
34.32 0.00642298 -0.00694363
34.44 0.00652982 -0.0066087
34.56 0.00663164 -0.00628914
34.68 0.00672855 -0.00598443
34.8 0.00682067 -0.00569399
34.92 0.00690812 -0.00541717
35.04 0.00699101 -0.00515325
35.16 0.00706942 -0.00490149
35.28 0.00714345 -0.00466111
35.4 0.00721316 -0.00443127
35.52 0.0072786 -0.00421117
35.64 0.00733979 -0.00399997
35.76 0.00739675 -0.00379685
35.88 0.00744945 -0.00360099
36 0.00749786 -0.00341163
36.12 0.0075419 -0.00322799
36.24 0.00758149 -0.00304938
36.36 0.00761652 -0.00287512
36.48 0.00764685 -0.0027046
36.6 0.00767232 -0.00253726
36.72 0.00769276 -0.00237261
36.84 0.00770797 -0.00221022
36.96 0.00771774 -0.00204972
37.08 0.00772185 -0.00189081
37.2 0.00772005 -0.00173328
37.32 0.00771212 -0.00157697
37.44 0.00769778 -0.00142178
37.56 0.00767681 -0.00126771
37.68 0.00764893 -0.0011148
37.8 0.00761392 -0.000963168
37.92 0.00757151 -0.000812969
38.04 0.0075215 -0.000664433
38.16 0.00746365 -0.000517832
38.28 0.00739777 -0.000373482
38.4 0.00732368 -0.000231742
38.52 0.00724122 -9.29991e-05
38.64 0.00715025 4.23284e-05
38.76 0.00705066 0.000173804
38.88 0.00694239 0.000300975
39 0.00682538 0.000423384
39.12 0.00669962 0.000540569
39.24 0.00656512 0.000652076
39.36 0.00642196 0.00075746
39.48 0.00627022 0.000856294
39.6 0.00611003 0.000948176
39.72 0.00594157 0.00103273
39.84 0.00576503 0.00110961
39.96 0.00558067 0.00117852
40.08 0.00538877 0.0012392
40.2 0.00518964 0.00129143
40.32 0.00498364 0.00133503
40.44 0.00477115 0.00136991
40.56 0.00455259 0.00139599
40.68 0.00432842 0.00141328
40.8 0.0040991 0.00142181
40.92 0.00386514 0.0014217
41.04 0.00362708 0.0014131
41.16 0.00338544 0.00139623
41.28 0.00314081 0.00137136
41.4 0.00289376 0.00133881
41.52 0.00264487 0.00129895
41.64 0.00239476 0.0012522
41.76 0.00214403 0.00119901
41.88 0.00189329 0.0011399
42 0.00164315 0.00107539
42.12 0.00139422 0.00100604
42.24 0.00114709 0.000932466
42.36 0.000902367 0.000855269
42.48 0.000660624 0.000775086
42.6 0.000422429 0.000692565
42.72 0.000188331 0.000608359
42.84 -4.11405e-05 0.000523125
42.96 -0.000265476 0.000437518
43.08 -0.000484191 0.000352186
43.2 -0.000696825 0.000267763
43.32 -0.000902945 0.000184869
43.44 -0.00110215 0.000104102
43.56 -0.00129405 2.60352e-05
43.68 -0.00147832 -4.87871e-05
43.8 -0.00165464 -0.000119853
43.92 -0.00182272 -0.000186685
44.04 -0.00198232 -0.000248846
44.16 -0.00213322 -0.000305938
44.28 -0.00227523 -0.000357607
44.4 -0.00240821 -0.000403544
44.52 -0.00253203 -0.000443485
44.64 -0.0026466 -0.000477213
44.76 -0.00275187 -0.000504559
44.88 -0.0028478 -0.000525403
45 -0.00293439 -0.000539669
45.12 -0.00301168 -0.000547332
45.24 -0.00307971 -0.000548408
45.36 -0.00313857 -0.000542961
45.48 -0.00318835 -0.000531098
45.6 -0.00322919 -0.000512964
45.72 -0.00326122 -0.000488746
45.84 -0.00328462 -0.000458665
45.96 -0.00329956 -0.000422977
46.08 -0.00330625 -0.000381968
46.2 -0.0033049 -0.000335953
46.32 -0.00329575 -0.000285271
46.44 -0.00327903 -0.000230282
46.56 -0.003255 -0.000171368
46.68 -0.00322392 -0.00010892
46.8 -0.00318607 -4.33471e-05
46.92 -0.00314172 2.4937e-05
47.04 -0.00309117 9.55116e-05
47.16 -0.0030347 0.000167954
47.28 -0.00297262 0.000241842
47.4 -0.00290522 0.000316757
47.52 -0.00283281 0.000392287
47.64 -0.0027557 0.000468028
47.76 -0.0026742 0.000543589
47.88 -0.00258861 0.00061859
48 -0.00249926 0.000692669
48.12 -0.00240645 0.000765478
48.24 -0.0023105 0.000836693
48.36 -0.00221172 0.000906004
48.48 -0.00211042 0.000973128
48.6 -0.00200692 0.0010378
48.72 -0.00190153 0.00109978
48.84 -0.00179455 0.00115885
48.96 -0.00168631 0.00121482
49.08 -0.0015771 0.00126752
49.2 -0.00146723 0.00131681
49.32 -0.00135701 0.00136256
49.44 -0.00124673 0.00140467
49.56 -0.0011367 0.00144306
49.68 -0.00102722 0.00147769
49.8 -0.000918567 0.00150852
49.92 -0.000811043 0.00153553
50.04 -0.000704928 0.00155874
50.16 -0.000600502 0.00157816
50.28 -0.000498042 0.00159383
50.4 -0.000397815 0.00160581
50.52 -0.000300084 0.00161417
50.64 -0.000205104 0.00161899
50.76 -0.000113123 0.00162037
50.88 -2.43787e-05 0.00161842
51 6.08987e-05 0.00161323
51.12 0.00014249 0.00160495
51.24 0.000220187 0.0015937
51.36 0.000293794 0.00157961
51.48 0.000363125 0.00156283
51.6 0.00042801 0.0015435
51.72 0.000488292 0.00152176
51.84 0.000543828 0.00149778
51.96 0.000594492 0.00147169
52.08 0.000640172 0.00144365
52.2 0.000680774 0.00141381
52.32 0.00071622 0.00138233
52.44 0.00074645 0.00134935
52.56 0.000771422 0.00131502
52.68 0.000791112 0.0012795
52.8 0.000805513 0.00124291
52.92 0.000814639 0.00120542
53.04 0.00081852 0.00116715
53.16 0.000817205 0.00112824
53.28 0.000810761 0.00108883
53.4 0.000799273 0.00104906
53.52 0.000782845 0.00100903
53.64 0.000761593 0.000968891
53.76 0.000735655 0.000928751
53.88 0.000705182 0.00088873
54 0.000670338 0.000848943
54.12 0.000631303 0.000809501
54.24 0.000588271 0.000770509
54.36 0.000541445 0.000732071
54.48 0.00049104 0.000694286
54.6 0.000437282 0.000657249
54.72 0.000380405 0.00062105
54.84 0.000320647 0.000585775
54.96 0.000258257 0.000551508
55.08 0.000193485 0.000518323
55.2 0.000126586 0.000486294
55.32 5.78165e-05 0.000455487
55.44 -1.25666e-05 0.000425963
55.56 -8.43062e-05 0.000397779
55.68 -0.000157147 0.000370983
55.8 -0.000230837 0.000345618
55.92 -0.000305129 0.000321723
56.04 -0.000379779 0.000299327
56.16 -0.00045455 0.000278454
56.28 -0.000529214 0.000259121
56.4 -0.000603548 0.000241336
56.52 -0.000677341 0.000225102
56.64 -0.000750389 0.000210413
56.76 -0.000822499 0.000197257
56.88 -0.00089349 0.000185613
57 -0.00096319 0.000175454
57.12 -0.00103144 0.000166745
57.24 -0.00109809 0.000159445
57.36 -0.00116301 0.000153503
57.48 -0.00122607 0.000148866
57.6 -0.00128715 0.000145471
57.72 -0.00134617 0.00014325
57.84 -0.00140302 0.000142132
57.96 -0.00145763 0.000142037
58.08 -0.00150993 0.000142884
58.2 -0.00155987 0.000144586
58.32 -0.0016074 0.000147055
58.44 -0.00165247 0.000150198
58.56 -0.00169506 0.000153921
58.68 -0.00173515 0.000158131
58.8 -0.00177272 0.000162732
58.92 -0.00180776 0.00016763
59.04 -0.00184028 0.000172731
59.16 -0.00187026 0.000177945
59.28 -0.00189773 0.000183182
59.4 -0.00192269 0.000188358
59.52 -0.00194516 0.000193392
59.64 -0.00196515 0.000198209
59.76 -0.00198268 0.000202736
59.88 -0.00199778 0.00020691
60 -0.00201045 0.000210674
60.12 -0.00202074 0.000213975
60.24 -0.00202865 0.00021677
60.36 -0.00203421 0.000219023
60.48 -0.00203743 0.000220707
60.6 -0.00203835 0.000221801
60.72 -0.00203697 0.000222293
60.84 -0.00203332 0.000222179
60.96 -0.00202741 0.000221463
61.08 -0.00201925 0.000220157
61.2 -0.00200887 0.000218281
61.32 -0.00199628 0.000215859
61.44 -0.00198148 0.000212925
61.56 -0.0019645 0.000209517
61.68 -0.00194534 0.00020568
61.8 -0.00192403 0.000201463
61.92 -0.00190057 0.000196918
62.04 -0.00187498 0.000192101
62.16 -0.00184728 0.00018707
62.28 -0.00181749 0.000181887
62.4 -0.00178564 0.00017661
62.52 -0.00175175 0.000171301
62.64 -0.00171584 0.000166018
62.76 -0.00167797 0.00016082
62.88 -0.00163815 0.000155759
63 -0.00159645 0.000150886
63.12 -0.00155291 0.000146247
63.24 -0.00150758 0.000141883
63.36 -0.00146053 0.000137828
63.48 -0.00141184 0.00013411
63.6 -0.00136157 0.000130749
63.72 -0.00130982 0.000127758
63.84 -0.00125667 0.000125141
63.96 -0.00120223 0.000122896
64.08 -0.00114659 0.00012101
64.2 -0.00108989 0.000119462
64.32 -0.00103223 0.000118223
64.44 -0.000973759 0.000117254
64.56 -0.0009146 0.000116509
64.68 -0.000854902 0.000115935
64.8 -0.000794815 0.000115469
64.92 -0.000734494 0.000115043
65.04 -0.000674103 0.000114582
65.16 -0.000613806 0.000114006
65.28 -0.000553776 0.000113229
65.4 -0.000494186 0.000112164
65.52 -0.000435214 0.000110718
65.64 -0.000377039 0.000108798
65.76 -0.000319842 0.000106309
65.88 -0.000263804 0.000103159
66 -0.000209106 9.92544e-05
66.12 -0.000155927 9.45066e-05
66.24 -0.000104444 8.88298e-05
66.36 -5.48317e-05 8.21435e-05
66.48 -7.25997e-06 7.43734e-05
66.6 3.8106e-05 6.54524e-05
66.72 8.11064e-05 5.53217e-05
66.84 0.000121589 4.39318e-05
66.96 0.000159407 3.12434e-05
67.08 0.000194423 1.72281e-05
67.2 0.000226509 1.86938e-06
67.32 0.000255546 -1.48368e-05
67.44 0.000281424 -3.28818e-05
67.56 0.000304046 -5.22433e-05
67.68 0.000323323 -7.28855e-05
67.8 0.000339181 -9.4759e-05
67.92 0.000351555 -0.0001178
68.04 0.000360394 -0.000141932
68.16 0.000365658 -0.000167063
68.28 0.000367321 -0.000193091
68.4 0.000365368 -0.000219898
68.52 0.000359797 -0.000247356
68.64 0.000350618 -0.000275325
68.76 0.000337854 -0.000303655
68.88 0.000321537 -0.000332187
69 0.000301713 -0.000360753
69.12 0.000278438 -0.000389177
69.24 0.000251778 -0.00041728
69.36 0.00022181 -0.000444876
69.48 0.000188619 -0.000471778
69.6 0.000152298 -0.000497795
69.72 0.00011295 -0.000522739
69.84 7.06836e-05 -0.000546422
69.96 2.5614e-05 -0.000568659
70.08 -2.21377e-05 -0.00058927
70.2 -7.24456e-05 -0.000608082
70.32 -0.00012518 -0.00062493
70.44 -0.000180207 -0.000639658
70.56 -0.00023739 -0.000652122
70.68 -0.000296593 -0.000662188
70.8 -0.000357675 -0.000669737
70.92 -0.000420497 -0.000674667
71.04 -0.000484919 -0.00067689
71.16 -0.000550801 -0.000676334
71.28 -0.000618004 -0.000672948
71.4 -0.000686392 -0.000666699
71.52 -0.000755828 -0.000657573
71.64 -0.00082618 -0.000645576
71.76 -0.000897314 -0.000630735
71.88 -0.000969103 -0.000613099
72 -0.00104142 -0.000592736
72.12 -0.00111414 -0.000569736
72.24 -0.00118713 -0.00054421
72.36 -0.00126029 -0.000516288
72.48 -0.00133348 -0.000486122
72.6 -0.0014066 -0.000453881
72.72 -0.00147953 -0.000419753
72.84 -0.00155214 -0.000383945
72.96 -0.00162433 -0.000346678
73.08 -0.00169598 -0.00030819
73.2 -0.00176698 -0.000268731
73.32 -0.00183722 -0.000228565
73.44 -0.00190656 -0.000187965
73.56 -0.00197491 -0.000147216
73.68 -0.00204213 -0.000106607
73.8 -0.00210811 -6.64349e-05
73.92 -0.00217272 -2.69981e-05
74.04 -0.00223584 1.1402e-05
74.16 -0.00229734 4.84648e-05
74.28 -0.00235709 8.38925e-05
74.4 -0.00241495 0.000117392
74.52 -0.0024708 0.000148676
74.64 -0.00252449 0.000177467
74.76 -0.0025759 0.000203499
74.88 -0.00262488 0.000226517
75 -0.0026713 0.000246284
75.12 -0.00271502 0.000262576
75.24 -0.00275591 0.000275193
75.36 -0.00279384 0.000283951
75.48 -0.00282869 0.000288692
75.6 -0.00286034 0.00028928
75.72 -0.00288868 0.000285607
75.84 -0.00291361 0.000277592
75.96 -0.00293503 0.00026518
76.08 -0.00295288 0.000248348
76.2 -0.00296707 0.000227105
76.32 -0.00297757 0.000201488
76.44 -0.00298434 0.00017157
76.56 -0.00298737 0.000137454
76.68 -0.00298667 9.9278e-05
76.8 -0.00298226 5.72118e-05
76.92 -0.0029742 1.14589e-05
77.04 -0.00296256 -3.7745e-05
77.16 -0.00294746 -9.01319e-05
77.28 -0.00292901 -0.000145403
77.4 -0.00290737 -0.000203229
77.52 -0.00288274 -0.000263251
77.64 -0.0028553 -0.000325085
77.76 -0.00282532 -0.00038832
77.88 -0.00279304 -0.000452522
78 -0.00275877 -0.000517236
78.12 -0.00272282 -0.000581988
78.24 -0.00268552 -0.000646289
78.36 -0.00264723 -0.000709637
78.48 -0.00260835 -0.00077152
78.6 -0.00256926 -0.000831421
78.72 -0.00253037 -0.00088882
78.84 -0.0024921 -0.000943197
78.96 -0.00245489 -0.000994041
79.08 -0.00241915 -0.00104085
79.2 -0.00238531 -0.00108313
79.32 -0.0023538 -0.00112041
79.44 -0.00232503 -0.00115224
79.56 -0.00229938 -0.00117821
79.68 -0.00227723 -0.00119791
79.8 -0.00225893 -0.00121101
79.92 -0.00224478 -0.00121717
80.04 -0.00223506 -0.00121615
80.16 -0.00223001 -0.00120771
80.28 -0.0022298 -0.0011917
80.4 -0.00223457 -0.001168
80.52 -0.00224439 -0.00113657
80.64 -0.00225927 -0.00109742
80.76 -0.00227915 -0.00105065
80.88 -0.00230391 -0.0009964
81 -0.00233335 -0.000934907
81.12 -0.00236719 -0.00086647
81.24 -0.00240508 -0.000791468
81.36 -0.00244657 -0.000710358
81.48 -0.00249117 -0.000623672
81.6 -0.00253827 -0.000532021
81.72 -0.0025872 -0.000436092
81.84 -0.00263721 -0.000336648
81.96 -0.00268748 -0.000234525
82.08 -0.00273711 -0.000130629
82.2 -0.00278514 -2.59359e-05
82.32 -0.00283056 7.85165e-05
82.44 -0.00287229 0.00018163
82.56 -0.00290921 0.000282254
82.68 -0.00294016 0.000379187
82.8 -0.00296395 0.000471187
82.92 -0.00297939 0.000556978
83.04 -0.00298527 0.000635256
83.16 -0.00298037 0.000704697
83.28 -0.0029635 0.000763969
83.4 -0.00293352 0.000811736
83.52 -0.00288929 0.000846671
83.64 -0.00282976 0.000867467
83.76 -0.00275395 0.000872842
83.88 -0.00266093 0.000861554
84 -0.00254991 0.000832409
84.12 -0.0024202 0.000784273
84.24 -0.00227122 0.000716081
84.36 -0.00210254 0.000626849
84.48 -0.0019139 0.000515683
84.6 -0.00170518 0.000381787
84.72 -0.00147643 0.000224476
84.84 -0.00122792 4.31843e-05
84.96 -0.000960091 -0.000162529
85.08 -0.000673584 -0.000392969
85.2 -0.000369259 -0.0006483
85.32 -4.81876e-05 -0.000928537
85.44 0.000288342 -0.00123354
85.56 0.000638823 -0.00156303
85.68 0.00100153 -0.00191653
85.8 0.00137452 -0.00229343
85.92 0.00175564 -0.00269295
86.04 0.00214252 -0.00311415
86.16 0.00253261 -0.00355591
86.28 0.00292318 -0.00401697
86.4 0.00331128 -0.00449591
86.52 0.00369386 -0.00499115
86.64 0.00406768 -0.00550097
86.76 0.0044294 -0.00602354
86.88 0.00477557 -0.00655685
87 0.00510266 -0.00709884
87.12 0.00540709 -0.00764728
87.24 0.00568524 -0.00819991
87.36 0.00593349 -0.00875436
87.48 0.00614825 -0.00930819
87.6 0.00632597 -0.00985893
87.72 0.00646321 -0.0104041
87.84 0.00655663 -0.0109411
87.96 0.00660303 -0.0114676
88.08 0.00659943 -0.0119809
88.2 0.00654301 -0.0124788
88.32 0.00643124 -0.0129587
88.44 0.00626183 -0.0134184
88.56 0.00603282 -0.0138557
88.68 0.00574257 -0.0142685
88.8 0.00538982 -0.0146549
88.92 0.00497366 -0.015013
89.04 0.00449364 -0.0153414
89.16 0.00394969 -0.0156385
89.28 0.00334225 -0.0159031
89.4 0.00267218 -0.0161342
89.52 0.00194085 -0.0163311
89.64 0.0011501 -0.0164931
89.76 0.000302301 -0.0166201
89.88 -0.000599697 -0.0167119
90 -0.00155253 -0.0167688
90.12 -0.00255234 -0.0167913
90.24 -0.00359478 -0.0167801
90.36 -0.00467499 -0.0167364
90.48 -0.00578769 -0.0166613
90.6 -0.00692712 -0.0165565
90.72 -0.00808711 -0.0164238
90.84 -0.00926109 -0.0162653
90.96 -0.0104421 -0.0160832
91.08 -0.0116229 -0.0158802
91.2 -0.0127959 -0.0156589
91.32 -0.0139533 -0.0154224
91.44 -0.015087 -0.0151738
91.56 -0.0161889 -0.0149164
91.68 -0.0172506 -0.0146536
91.8 -0.0182638 -0.014389
91.92 -0.01922 -0.0141262
92.04 -0.0201108 -0.0138689
92.16 -0.0209281 -0.013621
92.28 -0.0216638 -0.0133861
92.4 -0.0223098 -0.0131681
92.52 -0.0228586 -0.0129707
92.64 -0.023303 -0.0127976
92.76 -0.0236358 -0.0126523
92.88 -0.0238507 -0.0125383
93 -0.0239416 -0.0124589
93.12 -0.023903 -0.0124172
93.24 -0.02373 -0.0124161
93.36 -0.0234182 -0.0124584
93.48 -0.0229642 -0.0125464
93.6 -0.0223648 -0.0126825
93.72 -0.021618 -0.0128685
93.84 -0.0207222 -0.0131059
93.96 -0.0196768 -0.0133961
94.08 -0.018482 -0.0137399
94.2 -0.0171387 -0.0141379
94.32 -0.0156487 -0.0145904
94.44 -0.0140145 -0.0150972
94.56 -0.0122397 -0.0156577
94.68 -0.0103284 -0.0162711
94.8 -0.00828577 -0.016936
94.92 -0.00611758 -0.0176508
95.04 -0.00383045 -0.0184135
95.16 -0.00143168 -0.0192217
95.28 0.00107069 -0.0200726
95.4 0.00366801 -0.0209631
95.52 0.006351 -0.02189
95.64 0.00910983 -0.0228493
95.76 0.0119342 -0.0238373
95.88 0.0148132 -0.0248495
96 0.0177358 -0.0258816
96.12 0.0206905 -0.0269288
96.24 0.0236656 -0.0279861
96.36 0.0266491 -0.0290486
96.48 0.0296289 -0.030111
96.6 0.0325931 -0.031168
96.72 0.0355297 -0.0322142
96.84 0.0384265 -0.0332443
96.96 0.041272 -0.0342527
97.08 0.0440547 -0.0352342
97.2 0.0467632 -0.0361832
97.32 0.0493869 -0.0370945
97.44 0.0519154 -0.037963
97.56 0.0543389 -0.0387837
97.68 0.0566481 -0.0395516
97.8 0.0588344 -0.0402621
97.92 0.0608899 -0.0409109
98.04 0.0628074 -0.0414936
98.16 0.0645804 -0.0420064
98.28 0.0662032 -0.0424456
98.4 0.0676712 -0.042808
98.52 0.0689802 -0.0430905
98.64 0.0701273 -0.0432905
98.76 0.0711103 -0.0434058
98.88 0.0719279 -0.0434343
99 0.0725797 -0.0433746
99.12 0.0730661 -0.0432254
99.24 0.0733887 -0.042986
99.36 0.0735495 -0.042656
99.48 0.0735516 -0.0422354
99.6 0.073399 -0.0417245
99.72 0.0730962 -0.0411242
99.84 0.0726486 -0.0404355
99.96 0.0720621 -0.03966
100.08 0.0713436 -0.0387994
100.2 0.0705001 -0.0378561
100.32 0.0695394 -0.0368324
100.44 0.0684697 -0.0357314
100.56 0.0672995 -0.034556
100.68 0.0660379 -0.0333098
100.8 0.0646939 -0.0319963
100.92 0.0632768 -0.0306196
101.04 0.0617962 -0.0291838
101.16 0.0602615 -0.0276933
101.28 0.0586823 -0.0261526
101.4 0.0570678 -0.0245664
101.52 0.0554275 -0.0229396
101.64 0.0537702 -0.0212771
101.76 0.0521048 -0.0195841
101.88 0.0504396 -0.0178657
102 0.0487826 -0.016127
102.12 0.0471415 -0.0143734
102.24 0.0455233 -0.0126101
102.36 0.0439346 -0.0108423
102.48 0.0423814 -0.00907543
102.6 0.0408691 -0.00731457
102.72 0.0394024 -0.00556491
102.84 0.0379855 -0.00383153
102.96 0.0366218 -0.00211943
103.08 0.0353142 -0.000433513
103.2 0.0340648 0.00122145
103.32 0.0328751 0.00284081
103.44 0.0317459 0.00442006
103.56 0.0306774 0.00595484
103.68 0.0296691 0.00744098
103.8 0.02872 0.00887446
103.92 0.0278284 0.0102515
104.04 0.0269923 0.0115684
104.16 0.026209 0.0128218
104.28 0.0254753 0.0140085
104.4 0.0247878 0.0151254
104.52 0.0241426 0.01617
104.64 0.0235354 0.0171395
104.76 0.0229619 0.0180318
104.88 0.0224174 0.0188449
105 0.0218971 0.0195769
105.12 0.021396 0.0202264
105.24 0.0209093 0.0207921
105.36 0.020432 0.021273
105.48 0.0199592 0.0216685
105.6 0.0194863 0.0219781
105.72 0.0190088 0.0222017
105.84 0.0185222 0.0223395
105.96 0.0180225 0.0223917
106.08 0.017506 0.0223593
106.2 0.0169692 0.0222432
106.32 0.0164092 0.0220446
106.44 0.0158234 0.0217652
106.56 0.0152097 0.0214069
106.68 0.0145662 0.0209718
106.8 0.0138919 0.0204624
106.92 0.0131861 0.0198814
107.04 0.0124484 0.0192318
107.16 0.0116793 0.0185169
107.28 0.0108794 0.0177403
107.4 0.0100502 0.0169058
107.52 0.00919325 0.0160173
107.64 0.00831093 0.0150793
107.76 0.00740584 0.0140961
107.88 0.00648109 0.0130726
108 0.00554013 0.0120135
108.12 0.00458679 0.0109241
108.24 0.00362518 0.00980945
108.36 0.00265973 0.00867506
108.48 0.00169505 0.00752638
108.6 0.000735977 0.00636902
108.72 -0.00021253 0.00520864
108.84 -0.00114542 0.00405095
108.96 -0.00205759 0.0029017
109.08 -0.00294394 0.00176661
109.2 -0.00379945 0.000651388
109.32 -0.00461916 -0.000438332
109.44 -0.0053983 -0.001497
109.56 -0.00613226 -0.00251919
109.68 -0.0068167 -0.00349962
109.8 -0.00744753 -0.00443319
109.92 -0.008021 -0.005315
110.04 -0.00853372 -0.0061404
110.16 -0.00898266 -0.00690499
110.28 -0.00936524 -0.00760468
110.4 -0.0096793 -0.00823569
110.52 -0.00992316 -0.00879459
110.64 -0.0100956 -0.0092783
110.76 -0.0101959 -0.00968416
110.88 -0.0102239 -0.0100099
111 -0.0101799 -0.0102537
111.12 -0.0100646 -0.0104142
111.24 -0.00987934 -0.0104904
111.36 -0.00962594 -0.0104819
111.48 -0.00930664 -0.0103887
111.6 -0.00892416 -0.0102114
111.72 -0.00848164 -0.00995089
111.84 -0.00798264 -0.0096087
111.96 -0.00743109 -0.00918679
112.08 -0.00683126 -0.00868761
112.2 -0.00618775 -0.00811408
112.32 -0.0055054 -0.00746955
112.44 -0.00478929 -0.00675782
112.56 -0.00404468 -0.00598312
112.68 -0.00327699 -0.00515005
112.8 -0.00249171 -0.00426359
112.92 -0.0016944 -0.00332906
113.04 -0.000890601 -0.00235208
113.16 -8.58309e-05 -0.00133856
113.28 0.000714489 -0.000294646
113.4 0.00150507 0.000773332
113.52 0.00228079 0.00185886
113.64 0.00303676 0.00295533
113.76 0.00376833 0.00405601
113.88 0.00447115 0.00515419
114 0.00514119 0.00624313
114.12 0.00577479 0.00731615
114.24 0.00636866 0.00836667
114.36 0.00691992 0.00938826
114.48 0.00742612 0.0103747
114.6 0.00788525 0.0113199
114.72 0.00829575 0.0122181
114.84 0.00865654 0.0130639
114.96 0.00896699 0.0138521
115.08 0.00922694 0.0145781
115.2 0.0094367 0.0152375
115.32 0.00959703 0.0158264
115.44 0.00970911 0.0163415
115.56 0.00977458 0.0167798
115.68 0.00979545 0.0171389
115.8 0.00977413 0.0174169
115.92 0.00971338 0.0176125
116.04 0.00961628 0.0177248
116.16 0.00948621 0.0177538
116.28 0.00932679 0.0176996
116.4 0.00914188 0.0175631
116.52 0.00893552 0.0173458
116.64 0.00871188 0.0170495
116.76 0.00847524 0.0166769
116.88 0.00822994 0.0162307
117 0.00798035 0.0157145
117.12 0.00773079 0.0151321
117.24 0.00748556 0.0144878
117.36 0.00724882 0.0137863
117.48 0.00702462 0.0130327
117.6 0.00681681 0.0122323
117.72 0.00662904 0.0113908
117.84 0.00646472 0.010514
117.96 0.00632698 0.00960798
118.08 0.00621864 0.0086789
118.2 0.00614221 0.00773309
118.32 0.00609984 0.00677689
118.44 0.00609333 0.00581666
118.56 0.00612406 0.0048587
118.68 0.00619307 0.00390924
118.8 0.00630097 0.00297437
118.92 0.00644797 0.00206003
119.04 0.00663388 0.0011719
119.16 0.0068581 0.000315436
119.28 0.00711966 -0.000504215
119.4 0.00741719 -0.00128223
119.52 0.00774895 -0.00201416
119.64 0.00811286 -0.00269594
119.76 0.00850649 -0.00332393
119.88 0.00892711 -0.00389493
120 0.00937171 -0.00440619
