-0.999 2.71768e-06 6.99011e-07
-0.998 1.09895e-05 2.55987e-06
-0.997 2.26876e-05 4.0796e-06
-0.996 3.51161e-05 3.11293e-06
-0.995 4.84941e-05 -5.26019e-07
-0.994 6.73723e-05 -2.48331e-06
-0.993 9.8331e-05 6.39224e-06
-0.992 0.000145156 3.68665e-05
-0.991 0.000204445 9.55658e-05
-0.99 0.000263759 0.000179349
-0.989 0.000303285 0.000273363
-0.988 0.00030197 0.000355292
-0.987 0.000247567 0.000404989
-0.986 0.000146104 0.000415017
-0.985 2.41182e-05 0.000396167
-0.984 -7.92292e-05 0.000374118
-0.983 -0.000125612 0.00037768
-0.982 -8.88018e-05 0.000423418
-0.981 3.88557e-05 0.000503815
-0.98 0.000242196 0.000585614
-0.979 0.0004825 0.00062125
-0.978 0.000706678 0.000569999
-0.977 0.0008667 0.000419736
-0.976 0.000938177 0.000198706
-0.975 0.000925438 -2.93348e-05
-0.974 0.000852452 -0.000186329
-0.973 0.00075188 -0.000210193
-0.972 0.000661722 -8.20639e-05
-0.971 0.000621926 0.000162366
-0.97 0.000658878 0.000444901
-0.969 0.000764744 0.00067665
-0.968 0.000892446 0.000795396
-0.967 0.00097374 0.000791525
-0.966 0.000946816 0.000711858
-0.965 0.000776616 0.000640673
-0.964 0.000466116 0.000665489
-0.963 6.9618e-05 0.000840468
-0.962 -0.000292459 0.00116286
-0.961 -0.000442515 0.00157477
-0.96 -0.000198425 0.00199059
-0.959 0.000548557 0.00233526
-0.958 0.00177177 0.00257259
-0.957 0.00329056 0.00271106
-0.956 0.00480053 0.00278785
-0.955 0.00594618 0.00284104
-0.954 0.00642466 0.00288261
-0.953 0.0061012 0.00288567
-0.952 0.0050944 0.00279703
-0.951 0.00377558 0.0025729
-0.95 0.00265974 0.00221611
-0.949 0.00222417 0.00178818
-0.948 0.00272177 0.00138671
-0.947 0.00405488 0.00110237
-0.946 0.0057657 0.000979458
-0.945 0.00717069 0.000995898
-0.944 0.00761208 0.00106956
-0.943 0.00674093 0.00109806
-0.942 0.00471015 0.00103091
-0.941 0.0021781 0.00094115
-0.94 0.000109535 0.00103885
-0.939 -0.000554413 0.00159466
-0.938 0.000744354 0.00280336
-0.937 0.00390267 0.00466084
-0.936 0.0080805 0.00691584
-0.935 0.0119135 0.00911035
-0.934 0.0139829 0.0106907
-0.933 0.0133664 0.0111732
-0.932 0.0100256 0.0103353
-0.931 0.0048561 0.00834954
-0.93 -0.000600519 0.00576074
-0.929 -0.00465714 0.00327849
-0.928 -0.00604715 0.00147767
-0.927 -0.00440573 0.000561391
-0.926 -0.000482108 0.000297196
-0.925 0.004072 0.000132076
-0.924 0.00732309 -0.000573435
-0.923 0.0078407 -0.00225064
-0.922 0.00528539 -0.00484484
-0.921 0.000546207 -0.00769165
-0.92 -0.00458128 -0.00967296
-0.919 -0.00801394 -0.0096377
-0.918 -0.00811144 -0.0069034
-0.917 -0.00432803 -0.00159303
-0.916 0.00245442 0.00534461
-0.915 0.0101211 0.0124138
-0.914 0.0160481 0.0180337
-0.913 0.0180793 0.0210554
-0.912 0.0153284 0.0211796
-0.911 0.00848566 0.0190768
-0.91 -0.000428617 0.0161002
-0.909 -0.00872692 0.0136882
-0.908 -0.0139395 0.012735
-0.907 -0.0146681 0.0132182
-0.906 -0.0110849 0.0142254
-0.905 -0.0048374 0.0143369
-0.904 0.00161938 0.0122211
-0.903 0.00597894 0.00726618
-0.902 0.00692986 3.02983e-06
-0.901 0.00459511 -0.00792741
-0.9 0.000471534 -0.0143133
-0.899 -0.00309725 -0.0171877
-0.898 -0.00379843 -0.0155579
-0.897 -0.000281713 -0.00976766
-0.896 0.00728033 -0.0013963
-0.895 0.0172584 0.00724988
-0.894 0.027169 0.0139181
-0.893 0.0344993 0.0172345
-0.892 0.0374434 0.0172206
-0.891 0.0353946 0.0151975
-0.89 0.0291334 0.0131065
-0.889 0.0206011 0.0126113
-0.888 0.0121989 0.0144067
-0.887 0.00589091 0.0179626
-0.886 0.00261039 0.0217271
-0.885 0.00222507 0.0237072
-0.884 0.00388932 0.0222948
-0.883 0.00644046 0.0170682
-0.882 0.00866772 0.0091509
-0.881 0.00956409 0.00084651
-0.88 0.00867245 -0.00529843
-0.879 0.00632043 -0.00750425
-0.878 0.00345134 -0.0053815
-0.877 0.00115028 3.42481e-06
-0.876 0.000272506 0.00654896
-0.875 0.00137575 0.0118718
-0.874 0.00476094 0.0142019
-0.873 0.0103143 0.0131031
-0.872 0.0171602 0.00963083
-0.871 0.0235472 0.00577056
-0.87 0.0273066 0.00345283
-0.869 0.0266515 0.00368026
-0.868 0.0207971 0.00615611
-0.867 0.0102002 0.00948448
-0.866 -0.00345972 0.0117977
-0.865 -0.017484 0.0115936
-0.864 -0.0286826 0.00850364
-0.863 -0.0343523 0.0036318
-0.862 -0.0334356 -0.000799088
-0.861 -0.0271648 -0.0023895
-0.86 -0.0186799 0.000384035
-0.859 -0.0118136 0.00751484
-0.858 -0.00966239 0.0174377
-0.857 -0.0134585 0.0275632
-0.856 -0.0220239 0.0351802
-0.855 -0.0319581 0.0384633
-0.854 -0.0386308 0.0371967
-0.853 -0.0378545 0.0328024
-0.852 -0.0276817 0.0275711
-0.851 -0.00945855 0.0234989
-0.85 0.0124349 0.0213784
-0.849 0.0320346 0.0205532
-0.848 0.0438449 0.0193112
-0.847 0.0447706 0.0156684
-0.846 0.0352724 0.00831186
-0.845 0.0193437 -0.00254474
-0.844 0.00323416 -0.0148023
-0.843 -0.00676327 -0.0249906
-0.842 -0.00667677 -0.0295737
-0.841 0.00361698 -0.0264053
-0.84 0.0203094 -0.015575
-0.839 0.037019 0.000673449
-0.838 0.0471142 0.0187483
-0.837 0.046176 0.0348474
-0.836 0.0337042 0.0461375
-0.835 0.013461 0.0516893
-0.834 -0.00773062 0.0527405
-0.833 -0.022417 0.051979
-0.832 -0.0252843 0.0520885
-0.831 -0.0151685 0.0543075
-0.83 0.00447686 0.057753
-0.829 0.0268507 0.0597638
-0.828 0.0443347 0.0569918
-0.827 0.0512588 0.0467767
-0.826 0.0458851 0.0284029
-0.825 0.0310176 0.00383578
-0.824 0.0130092 -0.0224883
-0.823 -0.000618998 -0.0449455
-0.822 -0.0041164 -0.0586288
-0.821 0.00419595 -0.0610341
-0.82 0.0212875 -0.0528008
-0.819 0.0407717 -0.0372712
-0.818 0.0555419 -0.0191545
-0.817 0.0603752 -0.00283694
-0.816 0.0535578 0.00911752
-0.815 0.0372814 0.016758
-0.814 0.0168066 0.0224386
-0.813 -0.00147725 0.0294612
-0.812 -0.0125484 0.0402858
-0.811 -0.0147635 0.0551548
-0.81 -0.0102712 0.0717409
-0.809 -0.00352243 0.0859074
-0.808 0.0010858 0.0931785
-0.807 0.000909967 0.090341
-0.806 -0.00448654 0.0766839
-0.805 -0.0136709 0.0544438
-0.804 -0.0239784 0.0281754
-0.803 -0.0324404 0.00321657
-0.802 -0.0370183 -0.0160777
-0.801 -0.0375701 -0.0275587
-0.8 -0.0356243 -0.0315276
-0.799 -0.0328709 -0.0300915
-0.798 -0.0296631 -0.0260823
-0.797 -0.0249165 -0.0219674
-0.796 -0.0173174 -0.0189923
-0.795 -0.00656735 -0.0168132
-0.794 0.00625227 -0.0138549
-0.793 0.0190193 -0.00826844
-0.792 0.0290534 0.0010488
-0.791 0.0337991 0.0139124
-0.79 0.0321355 0.0289695
-0.789 0.0258489 0.0442241
-0.788 0.0197696 0.0575805
-0.787 0.0197368 0.0672784
-0.786 0.0294775 0.0722986
-0.785 0.048435 0.0726353
-0.784 0.0716797 0.0691861
-0.783 0.0915335 0.0632783
-0.782 0.100028 0.0561784
-0.781 0.0917362 0.0489027
-0.78 0.0665226 0.0423141
-0.779 0.0308909 0.0371802
-0.778 -0.0036218 0.0339581
-0.777 -0.0249137 0.0325072
-0.776 -0.0254338 0.0320849
-0.775 -0.00531873 0.0316201
-0.774 0.0276034 0.0300121
-0.773 0.0604757 0.0263753
-0.772 0.0797547 0.0203473
-0.771 0.076307 0.0124717
-0.77 0.0497636 0.00439531
-0.769 0.00984204 -0.00147057
-0.768 -0.0269113 -0.00282833
-0.767 -0.0438992 0.00156321
-0.766 -0.031474 0.0113773
-0.765 0.00900467 0.0247516
-0.764 0.0652935 0.0387685
-0.763 0.118101 0.0503064
-0.762 0.147529 0.0571009
-0.761 0.14057 0.0586378
-0.76 0.0970622 0.0564137
-0.759 0.0309522 0.0533082
-0.758 -0.0346374 0.0523109
-0.757 -0.0765457 0.0552024
-0.756 -0.080591 0.0616748
-0.755 -0.0467393 0.0691363
-0.754 0.0109666 0.0733745
-0.753 0.0692746 0.0700638
-0.752 0.104055 0.0566107
-0.751 0.0998079 0.0334853
-0.75 0.0567454 0.00435903
-0.749 -0.00833775 -0.0250094
-0.748 -0.0686145 -0.0485685
-0.747 -0.098282 -0.0617527
-0.746 -0.0828777 -0.0628261
-0.745 -0.0247621 -0.0534566
-0.744 0.0575678 -0.0381088
-0.743 0.135682 -0.0222364
-0.742 0.181241 -0.0100205
-0.741 0.17691 -0.00279292
-0.74 0.123846 0.00110933
-0.739 0.0417545 0.00520164
-0.738 -0.0391431 0.0131967
-0.737 -0.0903612 0.0274731
-0.736 -0.0958578 0.0479137
-0.735 -0.0572361 0.07145
-0.734 0.00748531 0.0927963
-0.733 0.0706285 0.106342
-0.732 0.105303 0.108345
-0.731 0.0963431 0.0983158
-0.73 0.0471391 0.0789894
-0.729 -0.021499 0.0552069
-0.728 -0.0803417 0.0324171
-0.727 -0.104002 0.0152298
-0.726 -0.0806133 0.00617207
-0.725 -0.0155891 0.00506685
-0.724 0.0707365 0.00951151
-0.723 0.150267 0.0162641
-0.722 0.197253 0.0227009
-0.721 0.198288 0.0276045
-0.72 0.157802 0.0311684
-0.719 0.0957309 0.0346046
-0.718 0.0382534 0.0396408
-0.717 0.00662503 0.0477907
-0.716 0.00956292 0.0594625
-0.715 0.0413979 0.0735571
-0.714 0.0851815 0.0880129
-0.713 0.119205 0.100807
-0.712 0.125463 0.110546
-0.711 0.0974669 0.11642
-0.71 0.0435275 0.118011
-0.709 -0.0170267 0.115431
-0.708 -0.0629399 0.109526
-0.707 -0.080189 0.101569
-0.706 -0.0666828 0.0926088
-0.705 -0.0316883 0.0833119
-0.704 0.00826642 0.0744665
-0.703 0.0354291 0.06727
-0.702 0.0377132 0.0627035
-0.701 0.0141968 0.0604844
-0.7 -0.0241021 0.0586911
-0.699 -0.0596196 0.0545216
-0.698 -0.0769632 0.0454963
-0.697 -0.0696307 0.030198
-0.696 -0.041494 0.00859732
-0.695 -0.00388252 -0.0174872
-0.694 0.0292313 -0.0440931
-0.693 0.0465376 -0.0659115
-0.692 0.0443845 -0.0782667
-0.691 0.0293759 -0.0791011
-0.69 0.0159162 -0.0696402
-0.689 0.0187888 -0.0534926
-0.688 0.0450136 -0.0350831
-0.687 0.0901467 -0.0182715
-0.686 0.140561 -0.00516543
-0.685 0.179191 0.00487852
-0.684 0.191702 0.0152534
-0.683 0.171725 0.030411
-0.682 0.124282 0.0531864
-0.681 0.0652826 0.0828071
-0.68 0.0154632 0.114707
-0.679 -0.0092611 0.141916
-0.678 -0.00542643 0.157064
-0.677 0.0169776 0.154466
-0.676 0.0398822 0.132203
-0.675 0.0450926 0.0935243
-0.674 0.0214797 0.0462994
-0.673 -0.0300431 0.000241856
-0.672 -0.0950305 -0.0365935
-0.671 -0.149436 -0.0600645
-0.67 -0.169179 -0.0701884
-0.669 -0.141349 -0.0700706
-0.668 -0.0707101 -0.0643667
-0.667 0.0219769 -0.0573601
-0.666 0.108042 -0.0507363
-0.665 0.161041 -0.0422236
-0.664 0.165623 -0.0265398
-0.663 0.123251 0.00154328
-0.662 0.0527138 0.0440271
-0.661 -0.0163959 0.0983158
-0.66 -0.0558324 0.157837
-0.659 -0.0507794 0.213618
-0.658 -0.0056456 0.256215
-0.657 0.0584923 0.278174
-0.656 0.112382 0.276653
-0.655 0.129302 0.254644
-0.654 0.095093 0.219527
-0.653 0.0148241 0.179718
-0.652 -0.0872029 0.141551
-0.651 -0.175899 0.107941
-0.65 -0.219322 0.0786068
-0.649 -0.20129 0.0510282
-0.648 -0.127128 0.0219675
-0.647 -0.0214824 -0.0102409
-0.646 0.0797749 -0.0435726
-0.645 0.141131 -0.0721693
-0.644 0.139958 -0.0887836
-0.643 0.0759984 -0.0882608
-0.642 -0.0272809 -0.0698333
-0.641 -0.131664 -0.0373723
-0.64 -0.199451 0.00171516
-0.639 -0.207444 0.0382382
-0.638 -0.154368 0.0637279
-0.637 -0.060701 0.0734702
-0.636 0.0380341 0.0684429
-0.635 0.103198 0.0544463
-0.634 0.107676 0.0387662
-0.633 0.0478973 0.0266351
-0.632 -0.0534467 0.0194698
-0.631 -0.156461 0.0150924
-0.63 -0.220083 0.0090383
-0.629 -0.217141 -0.00352621
-0.628 -0.143259 -0.0252042
-0.627 -0.0183571 -0.0538583
-0.626 0.11899 -0.082152
-0.625 0.223662 -0.100311
-0.624 0.260136 -0.100698
-0.623 0.216676 -0.08133
-0.622 0.110078 -0.046623
-0.621 -0.0217495 -0.00574701
-0.62 -0.134773 0.030234
-0.619 -0.194101 0.0518442
-0.618 -0.184666 0.054848
-0.617 -0.115403 0.0425541
-0.616 -0.0162283 0.0247247
-0.615 0.0722398 0.0129053
-0.614 0.114074 0.0148433
-0.613 0.0925367 0.0312374
-0.612 0.0163253 0.0559428
-0.611 -0.0850797 0.0786622
-0.61 -0.173351 0.0888439
-0.609 -0.214965 0.0800057
-0.608 -0.192472 0.0533951
-0.607 -0.11069 0.0189647
-0.606 0.00407988 -0.0080315
-0.605 0.112594 -0.0138571
-0.604 0.176923 0.00721808
-0.603 0.174451 0.0502617
-0.602 0.105062 0.101519
-0.601 -0.0104476 0.143207
-0.6 -0.138249 0.159495
-0.599 -0.24248 0.14225
-0.598 -0.296651 0.094888
-0.597 -0.29221 0.0321452
-0.596 -0.240859 -0.0253354
-0.595 -0.168847 -0.0596881
-0.594 -0.105387 -0.0632443
-0.593 -0.0711584 -0.0410358
-0.592 -0.0722331 -0.00802796
-0.591 -0.100083 0.017016
-0.59 -0.135639 0.0188426
-0.589 -0.156098 -0.00786062
-0.588 -0.143495 -0.0551697
-0.587 -0.0924146 -0.103844
-0.586 -0.0129244 -0.130801
-0.585 0.0736561 -0.119227
-0.584 0.144024 -0.0662951
-0.583 0.181308 0.0150877
-0.582 0.178491 0.100593
-0.581 0.137735 0.162721
-0.58 0.0684059 0.180381
-0.579 -0.0154055 0.146883
-0.578 -0.0986642 0.0732247
-0.577 -0.169991 -0.015496
-0.576 -0.224393 -0.0898867
-0.575 -0.261762 -0.128079
-0.574 -0.282704 -0.123958
-0.573 -0.286236 -0.0886214
-0.572 -0.271588 -0.0454942
-0.571 -0.241537 -0.0212852
-0.57 -0.203403 -0.0354114
-0.569 -0.166714 -0.0912887
-0.568 -0.139589 -0.173372
-0.567 -0.126134 -0.252329
-0.566 -0.125124 -0.296877
-0.565 -0.129275 -0.286811
-0.564 -0.126048 -0.221026
-0.563 -0.101926 -0.117797
-0.562 -0.0495228 -0.00836298
-0.561 0.0263564 0.0736612
-0.56 0.107667 0.104181
-0.559 0.168174 0.0780417
-0.558 0.182644 0.0117493
-0.557 0.136721 -0.062867
-0.556 0.0340436 -0.111915
-0.555 -0.102141 -0.113265
-0.554 -0.234663 -0.0644812
-0.553 -0.324475 0.017529
-0.552 -0.344576 0.103589
-0.551 -0.290145 0.163072
-0.55 -0.181394 0.175272
-0.549 -0.0582078 0.137661
-0.548 0.0325789 0.0673433
-0.547 0.0542477 -0.00589166
-0.546 -0.00437869 -0.0523285
-0.545 -0.122493 -0.0547832
-0.544 -0.25427 -0.0150987
-0.543 -0.346646 0.0472123
-0.542 -0.359464 0.102668
-0.541 -0.279842 0.122798
-0.54 -0.127225 0.0907933
-0.539 0.0513644 0.00822462
-0.538 0.195621 -0.104987
-0.537 0.253318 -0.217882
-0.536 0.201595 -0.300136
-0.535 0.0580001 -0.332869
-0.534 -0.125453 -0.314335
-0.533 -0.282703 -0.259038
-0.532 -0.358317 -0.191139
-0.531 -0.326397 -0.134658
-0.53 -0.198892 -0.104137
-0.529 -0.0221484 -0.0995257
-0.528 0.138002 -0.107497
-0.527 0.219501 -0.108541
-0.526 0.187956 -0.0862524
-0.525 0.0507437 -0.0345976
-0.524 -0.145854 0.0391045
-0.523 -0.335056 0.11596
-0.522 -0.454671 0.171685
-0.521 -0.468872 0.185557
-0.52 -0.379846 0.14872
-0.519 -0.226058 0.0679194
-0.518 -0.0676934 -0.037324
-0.517 0.0356561 -0.142514
-0.516 0.0468613 -0.226661
-0.515 -0.0356757 -0.277896
-0.514 -0.17857 -0.295389
-0.513 -0.326757 -0.287962
-0.512 -0.42414 -0.269586
-0.511 -0.434218 -0.252678
-0.51 -0.353096 -0.24181
-0.509 -0.209495 -0.231321
-0.508 -0.0522528 -0.208733
-0.507 0.0683521 -0.16211
-0.506 0.117475 -0.0868846
-0.505 0.0853459 0.0111656
-0.504 -0.012031 0.116973
-0.503 -0.140035 0.210047
-0.502 -0.258095 0.270106
-0.501 -0.334173 0.283328
-0.5 -0.355348 0.247358
-0.499 -0.329494 0.172628
-0.498 -0.278224 0.0785569
-0.497 -0.226275 -0.0139805
-0.496 -0.192942 -0.0900547
-0.495 -0.1879 -0.144553
-0.494 -0.210631 -0.181501
-0.493 -0.252067 -0.209989
-0.492 -0.298083 -0.238871
-0.491 -0.334278 -0.27217
-0.49 -0.349765 -0.306355
-0.489 -0.338087 -0.330437
-0.488 -0.296159 -0.329527
-0.487 -0.223781 -0.291102
-0.486 -0.124906 -0.211423
-0.485 -0.00943742 -0.0989962
-0.484 0.106479 0.0268203
-0.483 0.202555 0.141434
-0.482 0.258535 0.222171
-0.481 0.260252 0.254362
-0.48 0.206561 0.235061
-0.479 0.113417 0.173769
-0.478 0.0108577 0.0895954
-0.477 -0.0674337 0.00508476
-0.476 -0.0973094 -0.0615877
-0.475 -0.073873 -0.10288
-0.474 -0.0142476 -0.123556
-0.473 0.046438 -0.137175
-0.472 0.0650032 -0.159465
-0.471 0.00583013 -0.201216
-0.47 -0.14165 -0.262892
-0.469 -0.352825 -0.332815
-0.468 -0.573116 -0.390145
-0.467 -0.737502 -0.412278
-0.466 -0.79465 -0.384125
-0.465 -0.724744 -0.305175
-0.464 -0.545871 -0.19114
-0.463 -0.309566 -0.0698087
-0.462 -0.0864209 0.0272215
-0.461 0.0574322 0.0747562
-0.46 0.086359 0.0631213
-0.459 0.01085 0.00235652
-0.458 -0.116955 -0.0810751
-0.457 -0.225922 -0.154276
-0.456 -0.255048 -0.190249
-0.455 -0.176359 -0.177029
-0.454 -0.00500702 -0.120559
-0.453 0.204313 -0.0417513
-0.452 0.374307 0.0309729
-0.451 0.432808 0.0724554
-0.45 0.341765 0.0717287
-0.449 0.113748 0.037815
-0.448 -0.192199 -0.00357401
-0.447 -0.492425 -0.0215647
-0.446 -0.707666 0.00603914
-0.445 -0.788238 0.0834727
-0.444 -0.728713 0.195113
-0.443 -0.568635 0.309718
-0.442 -0.37752 0.389292
-0.441 -0.227478 0.401554
-0.44 -0.164938 0.332667
-0.439 -0.194859 0.194207
-0.438 -0.283142 0.0197235
-0.437 -0.373148 -0.148198
-0.436 -0.407736 -0.273666
-0.435 -0.349651 -0.338536
-0.434 -0.195645 -0.345754
-0.433 0.0201376 -0.316099
-0.432 0.237275 -0.279795
-0.431 0.392002 -0.264409
-0.43 0.440988 -0.282731
-0.429 0.374423 -0.326341
-0.428 0.214852 -0.368919
-0.427 0.00628152 -0.378239
-0.426 -0.19995 -0.330801
-0.425 -0.359105 -0.222236
-0.424 -0.445256 -0.0701461
-0.423 -0.458042 0.0904844
-0.422 -0.419166 0.217876
-0.421 -0.359562 0.277303
-0.42 -0.30528 0.25349
-0.419 -0.269803 0.156278
-0.418 -0.254055 0.0167207
-0.417 -0.250268 -0.124939
-0.416 -0.246085 -0.234056
-0.415 -0.228568 -0.292982
-0.414 -0.188875 -0.305216
-0.413 -0.125711 -0.291407
-0.412 -0.0447856 -0.278779
-0.411 0.044536 -0.288124
-0.41 0.131314 -0.324015
-0.409 0.202666 -0.372517
-0.408 0.243632 -0.407036
-0.407 0.239979 -0.399385
-0.406 0.183437 -0.331438
-0.405 0.0761286 -0.203209
-0.404 -0.0681245 -0.0346196
-0.403 -0.224853 0.140156
-0.402 -0.361923 0.284344
-0.401 -0.446709 0.37143
-0.4 -0.457905 0.393252
-0.399 -0.396254 0.360116
-0.398 -0.286508 0.294331
-0.397 -0.168194 0.221091
-0.396 -0.0803705 0.160085
-0.395 -0.0483033 0.11961
-0.394 -0.0760768 0.0946362
-0.393 -0.144664 0.070255
-0.392 -0.216027 0.0300346
-0.391 -0.245901 -0.03463
-0.39 -0.203361 -0.119441
-0.389 -0.0874052 -0.208807
-0.388 0.0702234 -0.282042
-0.387 0.218409 -0.320188
-0.386 0.308104 -0.311162
-0.385 0.310409 -0.253049
-0.384 0.225505 -0.155309
-0.383 0.0829181 -0.0367318
-0.382 -0.0664185 0.0803068
-0.381 -0.167068 0.177099
-0.38 -0.18136 0.243625
-0.379 -0.106829 0.279185
-0.378 0.0217125 0.289673
-0.377 0.147433 0.283916
-0.376 0.215218 0.270396
-0.375 0.191701 0.254343
-0.374 0.0752143 0.235569
-0.373 -0.10469 0.20821
-0.372 -0.297549 0.163099
-0.371 -0.450782 0.0918656
-0.37 -0.53093 -0.00912338
-0.369 -0.537082 -0.136458
-0.368 -0.49883 -0.279461
-0.367 -0.460106 -0.422015
-0.366 -0.458549 -0.546228
-0.365 -0.510074 -0.636998
-0.364 -0.602378 -0.685741
-0.363 -0.697937 -0.691941
-0.362 -0.747248 -0.662456
-0.361 -0.709861 -0.609176
-0.36 -0.573881 -0.545408
-0.359 -0.362569 -0.481437
-0.358 -0.123845 -0.420586
-0.357 0.090388 -0.358035
-0.356 0.243207 -0.283796
-0.355 0.322975 -0.188573
-0.354 0.344961 -0.0691458
-0.353 0.344583 0.0691083
-0.352 0.361065 0.212634
-0.351 0.415486 0.342204
-0.35 0.495486 0.437191
-0.349 0.558573 0.48152
-0.348 0.55399 0.46989
-0.347 0.449526 0.411097
-0.346 0.24767 0.325615
-0.345 -0.0139724 0.238074
-0.344 -0.273717 0.168544
-0.343 -0.46435 0.126507
-0.342 -0.537014 0.109185
-0.341 -0.483146 0.104047
-0.34 -0.341493 0.0944473
-0.339 -0.182001 0.0669599
-0.338 -0.0729791 0.0183824
-0.337 -0.0499463 -0.0406772
-0.336 -0.101945 -0.0884163
-0.335 -0.177944 -0.100488
-0.334 -0.207446 -0.0610107
-0.333 -0.129366 0.0291257
-0.332 0.078357 0.150703
-0.331 0.381449 0.272328
-0.33 0.696436 0.361446
-0.329 0.922242 0.395508
-0.328 0.981147 0.369398
-0.327 0.849019 0.296809
-0.326 0.563794 0.204828
-0.325 0.213105 0.123196
-0.324 -0.0946862 0.0719289
-0.323 -0.270664 0.0525821
-0.322 -0.283015 0.0480609
-0.321 -0.171715 0.0319638
-0.32 -0.0292092 -0.0173493
-0.319 0.042863 -0.105283
-0.318 -0.022979 -0.217181
-0.317 -0.235584 -0.323245
-0.316 -0.542872 -0.389876
-0.315 -0.847253 -0.393034
-0.314 -1.0378 -0.328739
-0.313 -1.0356 -0.216501
-0.312 -0.833509 -0.0930704
-0.311 -0.504072 0.00205507
-0.31 -0.167458 0.043019
-0.309 0.0612396 0.0280721
-0.308 0.115369 -0.0206105
-0.307 -0.00519646 -0.0675437
-0.306 -0.23811 -0.080184
-0.305 -0.478296 -0.0436682
-0.304 -0.614072 0.0319897
-0.303 -0.574891 0.115143
-0.302 -0.367674 0.165566
-0.301 -0.0755629 0.152475
-0.3 0.182661 0.069584
-0.299 0.306515 -0.0596984
-0.298 0.251834 -0.189463
-0.297 0.0422484 -0.268563
-0.296 -0.240279 -0.261491
-0.295 -0.48103 -0.16427
-0.294 -0.574212 -0.00825151
-0.293 -0.470169 0.150788
-0.292 -0.201587 0.254798
-0.291 0.131433 0.267559
-0.29 0.408831 0.189803
-0.289 0.541375 0.059261
-0.288 0.501423 -0.0634856
-0.287 0.329091 -0.117934
-0.286 0.118475 -0.0676209
-0.285 -0.0149051 0.0836404
-0.284 0.0176003 0.290765
-0.283 0.23323 0.48431
-0.282 0.566099 0.599655
-0.281 0.898306 0.605017
-0.28 1.11298 0.514755
-0.279 1.13873 0.383016
-0.278 0.970404 0.282264
-0.277 0.668139 0.275255
-0.276 0.338825 0.389388
-0.275 0.0984927 0.602216
-0.274 0.0216852 0.845435
-0.273 0.103625 1.02896
-0.272 0.26313 1.07663
-0.271 0.385879 0.956982
-0.27 0.378615 0.694674
-0.269 0.204849 0.359334
-0.268 -0.106296 0.0389931
-0.267 -0.470966 -0.191346
-0.266 -0.775774 -0.296044
-0.265 -0.917853 -0.291089
-0.264 -0.850843 -0.236
-0.263 -0.610745 -0.206478
-0.262 -0.30026 -0.259158
-0.261 -0.039872 -0.405487
-0.26 0.083796 -0.606639
-0.259 0.0470142 -0.789559
-0.258 -0.110075 -0.875424
-0.257 -0.302612 -0.809782
-0.256 -0.432502 -0.584512
-0.255 -0.427146 -0.243366
-0.254 -0.273193 0.132767
-0.253 -0.0256759 0.456059
-0.252 0.216372 0.663939
-0.251 0.354506 0.738342
-0.25 0.331843 0.70508
-0.249 0.153258 0.617197
-0.248 -0.11963 0.531404
-0.247 -0.393669 0.485843
-0.246 -0.580094 0.485979
-0.245 -0.628997 0.504527
-0.244 -0.547633 0.497125
-0.243 -0.39294 0.426933
-0.242 -0.243154 0.284682
-0.241 -0.164053 0.0932191
-0.24 -0.183432 -0.103507
-0.239 -0.281145 -0.258223
-0.238 -0.397801 -0.336258
-0.237 -0.460317 -0.326133
-0.236 -0.414901 -0.242917
-0.235 -0.251575 -0.121291
-0.234 -0.00665934 0.00156019
-0.233 0.256862 0.10478
-0.232 0.477483 0.191852
-0.231 0.617559 0.282268
-0.23 0.674107 0.394077
-0.229 0.677261 0.529969
-0.228 0.676095 0.673382
-0.227 0.714775 0.792872
-0.226 0.809049 0.851995
-0.225 0.936637 0.824126
-0.224 1.048 0.708622
-0.223 1.09021 0.538422
-0.222 1.03022 0.370121
-0.221 0.868479 0.25904
-0.22 0.640285 0.233645
-0.219 0.403673 0.28364
-0.218 0.215948 0.365314
-0.217 0.108242 0.41888
-0.216 0.0723084 0.391902
-0.215 0.0675962 0.263368
-0.214 0.0429365 0.0591115
-0.213 -0.0404527 -0.152607
-0.212 -0.192897 -0.288238
-0.211 -0.388474 -0.286822
-0.21 -0.56853 -0.138462
-0.209 -0.662092 0.110017
-0.208 -0.619674 0.371673
-0.207 -0.441543 0.550009
-0.206 -0.179974 0.574756
-0.205 0.085702 0.432517
-0.204 0.281985 0.178179
-0.203 0.363552 -0.0834179
-0.202 0.323035 -0.241103
-0.201 0.193866 -0.225459
-0.2 0.043294 -0.0373871
-0.199 -0.0527385 0.253495
-0.198 -0.0477276 0.535272
-0.197 0.0487704 0.693776
-0.196 0.177786 0.655434
-0.195 0.265207 0.419432
-0.194 0.256703 0.0632242
-0.193 0.134292 -0.286647
-0.192 -0.0825971 -0.507914
-0.191 -0.341766 -0.533766
-0.19 -0.56948 -0.376959
-0.189 -0.694884 -0.119663
-0.188 -0.681396 0.121227
-0.187 -0.543555 0.239093
-0.186 -0.334774 0.179955
-0.185 -0.11647 -0.0320611
-0.184 0.0673796 -0.29982
-0.183 0.197946 -0.491736
-0.182 0.277805 -0.498365
-0.181 0.325689 -0.279168
-0.18 0.370045 0.122758
-0.179 0.436939 0.600543
-0.178 0.536333 1.02462
-0.177 0.658482 1.28866
-0.176 0.78416 1.34638
-0.175 0.89779 1.2265
-0.174 0.990954 1.01772
-0.173 1.05612 0.827214
-0.172 1.0806 0.731268
-0.171 1.04811 0.742795
-0.17 0.945945 0.810827
-0.169 0.771619 0.848193
-0.168 0.537829 0.771658
-0.167 0.276674 0.538581
-0.166 0.0386515 0.16788
-0.165 -0.12059 -0.263138
-0.164 -0.164008 -0.647115
-0.163 -0.0946266 -0.889652
-0.162 0.0393197 -0.94722
-0.161 0.160126 -0.841065
-0.16 0.190077 -0.641612
-0.159 0.0824536 -0.434114
-0.158 -0.155905 -0.282721
-0.157 -0.458133 -0.206405
-0.156 -0.71361 -0.174593
-0.155 -0.806827 -0.124963
-0.154 -0.665902 0.00236697
-0.153 -0.299161 0.229313
-0.152 0.19871 0.521576
-0.151 0.67633 0.798862
-0.15 0.980166 0.968942
-0.149 1.01209 0.967831
-0.148 0.768302 0.787601
-0.147 0.34566 0.481869
-0.146 -0.0889434 0.147644
-0.145 -0.359193 -0.111138
-0.144 -0.349919 -0.225779
-0.143 -0.0595448 -0.192536
-0.142 0.39056 -0.0742072
-0.141 0.799102 0.0296693
-0.14 0.965285 0.0306105
-0.139 0.772011 -0.106331
-0.138 0.236754 -0.344694
-0.137 -0.48808 -0.589519
-0.136 -1.1645 -0.725086
-0.135 -1.55308 -0.66389
-0.134 -1.50474 -0.388298
-0.133 -1.02486 0.0338367
-0.132 -0.278709 0.46961
-0.131 0.471145 0.771764
-0.13 0.971206 0.838592
-0.129 1.07912 0.65647
-0.128 0.817659 0.306626
-0.127 0.36275 -0.0659328
-0.126 -0.0269085 -0.308924
-0.125 -0.114727 -0.32358
-0.124 0.211284 -0.105728
-0.123 0.881433 0.251236
-0.122 1.6633 0.594468
-0.121 2.25414 0.775418
-0.12 2.4067 0.712311
-0.119 2.03189 0.425374
-0.118 1.23628 0.0305111
-0.117 0.283216 -0.306323
-0.116 -0.507073 -0.436889
-0.115 -0.883897 -0.293923
-0.114 -0.770279 0.0775125
-0.113 -0.296519 0.536022
-0.112 0.25741 0.900743
-0.111 0.585659 1.02346
-0.11 0.489024 0.846109
-0.109 -0.0403877 0.422838
-0.108 -0.812714 -0.100183
-0.107 -1.51261 -0.540647
-0.106 -1.82685 -0.751964
-0.105 -1.58205 -0.68229
-0.104 -0.832148 -0.393558
-0.103 0.15288 -0.030679
-0.102 0.997763 0.243264
-0.101 1.37908 0.314154
-0.1 1.1567 0.159063
-0.099 0.429313 -0.148453
-0.098 -0.500881 -0.469433
-0.097 -1.24245 -0.657112
-0.096 -1.47325 -0.620476
-0.095 -1.08442 -0.365933
-0.094 -0.240431 0.00452247
-0.093 0.684072 0.338696
-0.092 1.26493 0.49937
-0.091 1.20921 0.417818
-0.09 0.478166 0.11622
-0.089 -0.689108 -0.304001
-0.088 -1.8558 -0.701913
-0.087 -2.54935 -0.952647
-0.086 -2.45504 -0.9977
-0.085 -1.56208 -0.865666
-0.084 -0.185514 -0.651595
-0.083 1.15677 -0.46649
-0.082 1.95428 -0.384704
-0.081 1.90677 -0.413778
-0.08 1.04397 -0.494937
-0.079 -0.273838 -0.529688
-0.078 -1.47888 -0.423548
-0.077 -2.01418 -0.132691
-0.076 -1.57149 0.308284
-0.075 -0.239183 0.795605
-0.074 1.52161 1.20023
-0.073 3.06177 1.42218
-0.072 3.79835 1.42765
-0.071 3.43457 1.25605
-0.07 2.07844 1.0002
-0.069 0.224068 0.768193
-0.068 -1.41593 0.637061
-0.067 -2.18996 0.615353
-0.066 -1.78835 0.637131
-0.065 -0.3833 0.596941
-0.064 1.44515 0.407444
-0.063 2.94713 0.0459703
-0.062 3.48733 -0.431998
-0.061 2.77662 -0.911273
-0.06 0.991717 -1.25532
-0.059 -1.26057 -1.35486
-0.058 -3.15467 -1.17582
-0.057 -3.97831 -0.784558
-0.056 -3.43685 -0.327374
-0.055 -1.77068 0.0335653
-0.054 0.360809 0.192185
-0.053 2.14403 0.138096
-0.052 2.90419 -0.0492718
-0.051 2.34364 -0.238139
-0.05 0.667166 -0.295358
-0.049 -1.46625 -0.140266
-0.048 -3.19141 0.21204
-0.047 -3.80274 0.642734
-0.046 -3.05493 0.974488
-0.045 -1.24366 1.05297
-0.044 0.940653 0.81803
-0.043 2.67882 0.327155
-0.042 3.30434 -0.271217
-0.041 2.53966 -0.792765
-0.04 0.625663 -1.07976
-0.039 -1.73697 -1.05765
-0.038 -3.66297 -0.768862
-0.037 -4.46265 -0.361146
-0.036 -3.91922 -0.0243309
-0.035 -2.32983 0.0946674
-0.034 -0.345897 -0.0477852
-0.033 1.27165 -0.382308
-0.032 1.90554 -0.761388
-0.031 1.30741 -1.01768
-0.03 -0.271132 -1.02642
-0.029 -2.14256 -0.755693
-0.028 -3.47287 -0.284834
-0.027 -3.65881 0.225356
-0.026 -2.57081 0.602409
-0.025 -0.555518 0.734993
-0.024 1.73259 0.611472
-0.023 3.5558 0.314116
-0.022 4.32335 -0.0181664
-0.021 3.80761 -0.241387
-0.02 2.27351 -0.258557
-0.019 0.40476 -0.0575396
-0.018 -0.999215 0.283535
-0.017 -1.3926 0.633027
-0.016 -0.691026 0.868318
-0.015 0.758068 0.927649
-0.014 2.34763 0.825361
-0.013 3.41796 0.632854
-0.012 3.46759 0.443553
-0.011 2.35646 0.337311
-0.01 0.421005 0.352483
-0.009 -1.62336 0.472043
-0.008 -3.00409 0.631237
-0.007 -3.24899 0.748689
-0.006 -2.355 0.767128
-0.005 -0.724481 0.679153
-0.004 1.01702 0.523228
-0.003 2.22217 0.356418
-0.002 2.42456 0.223195
-0.001 1.53192 0.137584
0 -0.0796785 0.0842149
0.001 -1.69456 0.031617
0.002 -2.59761 -0.0507139
0.003 -2.41243 -0.17669
0.004 -1.22921 -0.331527
0.005 0.489862 -0.471758
0.006 2.10275 -0.543143
0.007 2.98862 -0.510989
0.008 2.74738 -0.385862
0.009 1.38037 -0.225929
0.01 -0.646571 -0.110447
0.011 -2.56982 -0.100129
0.012 -3.68103 -0.208557
0.013 -3.64453 -0.396725
0.014 -2.59387 -0.587466
0.015 -1.0195 -0.692259
0.016 0.429629 -0.644721
0.017 1.15238 -0.433065
0.018 0.799081 -0.11678
0.019 -0.55734 0.189216
0.02 -2.38889 0.363808
0.021 -3.9133 0.337094
0.022 -4.45493 0.122941
0.023 -3.74304 -0.186884
0.024 -1.98751 -0.457758
0.025 0.243339 -0.56049
0.026 2.23029 -0.419446
0.027 3.32683 -0.0469575
0.028 3.18051 0.452295
0.029 1.90256 0.917943
0.03 0.0715635 1.20084
0.031 -1.49918 1.22599
0.032 -2.12906 1.01933
0.033 -1.55546 0.692011
0.034 -0.00197213 0.395984
0.035 1.94248 0.267151
0.036 3.53771 0.370995
0.037 4.13744 0.669755
0.038 3.43138 1.03113
0.039 1.60836 1.28318
0.04 -0.675267 1.29088
0.041 -2.56013 1.01289
0.042 -3.35305 0.513151
0.043 -2.79861 -0.067357
0.044 -1.14333 -0.559789
0.045 0.981725 -0.823871
0.046 2.78367 -0.799322
0.047 3.5793 -0.532229
0.048 3.05782 -0.156197
0.049 1.43204 0.169874
0.05 -0.629944 0.334311
0.051 -2.29009 0.314565
0.052 -2.8951 0.173216
0.053 -2.22227 0.0225479
0.054 -0.535418 -0.0216945
0.055 1.52718 0.114435
0.056 3.17722 0.428582
0.057 3.75944 0.834407
0.058 3.01423 1.19323
0.059 1.20099 1.37468
0.06 -1.00417 1.31268
0.061 -2.79675 1.02644
0.062 -3.56723 0.602804
0.063 -3.11478 0.15772
0.064 -1.69386 -0.205226
0.065 0.0920393 -0.428968
0.066 1.5105 -0.520829
0.067 1.97797 -0.543983
0.068 1.29865 -0.581439
0.069 -0.251767 -0.689858
0.07 -2.05105 -0.869749
0.071 -3.3982 -1.06681
0.072 -3.78917 -1.19838
0.073 -3.09161 -1.18908
0.074 -1.57601 -1.00242
0.075 0.191758 -0.659363
0.076 1.56435 -0.23543
0.077 2.06654 0.166749
0.078 1.58538 0.459647
0.079 0.404345 0.606338
0.08 -0.932475 0.63043
0.081 -1.85138 0.597928
0.082 -1.97002 0.583766
0.083 -1.23174 0.638455
0.084 0.0824488 0.765466
0.085 1.46635 0.917127
0.086 2.39139 1.01402
0.087 2.52198 0.98299
0.088 1.84647 0.79605
0.089 0.66483 0.489153
0.09 -0.549798 0.150898
0.091 -1.34322 -0.112084
0.092 -1.44978 -0.216274
0.093 -0.885479 -0.133262
0.094 0.0649956 0.0974233
0.095 0.968167 0.380456
0.096 1.42695 0.601154
0.097 1.24963 0.673068
0.098 0.522696 0.574306
0.099 -0.439958 0.354901
0.1 -1.23531 0.113112
0.101 -1.53232 -0.0469143
0.102 -1.19793 -0.0578476
0.103 -0.347687 0.0830984
0.104 0.699284 0.31069
0.105 1.55068 0.515613
0.106 1.90505 0.589658
0.107 1.67357 0.473461
0.108 1.00343 0.183662
0.109 0.201136 -0.193114
0.11 -0.40066 -0.534858
0.111 -0.57681 -0.731183
0.112 -0.297405 -0.724366
0.113 0.261605 -0.530434
0.114 0.793197 -0.2333
0.115 0.992875 0.0472727
0.116 0.692332 0.203234
0.117 -0.0688839 0.181388
0.118 -1.0626 0.00221646
0.119 -1.96573 -0.252987
0.12 -2.48528 -0.478475
0.121 -2.46866 -0.587111
0.122 -1.96097 -0.543306
0.123 -1.18498 -0.374433
0.124 -0.446788 -0.157363
0.125 -0.0068964 0.014468
0.126 0.0239909 0.0704609
0.127 -0.280689 -0.00777073
0.128 -0.70616 -0.179676
0.129 -0.990583 -0.363585
0.13 -0.931928 -0.47022
0.131 -0.470623 -0.438029
0.132 0.281775 -0.256957
0.133 1.08359 0.0285006
0.134 1.66113 0.338002
0.135 1.82025 0.587034
0.136 1.51984 0.717464
0.137 0.879421 0.715029
0.138 0.126041 0.608739
0.139 -0.492735 0.454659
0.14 -0.797338 0.311417
0.141 -0.737314 0.216328
0.142 -0.403706 0.171215
0.143 0.0142482 0.145024
0.144 0.311441 0.0929343
0.145 0.351022 -0.0184577
0.146 0.113658 -0.193676
0.147 -0.304004 -0.40595
0.148 -0.73436 -0.60796
0.149 -1.00618 -0.748926
0.15 -1.00877 -0.791604
0.151 -0.730693 -0.725017
0.152 -0.260019 -0.568767
0.153 0.252544 -0.364891
0.154 0.652066 -0.15902
0.155 0.834915 0.0188793
0.156 0.780065 0.16251
0.157 0.547018 0.282967
0.158 0.244631 0.394798
0.159 -0.0146119 0.503635
0.16 -0.155822 0.600329
0.161 -0.162995 0.661641
0.162 -0.075614 0.65692
0.163 0.0338796 0.560883
0.164 0.0911833 0.368717
0.165 0.0482634 0.104091
0.166 -0.101493 -0.187214
0.167 -0.326244 -0.455192
0.168 -0.573745 -0.66415
0.169 -0.793871 -0.802539
0.17 -0.953867 -0.882184
0.171 -1.0418 -0.930073
0.172 -1.06213 -0.975439
0.173 -1.02877 -1.03425
0.174 -0.957546 -1.09722
0.175 -0.860234 -1.13062
0.176 -0.743823 -1.09257
0.177 -0.616242 -0.955788
0.178 -0.492229 -0.722801
0.179 -0.390772 -0.426755
0.18 -0.323644 -0.121222
0.181 -0.285117 0.134908
0.182 -0.252665 0.294729
0.183 -0.197366 0.340518
0.184 -0.0954046 0.293063
0.185 0.0632273 0.203601
0.186 0.266594 0.129213
0.187 0.474943 0.106263
0.188 0.626971 0.137799
0.189 0.664415 0.198361
0.19 0.563556 0.247869
0.191 0.350803 0.246458
0.192 0.0909753 0.16898
0.193 -0.140647 0.0184606
0.194 -0.283811 -0.169039
0.195 -0.309188 -0.336679
0.196 -0.227925 -0.432891
0.197 -0.0932214 -0.434829
0.198 0.0162314 -0.354782
0.199 0.0330684 -0.229833
0.2 -0.0610524 -0.105712
0.201 -0.224232 -0.0228188
0.202 -0.377126 -0.00452223
0.203 -0.440951 -0.0477493
0.204 -0.367505 -0.12214
0.205 -0.153619 -0.183663
0.206 0.156121 -0.197224
0.207 0.478473 -0.153383
0.208 0.717738 -0.0692909
0.209 0.80473 0.0225162
0.21 0.727798 0.0873703
0.211 0.534891 0.0986885
0.212 0.306309 0.0460381
0.213 0.117328 -0.0598743
0.214 0.0100679 -0.190549
0.215 -0.0183669 -0.313295
0.216 -0.012154 -0.407266
0.217 -0.037981 -0.470548
0.218 -0.154344 -0.515232
0.219 -0.381329 -0.557517
0.22 -0.688026 -0.610222
0.221 -1.00503 -0.678336
0.222 -1.2535 -0.755538
0.223 -1.37543 -0.823741
0.224 -1.35411 -0.859934
0.225 -1.21989 -0.848537
0.226 -1.03793 -0.789842
0.227 -0.879419 -0.69731
0.228 -0.787609 -0.587346
0.229 -0.758403 -0.471331
0.23 -0.74693 -0.354278
0.231 -0.693867 -0.236469
0.232 -0.554464 -0.114517
0.233 -0.318178 0.0159058
0.234 -0.0160413 0.152839
0.235 0.285464 0.280621
0.236 0.506925 0.371246
0.237 0.590894 0.396835
0.238 0.53174 0.344485
0.239 0.380368 0.222705
0.24 0.219591 0.0573166
0.241 0.125846 -0.117377
0.242 0.138054 -0.267514
0.243 0.244423 -0.369031
0.244 0.387539 -0.417028
0.245 0.485854 -0.429074
0.246 0.467998 -0.436252
0.247 0.307996 -0.464836
0.248 0.0424954 -0.520263
0.249 -0.241537 -0.583204
0.25 -0.442566 -0.617822
0.251 -0.485745 -0.585754
0.252 -0.352679 -0.460513
0.253 -0.0900077 -0.240133
0.254 0.206745 0.0457071
0.255 0.431301 0.340517
0.256 0.512922 0.579803
0.257 0.447562 0.715662
0.258 0.296594 0.733795
0.259 0.156472 0.655233
0.26 0.117552 0.524975
0.261 0.228265 0.394494
0.262 0.473102 0.303452
0.263 0.771378 0.264511
0.264 1.00388 0.257249
0.265 1.06387 0.237197
0.266 0.908929 0.158188
0.267 0.581575 -0.00380527
0.268 0.186691 -0.238377
0.269 -0.15609 -0.504331
0.27 -0.357027 -0.744352
0.271 -0.384426 -0.903522
0.272 -0.275357 -0.947139
0.273 -0.125823 -0.873951
0.274 -0.0543529 -0.718652
0.275 -0.14602 -0.539062
0.276 -0.40574 -0.39241
0.277 -0.752557 -0.313249
0.278 -1.05889 -0.303759
0.279 -1.20759 -0.338087
0.28 -1.13644 -0.375318
0.281 -0.858761 -0.375263
0.282 -0.461034 -0.313625
0.283 -0.0769213 -0.192855
0.284 0.162018 -0.0431209
0.285 0.183677 0.089666
0.286 0.0100562 0.163736
0.287 -0.254072 0.158606
0.288 -0.471326 0.0815941
0.289 -0.530417 -0.0368221
0.29 -0.387564 -0.154611
0.291 -0.081873 -0.232325
0.292 0.276411 -0.246432
0.293 0.54523 -0.197964
0.294 0.609379 -0.111919
0.295 0.433849 -0.0260879
0.296 0.0818505 0.0255138
0.297 -0.31336 0.0261066
0.298 -0.604438 -0.0189818
0.299 -0.684248 -0.0861371
0.3 -0.521364 -0.143061
0.301 -0.171994 -0.160715
0.302 0.236497 -0.124178
0.303 0.55295 -0.0385519
0.304 0.666652 0.0733813
0.305 0.556695 0.181295
0.306 0.29819 0.259881
0.307 0.0244346 0.297507
0.308 -0.129445 0.298214
0.309 -0.0748192 0.277939
0.31 0.200509 0.257115
0.311 0.623773 0.252059
0.312 1.05731 0.267921
0.313 1.34918 0.296233
0.314 1.39635 0.318926
0.315 1.18772 0.317013
0.316 0.803732 0.278825
0.317 0.377268 0.20375
0.318 0.0411255 0.101301
0.319 -0.115964 -0.0124377
0.32 -0.0768071 -0.119462
0.321 0.0979465 -0.204807
0.322 0.291644 -0.260685
0.323 0.379468 -0.287828
0.324 0.282537 -0.292792
0.325 0.00109122 -0.283018
0.326 -0.388714 -0.263412
0.327 -0.768213 -0.236163
0.328 -1.02067 -0.202088
0.329 -1.07072 -0.161441
0.33 -0.909719 -0.114042
0.331 -0.598595 -0.0598011
0.332 -0.243661 -1.25627e-05
0.333 0.0458888 0.0616021
0.334 0.198812 0.119161
0.335 0.202927 0.165679
0.336 0.101001 0.193702
0.337 -0.0318202 0.195804
0.338 -0.118416 0.166301
0.339 -0.109477 0.104111
0.34 -0.00340813 0.0149748
0.341 0.15426 -0.0886645
0.342 0.293741 -0.190491
0.343 0.353089 -0.274838
0.344 0.301766 -0.331241
0.345 0.147164 -0.357502
0.346 -0.072624 -0.359986
0.347 -0.302655 -0.350319
0.348 -0.488246 -0.339374
0.349 -0.593551 -0.331634
0.35 -0.614246 -0.322912
0.351 -0.574672 -0.302096
0.352 -0.510029 -0.255739
0.353 -0.44676 -0.174024
0.354 -0.39374 -0.056371
0.355 -0.34538 0.085604
0.356 -0.289095 0.229958
0.357 -0.211286 0.351431
0.358 -0.102885 0.430621
0.359 0.0337691 0.46056
0.36 0.181504 0.447814
0.361 0.314618 0.408824
0.362 0.412205 0.363588
0.363 0.468107 0.32831
0.364 0.49082 0.308799
0.365 0.496056 0.297465
0.366 0.4989 0.276404
0.367 0.508809 0.226132
0.368 0.525682 0.135654
0.369 0.536954 0.00860942
0.37 0.520629 -0.136851
0.371 0.456616 -0.273314
0.372 0.339655 -0.372504
0.373 0.184331 -0.414888
0.374 0.0198465 -0.397319
0.375 -0.120158 -0.334726
0.376 -0.207145 -0.253939
0.377 -0.225824 -0.182227
0.378 -0.181667 -0.136331
0.379 -0.103658 -0.116868
0.38 -0.0354616 -0.109358
0.381 -0.0161942 -0.0907737
0.382 -0.0624679 -0.0398569
0.383 -0.162585 0.0517769
0.384 -0.283181 0.172736
0.385 -0.381155 0.293739
0.386 -0.415798 0.378471
0.387 -0.361595 0.398072
0.388 -0.221239 0.342193
0.389 -0.0310329 0.222635
0.39 0.150035 0.0694642
0.391 0.264468 -0.078908
0.392 0.279216 -0.189383
0.393 0.195324 -0.247016
0.394 0.0439001 -0.260698
0.395 -0.124608 -0.257529
0.396 -0.253752 -0.268244
0.397 -0.298214 -0.311648
0.398 -0.242714 -0.385635
0.399 -0.112193 -0.467385
0.4 0.0364544 -0.521426
0.401 0.137816 -0.513097
0.402 0.142958 -0.423636
0.403 0.0349337 -0.260889
0.404 -0.1668 -0.0594308
0.405 -0.410119 0.131698
0.406 -0.622193 0.268055
0.407 -0.731586 0.326008
0.408 -0.69518 0.309332
0.409 -0.516064 0.245319
0.41 -0.242076 0.172968
0.411 0.0522117 0.126985
0.412 0.28947 0.122952
0.413 0.411647 0.150079
0.414 0.39733 0.176081
0.415 0.271183 0.162915
0.416 0.0984862 0.0855845
0.417 -0.0389302 -0.0553693
0.418 -0.0763365 -0.232449
0.419 0.00840749 -0.400078
0.42 0.188765 -0.510382
0.421 0.400605 -0.530885
0.422 0.562513 -0.457524
0.423 0.600548 -0.317041
0.424 0.474513 -0.156831
0.425 0.197899 -0.0264031
0.426 -0.161035 0.0410778
0.427 -0.502665 0.0394907
0.428 -0.733145 -0.0102115
0.429 -0.795757 -0.0696915
0.43 -0.684715 -0.0995209
0.431 -0.442737 -0.0763424
0.432 -0.147681 -0.00346518
0.433 0.10998 0.090313
0.434 0.257167 0.163173
0.435 0.266124 0.177922
0.436 0.164787 0.116916
0.437 0.0220461 -0.0108382
0.438 -0.082862 -0.171716
0.439 -0.0897011 -0.318261
0.44 0.0247749 -0.406352
0.441 0.240478 -0.412444
0.442 0.497987 -0.342564
0.443 0.714772 -0.228515
0.444 0.813238 -0.113759
0.445 0.750658 -0.0365246
0.446 0.535348 -0.0172205
0.447 0.221403 -0.0530446
0.448 -0.111616 -0.120035
0.449 -0.382763 -0.182593
0.45 -0.531433 -0.20853
0.451 -0.534561 -0.18336
0.452 -0.414788 -0.116313
0.453 -0.233059 -0.0350047
0.454 -0.065059 0.0276084
0.455 0.0281036 0.0467855
0.456 0.0201007 0.0145663
0.457 -0.0761114 -0.05803
0.458 -0.215748 -0.144735
0.459 -0.336669 -0.213292
0.46 -0.379333 -0.237898
0.461 -0.309011 -0.209411
0.462 -0.131376 -0.138146
0.463 0.10816 -0.0483479
0.464 0.342413 0.032039
0.465 0.507439 0.0811718
0.466 0.561876 0.0894389
0.467 0.49612 0.0610367
0.468 0.333551 0.0108234
0.469 0.124418 -0.0428825
0.47 -0.0692471 -0.0864497
0.471 -0.195024 -0.115685
0.472 -0.228591 -0.135204
0.473 -0.179564 -0.154034
0.474 -0.0827761 -0.180542
0.475 0.017433 -0.218665
0.476 0.0812207 -0.265881
0.477 0.0831757 -0.313287
0.478 0.0190861 -0.348621
0.479 -0.0922546 -0.36159
0.48 -0.215184 -0.348255
0.481 -0.310213 -0.311392
0.482 -0.347994 -0.257389
0.483 -0.317518 -0.19293
0.484 -0.226455 -0.123792
0.485 -0.096753 -0.0551593
0.486 0.0413382 0.00828537
0.487 0.156639 0.0626993
0.488 0.225478 0.104566
0.489 0.238327 0.129278
0.49 0.201668 0.130913
0.491 0.134764 0.104728
0.492 0.0634395 0.050819
0.493 0.0134182 -0.0242066
0.494 0.00420689 -0.108901
0.495 0.0436953 -0.190547
0.496 0.125108 -0.258397
0.497 0.228515 -0.305654
0.498 0.326592 -0.330451
0.499 0.391991 -0.335785
0.5 0.404096 -0.327843
0.501 0.354401 -0.31287
0.502 0.250065 -0.294114
0.503 0.114266 -0.270537
0.504 -0.0186959 -0.237854
0.505 -0.113418 -0.191257
0.506 -0.144702 -0.128658
0.507 -0.105471 -0.0531449
0.508 -0.00919769 0.0265519
0.509 0.113134 0.0980405
0.51 0.22102 0.14885
0.511 0.276345 0.169899
0.512 0.256589 0.157669
0.513 0.164743 0.115036
0.514 0.030796 0.050925
0.515 -0.0972329 -0.02163
0.516 -0.169613 -0.089172
0.517 -0.152579 -0.141924
0.518 -0.0415008 -0.17606
0.519 0.135031 -0.193058
0.52 0.322367 -0.197331
0.521 0.456625 -0.1942
0.522 0.486143 -0.18876
0.523 0.390465 -0.184699
0.524 0.189769 -0.182783
0.525 -0.0596249 -0.180269
0.526 -0.283154 -0.172357
0.527 -0.413711 -0.154916
0.528 -0.415905 -0.126538
0.529 -0.299158 -0.089003
0.53 -0.114301 -0.0469844
0.531 0.0646335 -0.0077793
0.532 0.166547 0.0196296
0.533 0.148646 0.0271107
0.534 0.0127989 0.0107575
0.535 -0.193226 -0.0269297
0.536 -0.39138 -0.0773169
0.537 -0.501417 -0.127907
0.538 -0.471072 -0.165508
0.539 -0.296088 -0.179833
0.54 -0.0222943 -0.167156
0.541 0.270167 -0.132518
0.542 0.494134 -0.08854
0.543 0.584934 -0.0507936
0.544 0.522383 -0.0320851
0.545 0.337687 -0.0382436
0.546 0.102314 -0.066472
0.547 -0.0977103 -0.106104
0.548 -0.192802 -0.141719
0.549 -0.154403 -0.158684
0.55 -0.00425263 -0.14967
0.551 0.194521 -0.118654
0.552 0.361126 -0.079544
0.553 0.427002 -0.0501417
0.554 0.360667 -0.0449737
0.555 0.178468 -0.0700401
0.556 -0.0619401 -0.120444
0.557 -0.282162 -0.180983
0.558 -0.410112 -0.230229
0.559 -0.40459 -0.248121
0.56 -0.269479 -0.224485
0.561 -0.0522438 -0.163825
0.562 0.173773 -0.0834604
0.563 0.336685 -0.00650524
0.564 0.391524 0.0463318
0.565 0.333799 0.0630771
0.566 0.197587 0.0438082
0.567 0.0410553 0.000406182
0.568 -0.0744325 -0.0478233
0.569 -0.105355 -0.0820079
0.57 -0.0413296 -0.0918649
0.571 0.091173 -0.0797629
0.572 0.239633 -0.0586139
0.573 0.346737 -0.0454171
0.574 0.372225 -0.054005
0.575 0.305892 -0.0896006
0.576 0.168069 -0.146489
0.577 0.000136346 -0.209513
0.578 -0.14989 -0.25935
0.579 -0.242617 -0.279986
0.58 -0.259834 -0.265089
0.581 -0.209795 -0.22007
0.582 -0.12219 -0.159075
0.583 -0.0349133 -0.0990458
0.584 0.0207188 -0.0536064
0.585 0.029677 -0.0287027
0.586 -0.00479818 -0.0212997
0.587 -0.0651926 -0.0217262
0.588 -0.126817 -0.0188636
0.589 -0.166363 -0.00584162
0.59 -0.169968 0.0166236
0.591 -0.137453 0.0409009
0.592 -0.0806569 0.0563655
0.593 -0.0173158 0.0542487
0.594 0.035807 0.0314357
0.595 0.0673938 -0.00792064
0.596 0.0730458 -0.053727
0.597 0.0551259 -0.0940936
0.598 0.0215559 -0.120569
0.599 -0.0170669 -0.131794
0.6 -0.0512002 -0.133566
0.601 -0.0744572 -0.135365
0.602 -0.0831978 -0.145403
0.603 -0.0753698 -0.166703
0.604 -0.0507065 -0.195541
0.605 -0.0124523 -0.222623
0.606 0.03154 -0.236875
0.607 0.0705091 -0.230672
0.608 0.0943888 -0.204014
0.609 0.096509 -0.165265
0.61 0.0747557 -0.127772
0.611 0.0326906 -0.103982
0.612 -0.0193561 -0.0999425
0.613 -0.0654679 -0.112585
0.614 -0.0892661 -0.130731
0.615 -0.0813764 -0.139454
0.616 -0.0446153 -0.126464
0.617 0.00677074 -0.0880533
0.618 0.0527828 -0.031814
0.619 0.0743966 0.0254781
0.62 0.0592593 0.064083
0.621 0.00635677 0.0690408
0.622 -0.0713868 0.0362335
0.623 -0.149214 -0.0256721
0.624 -0.198781 -0.0981866
0.625 -0.199918 -0.159853
0.626 -0.14975 -0.194469
0.627 -0.064152 -0.197362
0.628 0.0281925 -0.176974
0.629 0.0954041 -0.151065
0.63 0.112613 -0.139116
0.631 0.0707984 -0.153955
0.632 -0.0184551 -0.195869
0.633 -0.125396 -0.251676
0.634 -0.21253 -0.299332
0.635 -0.249268 -0.316441
0.636 -0.223869 -0.289295
0.637 -0.147294 -0.218721
0.638 -0.0485091 -0.120345
0.639 0.0359144 -0.0192952
0.64 0.0746215 0.05855
0.641 0.0531855 0.0955697
0.642 -0.0196259 0.0883686
0.643 -0.11447 0.0483523
0.644 -0.192721 -0.00337283
0.645 -0.221661 -0.0447224
0.646 -0.186799 -0.061422
0.647 -0.0967952 -0.0522895
0.648 0.0196168 -0.0290065
0.649 0.123143 -0.0107182
0.65 0.177474 -0.0157395
0.651 0.16277 -0.0536097
0.652 0.0835459 -0.12064
0.653 -0.0331117 -0.200746
0.654 -0.148376 -0.271189
0.655 -0.226353 -0.310948
0.656 -0.246317 -0.30846
0.657 -0.208793 -0.265738
0.658 -0.134719 -0.197304
0.659 -0.0579554 -0.124494
0.66 -0.0125544 -0.0674493
0.661 -0.0189663 -0.0380041
0.662 -0.0754923 -0.0363204
0.663 -0.159428 -0.0523258
0.664 -0.236977 -0.0709169
0.665 -0.276513 -0.0786176
0.666 -0.259589 -0.0691332
0.667 -0.186905 -0.045757
0.668 -0.0784567 -0.019735
0.669 0.0326386 -0.00522476
0.67 0.11193 -0.0129773
0.671 0.136859 -0.0456109
0.672 0.105008 -0.0965948
0.673 0.0333545 -0.153065
0.674 -0.05004 -0.200826
0.675 -0.116922 -0.229373
0.676 -0.148065 -0.235158
0.677 -0.13896 -0.222112
0.678 -0.101003 -0.199347
0.679 -0.0570091 -0.176976
0.68 -0.0315582 -0.161816
0.681 -0.0403041 -0.154964
0.682 -0.0839232 -0.152228
0.683 -0.149328 -0.14689
0.684 -0.215994 -0.133243
0.685 -0.26345 -0.109358
0.686 -0.277597 -0.0780303
0.687 -0.255146 -0.0456214
0.688 -0.20504 -0.0193532
0.689 -0.145141 -0.00424957
0.69 -0.094611 -0.00114185
0.691 -0.0660415 -0.00663089
0.692 -0.0618801 -0.0148605
0.693 -0.0760644 -0.0201728
0.694 -0.0980727 -0.0195847
0.695 -0.116681 -0.0141795
0.696 -0.123056 -0.00874629
0.697 -0.113641 -0.00961351
0.698 -0.0917097 -0.0215879
0.699 -0.0655409 -0.0455497
0.7 -0.0435473 -0.0779441
0.701 -0.0299981 -0.112246
0.702 -0.0245463 -0.14145
0.703 -0.0247737 -0.16052
0.704 -0.0284125 -0.168092
0.705 -0.0335695 -0.166918
0.706 -0.0383149 -0.162626
0.707 -0.0413627 -0.161003
0.708 -0.0431414 -0.164977
0.709 -0.0451842 -0.172937
0.71 -0.0478987 -0.17933
0.711 -0.0494925 -0.17708
0.712 -0.0478461 -0.160565
0.713 -0.0434545 -0.127999
0.714 -0.0401301 -0.0825484
0.715 -0.0427065 -0.0317366
0.716 -0.0541204 0.0148638
0.717 -0.0742504 0.0489025
0.718 -0.100304 0.0660284
0.719 -0.127133 0.066886
0.72 -0.147423 0.05608
0.721 -0.153489 0.0398731
0.722 -0.141119 0.0236134
0.723 -0.11289 0.0096888
0.724 -0.0779334 -0.00325495
0.725 -0.0479902 -0.0193115
0.726 -0.032583 -0.0428281
0.727 -0.035987 -0.0757245
0.728 -0.0563742 -0.116082
0.729 -0.0862483 -0.158566
0.73 -0.114192 -0.196103
0.731 -0.128703 -0.221931
0.732 -0.123385 -0.231523
0.733 -0.100499 -0.224026
0.734 -0.0702194 -0.202531
0.735 -0.0460015 -0.172678
0.736 -0.0390372 -0.140166
0.737 -0.0544097 -0.108671
0.738 -0.0895603 -0.079361
0.739 -0.13466 -0.0518403
0.74 -0.175066 -0.0254336
0.741 -0.19625 -3.0101e-05
0.742 -0.189827 0.023467
0.743 -0.157396 0.0429537
0.744 -0.10968 0.0555127
0.745 -0.0617404 0.0586093
0.746 -0.0273253 0.0515275
0.747 -0.0147886 0.0359616
0.748 -0.0250645 0.0152609
0.749 -0.0513982 -0.00704145
0.75 -0.0812546 -0.0283546
0.751 -0.100913 -0.0473735
0.752 -0.10135 -0.0638984
0.753 -0.0821162 -0.0783963
0.754 -0.0508604 -0.0913064
0.755 -0.0193689 -0.102249
0.756 0.00108955 -0.109683
0.757 0.00314596 -0.111468
0.758 -0.0147084 -0.106106
0.759 -0.0473096 -0.0937935
0.76 -0.08385 -0.0766431
0.761 -0.111539 -0.0581317
0.762 -0.120764 -0.0421145
0.763 -0.108794 -0.0316325
0.764 -0.0799722 -0.0277601
0.765 -0.0430637 -0.0290599
0.766 -0.0079602 -0.0321913
0.767 0.016926 -0.0335423
0.768 0.026658 -0.0309592
0.769 0.0212778 -0.0246031
0.77 0.00592944 -0.0167301
0.771 -0.0112836 -0.01083
0.772 -0.0228905 -0.0104404
0.773 -0.024883 -0.0177111
0.774 -0.0173918 -0.032117
0.775 -0.00376158 -0.0501662
0.776 0.0107063 -0.0666357
0.777 0.0199617 -0.0768163
0.778 0.018813 -0.078465
0.779 0.00488064 -0.0724845
0.78 -0.0202318 -0.0623438
0.781 -0.0515484 -0.0527893
0.782 -0.0826276 -0.0481997
0.783 -0.107367 -0.0508319
0.784 -0.121113 -0.0596018
0.785 -0.121562 -0.0702346
0.786 -0.109726 -0.0770012
0.787 -0.0902195 -0.0752173
0.788 -0.0699823 -0.0631917
0.789 -0.0557147 -0.0427993
0.79 -0.0515162 -0.0187341
0.791 -0.0578803 0.00309181
0.792 -0.0718475 0.0175533
0.793 -0.0876619 0.0221447
0.794 -0.0980604 0.0178545
0.795 -0.0966244 0.00854556
0.796 -0.0806194 -0.000916625
0.797 -0.052682 -0.00684136
0.798 -0.0200795 -0.00818205
0.799 0.00807148 -0.00680544
0.8 0.0239686 -0.00662631
0.801 0.023395 -0.0119335
0.802 0.00696214 -0.025429
0.803 -0.0196502 -0.0467842
0.804 -0.0470203 -0.0724657
0.805 -0.0651557 -0.0969548
0.806 -0.0674476 -0.114719
0.807 -0.0533858 -0.122025
0.808 -0.0285921 -0.117957
0.809 -0.00240692 -0.104482
0.81 0.0155139 -0.0856069
0.811 0.0183345 -0.06587
0.812 0.00436134 -0.0486442
0.813 -0.0219742 -0.0350408
0.814 -0.0512364 -0.023972
0.815 -0.0723126 -0.0132464
0.816 -0.0767245 -0.00100529
0.817 -0.0619339 0.0132074
0.818 -0.0321709 0.0280759
0.819 0.00330715 0.0408438
0.82 0.0335096 0.0482073
0.821 0.0493681 0.047533
0.822 0.0468085 0.0379583
0.823 0.0282779 0.020831
0.824 0.00191732 -0.000755727
0.825 -0.021545 -0.0230589
0.826 -0.0329495 -0.0428517
0.827 -0.0281424 -0.0582075
0.828 -0.00933308 -0.0687195
0.829 0.015956 -0.0751807
0.83 0.0377354 -0.0788869
0.831 0.0471633 -0.0808587
0.832 0.0397874 -0.081341
0.833 0.017247 -0.0798019
0.834 -0.0133322 -0.0753562
0.835 -0.0420702 -0.0673369
0.836 -0.060057 -0.055768
0.837 -0.0625497 -0.0416012
0.838 -0.0504494 -0.0266167
0.839 -0.0296649 -0.0129497
0.84 -0.00876174 -0.00240375
0.841 0.00422867 0.00410442
0.842 0.00472688 0.0066691
0.843 -0.00683656 0.00609546
0.844 -0.0254232 0.00345647
0.845 -0.0435316 -0.000250513
0.846 -0.0541585 -0.00432744
0.847 -0.0533689 -0.00852177
0.848 -0.0415186 -0.0130071
0.849 -0.0228182 -0.0180952
0.85 -0.0035767 -0.0238058
0.851 0.0101571 -0.0296306
0.852 0.0147056 -0.0347058
0.853 0.00989759 -0.0382359
0.854 -0.00113018 -0.0398127
0.855 -0.0133398 -0.0394679
0.856 -0.0218406 -0.0375958
0.857 -0.0237256 -0.0348824
0.858 -0.0189315 -0.0321697
0.859 -0.00987853 -0.0301598
0.86 -0.000229996 -0.0290871
0.861 0.00659439 -0.0286395
0.862 0.00859318 -0.0282368
0.863 0.00574754 -0.0274272
0.864 -0.000116202 -0.0260798
0.865 -0.00614533 -0.024321
0.866 -0.00970985 -0.0224123
0.867 -0.00950127 -0.0206803
0.868 -0.00588625 -0.0194185
0.869 -0.000396865 -0.0187073
0.87 0.0051974 -0.0182923
0.871 0.00963866 -0.017704
0.872 0.012475 -0.0165871
0.873 0.0140093 -0.0149674
0.874 0.0150498 -0.0132379
0.875 0.0164458 -0.0119425
0.876 0.0184856 -0.0115749
0.877 0.0205382 -0.0124576
0.878 0.0213132 -0.0146345
0.879 0.019656 -0.0177793
0.88 0.0153205 -0.0212407
0.881 0.0091741 -0.0242896
0.882 0.00278345 -0.0264401
0.883 -0.00223701 -0.0276023
0.884 -0.00478119 -0.0279776
0.885 -0.00465653 -0.0278402
0.886 -0.00278689 -0.027382
0.887 -0.000989009 -0.0266412
0.888 -0.00119695 -0.0254677
0.889 -0.0044315 -0.0235511
0.89 -0.0101353 -0.0205732
0.891 -0.0163242 -0.016451
0.892 -0.0204359 -0.0115115
0.893 -0.0203616 -0.00644499
0.894 -0.0152437 -0.00206104
0.895 -0.00588727 0.000976367
0.896 0.00532099 0.00230783
0.897 0.0151008 0.00193021
0.898 0.0204694 0.000167684
0.899 0.0199616 -0.00244967
0.9 0.0142518 -0.00539323
0.901 0.00584121 -0.00834194
0.902 -0.00197392 -0.0112565
0.903 -0.00633276 -0.0142685
0.904 -0.0058102 -0.0174777
0.905 -0.000934537 -0.0208045
0.906 0.0059637 -0.0239551
0.907 0.0116259 -0.0264729
0.908 0.0131999 -0.0278503
0.909 0.00946152 -0.0276912
0.91 0.00133924 -0.0258812
0.911 -0.0084729 -0.0226755
0.912 -0.0165531 -0.0186338
0.913 -0.0199765 -0.0144234
0.914 -0.017343 -0.0106067
0.915 -0.00931637 -0.00751217
0.916 0.00155644 -0.00520678
0.917 0.0117681 -0.00354435
0.918 0.0181828 -0.00227398
0.919 0.019194 -0.00118606
0.92 0.0152142 -0.000235528
0.921 0.00836862 0.0004284
0.922 0.00162577 0.000549209
0.923 -0.00228619 -8.862e-05
0.924 -0.00185321 -0.0015399
0.925 0.00267192 -0.00365374
0.926 0.00938632 -0.00609497
0.927 0.0155253 -0.00841996
0.928 0.0185876 -0.0102011
0.929 0.0172919 -0.0111643
0.93 0.0119888 -0.0112738
0.931 0.00444662 -0.0107186
0.932 -0.00283065 -0.00981137
0.933 -0.00750456 -0.00886463
0.934 -0.00823809 -0.00809822
0.935 -0.00516264 -0.00759097
0.936 0.000232039 -0.00727362
0.937 0.00574108 -0.00697315
0.938 0.00931806 -0.00650696
0.939 0.00979965 -0.00578258
0.94 0.00723306 -0.00484383
0.941 0.00275481 -0.0038422
0.942 -0.001892 -0.00296476
0.943 -0.00503168 -0.00236558
0.944 -0.00568205 -0.00212135
0.945 -0.00388061 -0.0022076
0.946 -0.000578163 -0.00249981
0.947 0.0028192 -0.00281465
0.948 0.00502257 -0.0029846
0.949 0.00531163 -0.00292574
0.95 0.00373475 -0.002659
0.951 0.00102883 -0.00228152
0.952 -0.00170078 -0.00191789
0.953 -0.00342791 -0.00167882
0.954 -0.0036008 -0.00163159
0.955 -0.00231103 -0.00177832
0.956 -0.000178434 -0.00205227
0.957 0.00195361 -0.00234527
0.958 0.0033498 -0.00255695
0.959 0.00362033 -0.00263475
0.96 0.00281498 -0.00258185
0.961 0.00136348 -0.00243845
0.962 -0.000118988 -0.00225767
0.963 -0.00109036 -0.00208797
0.964 -0.00128844 -0.00195938
0.965 -0.000789299 -0.00187198
0.966 8.89722e-05 -0.0017958
0.967 0.000956844 -0.00168891
0.968 0.00150617 -0.00152319
0.969 0.00160109 -0.00129933
0.97 0.00130071 -0.00104306
0.971 0.000814099 -0.000791234
0.972 0.000398361 -0.000579717
0.973 0.000240411 -0.00043578
0.974 0.000382674 -0.000371454
0.975 0.000729591 -0.000378575
0.976 0.00111694 -0.000431445
0.977 0.00139172 -0.00049831
0.978 0.001464 -0.000554128
0.979 0.0013247 -0.000586309
0.98 0.0010365 -0.000592645
0.981 0.000702265 -0.000576813
0.982 0.000419202 -0.000545248
0.983 0.000239192 -0.00050474
0.984 0.000157191 -0.000459586
0.985 0.000131253 -0.000410011
0.986 0.000115218 -0.000353884
0.987 8.15592e-05 -0.000290419
0.988 2.69078e-05 -0.000222431
0.989 -3.41923e-05 -0.000155638
0.99 -8.05406e-05 -9.63681e-05
0.991 -9.6505e-05 -4.95726e-05
0.992 -8.06451e-05 -1.77047e-05
0.993 -4.5816e-05 -2.26777e-07
0.994 -1.05734e-05 6.09687e-06
0.995 1.1618e-05 5.87746e-06
0.996 1.77547e-05 3.3159e-06
0.997 1.32248e-05 1.02744e-06
0.998 5.93682e-06 -6.15122e-08
0.999 1.21947e-06 -1.6007e-07
0.12 -0.10457 -0.0511322
0.24 -0.104101 -0.0505588
0.36 -0.103322 -0.0496063
0.48 -0.102236 -0.0482797
0.6 -0.100849 -0.0465859
0.72 -0.0991662 -0.0445334
0.84 -0.0971968 -0.0421328
0.96 -0.0949497 -0.0393963
1.08 -0.0924352 -0.036338
1.2 -0.0896653 -0.0329733
1.32 -0.0866529 -0.0293194
1.44 -0.083412 -0.0253946
1.56 -0.0799578 -0.0212188
1.68 -0.0763063 -0.0168128
1.8 -0.0724744 -0.0121987
1.92 -0.0684799 -0.00739928
2.04 -0.0643412 -0.00243827
2.16 -0.0600773 0.00266
2.28 -0.0557076 0.00787069
2.4 -0.0512521 0.0131686
2.52 -0.0467311 0.0185283
2.64 -0.0421648 0.0239243
2.76 -0.0375738 0.0293312
2.88 -0.0329785 0.0347236
3 -0.0283993 0.0400768
3.12 -0.0238562 0.0453663
3.24 -0.019369 0.0505683
3.36 -0.014957 0.0556596
3.48 -0.010639 0.0606181
3.6 -0.00643323 0.0654224
3.72 -0.002357 0.0700522
3.84 0.00157301 0.0744886
3.96 0.00534108 0.0787135
4.08 0.00893245 0.0827106
4.2 0.0123334 0.0864645
4.32 0.0155313 0.0899615
4.44 0.0185147 0.0931895
4.56 0.0212734 0.0961376
4.68 0.0237984 0.0987968
4.8 0.0260821 0.101159
4.92 0.0281181 0.103219
5.04 0.0299013 0.104972
5.16 0.0314282 0.106415
5.28 0.0326966 0.107546
5.4 0.0337054 0.108367
5.52 0.0344552 0.108877
5.64 0.0349477 0.109082
5.76 0.035186 0.108984
5.88 0.0351745 0.108591
6 0.0349188 0.107908
6.12 0.0344257 0.106945
6.24 0.033703 0.10571
6.36 0.0327596 0.104214
6.48 0.0316056 0.102468
6.6 0.0302519 0.100485
6.72 0.02871 0.0982768
6.84 0.0269924 0.0958579
6.96 0.0251123 0.0932422
7.08 0.0230833 0.0904446
7.2 0.0209197 0.08748
7.32 0.0186358 0.084364
7.44 0.0162467 0.0811122
7.56 0.0137673 0.0777403
7.68 0.0112127 0.0742642
7.8 0.00859798 0.0706998
7.92 0.00593819 0.0670627
8.04 0.00324813 0.0633684
8.16 0.000542291 0.0596323
8.28 -0.00216517 0.0558693
8.4 -0.00486059 0.0520938
8.52 -0.0075308 0.0483202
8.64 -0.0101633 0.044562
8.76 -0.0127462 0.0408324
8.88 -0.0152684 0.0371439
9 -0.0177196 0.0335085
9.12 -0.0200903 0.0299375
9.24 -0.0223719 0.0264415
9.36 -0.0245568 0.0230307
9.48 -0.0266383 0.0197141
9.6 -0.0286106 0.0165005
9.72 -0.0304689 0.0133977
9.84 -0.0322094 0.010413
9.96 -0.0338293 0.00755267
10.08 -0.0353269 0.00482261
10.2 -0.0367011 0.00222787
10.32 -0.037952 -0.000227148
10.44 -0.0390806 -0.00253869
10.56 -0.0400885 -0.00470368
10.68 -0.0409783 -0.00671962
10.8 -0.0417533 -0.00858465
10.92 -0.0424176 -0.0102975
11.04 -0.0429758 -0.0118574
11.16 -0.0434332 -0.0132641
11.28 -0.0437953 -0.014518
11.4 -0.0440685 -0.0156198
11.52 -0.0442592 -0.0165707
11.64 -0.0443742 -0.0173723
11.76 -0.0444205 -0.0180268
11.88 -0.0444054 -0.0185365
12 -0.0443361 -0.0189041
12.12 -0.0442198 -0.0191328
12.24 -0.0440636 -0.0192259
12.36 -0.0438745 -0.019187
12.48 -0.0436594 -0.0190202
12.6 -0.0434248 -0.0187293
12.72 -0.0431769 -0.018319
12.84 -0.0429215 -0.0177936
12.96 -0.0426639 -0.0171578
13.08 -0.0424092 -0.0164167
13.2 -0.0421617 -0.0155751
13.32 -0.0419252 -0.0146382
13.44 -0.0417032 -0.0136113
13.56 -0.0414982 -0.0124997
13.68 -0.0413125 -0.0113089
13.8 -0.0411476 -0.0100443
13.92 -0.0410043 -0.00871167
14.04 -0.0408829 -0.00731651
14.16 -0.0407833 -0.00586451
14.28 -0.0407046 -0.00436139
14.4 -0.0406454 -0.00281286
14.52 -0.0406038 -0.00122463
14.64 -0.0405774 0.000397565
14.76 -0.0405635 0.00204804
14.88 -0.0405588 0.00372111
15 -0.0405598 0.00541116
15.12 -0.0405625 0.00711261
15.24 -0.0405629 0.00881994
15.36 -0.0405566 0.0105277
15.48 -0.0405391 0.0122306
15.6 -0.0405059 0.0139233
15.72 -0.0404524 0.0156008
15.84 -0.0403739 0.017258
15.96 -0.040266 0.0188902
16.08 -0.0401242 0.0204925
16.2 -0.0399445 0.0220604
16.32 -0.0397227 0.0235897
16.44 -0.0394552 0.0250762
16.56 -0.0391387 0.0265159
16.68 -0.03877 0.0279051
16.8 -0.0383466 0.0292403
16.92 -0.0378663 0.0305182
17.04 -0.0373273 0.0317359
17.16 -0.0367283 0.0328906
17.28 -0.0360687 0.0339798
17.4 -0.0353481 0.0350013
17.52 -0.0345667 0.0359532
17.64 -0.0337254 0.0368337
17.76 -0.0328254 0.0376416
17.88 -0.0318685 0.0383758
18 -0.0308569 0.0390354
18.12 -0.0297935 0.0396199
18.24 -0.0286815 0.0401291
18.36 -0.0275245 0.040563
18.48 -0.0263265 0.0409219
18.6 -0.025092 0.0412064
18.72 -0.0238258 0.0414173
18.84 -0.0225329 0.0415557
18.96 -0.0212186 0.0416228
19.08 -0.0198884 0.0416201
19.2 -0.0185482 0.0415493
19.32 -0.0172035 0.0414124
19.44 -0.0158605 0.0412113
19.56 -0.014525 0.0409483
19.68 -0.013203 0.0406259
19.8 -0.0119003 0.0402463
19.92 -0.0106227 0.0398123
20.04 -0.00937588 0.0393265
20.16 -0.00816524 0.0387917
20.28 -0.00699605 0.0382105
20.4 -0.00587329 0.037586
20.52 -0.00480165 0.0369208
20.64 -0.00378551 0.0362179
20.76 -0.00282892 0.03548
20.88 -0.00193554 0.03471
21 -0.00110866 0.0339105
21.12 -0.00035117 0.0330844
21.24 0.000334449 0.0322342
21.36 0.000946148 0.0313624
21.48 0.0014823 0.0304715
21.6 0.00194169 0.0295639
21.72 0.00232355 0.0286418
21.84 0.00262752 0.0277073
21.96 0.00285365 0.0267625
22.08 0.00300239 0.0258093
22.2 0.00307456 0.0248495
22.32 0.00307136 0.0238848
22.44 0.00299432 0.0229168
22.56 0.00284532 0.0219468
22.68 0.00262652 0.0209764
22.8 0.00234034 0.0200067
22.92 0.00198949 0.0190388
23.04 0.00157686 0.018074
23.16 0.00110556 0.0171131
23.28 0.000578852 0.0161571
23.4 1.44304e-07 0.0152068
23.52 -0.00062705 0.0142631
23.64 -0.00129913 0.0133267
23.76 -0.00201244 0.0123983
23.88 -0.0027633 0.0114787
24 -0.00354801 0.0105684
24.12 -0.00436289 0.00966828
24.24 -0.0052043 0.00877886
24.36 -0.00606863 0.00790086
24.48 -0.00695239 0.00703496
24.6 -0.00785212 0.00618188
24.72 -0.00876451 0.00534234
24.84 -0.00968633 0.00451711
24.96 -0.0106145 0.00370698
25.08 -0.011546 0.00291279
25.2 -0.012478 0.00213538
25.32 -0.0134079 0.00137566
25.44 -0.0143331 0.000634571
25.56 -0.015251 -8.69357e-05
25.68 -0.0161596 -0.000787863
25.8 -0.0170565 -0.00146719
25.92 -0.0179398 -0.00212389
26.04 -0.0188076 -0.0027569
26.16 -0.0196581 -0.00336518
26.28 -0.0204897 -0.00394767
26.4 -0.0213007 -0.00450332
26.52 -0.0220897 -0.00503113
26.64 -0.0228553 -0.00553009
26.76 -0.0235963 -0.00599926
26.88 -0.0243113 -0.00643774
27 -0.0249992 -0.00684468
27.12 -0.025659 -0.00721932
27.24 -0.0262894 -0.00756095
27.36 -0.0268897 -0.007869
27.48 -0.0274586 -0.00814294
27.6 -0.0279954 -0.0083824
27.72 -0.0284991 -0.0085871
27.84 -0.0289688 -0.00875688
27.96 -0.0294037 -0.00889173
28.08 -0.029803 -0.00899177
28.2 -0.0301658 -0.00905724
28.32 -0.0304915 -0.00908855
28.44 -0.0307793 -0.00908624
28.56 -0.0310286 -0.00905102
28.68 -0.0312388 -0.0089837
28.8 -0.0314092 -0.0088853
28.92 -0.0315393 -0.00875691
29.04 -0.0316288 -0.00859983
29.16 -0.0316773 -0.00841543
29.28 -0.0316844 -0.00820525
29.4 -0.03165 -0.00797092
29.52 -0.031574 -0.0077142
29.64 -0.0314564 -0.00743694
29.76 -0.0312973 -0.00714107
29.88 -0.031097 -0.00682861
30 -0.0308559 -0.00650164
30.12 -0.0305744 -0.00616228
30.24 -0.0302532 -0.0058127
30.36 -0.0298931 -0.0054551
30.48 -0.0294951 -0.00509165
30.6 -0.0290601 -0.00472457
30.72 -0.0285895 -0.004356
30.84 -0.0280845 -0.00398809
30.96 -0.0275468 -0.00362292
31.08 -0.0269779 -0.00326251
31.2 -0.0263797 -0.00290879
31.32 -0.025754 -0.00256363
31.44 -0.0251029 -0.00222876
31.56 -0.0244285 -0.00190582
31.68 -0.0237332 -0.00159633
31.8 -0.0230191 -0.00130166
31.92 -0.0222887 -0.00102304
32.04 -0.0215444 -0.000761578
32.16 -0.0207889 -0.000518196
32.28 -0.0200246 -0.000293675
32.4 -0.0192541 -8.86284e-05
32.52 -0.0184799 9.64902e-05
32.64 -0.0177046 0.000261393
32.76 -0.0169308 0.000405954
32.88 -0.0161608 0.000530209
33 -0.015397 0.000634349
33.12 -0.0146419 0.000718721
33.24 -0.0138975 0.000783815
33.36 -0.013166 0.000830262
33.48 -0.0124494 0.000858826
33.6 -0.0117495 0.000870392
33.72 -0.011068 0.000865959
33.84 -0.0104064 0.000846628
33.96 -0.00976609 0.00081359
34.08 -0.00914827 0.000768116
34.2 -0.00855392 0.000711544
34.32 -0.00798386 0.000645266
34.44 -0.00743872 0.000570715
34.56 -0.00691892 0.000489355
34.68 -0.00642472 0.000402662
34.8 -0.00595617 0.000312118
34.92 -0.00551315 0.000219194
35.04 -0.00509535 0.00012534
35.16 -0.00470231 3.19737e-05
35.28 -0.00433339 -5.95324e-05
35.4 -0.00398779 -0.00014786
35.52 -0.0036646 -0.000231756
35.64 -0.00336275 -0.00031004
35.76 -0.00308108 -0.000381612
35.88 -0.0028183 -0.000445462
36 -0.00257306 -0.000500674
36.12 -0.00234393 -0.000546431
36.24 -0.00212942 -0.000582022
36.36 -0.00192801 -0.000606842
36.48 -0.00173814 -0.000620396
36.6 -0.00155825 -0.000622298
36.72 -0.0013868 -0.000612275
36.84 -0.00122227 -0.000590161
36.96 -0.00106316 -0.0005559
37.08 -0.000908039 -0.000509541
37.2 -0.000755539 -0.000451235
37.32 -0.000604367 -0.000381228
37.44 -0.000453318 -0.000299862
37.56 -0.000301289 -0.000207562
37.68 -0.000147282 -0.000104836
37.8 9.58582e-06 7.73538e-06
37.92 0.000170077 0.000129506
38.04 0.000334827 0.000259769
38.16 0.000504343 0.00039777
38.28 0.000679003 0.000542708
38.4 0.000859053 0.00069375
38.52 0.00104461 0.000850035
38.64 0.00123566 0.00101068
38.76 0.00143207 0.00117481
38.88 0.00163359 0.00134151
39 0.00183984 0.00150991
39.12 0.00205037 0.00167912
39.24 0.00226459 0.00184829
39.36 0.00248186 0.00201658
39.48 0.00270142 0.0021832
39.6 0.00292249 0.00234736
39.72 0.00314419 0.00250835
39.84 0.00336562 0.00266547
39.96 0.00358583 0.0028181
40.08 0.00380385 0.00296564
40.2 0.00401871 0.00310757
40.32 0.00422942 0.00324341
40.44 0.00443501 0.00337273
40.56 0.00463453 0.00349516
40.68 0.00482708 0.0036104
40.8 0.00501175 0.0037182
40.92 0.00518774 0.00381834
41.04 0.00535425 0.00391069
41.16 0.0055106 0.00399514
41.28 0.00565614 0.00407165
41.4 0.00579031 0.00414021
41.52 0.00591263 0.00420087
41.64 0.0060227 0.0042537
41.76 0.00612022 0.00429881
41.88 0.00620495 0.00433637
42 0.00627676 0.00436653
42.12 0.00633561 0.00438951
42.24 0.00638152 0.00440551
42.36 0.00641461 0.0044148
42.48 0.00643508 0.00441761
42.6 0.00644319 0.00441422
42.72 0.00643928 0.00440489
42.84 0.00642376 0.00438989
42.96 0.00639709 0.00436952
43.08 0.00635976 0.00434403
43.2 0.00631234 0.0043137
43.32 0.00625542 0.0042788
43.44 0.00618962 0.00423958
43.56 0.00611558 0.00419629
43.68 0.00603394 0.00414916
43.8 0.00594539 0.00409842
43.92 0.00585056 0.00404427
44.04 0.00575013 0.00398692
44.16 0.00564473 0.00392655
44.28 0.00553497 0.00386333
44.4 0.00542146 0.00379742
44.52 0.00530475 0.00372897
44.64 0.00518538 0.00365811
44.76 0.00506382 0.00358497
44.88 0.00494053 0.00350967
45 0.00481591 0.00343231
45.12 0.0046903 0.00335299
45.24 0.00456402 0.00327181
45.36 0.00443732 0.00318886
45.48 0.00431041 0.00310424
45.6 0.00418345 0.00301802
45.72 0.00405656 0.0029303
45.84 0.0039298 0.00284117
45.96 0.00380322 0.00275073
46.08 0.0036768 0.00265906
46.2 0.0035505 0.00256627
46.32 0.00342425 0.00247247
46.44 0.00329795 0.00237777
46.56 0.00317149 0.00228229
46.68 0.00304472 0.00218617
46.8 0.00291751 0.00208953
46.92 0.0027897 0.00199252
47.04 0.00266112 0.00189529
47.16 0.00253163 0.00179801
47.28 0.00240109 0.00170082
47.4 0.00226934 0.00160392
47.52 0.00213628 0.00150746
47.64 0.0020018 0.00141164
47.76 0.00186582 0.00131664
47.88 0.0017283 0.00122264
48 0.00158921 0.00112983
48.12 0.00144854 0.0010384
48.24 0.00130635 0.000948537
48.36 0.0011627 0.000860421
48.48 0.00101769 0.000774231
48.6 0.000871463 0.000690142
48.72 0.000724185 0.000608321
48.84 0.00057606 0.000528925
48.96 0.000427318 0.000452103
49.08 0.00027822 0.000377995
49.2 0.000129052 0.000306726
49.32 -1.98752e-05 0.000238411
49.44 -0.000168232 0.00017315
49.56 -0.000315671 0.00011103
49.68 -0.000461831 5.21233e-05
49.8 -0.000606341 -3.51487e-06
49.92 -0.000748826 -5.58431e-05
50.04 -0.000888906 -0.000104836
50.16 -0.00102621 -0.000150485
50.28 -0.00116036 -0.000192796
50.4 -0.001291 -0.000231789
50.52 -0.00141779 -0.000267503
50.64 -0.0015404 -0.000299987
50.76 -0.00165852 -0.000329307
50.88 -0.00177188 -0.00035554
51 -0.00188021 -0.000378775
51.12 -0.00198331 -0.000399114
51.24 -0.00208097 -0.000416667
51.36 -0.00217304 -0.000431555
51.48 -0.0022594 -0.000443904
51.6 -0.00233996 -0.00045385
51.72 -0.00241469 -0.000461531
51.84 -0.00248357 -0.000467092
51.96 -0.00254663 -0.000470679
52.08 -0.00260394 -0.000472441
52.2 -0.00265561 -0.000472527
52.32 -0.00270176 -0.000471084
52.44 -0.00274257 -0.00046826
52.56 -0.00277824 -0.000464199
52.68 -0.00280899 -0.000459041
52.8 -0.00283509 -0.000452923
52.92 -0.00285681 -0.000445974
53.04 -0.00287444 -0.000438321
53.16 -0.00288829 -0.000430081
53.28 -0.00289869 -0.000421366
53.4 -0.00290598 -0.000412282
53.52 -0.00291049 -0.000402924
53.64 -0.00291256 -0.000393382
53.76 -0.00291252 -0.000383738
53.88 -0.00291073 -0.000374065
54 -0.00290748 -0.000364431
54.12 -0.00290311 -0.000354894
54.24 -0.00289791 -0.000345506
54.36 -0.00289216 -0.000336312
54.48 -0.00288611 -0.000327351
54.6 -0.00288002 -0.000318657
54.72 -0.00287409 -0.000310256
54.84 -0.00286852 -0.000302172
54.96 -0.00286346 -0.000294422
55.08 -0.00285905 -0.000287022
55.2 -0.00285539 -0.00027998
55.32 -0.00285256 -0.000273307
55.44 -0.00285062 -0.000267007
55.56 -0.00284958 -0.000261085
55.68 -0.00284943 -0.000255543
55.8 -0.00285013 -0.000250382
55.92 -0.00285164 -0.000245603
56.04 -0.00285386 -0.000241205
56.16 -0.0028567 -0.00023719
56.28 -0.00286001 -0.000233556
56.4 -0.00286367 -0.000230305
56.52 -0.00286752 -0.000227435
56.64 -0.00287138 -0.000224947
56.76 -0.00287506 -0.000222842
56.88 -0.00287839 -0.00022112
57 -0.00288117 -0.00021978
57.12 -0.00288319 -0.000218824
57.24 -0.00288427 -0.000218249
57.36 -0.0028842 -0.000218055
57.48 -0.00288279 -0.000218237
57.6 -0.00287987 -0.000218792
57.72 -0.00287526 -0.000219713
57.84 -0.00286879 -0.000220991
57.96 -0.00286032 -0.000222615
58.08 -0.00284971 -0.000224571
58.2 -0.00283684 -0.000226841
58.32 -0.00282161 -0.000229406
58.44 -0.00280395 -0.00023224
58.56 -0.00278378 -0.000235315
58.68 -0.00276106 -0.000238599
58.8 -0.00273576 -0.000242055
58.92 -0.00270789 -0.000245643
59.04 -0.00267746 -0.000249318
59.16 -0.00264449 -0.000253031
59.28 -0.00260904 -0.000256729
59.4 -0.00257119 -0.000260355
59.52 -0.00253101 -0.00026385
59.64 -0.00248861 -0.000267151
59.76 -0.00244411 -0.000270191
59.88 -0.00239763 -0.000272902
60 -0.00234931 -0.000275215
60.12 -0.00229931 -0.000277059
60.24 -0.00224777 -0.000278362
60.36 -0.00219487 -0.000279053
60.48 -0.00214077 -0.00027906
60.6 -0.00208565 -0.000278315
60.72 -0.00202967 -0.000276751
60.84 -0.001973 -0.000274302
60.96 -0.00191583 -0.000270909
61.08 -0.00185832 -0.000266514
61.2 -0.00180062 -0.000261065
61.32 -0.0017429 -0.000254517
61.44 -0.0016853 -0.00024683
61.56 -0.00162797 -0.000237968
61.68 -0.00157104 -0.000227907
61.8 -0.00151463 -0.000216627
61.92 -0.00145885 -0.000204116
62.04 -0.00140381 -0.000190373
62.16 -0.00134959 -0.000175401
62.28 -0.00129628 -0.000159214
62.4 -0.00124395 -0.000141836
62.52 -0.00119264 -0.000123295
62.64 -0.00114241 -0.000103631
62.76 -0.00109329 -8.28896e-05
62.88 -0.00104531 -6.1126e-05
63 -0.000998478 -3.84012e-05
63.12 -0.000952808 -1.47833e-05
63.24 -0.000908298 9.65339e-06
63.36 -0.000864939 3.48289e-05
63.48 -0.000822716 6.06585e-05
63.6 -0.000781609 8.70533e-05
63.72 -0.000741592 0.000113921
63.84 -0.000702637 0.000141167
63.96 -0.000664712 0.000168695
64.08 -0.000627784 0.000196407
64.2 -0.000591816 0.000224206
64.32 -0.000556775 0.000251996
64.44 -0.000522626 0.000279682
64.56 -0.000489335 0.000307171
64.68 -0.00045687 0.000334374
64.8 -0.000425202 0.000361207
64.92 -0.000394305 0.000387589
65.04 -0.000364157 0.000413445
65.16 -0.000334737 0.000438705
65.28 -0.000306031 0.000463306
65.4 -0.000278028 0.000487192
65.52 -0.00025072 0.000510314
65.64 -0.000224107 0.000532627
65.76 -0.000198189 0.000554098
65.88 -0.000172972 0.000574699
66 -0.000148467 0.000594407
66.12 -0.000124686 0.000613209
66.24 -0.000101645 0.000631099
66.36 -7.93645e-05 0.000648073
66.48 -5.78657e-05 0.000664139
66.6 -3.7172e-05 0.000679305
66.72 -1.73084e-05 0.000693587
66.84 1.69945e-06 0.000707004
66.96 1.98255e-05 0.000719579
67.08 3.70441e-05 0.000731338
67.2 5.33304e-05 0.000742307
67.32 6.86608e-05 0.000752517
67.44 8.30139e-05 0.000761995
67.56 9.63706e-05 0.000770771
67.68 0.000108715 0.000778873
67.8 0.000120033 0.000786327
67.92 0.000130317 0.000793157
68.04 0.00013956 0.000799383
68.16 0.000147764 0.000805021
68.28 0.000154931 0.000810084
68.4 0.00016107 0.00081458
68.52 0.000166195 0.000818511
68.64 0.000170325 0.000821874
68.76 0.000173484 0.000824661
68.88 0.0001757 0.000826859
69 0.000177008 0.000828447
69.12 0.000177445 0.000829401
69.24 0.000177055 0.00082969
69.36 0.000175885 0.00082928
69.48 0.000173986 0.000828131
69.6 0.000171413 0.000826199
69.72 0.000168225 0.000823439
69.84 0.000164482 0.000819801
69.96 0.000160248 0.000815235
70.08 0.000155588 0.000809689
70.2 0.000150569 0.000803112
70.32 0.000145259 0.000795453
70.44 0.000139725 0.000786666
70.56 0.000134037 0.000776704
70.68 0.000128261 0.000765528
70.8 0.000122465 0.000753102
70.92 0.000116714 0.000739397
71.04 0.000111071 0.000724392
71.16 0.000105598 0.000708073
71.28 0.000100354 0.000690436
71.4 9.53949e-05 0.000671487
71.52 9.07724e-05 0.000651242
71.64 8.65364e-05 0.00062973
71.76 8.27322e-05 0.000606989
71.88 7.94018e-05 0.000583071
72 7.6583e-05 0.000558041
72.12 7.43098e-05 0.000531976
72.24 7.26121e-05 0.000504964
72.36 7.15161e-05 0.000477108
72.48 7.10441e-05 0.000448522
72.6 7.12145e-05 0.00041933
72.72 7.20427e-05 0.000389669
72.84 7.35402e-05 0.000359685
72.96 7.57158e-05 0.000329534
73.08 7.85756e-05 0.00029938
73.2 8.2123e-05 0.000269394
73.32 8.63593e-05 0.000239751
73.44 9.1284e-05 0.000210633
73.56 9.68953e-05 0.000182222
73.68 0.00010319 0.000154704
73.8 0.000110164 0.000128261
73.92 0.000117814 0.000103075
74.04 0.000126134 7.93229e-05
74.16 0.00013512 5.71767e-05
74.28 0.000144769 3.67999e-05
74.4 0.000155076 1.83469e-05
74.52 0.000166039 1.961e-06
74.64 0.000177656 -1.22273e-05
74.76 0.000189926 -2.41016e-05
74.88 0.000202847 -3.35614e-05
75 0.00021642 -4.05231e-05
75.12 0.000230646 -4.49215e-05
75.24 0.000245526 -4.67104e-05
75.36 0.000261059 -4.5864e-05
75.48 0.000277247 -4.23774e-05
75.6 0.000294087 -3.62668e-05
75.72 0.000311577 -2.75702e-05
75.84 0.000329712 -1.63472e-05
75.96 0.000348483 -2.67916e-06
76.08 0.000367878 1.33315e-05
76.2 0.000387878 3.15617e-05
76.32 0.000408462 5.18683e-05
76.44 0.000429597 7.40895e-05
76.56 0.000451247 9.80458e-05
76.68 0.000473364 0.000123541
76.8 0.000495891 0.000150366
76.92 0.000518758 0.000178296
77.04 0.000541885 0.000207098
77.16 0.000565177 0.000236528
77.28 0.000588525 0.000266337
77.4 0.000611807 0.000296271
77.52 0.00063488 0.000326074
77.64 0.000657589 0.000355491
77.76 0.000679759 0.000384268
77.88 0.000701198 0.00041216
78 0.000721695 0.000438926
78.12 0.000741021 0.000464337
78.24 0.000758931 0.000488178
78.36 0.00077516 0.000510245
78.48 0.000789426 0.000530355
78.6 0.000801431 0.000548341
78.72 0.000810864 0.000564057
78.84 0.000817397 0.00057738
78.96 0.000820693 0.000588207
79.08 0.000820403 0.000596464
79.2 0.000816173 0.000602098
79.32 0.000807641 0.000605083
79.44 0.000794446 0.00060542
79.56 0.000776226 0.000603133
79.68 0.000752627 0.000598274
79.8 0.000723299 0.000590915
79.92 0.00068791 0.000581157
80.04 0.000646143 0.000569118
80.16 0.0005977 0.000554939
80.28 0.000542314 0.000538778
80.4 0.000479746 0.00052081
80.52 0.000409795 0.000501223
80.64 0.000332298 0.000480214
80.76 0.000247143 0.00045799
80.88 0.000154265 0.000434762
81 5.36564e-05 0.00041074
81.12 -5.46292e-05 0.000386134
81.24 -0.000170473 0.000361146
81.36 -0.000293687 0.000335968
81.48 -0.000424009 0.000310779
81.6 -0.0005611 0.000285742
81.72 -0.000704539 0.000260995
81.84 -0.000853823 0.000236654
81.96 -0.00100836 0.000212807
82.08 -0.00116748 0.000189508
82.2 -0.00133042 0.000166778
82.32 -0.00149632 0.0001446
82.44 -0.00166425 0.000122916
82.56 -0.00183318 0.000101627
82.68 -0.00200199 8.05894e-05
82.8 -0.0021695 5.96118e-05
82.92 -0.00233444 3.84578e-05
83.04 -0.00249546 1.68428e-05
83.16 -0.00265116 -5.56531e-06
83.28 -0.00280007 -2.91458e-05
83.4 -0.00294067 -5.43244e-05
83.52 -0.00307139 -8.15715e-05
83.64 -0.00319064 -0.0001114
83.76 -0.00329678 -0.000144365
83.88 -0.00338817 -0.000181056
84 -0.00346318 -0.000222097
84.12 -0.00352017 -0.000268143
84.24 -0.00355753 -0.000319871
84.36 -0.00357368 -0.000377981
84.48 -0.0035671 -0.000443182
84.6 -0.00353633 -0.000516195
84.72 -0.00347997 -0.000597741
84.84 -0.00339674 -0.000688534
84.96 -0.00328545 -0.000789276
85.08 -0.00314502 -0.000900649
85.2 -0.00297453 -0.00102331
85.32 -0.0027732 -0.00115787
85.44 -0.00254038 -0.00130491
85.56 -0.00227564 -0.00146495
85.68 -0.00197869 -0.00163846
85.8 -0.00164947 -0.00182582
85.92 -0.0012881 -0.00202737
86.04 -0.000894919 -0.00224333
86.16 -0.000470486 -0.00247386
86.28 -1.55817e-05 -0.00271902
86.4 0.000468785 -0.00297874
86.52 0.000981375 -0.00325287
86.64 0.00152072 -0.00354115
86.76 0.00208512 -0.00384317
86.88 0.00267265 -0.00415843
87 0.00328117 -0.00448628
87.12 0.00390831 -0.00482597
87.24 0.00455151 -0.0051766
87.36 0.00520802 -0.00553714
87.48 0.00587489 -0.00590644
87.6 0.00654901 -0.00628322
87.72 0.00722711 -0.00666607
87.84 0.00790582 -0.00705347
87.96 0.00858162 -0.00744375
88.08 0.00925091 -0.00783517
88.2 0.00991003 -0.00822586
88.32 0.0105553 -0.00861385
88.44 0.0111829 -0.00899708
88.56 0.0117891 -0.00937342
88.68 0.0123703 -0.00974065
88.8 0.0129228 -0.0100965
88.92 0.0134431 -0.0104387
89.04 0.0139276 -0.0107648
89.16 0.0143733 -0.0110725
89.28 0.0147768 -0.0113594
89.4 0.0151352 -0.011623
89.52 0.0154459 -0.0118612
89.64 0.0157065 -0.0120714
89.76 0.0159146 -0.0122516
89.88 0.0160684 -0.0123993
90 0.0161664 -0.0125126
90.12 0.0162072 -0.0125894
90.24 0.01619 -0.0126278
90.36 0.0161142 -0.0126259
90.48 0.0159797 -0.0125823
90.6 0.0157866 -0.0124954
90.72 0.0155356 -0.0123638
90.84 0.0152278 -0.0121865
90.96 0.0148644 -0.0119626
91.08 0.0144473 -0.0116914
91.2 0.0139787 -0.0113722
91.32 0.0134611 -0.011005
91.44 0.0128974 -0.0105897
91.56 0.012291 -0.0101264
91.68 0.0116454 -0.0096157
91.8 0.0109645 -0.00905828
91.92 0.0102527 -0.00845513
92.04 0.00951439 -0.00780747
92.16 0.00875427 -0.00711681
92.28 0.00797731 -0.00638488
92.4 0.00718863 -0.0056137
92.52 0.00639347 -0.0048055
92.64 0.0055972 -0.00396276
92.76 0.00480526 -0.0030882
92.88 0.0040231 -0.00218474
93 0.00325618 -0.00125553
93.12 0.0025099 -0.000303893
93.24 0.00178959 0.000666657
93.36 0.00110044 0.00165245
93.48 0.000447473 0.00264966
93.6 -0.000164482 0.00365434
93.72 -0.000730838 0.00466245
93.84 -0.00124728 0.00566983
93.96 -0.00170981 0.00667229
94.08 -0.00211476 0.00766558
94.2 -0.00245883 0.00864544
94.32 -0.00273912 0.0096076
94.44 -0.00295314 0.0105478
94.56 -0.00309885 0.0114619
94.68 -0.00317465 0.0123458
94.8 -0.00317942 0.0131955
94.92 -0.00311252 0.0140071
95.04 -0.00297378 0.0147768
95.16 -0.00276355 0.0155012
95.28 -0.00248262 0.0161767
95.4 -0.00213231 0.0168003
95.52 -0.00171439 0.0173691
95.64 -0.00123109 0.0178803
95.76 -0.000685081 0.0183315
95.88 -7.9478e-05 0.0187207
96 0.000582215 0.0190459
96.12 0.00129611 0.0193057
96.24 0.00205799 0.0194988
96.36 0.00286328 0.0196245
96.48 0.00370718 0.019682
96.6 0.00458459 0.0196714
96.72 0.00549024 0.0195926
96.84 0.00641867 0.0194463
96.96 0.00736431 0.0192331
97.08 0.00832149 0.0189544
97.2 0.0092845 0.0186116
97.32 0.0102476 0.0182066
97.44 0.0112052 0.0177414
97.56 0.0121517 0.0172186
97.68 0.0130816 0.0166409
97.8 0.0139896 0.0160112
97.92 0.0148706 0.015333
98.04 0.0157198 0.0146095
98.16 0.0165325 0.0138446
98.28 0.0173044 0.0130421
98.4 0.0180316 0.0122062
98.52 0.0187105 0.011341
98.64 0.0193377 0.0104508
98.76 0.0199104 0.00954012
98.88 0.0204262 0.00861335
99 0.020883 0.00767503
99.12 0.0212791 0.00672966
99.24 0.0216133 0.00578174
99.36 0.0218849 0.0048357
99.48 0.0220935 0.00389592
99.6 0.022239 0.00296665
99.72 0.022322 0.00205202
99.84 0.0223432 0.00115599
99.96 0.0223038 0.000282367
100.08 0.0222053 -0.000565276
100.2 0.0220495 -0.00138358
100.32 0.0218386 -0.00216942
100.44 0.0215748 -0.00291995
100.56 0.0212608 -0.0036326
100.68 0.0208994 -0.00430509
100.8 0.0204935 -0.00493546
100.92 0.0200462 -0.00552206
101.04 0.0195606 -0.00606354
101.16 0.01904 -0.00655893
101.28 0.0184876 -0.00700755
101.4 0.0179066 -0.00740908
101.52 0.0173002 -0.00776351
101.64 0.0166714 -0.00807119
101.76 0.0160233 -0.00833277
101.88 0.0153587 -0.00854921
102 0.0146802 -0.00872178
102.12 0.0139903 -0.00885205
102.24 0.0132914 -0.00894185
102.36 0.0125854 -0.00899327
102.48 0.0118742 -0.00900864
102.6 0.0111593 -0.00899051
102.72 0.0104419 -0.00894162
102.84 0.00972312 -0.00886489
102.96 0.00900371 -0.00876337
103.08 0.00828415 -0.00864024
103.2 0.00756468 -0.00849878
103.32 0.00684528 -0.00834234
103.44 0.00612572 -0.00817429
103.56 0.00540555 -0.00799803
103.68 0.00468412 -0.00781694
103.8 0.00396062 -0.00763434
103.92 0.00323408 -0.00745349
104.04 0.00250341 -0.00727757
104.16 0.00176745 -0.0071096
104.28 0.00102496 -0.00695248
104.4 0.000274694 -0.00680893
104.52 -0.000484604 -0.00668148
104.64 -0.00125414 -0.00657242
104.76 -0.00203505 -0.00648385
104.88 -0.00282836 -0.00641758
105 -0.00363496 -0.00637518
105.12 -0.00445557 -0.00635793
105.24 -0.00529068 -0.00636683
105.36 -0.0061406 -0.00640258
105.48 -0.00700535 -0.00646557
105.6 -0.00788468 -0.0065559
105.72 -0.00877804 -0.00667336
105.84 -0.00968457 -0.00681741
105.96 -0.0106031 -0.00698725
106.08 -0.011532 -0.00718175
106.2 -0.0124695 -0.00739951
106.32 -0.0134134 -0.00763887
106.44 -0.014361 -0.00789786
106.56 -0.0153095 -0.00817433
106.68 -0.0162555 -0.00846584
106.8 -0.0171957 -0.00876977
106.92 -0.018126 -0.00908332
107.04 -0.0190425 -0.00940351
107.16 -0.0199406 -0.00972722
107.28 -0.0208158 -0.0100512
107.4 -0.0216634 -0.0103722
107.52 -0.0224785 -0.0106867
107.64 -0.0232559 -0.0109913
107.76 -0.0239906 -0.0112827
107.88 -0.0246775 -0.0115574
108 -0.0253115 -0.011812
108.12 -0.0258876 -0.0120433
108.24 -0.0264008 -0.0122482
108.36 -0.0268464 -0.0124234
108.48 -0.0272199 -0.0125663
108.6 -0.0275171 -0.012674
108.72 -0.0277339 -0.0127442
108.84 -0.0278667 -0.0127745
108.96 -0.0279124 -0.012763
109.08 -0.0278681 -0.0127079
109.2 -0.0277316 -0.0126079
109.32 -0.027501 -0.0124617
109.44 -0.0271751 -0.0122686
109.56 -0.0267531 -0.0120282
109.68 -0.026235 -0.0117402
109.8 -0.0256211 -0.0114049
109.92 -0.0249126 -0.0110229
110.04 -0.0241113 -0.0105951
110.16 -0.0232193 -0.0101227
110.28 -0.0222397 -0.00960742
110.4 -0.021176 -0.00905118
110.52 -0.0200323 -0.00845628
110.64 -0.0188135 -0.00782534
110.76 -0.0175247 -0.00716131
110.88 -0.0161718 -0.00646741
111 -0.014761 -0.00574716
111.12 -0.0132992 -0.00500432
111.24 -0.0117933 -0.0042429
111.36 -0.010251 -0.00346713
111.48 -0.00867997 -0.00268142
111.6 -0.00708833 -0.00189035
111.72 -0.00548431 -0.00109865
111.84 -0.00387628 -0.000311143
111.96 -0.00227271 0.000467264
112.08 -0.000682049 0.00123161
112.2 0.000887287 0.0019769
112.32 0.00242701 0.00269818
112.44 0.00392899 0.00339051
112.56 0.00538537 0.00404904
112.68 0.00678857 0.004669
112.8 0.00813139 0.00524577
112.92 0.00940702 0.00577489
113.04 0.0106092 0.00625209
113.16 0.011732 0.0066733
113.28 0.0127703 0.00703471
113.4 0.0137193 0.00733278
113.52 0.0145753 0.00756426
113.64 0.0153347 0.0077262
113.76 0.0159951 0.007816
113.88 0.0165544 0.0078314
114 0.0170116 0.00777052
114.12 0.0173662 0.00763186
114.24 0.0176185 0.00741429
114.36 0.0177696 0.00711712
114.48 0.0178213 0.00674004
114.6 0.0177761 0.00628317
114.72 0.0176371 0.00574705
114.84 0.0174083 0.00513263
114.96 0.0170941 0.00444128
115.08 0.0166996 0.00367478
115.2 0.0162304 0.00283533
115.32 0.0156926 0.00192551
115.44 0.0150929 0.000948281
115.56 0.0144381 -9.30021e-05
115.68 0.0137355 -0.00119464
115.8 0.0129927 -0.0023526
115.92 0.0122174 -0.00356251
116.04 0.0114176 -0.00481972
116.16 0.0106012 -0.00611927
116.28 0.0097761 -0.00745598
116.4 0.00895032 -0.00882442
116.52 0.00813161 -0.010219
116.64 0.00732754 -0.0116338
116.76 0.00654544 -0.013063
116.88 0.00579233 -0.0145005
117 0.00507484 -0.0159401
117.12 0.00439919 -0.0173756
117.24 0.00377109 -0.0188007
117.36 0.00319576 -0.0202093
117.48 0.00267783 -0.021595
117.6 0.00222134 -0.0229518
117.72 0.00182967 -0.0242736
117.84 0.00150559 -0.0255545
117.96 0.00125114 -0.0267886
118.08 0.0010677 -0.0279703
118.2 0.000955947 -0.0290943
118.32 0.000915848 -0.0301554
118.44 0.000946681 -0.0311486
118.56 0.00104704 -0.0320692
118.68 0.00121485 -0.032913
118.8 0.00144739 -0.033676
118.92 0.00174132 -0.0343543
119.04 0.00209273 -0.0349447
119.16 0.00249714 -0.0354443
119.28 0.00294959 -0.0358504
119.4 0.00344465 -0.0361608
119.52 0.00397649 -0.0363737
119.64 0.00453892 -0.0364879
119.76 0.00512546 -0.0365022
119.88 0.0057294 -0.0364163
120 0.00634385 -0.0362299
