
***************************************************************
*                 Welcome to use GPUMD                        *
*     (Graphics Processing Units Molecular Dynamics)          *
*                     version 5.3                             *
*              This is the gpumd executable                   *
***************************************************************


---------------------------------------------------------------
Compiling options:
---------------------------------------------------------------

DEBUG is off: Use different PRNG seeds for different runs.

---------------------------------------------------------------
GPU information:
---------------------------------------------------------------

number of GPUs = 1
Device id:                   0
    Device name:             NVIDIA A100-SXM4-80GB
    Compute capability:      8.0
    Amount of global memory: 79.2507 GB
    Number of SMs:           108

---------------------------------------------------------------
Started running GPUMD.
---------------------------------------------------------------


---------------------------------------------------------------
Started initializing positions and related parameters.
---------------------------------------------------------------

Number of atoms is 14400.
Use periodic boundary conditions along x.
Use periodic boundary conditions along y.
Use periodic boundary conditions along z.
Box matrix h = [a, b, c] is
    7.6764000000e+01    0.0000000000e+00    0.0000000000e+00
    0.0000000000e+00    6.3970000000e+01    0.0000000000e+00
    0.0000000000e+00    0.0000000000e+00    6.3970000000e+01
Inverse box matrix g = inv(h) is
    1.3026939711e-02    0.0000000000e+00    0.0000000000e+00
    0.0000000000e+00    1.5632327654e-02    0.0000000000e+00
    0.0000000000e+00    0.0000000000e+00    1.5632327654e-02
Do not specify initial velocities here.
Have 1 grouping method(s).
There are 7 groups of atoms in grouping method 0.
    1200 atoms in group 0.
    3600 atoms in group 1.
    2400 atoms in group 2.
    1200 atoms in group 3.
    1200 atoms in group 4.
    1200 atoms in group 5.
    3600 atoms in group 6.
There are 5 atom types.
    1200 atoms of type 0.
    2400 atoms of type 1.
    6000 atoms of type 2.
    1200 atoms of type 3.
    3600 atoms of type 4.
Initialized velocities with default T = 300 K.

---------------------------------------------------------------
Finished initializing positions and related parameters.
---------------------------------------------------------------


---------------------------------------------------------------
Started executing the commands in run.in.
---------------------------------------------------------------

Use the NEP4 potential with 5 atom types.
    type 0 (C with Z = 6).
    type 1 (N with Z = 7).
    type 2 (H with Z = 1).
    type 3 (Pb with Z = 82).
    type 4 (I with Z = 53).
    radial cutoff = 8 A.
    angular cutoff = 4 A.
    MN_radial = 113.
    enlarged MN_radial = 142.
    enlarged MN_angular = 23.
    n_max_radial = 4.
    n_max_angular = 4.
    basis_size_radial = 8.
    basis_size_angular = 8.
    l_max_3body = 4.
    has_q_222 = 2.
    has_q_1111 = 0.
    has_q_112 = 0.
    has_q_123 = 0.
    has_q_233 = 0.
    ANN = 30-30-1.
    number of neural network parameters = 4801.
    number of descriptor parameters = 2250.
    total number of parameters = 7051.
Initialized velocities with input T = 300 K.
Use NPT ensemble for this run.
    choose the Berendsen method.
    initial temperature is 300 K.
    final temperature is 300 K.
    tau_T is 100 time_step
    isotropic pressure is 0 GPa.
    bulk modulus is 10 GPa.
    tau_p is 2000 time_step.
Time step for this run is 1 fs.
Dump thermo every 1000 steps.
Dump position.
    every 10000 steps.
Run 500000 steps.
    50000 steps completed.
    100000 steps completed.
    150000 steps completed.
