-0.999 -9.53595e-07 -2.09153e-06
-0.998 -6.7165e-06 -8.25448e-06
-0.997 -2.10348e-05 -1.74797e-05
-0.996 -4.46671e-05 -2.87176e-05
-0.995 -7.39482e-05 -4.16657e-05
-0.994 -0.000101748 -5.61761e-05
-0.993 -0.000120843 -7.06258e-05
-0.992 -0.000127922 -8.05315e-05
-0.991 -0.000125345 -7.86555e-05
-0.99 -0.000119139 -5.72542e-05
-0.989 -0.000114513 -1.228e-05
-0.988 -0.00011186 5.19747e-05
-0.987 -0.000105524 0.000120531
-0.986 -8.60286e-05 0.000170099
-0.985 -4.58105e-05 0.000176292
-0.984 1.21785e-05 0.000122816
-0.983 6.63736e-05 8.12845e-06
-0.982 7.49637e-05 -0.000153939
-0.981 -1.56593e-05 -0.00034012
-0.98 -0.000254704 -0.00052804
-0.979 -0.000669025 -0.000706642
-0.978 -0.00124929 -0.000881212
-0.977 -0.00194462 -0.0010692
-0.976 -0.0026684 -0.00128783
-0.975 -0.00331606 -0.0015389
-0.974 -0.00379101 -0.00179802
-0.973 -0.00402832 -0.00201483
-0.972 -0.00400641 -0.00212588
-0.971 -0.00374566 -0.00207615
-0.97 -0.00329815 -0.00184171
-0.969 -0.00272874 -0.00144398
-0.968 -0.00208861 -0.000947325
-0.967 -0.00139237 -0.000439113
-0.966 -0.000616056 -6.74657e-07
-0.965 0.00027704 0.000318724
-0.964 0.00129742 0.00051429
-0.963 0.00240418 0.000619317
-0.962 0.00350349 0.000683291
-0.961 0.00445552 0.000743864
-0.96 0.00508217 0.000803047
-0.959 0.00519388 0.000817881
-0.958 0.00464985 0.000712405
-0.957 0.00342678 0.000407905
-0.956 0.00164635 -0.000140893
-0.955 -0.000462577 -0.000919372
-0.954 -0.00263504 -0.00184983
-0.953 -0.00462354 -0.00281486
-0.952 -0.00622892 -0.00369654
-0.951 -0.00734344 -0.00441472
-0.95 -0.00800546 -0.00495191
-0.949 -0.00840672 -0.00535631
-0.948 -0.00880931 -0.00572098
-0.947 -0.00941126 -0.00614372
-0.946 -0.0102513 -0.00668009
-0.945 -0.0112042 -0.00730857
-0.944 -0.0120363 -0.00792764
-0.943 -0.0124678 -0.0083899
-0.942 -0.0122446 -0.00855767
-0.941 -0.0112471 -0.00835491
-0.94 -0.00959752 -0.00779302
-0.939 -0.00766765 -0.00696245
-0.938 -0.00594098 -0.00599793
-0.937 -0.00479684 -0.00503072
-0.936 -0.00434113 -0.00414218
-0.935 -0.00435874 -0.00333734
-0.934 -0.00437782 -0.00255394
-0.933 -0.00381076 -0.00170544
-0.932 -0.00216151 -0.000740651
-0.931 0.000737523 0.000306732
-0.93 0.00457327 0.00130541
-0.929 0.00859869 0.0020577
-0.928 0.0118732 0.00235718
-0.927 0.0135768 0.00204904
-0.926 0.0132653 0.0010731
-0.925 0.0109984 -0.000524382
-0.924 0.00731386 -0.00260791
-0.923 0.00303914 -0.00498743
-0.922 -0.00103668 -0.00746571
-0.921 -0.00450389 -0.00988814
-0.92 -0.00748592 -0.0121687
-0.919 -0.0105024 -0.0142763
-0.918 -0.0141395 -0.0161934
-0.917 -0.0187179 -0.017877
-0.916 -0.024083 -0.0192507
-0.915 -0.0295448 -0.0202265
-0.914 -0.0339833 -0.0207267
-0.913 -0.0361481 -0.0206834
-0.912 -0.0351103 -0.0200438
-0.911 -0.0306732 -0.018801
-0.91 -0.023487 -0.0170298
-0.909 -0.014788 -0.0148934
-0.908 -0.0059488 -0.0126103
-0.907 0.00190889 -0.0104057
-0.906 0.00813724 -0.00848435
-0.905 0.0126385 -0.00702075
-0.904 0.0157968 -0.00612571
-0.903 0.0182305 -0.00579248
-0.902 0.0204064 -0.0058864
-0.901 0.0223072 -0.00621493
-0.9 0.0233956 -0.00663466
-0.899 0.0229138 -0.00711869
-0.898 0.0203024 -0.0077442
-0.897 0.0154923 -0.00862874
-0.896 0.00898919 -0.00987134
-0.895 0.00177879 -0.0115061
-0.894 -0.00491295 -0.0134421
-0.893 -0.00996341 -0.0154225
-0.892 -0.0126991 -0.0170799
-0.891 -0.0130814 -0.0180974
-0.89 -0.0116136 -0.0183797
-0.889 -0.00904243 -0.0181208
-0.888 -0.006059 -0.0177248
-0.887 -0.00313506 -0.0176419
-0.886 -0.000495136 -0.018208
-0.885 0.00178576 -0.019525
-0.884 0.00358439 -0.0213899
-0.883 0.00455547 -0.0233306
-0.882 0.00414437 -0.0247918
-0.881 0.00183221 -0.0254052
-0.88 -0.0025326 -0.0251856
-0.879 -0.00856581 -0.024543
-0.878 -0.0154625 -0.0241195
-0.877 -0.0222719 -0.0245445
-0.876 -0.0281616 -0.0262001
-0.875 -0.0326539 -0.0290426
-0.874 -0.0358257 -0.0325364
-0.873 -0.0382954 -0.0357883
-0.872 -0.0408308 -0.03789
-0.871 -0.0437038 -0.0383086
-0.87 -0.0462241 -0.0371111
-0.869 -0.0468583 -0.0349327
-0.868 -0.0439249 -0.0327445
-0.867 -0.0364275 -0.0315185
-0.866 -0.0245956 -0.0318599
-0.865 -0.0100101 -0.0336818
-0.864 0.00466206 -0.0360848
-0.863 0.0163657 -0.0376169
-0.862 0.0227409 -0.0368748
-0.861 0.0232201 -0.0331438
-0.86 0.0195252 -0.0267333
-0.859 0.0151216 -0.0189059
-0.858 0.0137707 -0.0115117
-0.857 0.0178773 -0.00646267
-0.856 0.0273877 -0.00512994
-0.855 0.0396312 -0.00779686
-0.854 0.050125 -0.0134452
-0.853 0.0541294 -0.02013
-0.852 0.0485114 -0.0258593
-0.851 0.0332526 -0.0295108
-0.85 0.0118908 -0.0313045
-0.849 -0.00950518 -0.0326839
-0.848 -0.0245903 -0.0357574
-0.847 -0.029346 -0.0425034
-0.846 -0.0239013 -0.0539128
-0.845 -0.0127386 -0.069317
-0.844 -0.00310666 -0.0862636
-0.843 -0.00219176 -0.10118
-0.842 -0.0141154 -0.110632
-0.841 -0.0379237 -0.112569
-0.84 -0.0673752 -0.106982
-0.839 -0.0927226 -0.0957835
-0.838 -0.10403 -0.0820519
-0.837 -0.0949575 -0.0689263
-0.836 -0.0655608 -0.0584733
-0.835 -0.0227834 -0.0509288
-0.834 0.0218133 -0.0446832
-0.833 0.0562952 -0.0371142
-0.832 0.0728054 -0.0259172
-0.831 0.0703845 -0.0102992
-0.83 0.0551757 0.00846851
-0.829 0.0380924 0.0272817
-0.828 0.0307054 0.0421058
-0.827 0.0405573 0.0492838
-0.826 0.0675697 0.0468177
-0.825 0.103242 0.0350952
-0.824 0.133407 0.0166858
-0.823 0.143617 -0.00471092
-0.822 0.124858 -0.0256226
-0.821 0.0771356 -0.0438526
-0.82 0.00973551 -0.0589312
-0.819 -0.0616257 -0.0719778
-0.818 -0.119774 -0.0850311
-0.817 -0.151793 -0.0999619
-0.816 -0.153593 -0.117346
-0.815 -0.131447 -0.135888
-0.814 -0.099531 -0.152779
-0.813 -0.0743051 -0.164802
-0.812 -0.0680937 -0.169517
-0.811 -0.0845389 -0.165975
-0.81 -0.117445 -0.154873
-0.809 -0.153073 -0.138305
-0.808 -0.175044 -0.11915
-0.807 -0.17036 -0.100139
-0.806 -0.134496 -0.08291
-0.805 -0.0735477 -0.0675938
-0.804 -0.00245342 -0.053256
-0.803 0.0601281 -0.0388971
-0.802 0.0982565 -0.0243412
-0.801 0.104023 -0.0105469
-0.8 0.0800121 0.00063859
-0.799 0.0382526 0.00703991
-0.798 -0.00406293 0.0068636
-0.797 -0.0307074 -0.000597031
-0.796 -0.0321488 -0.0145619
-0.795 -0.00871246 -0.0329649
-0.794 0.0298851 -0.0532446
-0.793 0.0682396 -0.0733163
-0.792 0.0907052 -0.0922026
-0.791 0.0867698 -0.110062
-0.79 0.0547771 -0.127683
-0.789 0.00273154 -0.145657
-0.788 -0.0544089 -0.163525
-0.787 -0.100109 -0.179356
-0.786 -0.122049 -0.190108
-0.785 -0.115956 -0.19272
-0.784 -0.0863289 -0.185394
-0.783 -0.0444535 -0.168439
-0.782 -0.00477265 -0.144352
-0.781 0.0194916 -0.117194
-0.78 0.0205767 -0.0914968
-0.779 -0.00113276 -0.0708941
-0.778 -0.0374253 -0.0568977
-0.777 -0.0756864 -0.0484967
-0.776 -0.103699 -0.0429987
-0.775 -0.113525 -0.0377448
-0.774 -0.10331 -0.0316975
-0.773 -0.0773459 -0.0260473
-0.772 -0.0450214 -0.0237302
-0.771 -0.01855 -0.0283141
-0.77 -0.00931452 -0.0426715
-0.769 -0.0237985 -0.0676265
-0.768 -0.061046 -0.100936
-0.767 -0.112969 -0.137297
-0.766 -0.167053 -0.169797
-0.765 -0.209821 -0.19225
-0.764 -0.229921 -0.201179
-0.763 -0.220772 -0.196481
-0.762 -0.18275 -0.180831
-0.761 -0.123881 -0.158475
-0.76 -0.057876 -0.133901
-0.759 0.000271762 -0.110532
-0.758 0.0392725 -0.0897074
-0.757 0.0548577 -0.0705331
-0.756 0.0503804 -0.0509497
-0.755 0.0351914 -0.0294664
-0.754 0.0216394 -0.00648189
-0.753 0.0210414 0.0154709
-0.752 0.0392204 0.0323664
-0.751 0.0732339 0.0396714
-0.75 0.111138 0.0333952
-0.749 0.13539 0.0111844
-0.748 0.128664 -0.0267603
-0.747 0.0797623 -0.0774822
-0.746 -0.0123422 -0.136039
-0.745 -0.137204 -0.196776
-0.744 -0.27468 -0.254372
-0.743 -0.399843 -0.30441
-0.742 -0.489962 -0.34373
-0.741 -0.53115 -0.370739
-0.74 -0.522215 -0.385463
-0.739 -0.474499 -0.389055
-0.738 -0.407936 -0.382936
-0.737 -0.34455 -0.368153
-0.736 -0.30115 -0.345274
-0.735 -0.283355 -0.31454
-0.734 -0.283367 -0.275917
-0.733 -0.282962 -0.229204
-0.732 -0.260628 -0.174606
-0.731 -0.199828 -0.113758
-0.73 -0.095541 -0.0504728
-0.729 0.0425469 0.00948978
-0.728 0.191 0.0596245
-0.727 0.318149 0.0941081
-0.726 0.393501 0.108884
-0.725 0.398195 0.102454
-0.724 0.3319 0.0765076
-0.723 0.212892 0.0359749
-0.722 0.0717882 -0.0121294
-0.721 -0.0578506 -0.0609987
-0.72 -0.149118 -0.106368
-0.719 -0.189679 -0.147557
-0.718 -0.186132 -0.186816
-0.717 -0.162397 -0.227622
-0.716 -0.151059 -0.272753
-0.715 -0.180398 -0.322539
-0.714 -0.263016 -0.373584
-0.713 -0.39097 -0.418603
-0.712 -0.538226 -0.44806
-0.711 -0.668281 -0.453418
-0.71 -0.744656 -0.430543
-0.709 -0.742355 -0.381536
-0.708 -0.657243 -0.314183
-0.707 -0.509106 -0.239511
-0.706 -0.335739 -0.168445
-0.705 -0.180098 -0.10861
-0.704 -0.0762242 -0.0622649
-0.703 -0.03922 -0.0262159
-0.702 -0.0614836 0.00598403
-0.701 -0.115313 0.0403027
-0.7 -0.16162 0.0786531
-0.699 -0.163439 0.117148
-0.698 -0.100102 0.146893
-0.697 0.0239114 0.15698
-0.696 0.179385 0.138607
-0.695 0.321465 0.0887607
-0.694 0.403648 0.0119146
-0.693 0.392397 -0.0810651
-0.692 0.278671 -0.176401
-0.691 0.0827478 -0.261769
-0.69 -0.15048 -0.329665
-0.689 -0.365338 -0.378584
-0.688 -0.513238 -0.411954
-0.687 -0.567595 -0.435355
-0.686 -0.531186 -0.453043
-0.685 -0.43469 -0.465238
-0.684 -0.326869 -0.467592
-0.683 -0.25827 -0.45332
-0.682 -0.262975 -0.41704
-0.681 -0.345377 -0.358269
-0.68 -0.478087 -0.282739
-0.679 -0.611888 -0.201109
-0.678 -0.692941 -0.12595
-0.677 -0.680805 -0.0682043
-0.676 -0.562807 -0.0342311
-0.675 -0.36122 -0.0244541
-0.674 -0.129532 -0.0342853
-0.673 0.06334 -0.0571377
-0.672 0.156247 -0.0881539
-0.671 0.117164 -0.126599
-0.67 -0.0460258 -0.175534
-0.669 -0.288331 -0.239023
-0.668 -0.541231 -0.318364
-0.667 -0.732705 -0.409121
-0.666 -0.809499 -0.50033
-0.665 -0.755412 -0.576471
-0.664 -0.597692 -0.621782
-0.663 -0.397245 -0.62545
-0.662 -0.225979 -0.58557
-0.661 -0.140678 -0.510049
-0.66 -0.163478 -0.413936
-0.659 -0.274734 -0.314151
-0.658 -0.419309 -0.223557
-0.657 -0.524782 -0.146675
-0.656 -0.527371 -0.0789753
-0.655 -0.397057 -0.0104216
-0.654 -0.151529 0.0679942
-0.653 0.147233 0.157682
-0.652 0.412562 0.249149
-0.651 0.5616 0.323636
-0.65 0.542844 0.358972
-0.649 0.353769 0.337397
-0.648 0.0427026 0.252747
-0.647 -0.306489 0.114449
-0.646 -0.602294 -0.0536317
-0.645 -0.77593 -0.220036
-0.644 -0.803188 -0.356289
-0.643 -0.710683 -0.446823
-0.642 -0.564904 -0.493506
-0.641 -0.4473 -0.512751
-0.64 -0.423479 -0.526989
-0.639 -0.517871 -0.554408
-0.638 -0.704247 -0.600829
-0.637 -0.915916 -0.656285
-0.636 -1.07059 -0.697565
-0.635 -1.09935 -0.696614
-0.634 -0.970057 -0.632495
-0.633 -0.699118 -0.50197
-0.632 -0.348154 -0.323277
-0.631 -0.00475993 -0.13078
-0.63 0.247503 0.0369579
-0.629 0.358042 0.150189
-0.628 0.324464 0.197078
-0.627 0.188767 0.186379
-0.626 0.0188804 0.143329
-0.625 -0.115306 0.0997055
-0.624 -0.164058 0.0807707
-0.623 -0.113444 0.0941226
-0.622 0.00997983 0.125994
-0.621 0.148968 0.147256
-0.62 0.237467 0.126197
-0.619 0.224994 0.0419301
-0.618 0.0927025 -0.106924
-0.617 -0.143741 -0.300761
-0.616 -0.442161 -0.504676
-0.615 -0.74754 -0.67974
-0.614 -1.0074 -0.796443
-0.613 -1.18585 -0.844978
-0.612 -1.27202 -0.83736
-0.611 -1.27951 -0.800264
-0.61 -1.23772 -0.762518
-0.609 -1.18008 -0.743221
-0.608 -1.13399 -0.744781
-0.607 -1.11405 -0.752481
-0.606 -1.11893 -0.740488
-0.605 -1.13193 -0.682839
-0.604 -1.12583 -0.565618
-0.603 -1.07075 -0.394658
-0.602 -0.942099 -0.194471
-0.601 -0.726902 0.000835709
-0.6 -0.429365 0.159361
-0.599 -0.075424 0.26062
-0.598 0.28721 0.300037
-0.597 0.597302 0.288636
-0.596 0.795866 0.247829
-0.595 0.843413 0.199894
-0.594 0.7318 0.15767
-0.593 0.487823 0.119368
-0.592 0.16888 0.0721165
-0.591 -0.149718 0.00158619
-0.59 -0.396171 -0.0989671
-0.589 -0.52735 -0.224731
-0.588 -0.54637 -0.360141
-0.587 -0.502016 -0.482541
-0.586 -0.46854 -0.568228
-0.585 -0.514944 -0.600591
-0.584 -0.676659 -0.577333
-0.583 -0.938569 -0.511695
-0.582 -1.23365 -0.425595
-0.581 -1.45968 -0.33895
-0.58 -1.51285 -0.26225
-0.579 -1.329 -0.195745
-0.578 -0.91568 -0.133337
-0.577 -0.358895 -0.0679656
-0.576 0.200615 0.00299859
-0.575 0.612849 0.0731769
-0.574 0.768327 0.125842
-0.573 0.635188 0.138592
-0.572 0.271539 0.0933233
-0.571 -0.192409 -0.0139739
-0.57 -0.598565 -0.16957
-0.569 -0.817331 -0.346025
-0.568 -0.795482 -0.511009
-0.567 -0.576394 -0.637175
-0.566 -0.283481 -0.710381
-0.565 -0.0723256 -0.73371
-0.564 -0.0693129 -0.724898
-0.563 -0.319784 -0.706981
-0.562 -0.765866 -0.696178
-0.561 -1.26341 -0.693434
-0.56 -1.63208 -0.683843
-0.559 -1.72028 -0.643404
-0.558 -1.46174 -0.549713
-0.557 -0.903968 -0.393085
-0.556 -0.197241 -0.184569
-0.555 0.45389 0.0431148
-0.554 0.860732 0.244111
-0.553 0.916599 0.375082
-0.552 0.633005 0.41091
-0.551 0.131878 0.353007
-0.55 -0.401526 0.227297
-0.549 -0.785705 0.074045
-0.548 -0.905941 -0.0663363
-0.547 -0.752589 -0.167469
-0.546 -0.422121 -0.226655
-0.545 -0.0799358 -0.265208
-0.544 0.102808 -0.317765
-0.543 0.0150908 -0.414852
-0.542 -0.351283 -0.567209
-0.541 -0.898712 -0.759092
-0.54 -1.45989 -0.952489
-0.539 -1.85724 -1.09953
-0.538 -1.96366 -1.15872
-0.537 -1.74422 -1.11009
-0.536 -1.26618 -0.963727
-0.535 -0.674787 -0.75716
-0.534 -0.143249 -0.541905
-0.533 0.185625 -0.364762
-0.532 0.245342 -0.252017
-0.531 0.0632874 -0.202196
-0.53 -0.254558 -0.188857
-0.529 -0.564041 -0.172046
-0.528 -0.732717 -0.114975
-0.527 -0.681903 1.23558e-05
-0.526 -0.408218 0.163214
-0.525 0.0198684 0.341001
-0.524 0.487064 0.488797
-0.523 0.868823 0.567089
-0.522 1.06944 0.554225
-0.521 1.04917 0.452886
-0.52 0.832651 0.289076
-0.519 0.497051 0.103107
-0.518 0.144826 -0.0655315
-0.517 -0.128558 -0.19319
-0.516 -0.261701 -0.279371
-0.515 -0.24304 -0.343212
-0.514 -0.113225 -0.412624
-0.513 0.0460105 -0.512362
-0.512 0.134822 -0.654985
-0.511 0.0656837 -0.835541
-0.51 -0.20681 -1.03087
-0.509 -0.666956 -1.20556
-0.508 -1.23697 -1.32398
-0.507 -1.79429 -1.36288
-0.506 -2.20218 -1.31763
-0.505 -2.34672 -1.20017
-0.504 -2.17144 -1.03235
-0.503 -1.69953 -0.839164
-0.502 -1.03369 -0.643604
-0.501 -0.329692 -0.462066
-0.5 0.250456 -0.301362
-0.499 0.589923 -0.159853
-0.498 0.654613 -0.0329493
-0.497 0.503854 0.0810969
-0.496 0.270085 0.179319
-0.495 0.112504 0.255931
-0.494 0.158178 0.304531
-0.493 0.450382 0.318593
-0.492 0.924312 0.2917
-0.491 1.42226 0.219467
-0.49 1.74553 0.102189
-0.489 1.72537 -0.0544722
-0.488 1.28771 -0.240801
-0.487 0.488199 -0.443623
-0.486 -0.495892 -0.645059
-0.485 -1.41702 -0.822286
-0.484 -2.03617 -0.951533
-0.483 -2.20225 -1.0153
-0.482 -1.90311 -1.00823
-0.481 -1.26952 -0.938476
-0.48 -0.530493 -0.825506
-0.479 0.0646215 -0.69641
-0.478 0.331083 -0.580393
-0.477 0.211736 -0.500323
-0.476 -0.204675 -0.46395
-0.475 -0.717849 -0.460762
-0.474 -1.09117 -0.46786
-0.473 -1.13951 -0.461524
-0.472 -0.796983 -0.427704
-0.471 -0.14173 -0.367373
-0.47 0.628799 -0.297051
-0.469 1.26327 -0.245255
-0.468 1.54184 -0.243861
-0.467 1.35335 -0.314797
-0.466 0.736341 -0.45761
-0.465 -0.132045 -0.645663
-0.464 -0.995444 -0.833972
-0.463 -1.60248 -0.974082
-0.462 -1.78547 -1.02878
-0.461 -1.50958 -0.982648
-0.46 -0.879945 -0.847388
-0.459 -0.105486 -0.660314
-0.458 0.570117 -0.473647
-0.457 0.948323 -0.336449
-0.456 0.938681 -0.277034
-0.455 0.583048 -0.294541
-0.454 0.0353006 -0.362398
-0.453 -0.492725 -0.439718
-0.452 -0.799995 -0.485418
-0.451 -0.760145 -0.472255
-0.45 -0.362831 -0.398093
-0.449 0.280948 -0.289345
-0.448 0.973022 -0.19233
-0.447 1.49072 -0.155007
-0.446 1.65655 -0.208138
-0.445 1.39302 -0.354417
-0.444 0.748071 -0.567713
-0.443 -0.1151 -0.800024
-0.442 -0.962779 -0.994228
-0.441 -1.56021 -1.10152
-0.44 -1.74522 -1.09896
-0.439 -1.48069 -0.998734
-0.438 -0.867872 -0.843263
-0.437 -0.117267 -0.688915
-0.436 0.513308 -0.587195
-0.435 0.797542 -0.570149
-0.434 0.616175 -0.641695
-0.433 0.00481769 -0.775334
-0.432 -0.847674 -0.920897
-0.431 -1.65561 -1.02147
-0.43 -2.1295 -1.03475
-0.429 -2.07255 -0.948185
-0.428 -1.44887 -0.781244
-0.427 -0.403193 -0.576707
-0.426 0.77563 -0.387118
-0.425 1.74231 -0.259835
-0.424 2.21082 -0.221854
-0.423 2.05769 -0.268605
-0.422 1.37049 -0.363875
-0.421 0.420822 -0.453731
-0.42 -0.428141 -0.48792
-0.419 -0.846519 -0.4379
-0.418 -0.654479 -0.305533
-0.417 0.106502 -0.1233
-0.416 1.17536 0.0523711
-0.415 2.15325 0.155687
-0.414 2.64169 0.132991
-0.413 2.38617 -0.0369016
-0.412 1.37047 -0.334382
-0.411 -0.171664 -0.706625
-0.41 -1.82937 -1.085
-0.409 -3.1478 -1.40372
-0.408 -3.77971 -1.61597
-0.407 -3.60441 -1.7066
-0.406 -2.76863 -1.69695
-0.405 -1.63044 -1.63608
-0.404 -0.627468 -1.57937
-0.403 -0.121382 -1.56532
-0.402 -0.274449 -1.60235
-0.401 -0.996569 -1.66869
-0.4 -1.97724 -1.72044
-0.399 -2.79378 -1.70384
-0.398 -3.06276 -1.5722
-0.397 -2.58063 -1.30533
-0.396 -1.39849 -0.922609
-0.395 0.19711 -0.480243
-0.394 1.7842 -0.0535908
-0.393 2.94396 0.284924
-0.392 3.39101 0.482622
-0.391 3.05892 0.516814
-0.39 2.11683 0.400551
-0.389 0.908577 0.181245
-0.388 -0.168261 -0.0728968
-0.387 -0.798592 -0.296482
-0.386 -0.848603 -0.449108
-0.385 -0.394782 -0.525054
-0.384 0.316895 -0.549414
-0.383 0.959055 -0.567139
-0.382 1.22978 -0.629339
-0.381 0.950374 -0.776196
-0.38 0.125165 -1.01837
-0.379 -1.05949 -1.32586
-0.378 -2.29755 -1.63332
-0.377 -3.26111 -1.86084
-0.376 -3.69775 -1.9401
-0.375 -3.49919 -1.83534
-0.374 -2.72762 -1.555
-0.373 -1.59637 -1.15338
-0.372 -0.408452 -0.71978
-0.371 0.532791 -0.353855
-0.37 1.01291 -0.133505
-0.369 0.964644 -0.089134
-0.368 0.480571 -0.195461
-0.367 -0.217551 -0.382588
-0.366 -0.843677 -0.560499
-0.365 -1.13415 -0.649379
-0.364 -0.935134 -0.608307
-0.363 -0.26198 -0.453314
-0.362 0.695451 -0.255347
-0.361 1.62766 -0.115409
-0.36 2.20041 -0.126231
-0.359 2.15788 -0.336623
-0.358 1.40821 -0.731206
-0.357 0.0696463 -1.23067
-0.356 -1.54409 -1.71242
-0.355 -3.00806 -2.04754
-0.354 -3.92048 -2.14426
-0.353 -4.03926 -1.98199
-0.352 -3.36669 -1.61996
-0.351 -2.15033 -1.176
-0.35 -0.804823 -0.785019
-0.349 0.21815 -0.553885
-0.348 0.577149 -0.527242
-0.347 0.163106 -0.673729
-0.346 -0.850626 -0.897656
-0.345 -2.06011 -1.0748
-0.344 -2.97453 -1.10126
-0.343 -3.19898 -0.936031
-0.342 -2.58347 -0.618856
-0.341 -1.28286 -0.256443
-0.34 0.28887 0.0157769
-0.339 1.59233 0.0812946
-0.338 2.144 -0.116453
-0.337 1.68794 -0.552901
-0.336 0.29611 -1.12876
-0.335 -1.6449 -1.7029
-0.334 -3.56162 -2.14016
-0.333 -4.89007 -2.35586
-0.332 -5.2665 -2.34039
-0.331 -4.64355 -2.15606
-0.33 -3.29526 -1.90895
-0.329 -1.71343 -1.70687
-0.328 -0.432917 -1.61945
-0.327 0.153126 -1.6552
-0.326 -0.0759306 -1.76326
-0.325 -0.935446 -1.85679
-0.324 -2.01041 -1.84716
-0.323 -2.80954 -1.67591
-0.322 -2.94227 -1.33462
-0.321 -2.25579 -0.867169
-0.32 -0.885225 -0.353722
-0.319 0.797423 0.117313
-0.318 2.31245 0.477181
-0.317 3.22959 0.69274
-0.316 3.29937 0.766473
-0.315 2.52091 0.725656
-0.314 1.13125 0.608767
-0.313 -0.476322 0.45364
-0.312 -1.87839 0.288249
-0.311 -2.75126 0.125559
-0.31 -2.96176 -0.0353881
-0.309 -2.59079 -0.203372
-0.308 -1.88887 -0.389341
-0.307 -1.18763 -0.605392
-0.306 -0.798639 -0.866324
-0.305 -0.925654 -1.18749
-0.304 -1.60811 -1.57596
-0.303 -2.70812 -2.01921
-0.302 -3.94636 -2.47858
-0.301 -4.97955 -2.89131
-0.3 -5.49816 -3.1811
-0.299 -5.31578 -3.2764
-0.298 -4.4261 -3.13385
-0.297 -3.0132 -2.75937
-0.296 -1.41092 -2.21583
-0.295 -0.0171266 -1.60947
-0.294 0.818711 -1.05759
-0.293 0.905123 -0.650067
-0.292 0.280025 -0.41941
-0.291 -0.785236 -0.329752
-0.29 -1.85998 -0.289916
-0.289 -2.49163 -0.190001
-0.288 -2.36587 0.0486804
-0.287 -1.43297 0.43033
-0.286 0.0503383 0.869234
-0.285 1.58436 1.21186
-0.284 2.57936 1.28893
-0.283 2.5523 0.977576
-0.282 1.30583 0.252156
-0.281 -0.972918 -0.793476
-0.28 -3.73904 -1.96283
-0.279 -6.25049 -3.01311
-0.278 -7.81702 -3.7345
-0.277 -8.04538 -4.02133
-0.276 -6.98271 -3.90472
-0.275 -5.10257 -3.53331
-0.274 -3.13993 -3.1121
-0.273 -1.83247 -2.82371
-0.272 -1.65347 -2.75956
-0.271 -2.62651 -2.88366
-0.27 -4.29476 -3.04413
-0.269 -5.87366 -3.03323
-0.268 -6.54479 -2.67608
-0.267 -5.77876 -1.91121
-0.266 -3.55511 -0.827585
-0.265 -0.392128 0.356866
-0.264 2.82072 1.36481
-0.263 5.12332 1.95017
-0.262 5.81362 1.97906
-0.261 4.69529 1.47476
-0.26 2.15667 0.610133
-0.259 -0.958515 -0.352597
-0.258 -3.65311 -1.15421
-0.257 -5.13803 -1.62654
-0.256 -5.10916 -1.74106
-0.255 -3.83335 -1.60191
-0.254 -2.01958 -1.39079
-0.253 -0.535248 -1.28809
-0.252 -0.0771585 -1.39991
-0.251 -0.912764 -1.7162
-0.25 -2.7803 -2.11456
-0.249 -4.98632 -2.40833
-0.248 -6.66873 -2.42096
-0.247 -7.12518 -2.057
-0.246 -6.07761 -1.34126
-0.245 -3.77154 -0.412735
-0.244 -0.878949 0.521506
-0.243 1.74841 1.25305
-0.242 3.3762 1.63446
-0.241 3.62687 1.6164
-0.24 2.58148 1.25018
-0.239 0.715271 0.658174
-0.238 -1.3004 -0.0145215
-0.237 -2.84961 -0.648536
-0.236 -3.58103 -1.18108
-0.235 -3.50125 -1.61052
-0.234 -2.92689 -1.97715
-0.233 -2.32591 -2.33171
-0.232 -2.11871 -2.7073
-0.231 -2.51979 -3.10521
-0.23 -3.47727 -3.49666
-0.229 -4.72165 -3.83529
-0.228 -5.88833 -4.07318
-0.227 -6.65465 -4.17357
-0.226 -6.83877 -4.11635
-0.225 -6.43372 -3.89667
-0.224 -5.57757 -3.52095
-0.223 -4.48121 -3.00542
-0.222 -3.34733 -2.38042
-0.221 -2.31604 -1.69739
-0.22 -1.459 -1.03114
-0.219 -0.814078 -0.471032
-0.218 -0.424201 -0.100158
-0.217 -0.342785 0.0318479
-0.216 -0.597305 -0.067709
-0.215 -1.13852 -0.326886
-0.214 -1.81595 -0.625264
-0.213 -2.40266 -0.832729
-0.212 -2.66356 -0.858422
-0.211 -2.44468 -0.690236
-0.21 -1.75572 -0.407336
-0.209 -0.812264 -0.158365
-0.208 -0.00119742 -0.110244
-0.207 0.244968 -0.382987
-0.206 -0.369718 -0.993653
-0.205 -1.84721 -1.83405
-0.204 -3.84715 -2.69715
-0.203 -5.78181 -3.34689
-0.202 -7.01899 -3.60465
-0.201 -7.11475 -3.4167
-0.2 -5.994 -2.8762
-0.199 -4.01307 -2.19214
-0.198 -1.86646 -1.61552
-0.197 -0.347806 -1.34585
-0.196 -0.040983 -1.45016
-0.195 -1.06612 -1.82783
-0.194 -2.99837 -2.24201
-0.193 -5.00543 -2.41007
-0.192 -6.15301 -2.11662
-0.191 -5.76124 -1.30197
-0.19 -3.68078 -0.0926917
-0.189 -0.386309 1.23382
-0.188 3.15726 2.33697
-0.187 5.82155 2.92499
-0.186 6.72174 2.8547
-0.185 5.54909 2.1816
-0.184 2.69509 1.13626
-0.183 -0.886686 0.0334348
-0.182 -4.03115 -0.848481
-0.181 -5.79293 -1.3668
-0.18 -5.79623 -1.55592
-0.179 -4.36871 -1.6002
-0.178 -2.40518 -1.75266
-0.177 -1.01305 -2.22895
-0.176 -1.07744 -3.11347
-0.175 -2.91132 -4.31254
-0.174 -6.1191 -5.57596
-0.173 -9.72305 -6.58121
-0.172 -12.5096 -7.04693
-0.171 -13.4722 -6.82987
-0.17 -12.1837 -5.96966
-0.169 -8.95074 -4.66907
-0.168 -4.69292 -3.22198
-0.167 -0.603792 -1.91754
-0.166 2.26274 -0.954629
-0.165 3.32956 -0.394941
-0.164 2.65162 -0.16846
-0.163 0.850993 -0.124798
-0.162 -1.14127 -0.106518
-0.161 -2.44603 -0.0145309
-0.16 -2.56318 0.158013
-0.159 -1.5343 0.332826
-0.158 0.116318 0.387658
-0.157 1.617 0.211707
-0.156 2.24817 -0.248396
-0.155 1.59329 -0.968609
-0.154 -0.329266 -1.85602
-0.153 -3.07932 -2.77597
-0.152 -5.9433 -3.58439
-0.151 -8.16968 -4.15613
-0.15 -9.20627 -4.4055
-0.149 -8.85057 -4.29607
-0.148 -7.26882 -3.83925
-0.147 -4.90193 -3.08585
-0.146 -2.31486 -2.11846
-0.145 -0.0450176 -1.04825
-0.144 1.51581 -0.00988968
-0.143 2.19 0.856614
-0.142 2.02599 1.43917
-0.141 1.25838 1.6889
-0.14 0.233611 1.63769
-0.139 -0.679431 1.38662
-0.138 -1.1803 1.06968
-0.137 -1.11702 0.805684
-0.136 -0.537827 0.652236
-0.135 0.303211 0.575571
-0.134 0.997554 0.451087
-0.133 1.089 0.104894
-0.132 0.219442 -0.610845
-0.131 -1.72062 -1.73799
-0.13 -4.49035 -3.16637
-0.129 -7.50609 -4.64677
-0.128 -9.98834 -5.86136
-0.127 -11.213 -6.5264
-0.126 -10.7745 -6.49164
-0.125 -8.75796 -5.80183
-0.124 -5.75474 -4.6951
-0.123 -2.70607 -3.53148
-0.122 -0.609271 -2.6709
-0.121 -0.168559 -2.34404
-0.12 -1.51135 -2.56639
-0.119 -4.09653 -3.13168
-0.118 -6.88137 -3.6905
-0.117 -8.7017 -3.88677
-0.116 -8.71714 -3.50085
-0.115 -6.7413 -2.54235
-0.114 -3.32892 -1.2543
-0.113 0.409869 -0.0261033
-0.112 3.20118 0.749742
-0.111 4.07046 0.822687
-0.11 2.71488 0.179452
-0.109 -0.357304 -0.943583
-0.108 -3.99192 -2.13961
-0.107 -6.81612 -2.98016
-0.106 -7.76651 -3.17866
-0.105 -6.4983 -2.69871
-0.104 -3.50445 -1.75866
-0.103 0.0919399 -0.735041
-0.102 2.96833 -0.0145766
-0.101 4.08 0.143393
-0.1 3.01959 -0.308723
-0.099 0.153346 -1.19454
-0.098 -3.50905 -2.17781
-0.097 -6.68318 -2.88837
-0.096 -8.29156 -3.06509
-0.095 -7.85822 -2.65142
-0.094 -5.64224 -1.79816
-0.093 -2.46995 -0.78123
-0.092 0.623146 0.1144
-0.091 2.76495 0.690038
-0.09 3.50449 0.881979
-0.089 2.90801 0.762155
-0.088 1.48835 0.496019
-0.087 -0.0166949 0.268166
-0.086 -0.947912 0.202981
-0.085 -0.978264 0.318947
-0.084 -0.195949 0.538707
-0.083 1.00306 0.741204
-0.082 2.12124 0.819087
-0.081 2.74165 0.711395
-0.08 2.62142 0.405222
-0.079 1.70396 -0.0828871
-0.078 0.0789192 -0.731347
-0.077 -2.08516 -1.52961
-0.076 -4.59921 -2.47272
-0.075 -7.26188 -3.53285
-0.074 -9.81823 -4.62683
-0.073 -11.9247 -5.60781
-0.072 -13.1822 -6.29448
-0.071 -13.2501 -6.52814
-0.07 -11.9971 -6.23684
-0.069 -9.62664 -5.4846
-0.068 -6.71482 -4.48364
-0.067 -4.10737 -3.54715
-0.066 -2.6487 -2.97846
-0.065 -2.81301 -2.93581
-0.064 -4.42276 -3.34561
-0.063 -6.63876 -3.91876
-0.062 -8.25494 -4.26336
-0.061 -8.16455 -4.03966
-0.06 -5.81102 -3.09944
-0.059 -1.47937 -1.57048
-0.058 3.67184 0.144774
-0.057 7.91285 1.48232
-0.056 9.5644 1.92935
-0.055 7.72967 1.25482
-0.054 2.7753 -0.361261
-0.053 -3.71306 -2.37199
-0.052 -9.49096 -4.05832
-0.051 -12.4752 -4.78618
-0.05 -11.5082 -4.23308
-0.049 -6.81903 -2.51621
-0.048 -0.0228538 -0.174749
-0.047 6.40546 2.01141
-0.046 10.0602 3.3194
-0.045 9.58195 3.37648
-0.044 5.23843 2.31356
-0.043 -1.15678 0.713105
-0.042 -6.9372 -0.618938
-0.041 -9.60059 -0.965148
-0.04 -7.77761 0.0182539
-0.039 -1.8034 2.1462
-0.038 6.34892 4.75084
-0.037 13.7944 6.92794
-0.036 17.8475 7.8853
-0.035 17.0466 7.24142
-0.034 11.6799 5.15856
-0.033 3.65682 2.27867
-0.032 -4.19033 -0.504637
-0.031 -9.14435 -2.36777
-0.03 -9.64055 -2.86906
-0.029 -5.89275 -2.12232
-0.028 0.211742 -0.736037
-0.027 5.93404 0.463163
-0.026 8.81569 0.779445
-0.025 7.58913 -0.0956427
-0.024 2.55474 -1.99765
-0.023 -4.59404 -4.36415
-0.022 -11.3849 -6.43239
-0.021 -15.4708 -7.51737
-0.02 -15.5588 -7.28933
-0.019 -11.9511 -5.91968
-0.018 -6.36368 -3.99531
-0.017 -1.09652 -2.24034
-0.016 1.95762 -1.21096
-0.015 1.96913 -1.11449
-0.014 -0.678341 -1.78848
-0.013 -4.64282 -2.79659
-0.012 -8.14914 -3.59681
-0.011 -9.67795 -3.75195
-0.01 -8.61244 -3.12061
-0.009 -5.50249 -1.92348
-0.008 -1.72947 -0.621111
-0.007 1.23529 0.328011
-0.006 2.50264 0.67466
-0.005 2.03503 0.45061
-0.004 0.515766 -0.0869456
-0.003 -1.01546 -0.581131
-0.002 -1.62297 -0.725903
-0.001 -0.913977 -0.404319
0 0.738448 0.244842
0.001 2.39106 0.894909
0.002 3.09987 1.21876
0.003 2.48918 1.07668
0.004 0.949372 0.584938
0.005 -0.584358 0.0494267
0.006 -1.07002 -0.172831
0.007 0.180184 0.175593
0.008 3.13347 1.12679
0.009 6.90288 2.43177
0.01 10.0148 3.63168
0.011 11.0816 4.26479
0.012 9.54603 4.10913
0.013 6.02023 3.30581
0.014 2.02434 2.29308
0.015 -0.660036 1.61464
0.016 -0.680322 1.70821
0.017 2.35847 2.73665
0.018 7.63423 4.49172
0.019 13.2537 6.41437
0.02 16.9074 7.7758
0.021 16.8642 7.98425
0.022 12.8077 6.86631
0.023 6.02332 4.75483
0.024 -1.14051 2.34241
0.025 -6.20195 0.401203
0.026 -7.45301 -0.498338
0.027 -4.57927 -0.187457
0.028 1.15839 1.02444
0.029 7.29608 2.43467
0.03 11.0786 3.20539
0.031 10.599 2.71694
0.032 5.63001 0.850023
0.033 -2.26537 -1.95023
0.034 -10.3596 -4.84903
0.035 -15.8016 -6.93868
0.036 -16.6602 -7.5658
0.037 -12.6316 -6.56366
0.038 -5.17544 -4.31885
0.039 3.0075 -1.63792
0.04 9.00648 0.555086
0.041 10.825 1.5744
0.042 8.11806 1.22664
0.043 2.26247 -0.139226
0.044 -4.21882 -1.78901
0.045 -8.63283 -2.89506
0.046 -9.14277 -2.85634
0.047 -5.47095 -1.53349
0.048 1.01301 0.695608
0.049 7.87489 3.09093
0.05 12.6055 4.85011
0.051 13.5666 5.41547
0.052 10.5271 4.66284
0.053 4.66372 2.922
0.054 -1.90877 0.845643
0.055 -6.91406 -0.824279
0.056 -8.74611 -1.52226
0.057 -7.0389 -1.06118
0.058 -2.71318 0.320557
0.059 2.51333 2.09141
0.06 6.87535 3.66521
0.061 9.19826 4.62263
0.062 9.20693 4.82993
0.063 7.48838 4.44133
0.064 5.18765 3.81135
0.065 3.542 3.34973
0.066 3.40205 3.36014
0.067 4.93092 3.92229
0.068 7.61895 4.87393
0.069 10.5803 5.90021
0.07 12.9404 6.67468
0.071 14.1198 6.97558
0.072 13.9377 6.73614
0.073 12.5645 6.03228
0.074 10.3813 5.03087
0.075 7.81225 3.9221
0.076 5.19912 2.85904
0.077 2.76783 1.92667
0.078 0.675159 1.15012
0.079 -0.930608 0.528749
0.08 -1.90053 0.0669684
0.081 -2.13554 -0.218116
0.082 -1.6576 -0.31145
0.083 -0.662816 -0.224669
0.084 0.472967 -0.0166701
0.085 1.27085 0.205625
0.086 1.32209 0.319154
0.087 0.49857 0.243692
0.088 -0.922999 -0.00340551
0.089 -2.32247 -0.295605
0.09 -2.97351 -0.443308
0.091 -2.34249 -0.274705
0.092 -0.318252 0.288303
0.093 2.70005 1.18609
0.094 5.87819 2.21933
0.095 8.18777 3.09591
0.096 8.77349 3.52788
0.097 7.32122 3.35278
0.098 4.24775 2.62216
0.099 0.591314 1.60191
0.1 -2.36733 0.675174
0.101 -3.58574 0.194492
0.102 -2.6417 0.349968
0.103 0.114483 1.09991
0.104 3.67345 2.17952
0.105 6.71179 3.18538
0.106 8.06968 3.71798
0.107 7.19744 3.5387
0.108 4.38798 2.67527
0.109 0.680462 1.42172
0.11 -2.53822 0.227751
0.111 -4.06714 -0.472946
0.112 -3.3373 -0.42204
0.113 -0.601154 0.375386
0.114 3.18587 1.65966
0.115 6.7294 3.01513
0.116 8.86742 4.02405
0.117 8.98341 4.42081
0.118 7.21737 4.18779
0.119 4.39652 3.55482
0.12 1.70789 2.90316
0.121 0.241375 2.61299
0.122 0.589628 2.91444
0.123 2.66032 3.79904
0.124 5.75359 5.02394
0.125 8.84422 6.20389
0.126 10.9439 6.95099
0.127 11.4167 7.00663
0.128 10.1555 6.31945
0.129 7.57521 5.04894
0.13 4.4338 3.50094
0.131 1.55411 2.0203
0.132 -0.44426 0.877392
0.133 -1.30491 0.189126
0.134 -1.14822 -0.0959113
0.135 -0.365605 -0.146143
0.136 0.545351 -0.15854
0.137 1.14534 -0.275588
0.138 1.17358 -0.538866
0.139 0.599746 -0.886703
0.14 -0.393193 -1.18599
0.141 -1.47597 -1.28343
0.142 -2.264 -1.06141
0.143 -2.41262 -0.480863
0.144 -1.70488 0.405255
0.145 -0.118697 1.47267
0.146 2.14523 2.56676
0.147 4.68789 3.54124
0.148 6.98599 4.28003
0.149 8.50385 4.70377
0.15 8.82997 4.77161
0.151 7.81345 4.48476
0.152 5.65233 3.88974
0.153 2.87766 3.0761
0.154 0.211609 2.16613
0.155 -1.65911 1.29698
0.156 -2.3079 0.595602
0.157 -1.70982 0.149214
0.158 -0.256311 -0.0203698
0.159 1.36451 0.0344365
0.16 2.40195 0.205015
0.161 2.33089 0.369923
0.162 1.08762 0.448856
0.163 -0.860692 0.444919
0.164 -2.66477 0.454797
0.165 -3.40781 0.637493
0.166 -2.45853 1.1493
0.167 0.270756 2.06872
0.168 4.24854 3.34229
0.169 8.46042 4.77598
0.17 11.7279 6.07968
0.171 13.1151 6.95226
0.172 12.2754 7.18
0.173 9.58877 6.71366
0.174 6.02557 5.69346
0.175 2.78672 4.40657
0.176 0.866756 3.1882
0.177 0.702176 2.30304
0.178 2.02808 1.85477
0.179 3.99179 1.75958
0.18 5.48606 1.79139
0.181 5.58335 1.6783
0.182 3.90545 1.21485
0.183 0.781362 0.351086
0.184 -2.86845 -0.774051
0.185 -5.87192 -1.872
0.186 -7.23727 -2.60736
0.187 -6.51547 -2.72623
0.188 -3.95997 -2.15659
0.189 -0.425589 -1.03837
0.19 2.95132 0.325675
0.191 5.16496 1.57475
0.192 5.68625 2.41011
0.193 4.61946 2.69088
0.194 2.62498 2.47537
0.195 0.648493 1.99243
0.196 -0.441258 1.54915
0.197 -0.172952 1.40855
0.198 1.36979 1.68795
0.199 3.61214 2.32027
0.2 5.73615 3.08946
0.201 6.99987 3.71816
0.202 6.9972 3.97057
0.203 5.77189 3.73501
0.204 3.76639 3.06164
0.205 1.64069 2.14282
0.206 0.0283376 1.24138
0.207 -0.68394 0.593179
0.208 -0.469466 0.324303
0.209 0.375047 0.416846
0.21 1.38826 0.732297
0.211 2.14081 1.07558
0.212 2.38085 1.27067
0.213 2.08381 1.22138
0.214 1.4154 0.93982
0.215 0.643747 0.535553
0.216 0.0367918 0.169988
0.217 -0.223228 -0.00545277
0.218 -0.0793773 0.0984378
0.219 0.419574 0.485928
0.22 1.17892 1.087
0.221 2.11321 1.79018
0.222 3.15899 2.48078
0.223 4.24536 3.07092
0.224 5.25796 3.51404
0.225 6.03495 3.8021
0.226 6.40591 3.94997
0.227 6.25575 3.97758
0.228 5.58481 3.8999
0.229 4.53938 3.72777
0.23 3.39318 3.47436
0.231 2.47095 3.15903
0.232 2.02836 2.80443
0.233 2.13352 2.42845
0.234 2.61057 2.03607
0.235 3.0855 1.6151
0.236 3.12708 1.14039
0.237 2.42986 0.589571
0.238 0.9654 -0.0328099
0.239 -0.962541 -0.675014
0.24 -2.79045 -1.2364
0.241 -3.88022 -1.59089
0.242 -3.7561 -1.62863
0.243 -2.30324 -1.29903
0.244 0.15519 -0.638212
0.245 2.9405 0.228897
0.246 5.23745 1.1155
0.247 6.37601 1.8254
0.248 6.07517 2.21695
0.249 4.55358 2.25343
0.25 2.45509 2.01559
0.251 0.608321 1.66738
0.252 -0.28954 1.38849
0.253 0.0612506 1.30242
0.254 1.45024 1.42811
0.255 3.23464 1.67105
0.256 4.57561 1.85687
0.257 4.75303 1.79924
0.258 3.45159 1.38085
0.259 0.90946 0.615381
0.26 -2.14018 -0.338837
0.261 -4.72402 -1.224
0.262 -5.98182 -1.77048
0.263 -5.47474 -1.7913
0.264 -3.33247 -1.2472
0.265 -0.198888 -0.261335
0.266 2.99166 0.919754
0.267 5.33147 2.00705
0.268 6.24821 2.76602
0.269 5.69722 3.09492
0.27 4.15919 3.05279
0.271 2.43813 2.82449
0.272 1.34201 2.63732
0.273 1.37947 2.66541
0.274 2.58766 2.96043
0.275 4.53842 3.43181
0.276 6.5031 3.88065
0.277 7.71435 4.07418
0.278 7.63913 3.83511
0.279 6.16979 3.11357
0.28 3.66245 2.0134
0.281 0.806475 0.760817
0.282 -1.6215 -0.371966
0.283 -3.01933 -1.15697
0.284 -3.14137 -1.48017
0.285 -2.14896 -1.36792
0.286 -0.527468 -0.964847
0.287 1.09368 -0.473704
0.288 2.15567 -0.0794123
0.289 2.34875 0.115181
0.29 1.69679 0.118324
0.291 0.524715 0.0335688
0.292 -0.672184 0.00845794
0.293 -1.4051 0.170595
0.294 -1.35324 0.576067
0.295 -0.459936 1.18758
0.296 1.062 1.88767
0.297 2.81039 2.52015
0.298 4.32597 2.94361
0.299 5.23057 3.07667
0.3 5.33079 2.91826
0.301 4.66312 2.53828
0.302 3.47284 2.0463
0.303 2.13395 1.55313
0.304 1.03218 1.13863
0.305 0.447807 0.834831
0.306 0.476733 0.627464
0.307 1.01252 0.473382
0.308 1.78772 0.325338
0.309 2.45659 0.15272
0.31 2.697 -0.0504959
0.311 2.30887 -0.270694
0.312 1.28361 -0.484961
0.313 -0.181134 -0.669147
0.314 -1.73346 -0.801231
0.315 -2.97171 -0.861862
0.316 -3.56621 -0.834642
0.317 -3.35896 -0.70723
0.318 -2.41243 -0.473746
0.319 -0.994232 -0.13959
0.32 0.499635 0.271521
0.321 1.66441 0.713117
0.322 2.21473 1.12131
0.323 2.07837 1.43233
0.324 1.42064 1.60598
0.325 0.587857 1.64351
0.326 -0.0129242 1.59009
0.327 -0.0580878 1.51992
0.328 0.574589 1.50945
0.329 1.75639 1.60784
0.33 3.14422 1.81401
0.331 4.29101 2.06932
0.332 4.79353 2.27243
0.333 4.42972 2.31448
0.334 3.24093 2.12294
0.335 1.52945 1.69572
0.336 -0.233446 1.10996
0.337 -1.56185 0.500336
0.338 -2.11574 0.0151775
0.339 -1.80719 -0.233292
0.34 -0.81687 -0.207276
0.341 0.477585 0.0429425
0.342 1.63112 0.395906
0.343 2.27581 0.702179
0.344 2.2387 0.839484
0.345 1.5966 0.759301
0.346 0.644803 0.505862
0.347 -0.214065 0.199007
0.348 -0.61849 -0.0123562
0.349 -0.374647 -0.00789401
0.35 0.483127 0.256857
0.351 1.71011 0.730544
0.352 2.93136 1.28057
0.353 3.75655 1.73725
0.354 3.90006 1.9524
0.355 3.27375 1.85183
0.356 2.01818 1.46195
0.357 0.456802 0.899946
0.358 -1.00963 0.331703
0.359 -2.02657 -0.0863729
0.36 -2.38535 -0.260147
0.361 -2.07347 -0.186432
0.362 -1.26904 0.051845
0.363 -0.283482 0.320796
0.364 0.536184 0.487613
0.365 0.919609 0.470428
0.366 0.761148 0.267678
0.367 0.151446 -0.0431014
0.368 -0.655945 -0.335086
0.369 -1.32831 -0.479089
0.37 -1.56071 -0.39102
0.371 -1.17604 -0.0628365
0.372 -0.190339 0.43432
0.373 1.17978 0.975368
0.374 2.57625 1.42465
0.375 3.60917 1.68035
0.376 3.97908 1.70352
0.377 3.57178 1.52369
0.378 2.4973 1.22257
0.379 1.06091 0.903133
0.38 -0.32883 0.653822
0.381 -1.29017 0.520126
0.382 -1.59459 0.493638
0.383 -1.24285 0.522379
0.384 -0.461638 0.536801
0.385 0.376938 0.478858
0.386 0.882882 0.32207
0.387 0.781938 0.0780781
0.388 0.0151801 -0.208251
0.389 -1.22868 -0.472133
0.39 -2.56597 -0.647794
0.391 -3.54492 -0.688051
0.392 -3.80299 -0.577524
0.393 -3.19486 -0.334237
0.394 -1.8441 -0.000418887
0.395 -0.104037 0.370885
0.396 1.55498 0.727117
0.397 2.69589 1.02454
0.398 3.05742 1.23537
0.399 2.64173 1.35281
0.4 1.71136 1.39077
0.401 0.691583 1.3772
0.402 0.0142133 1.34406
0.403 -0.0364042 1.31821
0.404 0.580069 1.31497
0.405 1.65003 1.33331
0.406 2.78153 1.35359
0.407 3.54005 1.34153
0.408 3.6015 1.25993
0.409 2.86921 1.08407
0.41 1.51014 0.813559
0.411 -0.103917 0.476096
0.412 -1.52529 0.122921
0.413 -2.37991 -0.182526
0.414 -2.48582 -0.381361
0.415 -1.90468 -0.438432
0.416 -0.912235 -0.356773
0.417 0.102231 -0.179067
0.418 0.772885 0.0262107
0.419 0.880926 0.187892
0.42 0.419957 0.255001
0.421 -0.415445 0.212645
0.422 -1.30642 0.0874905
0.423 -1.92156 -0.0595265
0.424 -2.02738 -0.15386
0.425 -1.56374 -0.136143
0.426 -0.659589 0.0129281
0.427 0.416564 0.263785
0.428 1.35213 0.548869
0.429 1.89415 0.786844
0.43 1.92428 0.910102
0.431 1.48556 0.887634
0.432 0.759424 0.737336
0.433 0.00356936 0.522331
0.434 -0.531488 0.329301
0.435 -0.681822 0.235382
0.436 -0.418775 0.278026
0.437 0.149714 0.44141
0.438 0.822005 0.663686
0.439 1.37009 0.859712
0.44 1.60792 0.950282
0.441 1.44356 0.889516
0.442 0.904254 0.682376
0.443 0.127817 0.384661
0.444 -0.679014 0.0830178
0.445 -1.30346 -0.137554
0.446 -1.58984 -0.224142
0.447 -1.48253 -0.171813
0.448 -1.03766 -0.0210861
0.449 -0.403718 0.159368
0.45 0.222825 0.298153
0.451 0.655924 0.347173
0.452 0.777066 0.29946
0.453 0.572717 0.190745
0.454 0.138354 0.0831138
0.455 -0.352926 0.0385054
0.456 -0.706633 0.094408
0.457 -0.770322 0.250916
0.458 -0.485627 0.471622
0.459 0.0871519 0.696254
0.46 0.782075 0.860977
0.461 1.37749 0.920405
0.462 1.66813 0.863124
0.463 1.53477 0.713697
0.464 0.986729 0.520557
0.465 0.163393 0.336683
0.466 -0.705838 0.202166
0.467 -1.37151 0.13428
0.468 -1.64337 0.126245
0.469 -1.45297 0.153642
0.47 -0.876455 0.186435
0.471 -0.107474 0.20267
0.472 0.610545 0.197774
0.473 1.06779 0.184693
0.474 1.15746 0.185481
0.475 0.908491 0.219819
0.476 0.47207 0.296375
0.477 0.0662612 0.409762
0.478 -0.103768 0.542676
0.479 0.0773726 0.671545
0.48 0.589738 0.773943
0.481 1.28158 0.835354
0.482 1.92065 0.852045
0.483 2.27378 0.828381
0.484 2.18592 0.770674
0.485 1.63239 0.681958
0.486 0.728401 0.561079
0.487 -0.30667 0.406328
0.488 -1.21865 0.220935
0.489 -1.79881 0.0169886
0.49 -1.94741 -0.18419
0.491 -1.69874 -0.355648
0.492 -1.20012 -0.471919
0.493 -0.654659 -0.517593
0.494 -0.249109 -0.493487
0.495 -0.0921019 -0.416936
0.496 -0.182309 -0.315163
0.497 -0.41544 -0.214031
0.498 -0.626157 -0.127258
0.499 -0.649966 -0.051206
0.5 -0.383763 0.0326522
0.501 0.17561 0.148651
0.502 0.927422 0.314292
0.503 1.69819 0.528825
0.504 2.29657 0.768266
0.505 2.57303 0.989887
0.506 2.4646 1.14542
0.507 2.01157 1.19826
0.508 1.34241 1.1375
0.509 0.633035 0.982824
0.51 0.0536626 0.778429
0.511 -0.280632 0.578281
0.512 -0.340777 0.427335
0.513 -0.186759 0.345443
0.514 0.057707 0.320576
0.515 0.249694 0.31462
0.516 0.275517 0.279981
0.517 0.0877228 0.180357
0.518 -0.280383 0.00690837
0.519 -0.726377 -0.216577
0.52 -1.11217 -0.440824
0.521 -1.30895 -0.607702
0.522 -1.24014 -0.670937
0.523 -0.908599 -0.613627
0.524 -0.398571 -0.455495
0.525 0.149476 -0.246198
0.526 0.583373 -0.0467059
0.527 0.788694 0.0936772
0.528 0.726101 0.154969
0.529 0.443928 0.152252
0.53 0.0625517 0.128364
0.531 -0.264076 0.136691
0.532 -0.398209 0.219894
0.533 -0.26441 0.391976
0.534 0.123034 0.630593
0.535 0.662115 0.883386
0.536 1.1962 1.08654
0.537 1.56753 1.1881
0.538 1.67094 1.16622
0.539 1.48761 1.03547
0.54 1.08865 0.839881
0.541 0.609738 0.636186
0.542 0.205835 0.473336
0.543 -0.000556575 0.375673
0.544 0.0379646 0.33575
0.545 0.276011 0.319841
0.546 0.592317 0.284259
0.547 0.836536 0.195519
0.548 0.886457 0.0455849
0.549 0.692335 -0.143808
0.55 0.293641 -0.328685
0.551 -0.194258 -0.458681
0.552 -0.617354 -0.495047
0.553 -0.833452 -0.424348
0.554 -0.761374 -0.263105
0.555 -0.411354 -0.0516307
0.556 0.117352 0.160599
0.557 0.672054 0.331918
0.558 1.10002 0.44086
0.559 1.29808 0.489807
0.56 1.24199 0.499626
0.561 0.988541 0.498244
0.562 0.651881 0.50786
0.563 0.361746 0.53554
0.564 0.216965 0.570626
0.565 0.250992 0.590034
0.566 0.423254 0.56912
0.567 0.638803 0.492969
0.568 0.786586 0.363148
0.569 0.78126 0.197871
0.57 0.594542 0.0264614
0.571 0.265975 -0.119478
0.572 -0.110619 -0.21528
0.573 -0.420074 -0.249959
0.574 -0.565523 -0.22809
0.575 -0.499458 -0.165824
0.576 -0.236057 -0.082873
0.577 0.156367 0.00521162
0.578 0.577834 0.0907383
0.579 0.927441 0.172982
0.58 1.13385 0.254625
0.581 1.17483 0.33778
0.582 1.07777 0.420897
0.583 0.902222 0.497182
0.584 0.714563 0.555269
0.585 0.56644 0.582796
0.586 0.482782 0.571724
0.587 0.45838 0.522154
0.588 0.461688 0.442084
0.589 0.446713 0.34367
0.59 0.371542 0.238791
0.591 0.216126 0.13637
0.592 -0.00965715 0.0419121
0.593 -0.270329 -0.0417349
0.594 -0.516244 -0.113042
0.595 -0.695314 -0.169755
0.596 -0.763109 -0.206774
0.597 -0.692958 -0.215891
0.598 -0.485032 -0.188549
0.599 -0.169283 -0.120412
0.6 0.20145 -0.014841
0.601 0.565736 0.116825
0.602 0.86892 0.258188
0.603 1.07495 0.392213
0.604 1.17356 0.505448
0.605 1.18237 0.591104
0.606 1.14173 0.650146
0.607 1.10147 0.689509
0.608 1.10296 0.717721
0.609 1.16336 0.739916
0.61 1.26843 0.754747
0.611 1.37615 0.754652
0.612 1.43002 0.729141
0.613 1.37866 0.669499
0.614 1.1958 0.573064
0.615 0.893229 0.445648
0.616 0.520724 0.301033
0.617 0.152436 0.157296
0.618 -0.135086 0.0312815
0.619 -0.286097 -0.0662805
0.62 -0.28367 -0.132983
0.621 -0.156887 -0.1738
0.622 0.0271831 -0.197874
0.623 0.186537 -0.214483
0.624 0.254462 -0.22935
0.625 0.204142 -0.242243
0.626 0.0575239 -0.246896
0.627 -0.123402 -0.233763
0.628 -0.257874 -0.194488
0.629 -0.27339 -0.125723
0.63 -0.131785 -0.0305014
0.631 0.15382 0.0828685
0.632 0.519578 0.203029
0.633 0.871632 0.317756
0.634 1.11941 0.416036
0.635 1.20702 0.4903
0.636 1.13044 0.538018
0.637 0.936017 0.561278
0.638 0.703458 0.564347
0.639 0.518746 0.550983
0.64 0.444263 0.523332
0.641 0.495845 0.482497
0.642 0.636705 0.429298
0.643 0.792008 0.364168
0.644 0.878112 0.286919
0.645 0.834147 0.197722
0.646 0.643996 0.0990023
0.647 0.342218 -0.003488
0.648 0.00324316 -0.101393
0.649 -0.282724 -0.185404
0.65 -0.439801 -0.246459
0.651 -0.43179 -0.276383
0.652 -0.273126 -0.269118
0.653 -0.0219682 -0.223051
0.654 0.240958 -0.142947
0.655 0.439817 -0.0395407
0.656 0.5282 0.0733247
0.657 0.50283 0.182321
0.658 0.401924 0.277444
0.659 0.288619 0.353567
0.66 0.226016 0.410821
0.661 0.254252 0.453577
0.662 0.377654 0.48763
0.663 0.564426 0.516318
0.664 0.757662 0.537701
0.665 0.894629 0.544561
0.666 0.928638 0.527151
0.667 0.845648 0.47733
0.668 0.668798 0.392617
0.669 0.449075 0.278945
0.67 0.247134 0.150973
0.671 0.114538 0.029161
0.672 0.0800407 -0.0659841
0.673 0.142798 -0.12028
0.674 0.273755 -0.129877
0.675 0.425954 -0.10145
0.676 0.551097 -0.0491934
0.677 0.615862 0.0100473
0.678 0.611127 0.0622917
0.679 0.551264 0.10111
0.68 0.466034 0.129474
0.681 0.389798 0.157327
0.682 0.350906 0.195558
0.683 0.362755 0.249537
0.684 0.419152 0.315656
0.685 0.49664 0.382034
0.686 0.563231 0.432182
0.687 0.589509 0.450034
0.688 0.557471 0.425278
0.689 0.464796 0.357716
0.69 0.324864 0.258643
0.691 0.163487 0.147681
0.692 0.0125085 0.045887
0.693 -0.0988361 -0.0314872
0.694 -0.151901 -0.079015
0.695 -0.142885 -0.100763
0.696 -0.0825848 -0.106887
0.697 0.00723801 -0.108904
0.698 0.0997325 -0.114921
0.699 0.170325 -0.126054
0.7 0.204195 -0.135631
0.701 0.201228 -0.132137
0.702 0.175928 -0.104877
0.703 0.152135 -0.049454
0.704 0.15495 0.0297364
0.705 0.20262 0.120766
0.706 0.300025 0.208082
0.707 0.435165 0.277377
0.708 0.580768 0.319907
0.709 0.702064 0.334903
0.71 0.768385 0.329048
0.711 0.763538 0.31303
0.712 0.690653 0.296632
0.713 0.570559 0.284714
0.714 0.435304 0.275838
0.715 0.318778 0.263744
0.716 0.246048 0.240747
0.717 0.224283 0.201685
0.718 0.239675 0.146934
0.719 0.262996 0.0831269
0.72 0.26163 0.0210508
0.721 0.212362 -0.0284593
0.722 0.109824 -0.0586313
0.723 -0.0313695 -0.0688928
0.724 -0.180357 -0.0643133
0.725 -0.298704 -0.0530223
0.726 -0.352596 -0.0427825
0.727 -0.325002 -0.0377893
0.728 -0.222346 -0.0367684
0.729 -0.072085 -0.0333992
0.73 0.0875241 -0.0193157
0.731 0.220485 0.0115263
0.732 0.303947 0.0594191
0.733 0.334027 0.11826
0.734 0.325614 0.177748
0.735 0.306205 0.226986
0.736 0.305018 0.257957
0.737 0.341002 0.268018
0.738 0.41485 0.260761
0.739 0.508572 0.24462
0.74 0.592341 0.229241
0.741 0.635307 0.221006
0.742 0.616298 0.22009
0.743 0.531039 0.220677
0.744 0.393859 0.21399
0.745 0.233351 0.192298
0.746 0.0832002 0.152221
0.747 -0.0285623 0.0965295
0.748 -0.0877582 0.0340158
0.749 -0.0968819 -0.0228661
0.75 -0.0721828 -0.0622092
0.751 -0.0365719 -0.0771283
0.752 -0.0109758 -0.0682596
0.753 -0.00711081 -0.0430093
0.754 -0.0241403 -0.012213
0.755 -0.0502779 0.0139756
0.756 -0.0684452 0.0294279
0.757 -0.0633726 0.0338211
0.758 -0.0272038 0.0324125
0.759 0.0380612 0.0336308
0.76 0.121413 0.0451084
0.761 0.206301 0.0698576
0.762 0.275654 0.104549
0.763 0.316946 0.140701
0.764 0.3255 0.167916
0.765 0.304805 0.177567
0.766 0.264036 0.165708
0.767 0.214491 0.134505
0.768 0.16672 0.0917329
0.769 0.128818 0.0481926
0.77 0.105338 0.0137975
0.771 0.0965409 -0.00592224
0.772 0.098548 -0.0111937
0.773 0.104909 -0.00684499
0.774 0.108996 0.000369788
0.775 0.105937 0.00460363
0.776 0.0934238 0.00306365
0.777 0.0719776 -0.00296491
0.778 0.0453018 -0.00861696
0.779 0.0202568 -0.00758075
0.78 0.00532992 0.00489759
0.781 0.00746211 0.0296763
0.782 0.0287691 0.0632815
0.783 0.065139 0.0993322
0.784 0.107335 0.130777
0.785 0.143677 0.151951
0.786 0.16317 0.160039
0.787 0.158626 0.155735
0.788 0.129353 0.14277
0.789 0.0823256 0.126208
0.79 0.030552 0.110211
0.791 -0.0113747 0.096522
0.792 -0.0326773 0.0844255
0.793 -0.0301666 0.0718707
0.794 -0.00896322 0.0568467
0.795 0.0196001 0.038435
0.796 0.0419135 0.0174492
0.797 0.0468116 -0.00342466
0.798 0.0298195 -0.0202789
0.799 -0.00464344 -0.0294419
0.8 -0.0443539 -0.0290507
0.801 -0.0736101 -0.0197489
0.802 -0.0790654 -0.00414191
0.803 -0.0546157 0.0144382
0.804 -0.00359959 0.0330603
0.805 0.0622046 0.049895
0.806 0.126399 0.0645611
0.807 0.173453 0.0780573
0.808 0.193982 0.092048
0.809 0.187787 0.107611
0.81 0.16345 0.124158
0.811 0.134717 0.139314
0.812 0.115212 0.149832
0.813 0.113475 0.152891
0.814 0.129911 0.14706
0.815 0.156598 0.132744
0.816 0.180225 0.112179
0.817 0.187281 0.0889484
0.818 0.169376 0.0669052
0.819 0.126429 0.0487831
0.82 0.066532 0.0352222
0.821 0.00292724 0.0248046
0.822 -0.0504594 0.0150264
0.823 -0.0833961 0.00358367
0.824 -0.0924261 -0.0105982
0.825 -0.0816764 -0.026795
0.826 -0.0608512 -0.042461
0.827 -0.0410305 -0.0538929
0.828 -0.0301847 -0.0575351
0.829 -0.0304836 -0.0514463
0.83 -0.0383135 -0.0362033
0.831 -0.0464568 -0.0147964
0.832 -0.0471764 0.00834847
0.833 -0.0350953 0.0287293
0.834 -0.00916113 0.0430812
0.835 0.026856 0.0503463
0.836 0.0656546 0.0519612
0.837 0.099077 0.0511967
0.838 0.120964 0.0517219
0.839 0.128907 0.0560404
0.84 0.124348 0.064517
0.841 0.111341 0.0753225
0.842 0.0947754 0.0851403
0.843 0.0787576 0.0903029
0.844 0.0655981 0.0880902
0.845 0.0555375 0.0778638
0.846 0.0471948 0.0615337
0.847 0.0385067 0.0430017
0.848 0.0277588 0.0267672
0.849 0.0143261 0.0163628
0.85 -0.00111056 0.013291
0.851 -0.0169175 0.0167477
0.852 -0.031202 0.0240363
0.853 -0.0424183 0.0314865
0.854 -0.0495924 0.0357128
0.855 -0.0522402 0.0348763
0.856 -0.0502613 0.0293967
0.857 -0.043967 0.0217095
0.858 -0.0341298 0.0151811
0.859 -0.0218551 0.0127414
0.86 -0.00830425 0.0158288
0.861 0.00547332 0.0239508
0.862 0.0185069 0.0348755
0.863 0.0299051 0.0453599
0.864 0.0390879 0.0522616
0.865 0.0460896 0.0536877
0.866 0.0515888 0.0496853
0.867 0.056528 0.0421417
0.868 0.0615648 0.0339718
0.869 0.0667307 0.0279948
0.87 0.0714239 0.0259604
0.871 0.0745756 0.0280275
0.872 0.0748937 0.0328101
0.873 0.0712654 0.0379482
0.874 0.0632901 0.0410253
0.875 0.0516686 0.0404899
0.876 0.0381628 0.0362
0.877 0.0250888 0.0293821
0.878 0.0145907 0.0220823
0.879 0.00801897 0.0163714
0.88 0.00559701 0.0136104
0.881 0.00641916 0.0140215
0.882 0.00881713 0.0166968
0.883 0.0110437 0.0200284
0.884 0.011982 0.0223864
0.885 0.0115143 0.0227554
0.886 0.0104108 0.0210548
0.887 0.00987788 0.018046
0.888 0.0110038 0.0149305
0.889 0.0142733 0.0128336
0.89 0.0192531 0.0123673
0.891 0.0245866 0.0134265
0.892 0.0284318 0.0152797
0.893 0.0292185 0.0169117
0.894 0.026298 0.0174741
0.895 0.0201095 0.0166378
0.896 0.0118695 0.0146797
0.897 0.00309214 0.01229
0.898 -0.00481003 0.0102267
0.899 -0.0108169 0.00899201
0.9 -0.0145264 0.0086637
0.901 -0.0162057 0.00893357
0.902 -0.0165124 0.00930943
0.903 -0.01599 0.00938149
0.904 -0.0147097 0.00904677
0.905 -0.0123333 0.0085919
0.906 -0.0084791 0.00857906
0.907 -0.0030408 0.00957483
0.908 0.00373671 0.0118466
0.909 0.0113235 0.0151751
0.91 0.0189675 0.0188874
0.911 0.0257904 0.0221027
0.912 0.0310196 0.0240672
0.913 0.0342763 0.0244275
0.914 0.0356782 0.0233447
0.915 0.0356325 0.021422
0.916 0.0344889 0.0194682
0.917 0.0323456 0.018173
0.918 0.0291078 0.0178108
0.919 0.024651 0.0181052
0.92 0.0189498 0.0183409
0.921 0.0121754 0.0176888
0.922 0.00479958 0.0155879
0.923 -0.00236756 0.0120084
0.924 -0.00833385 0.00749654
0.925 -0.0122667 0.00300232
0.926 -0.0138123 -0.00043977
0.927 -0.0131781 -0.00207133
0.928 -0.0109771 -0.00168999
0.929 -0.00799221 0.000266296
0.93 -0.00496144 0.00288652
0.931 -0.00238223 0.00514532
0.932 -0.000354878 0.00629419
0.933 0.00143353 0.00611864
0.934 0.00350526 0.00497273
0.935 0.00625093 0.00359922
0.936 0.00967656 0.002816
0.937 0.013392 0.00318501
0.938 0.0167815 0.00478532
0.939 0.0192045 0.00718031
0.94 0.020166 0.00959448
0.941 0.019472 0.0112235
0.942 0.0173447 0.0115436
0.943 0.0143981 0.0104959
0.944 0.0114155 0.00848609
0.945 0.00902926 0.0062134
0.946 0.00750251 0.00439963
0.947 0.00672358 0.00352266
0.948 0.00634293 0.00365642
0.949 0.00592983 0.00447695
0.95 0.00510498 0.0054221
0.951 0.00366564 0.00592879
0.952 0.00168292 0.00564719
0.953 -0.000502705 0.00455392
0.954 -0.00242794 0.00293511
0.955 -0.00372004 0.00125822
0.956 -0.00423815 -1.4743e-05
0.957 -0.00407503 -0.000599164
0.958 -0.00346814 -0.000476468
0.959 -0.00270032 0.000130764
0.96 -0.00202119 0.000874483
0.961 -0.00158129 0.00142892
0.962 -0.00138499 0.00160806
0.963 -0.00129746 0.00141393
0.964 -0.00112316 0.00100915
0.965 -0.000713797 0.000632778
0.966 -3.53617e-05 0.000494331
0.967 0.00083472 0.000688953
0.968 0.00175415 0.00116811
0.969 0.00256769 0.00177296
0.97 0.00314822 0.00230779
0.971 0.00342692 0.00261682
0.972 0.00340876 0.00263356
0.973 0.00316236 0.00238975
0.974 0.00278397 0.00198823
0.975 0.00235722 0.00155482
0.976 0.00193307 0.00118923
0.977 0.00153367 0.000934733
0.978 0.00116617 0.000777188
0.979 0.000833962 0.000668664
0.98 0.000542454 0.000559545
0.981 0.000300741 0.000422892
0.982 0.000119537 0.000262524
0.983 5.14072e-06 0.000105605
0.984 -4.69486e-05 -1.38746e-05
0.985 -5.25198e-05 -7.25467e-05
0.986 -3.19529e-05 -6.83151e-05
0.987 -2.12146e-06 -1.9697e-05
0.988 2.7313e-05 4.45007e-05
0.989 5.27921e-05 9.83618e-05
0.99 7.38047e-05 0.000127748
0.991 9.01582e-05 0.000131729
0.992 0.000100409 0.000118111
0.993 0.00010187 9.69563e-05
0.994 9.23818e-05 7.55501e-05
0.995 7.27994e-05 5.66091e-05
0.996 4.79482e-05 3.97253e-05
0.997 2.4758e-05 2.42583e-05
0.998 8.75602e-06 1.12019e-05
0.999 1.41319e-06 2.70235e-06
0.12 0.0728499 0.0372569
0.24 0.0728113 0.0378217
0.36 0.0727493 0.0387601
0.48 0.0726672 0.0400677
0.6 0.0725697 0.0417385
0.72 0.0724626 0.0437647
0.84 0.0723532 0.0461369
0.96 0.0722495 0.0488442
1.08 0.072161 0.0518741
1.2 0.0720978 0.0552127
1.32 0.072071 0.0588446
1.44 0.0720925 0.0627533
1.56 0.0721747 0.066921
1.68 0.0723306 0.0713288
1.8 0.0725735 0.075957
1.92 0.072917 0.0807846
2.04 0.0733748 0.0857903
2.16 0.0739606 0.0909519
2.28 0.0746878 0.0962467
2.4 0.0755696 0.101652
2.52 0.0766188 0.107143
2.64 0.0778474 0.112698
2.76 0.0792669 0.118292
2.88 0.0808879 0.123903
3 0.08272 0.129506
3.12 0.0847717 0.135079
3.24 0.0870504 0.1406
3.36 0.0895622 0.146046
3.48 0.0923119 0.151395
3.6 0.0953029 0.156628
3.72 0.0985369 0.161725
3.84 0.102014 0.166666
3.96 0.105734 0.171434
4.08 0.109692 0.176012
4.2 0.113886 0.180385
4.32 0.118308 0.184538
4.44 0.122952 0.188458
4.56 0.127807 0.192133
4.68 0.132863 0.195552
4.8 0.138109 0.198707
4.92 0.143529 0.201589
5.04 0.149111 0.204193
5.16 0.154836 0.206512
5.28 0.160689 0.208544
5.4 0.16665 0.210286
5.52 0.172701 0.211737
5.64 0.178821 0.212896
5.76 0.18499 0.213766
5.88 0.191187 0.214349
6 0.19739 0.214648
6.12 0.203577 0.214669
6.24 0.209727 0.214418
6.36 0.215817 0.2139
6.48 0.221826 0.213123
6.6 0.227732 0.212097
6.72 0.233515 0.210829
6.84 0.239154 0.20933
6.96 0.244629 0.207609
7.08 0.249923 0.205677
7.2 0.255017 0.203545
7.32 0.259895 0.201225
7.44 0.26454 0.198727
7.56 0.26894 0.196064
7.68 0.273082 0.193246
7.8 0.276953 0.190285
7.92 0.280544 0.187193
8.04 0.283847 0.183981
8.16 0.286855 0.180658
8.28 0.289563 0.177237
8.4 0.291967 0.173727
8.52 0.294065 0.170138
8.64 0.295857 0.16648
8.76 0.297345 0.16276
8.88 0.298531 0.158988
9 0.299419 0.15517
9.12 0.300015 0.151315
9.24 0.300326 0.147429
9.36 0.300362 0.143517
9.48 0.30013 0.139585
9.6 0.299643 0.135638
9.72 0.298912 0.131679
9.84 0.29795 0.127714
9.96 0.296769 0.123744
10.08 0.295386 0.119772
10.2 0.293814 0.1158
10.32 0.292068 0.111831
10.44 0.290165 0.107865
10.56 0.288121 0.103904
10.68 0.285951 0.0999468
10.8 0.283671 0.0959954
10.92 0.281297 0.0920495
11.04 0.278846 0.0881091
11.16 0.276331 0.0841741
11.28 0.273769 0.0802444
11.4 0.271173 0.0763198
11.52 0.268557 0.0724002
11.64 0.265934 0.0684855
11.76 0.263317 0.064576
11.88 0.260715 0.0606719
12 0.258141 0.0567737
12.12 0.255603 0.0528823
12.24 0.25311 0.0489987
12.36 0.250669 0.0451242
12.48 0.248286 0.0412608
12.6 0.245967 0.0374104
12.72 0.243716 0.0335755
12.84 0.241535 0.0297592
12.96 0.239426 0.0259646
13.08 0.237392 0.0221954
13.2 0.23543 0.0184558
13.32 0.233541 0.0147502
13.44 0.231722 0.0110835
13.56 0.22997 0.00746078
13.68 0.228282 0.00388767
13.8 0.226653 0.000369953
13.92 0.225077 -0.00308628
14.04 0.223548 -0.00647471
14.16 0.222061 -0.00978884
14.28 0.220608 -0.013022
14.4 0.219182 -0.0161675
14.52 0.217775 -0.0192184
14.64 0.216379 -0.022168
14.76 0.214985 -0.0250095
14.88 0.213587 -0.0277363
15 0.212174 -0.0303418
15.12 0.21074 -0.0328198
15.24 0.209277 -0.0351643
15.36 0.207775 -0.0373695
15.48 0.206229 -0.03943
15.6 0.20463 -0.041341
15.72 0.202972 -0.0430979
15.84 0.201249 -0.0446968
15.96 0.199454 -0.0461341
16.08 0.197583 -0.0474071
16.2 0.195631 -0.0485134
16.32 0.193594 -0.0494514
16.44 0.191469 -0.0502202
16.56 0.189252 -0.0508195
16.68 0.186942 -0.0512496
16.8 0.184538 -0.0515117
16.92 0.182039 -0.0516076
17.04 0.179445 -0.0515397
17.16 0.176758 -0.0513114
17.28 0.173978 -0.0509265
17.4 0.171109 -0.0503896
17.52 0.168152 -0.0497059
17.64 0.165112 -0.0488812
17.76 0.161993 -0.0479221
17.88 0.158799 -0.0468355
18 0.155535 -0.045629
18.12 0.152209 -0.0443105
18.24 0.148825 -0.0428885
18.36 0.145391 -0.0413719
18.48 0.141913 -0.0397697
18.6 0.138399 -0.0380915
18.72 0.134857 -0.0363468
18.84 0.131294 -0.0345456
18.96 0.127719 -0.0326977
19.08 0.12414 -0.0308131
19.2 0.120564 -0.0289019
19.32 0.117001 -0.0269738
19.44 0.113459 -0.0250387
19.56 0.109945 -0.0231062
19.68 0.106469 -0.0211857
19.8 0.103038 -0.0192863
19.92 0.0996603 -0.0174166
20.04 0.0963431 -0.0155851
20.16 0.0930942 -0.0137997
20.28 0.0899206 -0.0120679
20.4 0.0868291 -0.0103967
20.52 0.0838263 -0.00879246
20.64 0.0809184 -0.00726108
20.76 0.0781109 -0.00580786
20.88 0.0754094 -0.00443747
21 0.0728187 -0.00315396
21.12 0.0703432 -0.00196077
21.24 0.0679871 -0.000860663
21.36 0.0657538 0.000144203
21.48 0.0636466 0.00105233
21.6 0.0616679 0.00186284
21.72 0.0598199 0.00257549
21.84 0.0581043 0.00319062
21.96 0.0565222 0.00370917
22.08 0.0550744 0.00413264
22.2 0.053761 0.00446304
22.32 0.0525818 0.00470293
22.44 0.051536 0.0048553
22.56 0.0506225 0.0049236
22.68 0.0498396 0.00491168
22.8 0.0491853 0.00482373
22.92 0.0486571 0.0046643
23.04 0.048252 0.00443819
23.16 0.0479668 0.00415043
23.28 0.0477977 0.00380626
23.4 0.0477408 0.00341108
23.52 0.0477915 0.00297036
23.64 0.0479452 0.00248966
23.76 0.0481968 0.00197457
23.88 0.0485409 0.00143065
24 0.0489719 0.000863396
24.12 0.0494839 0.000278231
24.24 0.0500708 -0.000319566
24.36 0.0507262 -0.000924872
24.48 0.0514436 -0.00153276
24.6 0.0522162 -0.00213851
24.72 0.0530373 -0.00273767
24.84 0.0538997 -0.00332603
24.96 0.0547965 -0.0038997
25.08 0.0557205 -0.00445505
25.2 0.0566644 -0.00498882
25.32 0.0576211 -0.00549803
25.44 0.0585832 -0.00598006
25.56 0.0595436 -0.00643263
25.68 0.0604951 -0.0068538
25.8 0.0614307 -0.00724196
25.92 0.0623433 -0.00759585
26.04 0.0632262 -0.00791452
26.16 0.0640726 -0.00819737
26.28 0.0648761 -0.00844409
26.4 0.0656304 -0.00865467
26.52 0.0663295 -0.00882938
26.64 0.0669675 -0.00896876
26.76 0.0675391 -0.00907358
26.88 0.0680391 -0.00914485
27 0.0684625 -0.0091838
27.12 0.068805 -0.00919181
27.24 0.0690624 -0.00917045
27.36 0.069231 -0.00912142
27.48 0.0693076 -0.00904654
27.6 0.0692893 -0.00894772
27.72 0.0691737 -0.00882695
27.84 0.0689587 -0.00868628
27.96 0.0686431 -0.00852776
28.08 0.0682256 -0.00835349
28.2 0.0677059 -0.00816554
28.32 0.0670838 -0.00796595
28.44 0.0663598 -0.00775673
28.56 0.0655348 -0.00753982
28.68 0.0646103 -0.0073171
28.8 0.0635881 -0.00709034
28.92 0.0624705 -0.00686125
29.04 0.0612605 -0.00663139
29.16 0.0599612 -0.00640224
29.28 0.0585763 -0.00617515
29.4 0.0571098 -0.00595134
29.52 0.0555664 -0.0057319
29.64 0.0539507 -0.00551779
29.76 0.0522681 -0.00530985
29.88 0.0505238 -0.00510877
30 0.0487238 -0.00491514
30.12 0.046874 -0.00472941
30.24 0.0449807 -0.0045519
30.36 0.0430503 -0.00438284
30.48 0.0410893 -0.00422234
30.6 0.0391044 -0.00407041
30.72 0.0371025 -0.00392697
30.84 0.0350902 -0.00379188
30.96 0.0330745 -0.00366488
31.08 0.0310622 -0.00354569
31.2 0.0290598 -0.00343394
31.32 0.0270741 -0.00332925
31.44 0.0251116 -0.00323118
31.56 0.0231785 -0.00313927
31.68 0.021281 -0.00305304
31.8 0.0194249 -0.002972
31.92 0.0176159 -0.00289567
32.04 0.0158593 -0.00282357
32.16 0.01416 -0.00275523
32.28 0.0125228 -0.0026902
32.4 0.0109519 -0.00262807
32.52 0.00945128 -0.00256845
32.64 0.00802445 -0.00251099
32.76 0.00667451 -0.00245538
32.88 0.00540415 -0.00240135
33 0.00421564 -0.00234868
33.12 0.00311079 -0.00229718
33.24 0.002091 -0.00224672
33.36 0.0011572 -0.00219722
33.48 0.000309911 -0.00214864
33.6 -0.000450785 -0.00210097
33.72 -0.00112523 -0.00205426
33.84 -0.00171417 -0.00200859
33.96 -0.00221875 -0.00196408
34.08 -0.00264051 -0.00192088
34.2 -0.00298134 -0.00187916
34.32 -0.00324348 -0.00183912
34.44 -0.00342949 -0.00180099
34.56 -0.00354224 -0.00176498
34.68 -0.00358488 -0.00173135
34.8 -0.0035608 -0.00170035
34.92 -0.00347362 -0.00167221
35.04 -0.00332715 -0.00164718
35.16 -0.00312539 -0.00162549
35.28 -0.00287246 -0.00160736
35.4 -0.00257261 -0.00159299
35.52 -0.00223017 -0.00158256
35.64 -0.00184952 -0.00157622
35.76 -0.00143508 -0.00157408
35.88 -0.000991263 -0.00157625
36 -0.00052246 -0.00158278
36.12 -3.30155e-05 -0.0015937
36.24 0.000472801 -0.00160898
36.36 0.000990816 -0.00162858
36.48 0.00151697 -0.00165241
36.6 0.00204736 -0.00168034
36.72 0.00257821 -0.00171219
36.84 0.00310594 -0.00174777
36.96 0.00362714 -0.00178682
37.08 0.00413863 -0.00182909
37.2 0.0046374 -0.00187425
37.32 0.0051207 -0.00192197
37.44 0.00558598 -0.00197188
37.56 0.00603096 -0.00202359
37.68 0.00645356 -0.00207669
37.8 0.00685195 -0.00213075
37.92 0.00722457 -0.00218532
38.04 0.00757006 -0.00223995
38.16 0.00788733 -0.00229417
38.28 0.00817548 -0.00234752
38.4 0.00843389 -0.00239952
38.52 0.00866212 -0.00244972
38.64 0.00885994 -0.00249765
38.76 0.00902736 -0.00254287
38.88 0.00916453 -0.00258496
39 0.00927182 -0.00262348
39.12 0.00934975 -0.00265806
39.24 0.00939899 -0.00268832
39.36 0.00942037 -0.0027139
39.48 0.00941485 -0.00273451
39.6 0.00938348 -0.00274984
39.72 0.00932743 -0.00275964
39.84 0.00924798 -0.00276368
39.96 0.00914646 -0.00276179
40.08 0.00902426 -0.0027538
40.2 0.00888283 -0.00273959
40.32 0.00872368 -0.00271909
40.44 0.00854831 -0.00269224
40.56 0.00835825 -0.00265904
40.68 0.00815505 -0.00261951
40.8 0.00794022 -0.00257372
40.92 0.0077153 -0.00252174
41.04 0.00748178 -0.00246372
41.16 0.00724111 -0.0023998
41.28 0.00699473 -0.00233017
41.4 0.00674401 -0.00225505
41.52 0.00649029 -0.00217468
41.64 0.00623485 -0.00208932
41.76 0.0059789 -0.00199926
41.88 0.00572361 -0.0019048
42 0.00547008 -0.00180627
42.12 0.00521933 -0.00170402
42.24 0.00497232 -0.00159838
42.36 0.00472995 -0.00148974
42.48 0.00449304 -0.00137846
42.6 0.00426236 -0.00126492
42.72 0.0040386 -0.00114952
42.84 0.00382237 -0.00103263
42.96 0.00361426 -0.000914659
43.08 0.00341474 -0.000795985
43.2 0.00322426 -0.000676996
43.32 0.00304321 -0.000558074
43.44 0.0028719 -0.000439592
43.56 0.0027106 -0.00032192
43.68 0.00255953 -0.000205413
43.8 0.00241886 -9.04194e-05
43.92 0.00228871 2.27264e-05
44.04 0.00216917 0.000133702
44.16 0.00206025 0.000242201
44.28 0.00196198 0.000347929
44.4 0.0018743 0.00045061
44.52 0.00179714 0.000549984
44.64 0.00173039 0.000645808
44.76 0.00167392 0.000737858
44.88 0.00162757 0.000825926
45 0.00159113 0.000909826
45.12 0.00156439 0.000989388
45.24 0.0015471 0.00106446
45.36 0.001539 0.00113492
45.48 0.00153981 0.00120065
45.6 0.0015492 0.00126157
45.72 0.00156686 0.00131759
45.84 0.00159244 0.00136867
45.96 0.00162557 0.00141478
46.08 0.00166588 0.00145589
46.2 0.00171298 0.00149203
46.32 0.00176645 0.0015232
46.44 0.00182588 0.00154946
46.56 0.00189084 0.00157086
46.68 0.00196087 0.00158747
46.8 0.00203554 0.00159938
46.92 0.00211438 0.00160672
47.04 0.00219692 0.00160959
47.16 0.0022827 0.00160814
47.28 0.00237123 0.00160251
47.4 0.00246204 0.00159288
47.52 0.00255465 0.00157941
47.64 0.00264859 0.00156229
47.76 0.00274338 0.00154173
47.88 0.00283855 0.00151792
48 0.00293365 0.00149109
48.12 0.0030282 0.00146144
48.24 0.00312178 0.00142921
48.36 0.00321394 0.00139463
48.48 0.00330428 0.00135794
48.6 0.00339238 0.00131937
48.72 0.00347787 0.00127916
48.84 0.00356038 0.00123755
48.96 0.00363956 0.00119477
49.08 0.00371509 0.00115107
49.2 0.00378667 0.00110667
49.32 0.00385402 0.0010618
49.44 0.00391691 0.00101668
49.56 0.00397509 0.00097152
49.68 0.00402839 0.000926531
49.8 0.00407662 0.000881907
49.92 0.00411966 0.000837836
50.04 0.00415739 0.000794492
50.16 0.00418972 0.000752041
50.28 0.0042166 0.000710634
50.4 0.00423801 0.00067041
50.52 0.00425394 0.000631495
50.64 0.00426442 0.000593999
50.76 0.00426949 0.000558021
50.88 0.00426922 0.000523642
51 0.00426373 0.00049093
51.12 0.00425311 0.000459939
51.24 0.0042375 0.000430707
51.36 0.00421706 0.000403258
51.48 0.00419195 0.000377601
51.6 0.00416235 0.000353732
51.72 0.00412846 0.000331632
51.84 0.00409049 0.000311273
51.96 0.00404863 0.00029261
52.08 0.0040031 0.000275589
52.2 0.00395414 0.000260144
52.32 0.00390195 0.000246202
52.44 0.00384676 0.000233678
52.56 0.00378878 0.00022248
52.68 0.00372825 0.00021251
52.8 0.00366536 0.000203664
52.92 0.00360033 0.000195831
53.04 0.00353334 0.0001889
53.16 0.0034646 0.000182755
53.28 0.00339429 0.000177279
53.4 0.00332257 0.000172356
53.52 0.0032496 0.000167869
53.64 0.00317554 0.000163704
53.76 0.00310053 0.00015975
53.88 0.00302469 0.000155899
54 0.00294813 0.000152048
54.12 0.00287097 0.000148099
54.24 0.0027933 0.000143962
54.36 0.00271521 0.000139552
54.48 0.00263678 0.000134792
54.6 0.00255808 0.000129614
54.72 0.00247917 0.000123958
54.84 0.00240011 0.000117773
54.96 0.00232096 0.000111017
55.08 0.00224176 0.000103658
55.2 0.00216256 9.56719e-05
55.32 0.00208342 8.70454e-05
55.44 0.00200439 7.77743e-05
55.56 0.0019255 6.78633e-05
55.68 0.00184681 5.7326e-05
55.8 0.00176839 4.61848e-05
55.92 0.00169028 3.44702e-05
56.04 0.00161256 2.22203e-05
56.16 0.00153531 9.48067e-06
56.28 0.00145859 -3.69661e-06
56.4 0.00138251 -1.72534e-05
56.52 0.00130715 -3.1126e-05
56.64 0.00123262 -4.52463e-05
56.76 0.00115904 -5.95417e-05
56.88 0.00108652 -7.39367e-05
57 0.00101521 -8.83528e-05
57.12 0.000945231 -0.00010271
57.24 0.000876736 -0.000116927
57.36 0.000809879 -0.000130921
57.48 0.000744817 -0.000144612
57.6 0.000681717 -0.000157918
57.72 0.000620745 -0.00017076
57.84 0.000562074 -0.000183061
57.96 0.000505878 -0.000194747
58.08 0.000452328 -0.000205746
58.2 0.000401598 -0.00021599
58.32 0.000353857 -0.000225417
58.44 0.000309271 -0.000233966
58.56 0.000268 -0.000241585
58.68 0.000230195 -0.000248223
58.8 0.000196 -0.000253837
58.92 0.000165549 -0.00025839
59.04 0.000138963 -0.000261847
59.16 0.000116349 -0.000264184
59.28 9.78008e-05 -0.000265379
59.4 8.33962e-05 -0.000265417
59.52 7.31952e-05 -0.00026429
59.64 6.72402e-05 -0.000261992
59.76 6.55543e-05 -0.000258529
59.88 6.81411e-05 -0.000253906
60 7.49839e-05 -0.000248137
60.12 8.6045e-05 -0.000241241
60.24 0.000101266 -0.000233241
60.36 0.000120566 -0.000224165
60.48 0.000143845 -0.000214047
60.6 0.000170981 -0.000202922
60.72 0.00020183 -0.000190832
60.84 0.000236231 -0.000177822
60.96 0.000274001 -0.000163939
61.08 0.00031494 -0.000149235
61.2 0.00035883 -0.000133764
61.32 0.000405436 -0.000117583
61.44 0.000454509 -0.00010075
61.56 0.000505786 -8.33259e-05
61.68 0.000558993 -6.53739e-05
61.8 0.000613842 -4.69578e-05
61.92 0.000670039 -2.81425e-05
62.04 0.000727283 -8.99399e-06
62.16 0.000785266 1.04213e-05
62.28 0.000843677 3.00367e-05
62.4 0.000902204 4.97855e-05
62.52 0.000960534 6.96012e-05
62.64 0.00101836 8.9418e-05
62.76 0.00107537 0.000109171
62.88 0.00113126 0.000128796
63 0.00118575 0.00014823
63.12 0.00123855 0.000167414
63.24 0.00128938 0.000186287
63.36 0.00133798 0.000204792
63.48 0.00138411 0.000222876
63.6 0.00142754 0.000240487
63.72 0.00146804 0.000257576
63.84 0.00150542 0.000274097
63.96 0.00153951 0.000290009
64.08 0.00157013 0.000305274
64.2 0.00159716 0.000319855
64.32 0.00162047 0.000333725
64.44 0.00163997 0.000346856
64.56 0.00165557 0.000359227
64.68 0.00166724 0.000370822
64.8 0.00167492 0.000381629
64.92 0.00167863 0.000391641
65.04 0.00167837 0.000400856
65.16 0.00167417 0.000409278
65.28 0.00166609 0.000416915
65.4 0.00165421 0.000423781
65.52 0.00163862 0.000429894
65.64 0.00161945 0.000435279
65.76 0.00159682 0.000439964
65.88 0.00157089 0.000443982
66 0.00154184 0.000447372
66.12 0.00150983 0.000450177
66.24 0.00147508 0.000452441
66.36 0.0014378 0.000454216
66.48 0.00139821 0.000455554
66.6 0.00135654 0.000456512
66.72 0.00131304 0.000457148
66.84 0.00126796 0.000457524
66.96 0.00122156 0.000457701
67.08 0.0011741 0.000457741
67.2 0.00112585 0.000457708
67.32 0.00107707 0.000457665
67.44 0.00102802 0.000457674
67.56 0.000978989 0.000457794
67.68 0.000930221 0.000458085
67.8 0.000881981 0.0004586
67.92 0.000834519 0.000459393
68.04 0.000788081 0.00046051
68.16 0.000742903 0.000461995
68.28 0.000699212 0.000463886
68.4 0.000657223 0.000466214
68.52 0.000617137 0.000469006
68.64 0.000579144 0.00047228
68.76 0.000543418 0.000476049
68.88 0.000510116 0.000480317
69 0.000479379 0.00048508
69.12 0.000451331 0.000490329
69.24 0.000426077 0.000496042
69.36 0.000403703 0.000502193
69.48 0.000384275 0.000508745
69.6 0.000367839 0.000515656
69.72 0.000354421 0.000522873
69.84 0.000344025 0.000530337
69.96 0.000336637 0.00053798
70.08 0.00033222 0.000545729
70.2 0.000330715 0.000553503
70.32 0.000332046 0.000561214
70.44 0.000336114 0.000568772
70.56 0.000342803 0.000576078
70.68 0.000351975 0.00058303
70.8 0.000363477 0.000589526
70.92 0.000377137 0.000595456
71.04 0.000392766 0.000600713
71.16 0.000410161 0.000605185
71.28 0.000429104 0.000608764
71.4 0.000449364 0.000611339
71.52 0.0004707 0.000612804
71.64 0.00049286 0.000613052
71.76 0.000515584 0.000611984
71.88 0.000538604 0.000609502
72 0.000561648 0.000605514
72.12 0.00058444 0.000599934
72.24 0.000606703 0.000592683
72.36 0.000628159 0.000583688
72.48 0.000648533 0.000572886
72.6 0.000667553 0.00056022
72.72 0.000684953 0.000545644
72.84 0.000700474 0.00052912
72.96 0.000713864 0.000510619
73.08 0.000724885 0.000490124
73.2 0.000733308 0.000467626
73.32 0.00073892 0.000443126
73.44 0.000741521 0.000416636
73.56 0.000740928 0.000388177
73.68 0.000736976 0.000357779
73.8 0.000729518 0.000325482
73.92 0.000718427 0.000291334
74.04 0.000703595 0.000255394
74.16 0.000684935 0.000217727
74.28 0.000662384 0.000178404
74.4 0.000635897 0.000137506
74.52 0.000605453 9.51175e-05
74.64 0.000571051 5.13303e-05
74.76 0.000532714 6.24034e-06
74.88 0.000490484 -4.00525e-05
75 0.000444424 -8.74447e-05
75.12 0.000394618 -0.00013583
75.24 0.000341169 -0.000185101
75.36 0.000284196 -0.000235147
75.48 0.000223838 -0.000285859
75.6 0.000160248 -0.000337128
75.72 9.35945e-05 -0.000388843
75.84 2.40584e-05 -0.000440896
75.96 -4.81678e-05 -0.000493181
76.08 -0.000122881 -0.000545594
76.2 -0.000199871 -0.000598033
76.32 -0.000278921 -0.000650398
76.44 -0.000359807 -0.000702594
76.56 -0.000442303 -0.000754529
76.68 -0.000526184 -0.000806113
76.8 -0.000611221 -0.00085726
76.92 -0.00069719 -0.00090789
77.04 -0.000783867 -0.000957925
77.16 -0.000871034 -0.00100729
77.28 -0.000958481 -0.00105591
77.4 -0.001046 -0.00110373
77.52 -0.0011334 -0.00115068
77.64 -0.00122048 -0.0011967
77.76 -0.00130708 -0.00124173
77.88 -0.00139301 -0.00128572
78 -0.00147814 -0.00132862
78.12 -0.00156229 -0.0013704
78.24 -0.00164535 -0.00141099
78.36 -0.00172719 -0.00145038
78.48 -0.00180768 -0.00148851
78.6 -0.00188673 -0.00152537
78.72 -0.00196423 -0.00156092
78.84 -0.0020401 -0.00159514
78.96 -0.00211425 -0.00162803
79.08 -0.00218661 -0.00165956
79.2 -0.00225711 -0.00168975
79.32 -0.00232566 -0.00171858
79.44 -0.00239221 -0.00174608
79.56 -0.00245667 -0.00177228
79.68 -0.00251898 -0.00179719
79.8 -0.00257906 -0.00182088
79.92 -0.00263682 -0.00184339
80.04 -0.00269217 -0.0018648
80.16 -0.002745 -0.0018852
80.28 -0.00279519 -0.00190468
80.4 -0.00284261 -0.00192339
80.52 -0.00288712 -0.00194144
80.64 -0.00292855 -0.00195901
80.76 -0.00296672 -0.00197627
80.88 -0.00300141 -0.00199344
81 -0.00303242 -0.00201073
81.12 -0.00305948 -0.0020284
81.24 -0.00308233 -0.00204672
81.36 -0.00310068 -0.002066
81.48 -0.0031142 -0.00208656
81.6 -0.00312257 -0.00210875
81.72 -0.00312541 -0.00213293
81.84 -0.00312235 -0.00215952
81.96 -0.00311299 -0.00218892
82.08 -0.0030969 -0.00222158
82.2 -0.00307364 -0.00225795
82.32 -0.00304277 -0.00229851
82.44 -0.00300381 -0.00234376
82.56 -0.0029563 -0.00239419
82.68 -0.00289975 -0.00245031
82.8 -0.00283367 -0.00251263
82.92 -0.0027576 -0.00258168
83.04 -0.00267105 -0.00265795
83.16 -0.00257355 -0.00274195
83.28 -0.00246465 -0.00283417
83.4 -0.00234391 -0.00293507
83.52 -0.00221093 -0.00304509
83.64 -0.00206531 -0.00316463
83.76 -0.00190671 -0.00329407
83.88 -0.00173481 -0.00343373
84 -0.00154934 -0.00358388
84.12 -0.00135008 -0.00374473
84.24 -0.00113686 -0.00391644
84.36 -0.000909554 -0.00409907
84.48 -0.000668126 -0.00429261
84.6 -0.000412587 -0.00449699
84.72 -0.000143026 -0.00471202
84.84 0.000140398 -0.00493741
84.96 0.000437443 -0.00517277
85.08 0.000747789 -0.00541762
85.2 0.00107103 -0.00567135
85.32 0.00140667 -0.00593321
85.44 0.00175413 -0.00620236
85.56 0.00211274 -0.00647782
85.68 0.00248174 -0.00675849
85.8 0.00286028 -0.00704311
85.92 0.0032474 -0.00733034
86.04 0.00364208 -0.00761866
86.16 0.00404319 -0.00790646
86.28 0.00444953 -0.00819197
86.4 0.00485979 -0.00847331
86.52 0.00527261 -0.0087485
86.64 0.00568654 -0.00901542
86.76 0.00610004 -0.00927185
86.88 0.00651155 -0.00951548
87 0.0069194 -0.00974388
87.12 0.00732188 -0.00995458
87.24 0.00771726 -0.010145
87.36 0.00810373 -0.0103125
87.48 0.00847947 -0.0104545
87.6 0.00884263 -0.0105682
87.72 0.00919134 -0.010651
87.84 0.00952375 -0.0107
87.96 0.00983797 -0.0107127
88.08 0.0101322 -0.0106863
88.2 0.0104045 -0.0106182
88.32 0.0106531 -0.0105059
88.44 0.0108764 -0.0103468
88.56 0.0110725 -0.0101387
88.68 0.0112398 -0.00987916
88.8 0.0113768 -0.0095662
88.92 0.011482 -0.00919783
89.04 0.011554 -0.00877228
89.16 0.0115916 -0.00828796
89.28 0.0115934 -0.0077435
89.4 0.0115585 -0.00713775
89.52 0.011486 -0.00646981
89.64 0.011375 -0.00573904
89.76 0.011225 -0.00494505
89.88 0.0110353 -0.00408776
90 0.0108057 -0.00316736
90.12 0.0105359 -0.00218437
90.24 0.010226 -0.0011396
90.36 0.00987599 -3.4188e-05
90.48 0.00948631 0.00113041
90.6 0.00905738 0.0023524
90.72 0.00858986 0.00362968
90.84 0.00808457 0.0049598
90.96 0.00754249 0.00634
91.08 0.00696478 0.00776719
91.2 0.00635276 0.00923798
91.32 0.0057079 0.0107487
91.44 0.00503185 0.0122952
91.56 0.00432637 0.0138734
91.68 0.00359339 0.0154787
91.8 0.00283497 0.0171063
91.92 0.00205329 0.0187511
92.04 0.00125064 0.0204079
92.16 0.00042943 0.0220712
92.28 -0.00040785 0.0237356
92.4 -0.00125862 0.0253952
92.52 -0.00212022 0.0270441
92.64 -0.00298995 0.0286764
92.76 -0.00386506 0.0302861
92.88 -0.00474274 0.031867
93 -0.00562019 0.0334133
93.12 -0.00649461 0.0349187
93.24 -0.00736318 0.0363773
93.36 -0.00822311 0.0377832
93.48 -0.00907167 0.0391306
93.6 -0.00990614 0.0404138
93.72 -0.0107239 0.0416274
93.84 -0.0115224 0.0427661
93.96 -0.0122991 0.0438247
94.08 -0.0130517 0.0447986
94.2 -0.0137779 0.0456832
94.32 -0.0144756 0.0464743
94.44 -0.0151427 0.0471681
94.56 -0.0157774 0.0477609
94.68 -0.016378 0.0482497
94.8 -0.016943 0.0486318
94.92 -0.0174708 0.0489047
95.04 -0.0179604 0.0490665
95.16 -0.0184106 0.0491158
95.28 -0.0188205 0.0490515
95.4 -0.0191896 0.0488731
95.52 -0.0195173 0.0485803
95.64 -0.0198032 0.0481736
95.76 -0.0200472 0.0476537
95.88 -0.0202494 0.0470219
96 -0.02041 0.0462798
96.12 -0.0205294 0.0454297
96.24 -0.020608 0.0444742
96.36 -0.0206467 0.0434162
96.48 -0.0206463 0.0422593
96.6 -0.0206078 0.0410072
96.72 -0.0205324 0.0396643
96.84 -0.0204214 0.038235
96.96 -0.0202762 0.0367244
97.08 -0.0200983 0.0351376
97.2 -0.0198893 0.0334803
97.32 -0.019651 0.0317583
97.44 -0.0193851 0.0299776
97.56 -0.0190934 0.0281444
97.68 -0.0187778 0.0262653
97.8 -0.0184404 0.0243468
97.92 -0.0180829 0.0223957
98.04 -0.0177075 0.0204188
98.16 -0.017316 0.0184229
98.28 -0.0169105 0.016415
98.4 -0.0164928 0.014402
98.52 -0.0160648 0.0123906
98.64 -0.0156285 0.0103878
98.76 -0.0151856 0.00840011
98.88 -0.0147379 0.00643421
99 -0.0142871 0.00449645
99.12 -0.0138347 0.00259306
99.24 -0.0133822 0.000730043
99.36 -0.0129312 -0.00108684
99.48 -0.0124828 -0.00285209
99.6 -0.0120384 -0.0045605
99.72 -0.011599 -0.00620716
99.84 -0.0111657 -0.0077875
99.96 -0.0107394 -0.00929728
100.08 -0.0103209 -0.0107326
100.2 -0.0099108 -0.0120901
100.32 -0.00950982 -0.0133665
100.44 -0.0091184 -0.0145592
100.56 -0.00873693 -0.0156659
100.68 -0.0083657 -0.0166847
100.8 -0.00800491 -0.0176142
100.92 -0.00765467 -0.0184532
101.04 -0.00731502 -0.0192013
101.16 -0.00698591 -0.0198581
101.28 -0.00666724 -0.020424
101.4 -0.00635883 -0.0208995
101.52 -0.00606046 -0.0212857
101.64 -0.00577185 -0.021584
101.76 -0.0054927 -0.0217962
101.88 -0.00522265 -0.0219245
102 -0.00496135 -0.0219715
102.12 -0.0047084 -0.02194
102.24 -0.00446342 -0.0218333
102.36 -0.004226 -0.0216549
102.48 -0.00399574 -0.0214086
102.6 -0.00377227 -0.0210985
102.72 -0.00355521 -0.0207288
102.84 -0.00334422 -0.0203042
102.96 -0.00313895 -0.0198294
103.08 -0.00293911 -0.0193092
103.2 -0.00274444 -0.0187488
103.32 -0.00255469 -0.0181533
103.44 -0.00236967 -0.017528
103.56 -0.0021892 -0.0168782
103.68 -0.00201317 -0.0162094
103.8 -0.00184148 -0.0155269
103.92 -0.00167407 -0.0148362
104.04 -0.00151092 -0.0141425
104.16 -0.00135203 -0.0134512
104.28 -0.00119745 -0.0127674
104.4 -0.00104722 -0.0120962
104.52 -0.000901436 -0.0114426
104.64 -0.000760193 -0.0108113
104.76 -0.000623601 -0.0102069
104.88 -0.000491778 -0.00963375
105 -0.000364844 -0.00909589
105.12 -0.000242918 -0.00859722
105.24 -0.000126108 -0.00814129
105.36 -1.45088e-05 -0.00773139
105.48 9.18013e-05 -0.00737045
105.6 0.00019277 -0.0070611
105.72 0.000288372 -0.00680561
105.84 0.000378617 -0.00660588
105.96 0.00046355 -0.00646345
106.08 0.000543257 -0.00637947
106.2 0.000617869 -0.0063547
106.32 0.000687564 -0.00638951
106.44 0.000752566 -0.00648386
106.56 0.000813152 -0.00663731
106.68 0.000869648 -0.00684902
106.8 0.00092243 -0.00711775
106.92 0.000971927 -0.00744184
107.04 0.00101861 -0.00781928
107.16 0.00106301 -0.00824763
107.28 0.00110568 -0.00872412
107.4 0.00114724 -0.00924558
107.52 0.00118832 -0.00980852
107.64 0.00122959 -0.0104091
107.76 0.00127176 -0.0110432
107.88 0.00131553 -0.0117063
108 0.00136165 -0.0123939
108.12 0.00141083 -0.0131008
108.24 0.00146383 -0.0138219
108.36 0.00152136 -0.0145519
108.48 0.00158413 -0.0152851
108.6 0.00165282 -0.016016
108.72 0.0017281 -0.0167388
108.84 0.00181058 -0.0174475
108.96 0.00190081 -0.0181363
109.08 0.00199932 -0.0187992
109.2 0.00210655 -0.0194304
109.32 0.00222289 -0.0200241
109.44 0.00234864 -0.0205744
109.56 0.00248403 -0.0210759
109.68 0.00262921 -0.021523
109.8 0.00278423 -0.0219105
109.92 0.00294905 -0.0222333
110.04 0.00312355 -0.0224868
110.16 0.0033075 -0.0226665
110.28 0.00350058 -0.0227682
110.4 0.00370236 -0.0227881
110.52 0.00391235 -0.0227228
110.64 0.00412992 -0.0225693
110.76 0.00435439 -0.022325
110.88 0.00458497 -0.0219879
111 0.00482081 -0.0215561
111.12 0.00506098 -0.0210287
111.24 0.00530446 -0.0204048
111.36 0.0055502 -0.0196843
111.48 0.00579709 -0.0188676
111.6 0.00604397 -0.0179556
111.72 0.00628966 -0.0169495
111.84 0.00653294 -0.0158514
111.96 0.0067726 -0.0146637
112.08 0.00700741 -0.0133893
112.2 0.00723617 -0.0120317
112.32 0.00745767 -0.0105948
112.44 0.00767076 -0.00908308
112.56 0.00787433 -0.00750135
112.68 0.00806731 -0.00585495
112.8 0.00824871 -0.00414956
112.92 0.00841759 -0.00239127
113.04 0.00857313 -0.000586519
113.16 0.00871457 0.00125795
113.28 0.00884126 0.00313511
113.4 0.00895267 0.00503768
113.52 0.00904836 0.0069582
113.64 0.00912803 0.00888902
113.76 0.00919148 0.0108224
113.88 0.00923867 0.0127504
114 0.00926965 0.0146653
114.12 0.00928462 0.0165591
114.24 0.00928389 0.018424
114.36 0.00926792 0.0202523
114.48 0.00923727 0.0220365
114.6 0.00919262 0.023769
114.72 0.00913478 0.0254427
114.84 0.00906464 0.0270506
114.96 0.0089832 0.0285863
115.08 0.00889155 0.0300433
115.2 0.00879086 0.0314158
115.32 0.00868236 0.0326984
115.44 0.00856734 0.0338859
115.56 0.00844715 0.0349738
115.68 0.00832314 0.035958
115.8 0.0081967 0.0368349
115.92 0.00806924 0.0376016
116.04 0.00794212 0.0382556
116.16 0.0078167 0.038795
116.28 0.00769432 0.0392184
116.4 0.00757625 0.0395252
116.52 0.00746369 0.0397152
116.64 0.00735779 0.0397888
116.76 0.00725958 0.0397471
116.88 0.00717001 0.0395915
117 0.00708993 0.0393244
117.12 0.00702003 0.0389483
117.24 0.00696092 0.0384664
117.36 0.00691303 0.0378826
117.48 0.00687668 0.0372009
117.6 0.00685201 0.036426
117.72 0.00683902 0.0355629
117.84 0.00683757 0.0346172
117.96 0.00684734 0.0335945
118.08 0.00686787 0.0325011
118.2 0.00689852 0.0313432
118.32 0.00693854 0.0301275
118.44 0.00698698 0.0288608
118.56 0.0070428 0.0275501
118.68 0.00710479 0.0262024
118.8 0.00717162 0.0248249
118.92 0.00724187 0.0234248
119.04 0.00731397 0.0220092
119.16 0.0073863 0.0205852
119.28 0.00745714 0.0191597
119.4 0.00752471 0.0177398
119.52 0.00758715 0.0163319
119.64 0.00764262 0.0149426
119.76 0.0076892 0.0135782
119.88 0.007725 0.0122444
120 0.00774814 0.010947
