-0.999 1.97924e-07 -2.93618e-07
-0.998 4.71701e-06 -1.52672e-06
-0.997 1.3702e-05 -2.86714e-06
-0.996 1.76512e-05 -2.78551e-06
-0.995 2.02136e-06 -1.63863e-06
-0.994 -4.18623e-05 -4.03195e-06
-0.993 -0.000106443 -1.87088e-05
-0.992 -0.000166225 -5.47077e-05
-0.991 -0.000188384 -0.000115108
-0.99 -0.000151495 -0.000192088
-0.989 -6.23705e-05 -0.000267081
-0.988 3.9011e-05 -0.000317137
-0.987 9.11195e-05 -0.000325184
-0.986 3.65142e-05 -0.000289922
-0.985 -0.000147451 -0.000230773
-0.984 -0.00042699 -0.000183795
-0.983 -0.000714101 -0.000187294
-0.982 -0.000898168 -0.000262314
-0.981 -0.000895388 -0.000398608
-0.98 -0.000691687 -0.000555328
-0.979 -0.000356972 -0.000677693
-0.978 -2.47009e-05 -0.000722274
-0.977 0.000153394 -0.000679984
-0.976 6.30271e-05 -0.00058758
-0.975 -0.000321422 -0.000521151
-0.974 -0.00091164 -0.000568699
-0.973 -0.00152819 -0.000788751
-0.972 -0.00197198 -0.00117433
-0.971 -0.00211168 -0.00164353
-0.97 -0.00193884 -0.00206439
-0.969 -0.00156359 -0.00230343
-0.968 -0.00116475 -0.00227662
-0.967 -0.000925582 -0.00198385
-0.966 -0.000969784 -0.00151514
-0.965 -0.00130349 -0.00102239
-0.964 -0.00178955 -0.000659417
-0.963 -0.0021886 -0.000512781
-0.962 -0.00226332 -0.000559487
-0.961 -0.00188849 -0.000676877
-0.96 -0.00109805 -0.000700005
-0.959 -5.1869e-05 -0.000496923
-0.958 0.00103173 -2.88352e-05
-0.957 0.00193279 0.000625463
-0.956 0.00248214 0.00128964
-0.955 0.00262146 0.00175494
-0.954 0.00243289 0.00187275
-0.953 0.0020901 0.00163222
-0.952 0.00174836 0.00117691
-0.951 0.00145759 0.000746399
-0.95 0.00116735 0.000571606
-0.949 0.000799672 0.00077369
-0.948 0.000304685 0.00130714
-0.947 -0.000333809 0.00196585
-0.946 -0.00109543 0.00245341
-0.945 -0.00189987 0.00250003
-0.944 -0.00261697 0.00198066
-0.943 -0.00314716 0.000973863
-0.942 -0.00351046 -0.000275276
-0.941 -0.00384166 -0.00147177
-0.94 -0.00427225 -0.00240835
-0.939 -0.00480474 -0.00306105
-0.938 -0.00529713 -0.00360302
-0.937 -0.00554273 -0.00432513
-0.936 -0.00534031 -0.00548427
-0.935 -0.00453138 -0.0071397
-0.934 -0.00307383 -0.00906215
-0.933 -0.0011543 -0.0107746
-0.932 0.000780435 -0.0117151
-0.931 0.00217556 -0.0114499
-0.93 0.00264311 -0.00985229
-0.929 0.00216035 -0.0071817
-0.928 0.00105297 -0.00402636
-0.927 -0.000170198 -0.001108
-0.926 -0.000981621 0.000988573
-0.925 -0.000974668 0.0020354
-0.924 -3.79802e-05 0.00221418
-0.923 0.00148595 0.001979
-0.922 0.00282241 0.00180867
-0.921 0.00305297 0.00196297
-0.92 0.00154276 0.00232751
-0.919 -0.00175881 0.00239884
-0.918 -0.00630739 0.00144333
-0.917 -0.011167 -0.00118653
-0.916 -0.0152662 -0.00569975
-0.915 -0.0176658 -0.0116668
-0.914 -0.017857 -0.0180884
-0.913 -0.0160013 -0.0236858
-0.912 -0.0129348 -0.0272716
-0.911 -0.00985351 -0.0280785
-0.91 -0.00780734 -0.0259825
-0.909 -0.00727731 -0.0215488
-0.908 -0.00803504 -0.0158296
-0.907 -0.00926595 -0.00994506
-0.906 -0.00983741 -0.00464167
-0.905 -0.00865599 -7.24351e-05
-0.904 -0.00507448 0.00411863
-0.903 0.000777554 0.00851871
-0.902 0.00791354 0.0136236
-0.901 0.0147553 0.0195408
-0.9 0.0196596 0.0257753
-0.899 0.0214624 0.0312254
-0.898 0.0198198 0.0344998
-0.897 0.0152843 0.0344661
-0.896 0.00915178 0.0307328
-0.895 0.00310406 0.0238053
-0.894 -0.00129521 0.0149083
-0.893 -0.00310024 0.00564655
-0.892 -0.00227912 -0.00238025
-0.891 0.000330442 -0.00798597
-0.89 0.00337552 -0.0107448
-0.889 0.00546302 -0.0110749
-0.888 0.005582 -0.00993349
-0.887 0.00341941 -0.00828185
-0.886 -0.000478461 -0.00666832
-0.885 -0.00481231 -0.00514008
-0.884 -0.00794961 -0.00339873
-0.883 -0.00851287 -0.00101437
-0.882 -0.00586825 0.00235336
-0.881 -0.000322609 0.00669791
-0.88 0.00694285 0.011461
-0.879 0.0140693 0.0155814
-0.878 0.0188637 0.0178672
-0.877 0.0194139 0.0174761
-0.876 0.0148585 0.0141863
-0.875 0.00587956 0.00835577
-0.874 -0.00543151 0.00073462
-0.873 -0.0162558 -0.00770394
-0.872 -0.0238762 -0.0159251
-0.871 -0.0263528 -0.0230497
-0.87 -0.0230648 -0.0285495
-0.869 -0.0151521 -0.0322578
-0.868 -0.00551645 -0.0341848
-0.867 0.00205069 -0.0343385
-0.866 0.00442319 -0.0327368
-0.865 0.000507406 -0.0295478
-0.864 -0.00834811 -0.0251547
-0.863 -0.0189306 -0.0200669
-0.862 -0.0272067 -0.0147939
-0.861 -0.0294428 -0.00979041
-0.86 -0.0234264 -0.00542631
-0.859 -0.00967283 -0.0018981
-0.858 0.00812905 0.000861084
-0.857 0.0241915 0.00311316
-0.856 0.0329354 0.00507687
-0.855 0.0312555 0.00673066
-0.854 0.0196233 0.00784941
-0.853 0.00184983 0.00822196
-0.852 -0.016028 0.00783455
-0.851 -0.0274164 0.00690324
-0.85 -0.0273492 0.00583151
-0.849 -0.0147058 0.00518878
-0.848 0.00678382 0.00564416
-0.847 0.0296984 0.00773547
-0.846 0.045785 0.0115535
-0.845 0.0490101 0.016598
-0.844 0.0375519 0.0219429
-0.843 0.0143709 0.0265726
-0.842 -0.0135463 0.0296488
-0.841 -0.0372477 0.0306129
-0.84 -0.0489828 0.0292232
-0.839 -0.0453816 0.0256232
-0.838 -0.0289202 0.0203622
-0.837 -0.00679251 0.0142498
-0.836 0.0120415 0.00810004
-0.835 0.0201148 0.00255882
-0.834 0.0140064 -0.00188371
-0.833 -0.00423379 -0.00478055
-0.832 -0.0272478 -0.00567857
-0.831 -0.0446376 -0.00421636
-0.83 -0.0470046 -0.000284163
-0.829 -0.0299655 0.00590679
-0.828 0.00403912 0.0138836
-0.827 0.0468391 0.0230171
-0.826 0.08742 0.032607
-0.825 0.115189 0.0419449
-0.824 0.123021 0.0503798
-0.823 0.109709 0.0573821
-0.822 0.0807842 0.0625326
-0.821 0.0465624 0.0653625
-0.82 0.0177764 0.0651279
-0.819 0.00111621 0.0607545
-0.818 -0.00283507 0.0511036
-0.817 0.00124012 0.0354883
-0.816 0.00578616 0.0141925
-0.815 0.00303625 -0.0112661
-0.814 -0.0122923 -0.0382418
-0.813 -0.0404898 -0.063393
-0.812 -0.0757788 -0.0833677
-0.811 -0.108055 -0.0956427
-0.81 -0.127086 -0.0992608
-0.809 -0.126753 -0.0951007
-0.808 -0.106933 -0.0854659
-0.807 -0.0726721 -0.0731085
-0.806 -0.0320316 -0.0601125
-0.805 0.00621616 -0.0471356
-0.804 0.0349274 -0.0333137
-0.803 0.0507729 -0.0168459
-0.802 0.0551945 0.00392244
-0.801 0.0531036 0.0292773
-0.8 0.0498478 0.0573079
-0.799 0.0484459 0.0839306
-0.798 0.0487433 0.103877
-0.797 0.0484029 0.112334
-0.796 0.0445216 0.10665
-0.795 0.035041 0.0874543
-0.794 0.0198215 0.0587556
-0.793 0.00112156 0.0268518
-0.792 -0.0170912 -0.00167509
-0.791 -0.0309992 -0.0221515
-0.79 -0.038864 -0.0332388
-0.789 -0.0416424 -0.0369942
-0.788 -0.0419345 -0.0376331
-0.787 -0.0421721 -0.0395494
-0.786 -0.0431585 -0.045326
-0.785 -0.0433991 -0.0544317
-0.784 -0.0393427 -0.0631272
-0.783 -0.0268399 -0.065773
-0.782 -0.00375164 -0.0571876
-0.781 0.0275366 -0.0350784
-0.78 0.0595865 -0.00139504
-0.779 0.0822321 0.0379965
-0.778 0.0866655 0.0751108
-0.777 0.0691428 0.102386
-0.776 0.03281 0.115094
-0.775 -0.012656 0.112819
-0.774 -0.0534848 0.0994582
-0.773 -0.0762244 0.0816445
-0.772 -0.0732009 0.0660953
-0.771 -0.0466612 0.0569558
-0.77 -0.00894458 0.0542865
-0.769 0.0220895 0.0543
-0.768 0.0303866 0.0511906
-0.767 0.00837066 0.0397987
-0.766 -0.039683 0.0180241
-0.765 -0.0984732 -0.0120131
-0.764 -0.146336 -0.0445268
-0.763 -0.162733 -0.072083
-0.762 -0.136539 -0.0882512
-0.761 -0.07187 -0.089859
-0.76 0.0117735 -0.0780366
-0.759 0.0859468 -0.0576918
-0.758 0.123954 -0.0355568
-0.757 0.111312 -0.0175079
-0.756 0.0517002 -0.00633501
-0.755 -0.0337419 -0.00103973
-0.754 -0.113398 0.00209224
-0.753 -0.156202 0.00737233
-0.752 -0.143218 0.0176422
-0.751 -0.0755822 0.0330186
-0.75 0.0246489 0.0506917
-0.749 0.121722 0.0657723
-0.748 0.179213 0.0730615
-0.747 0.173857 0.0692072
-0.746 0.10456 0.0541979
-0.745 -0.00696304 0.0312527
-0.744 -0.124022 0.00516633
-0.743 -0.208273 -0.0197927
-0.742 -0.233681 -0.0412522
-0.741 -0.196097 -0.0589849
-0.74 -0.115034 -0.0743424
-0.739 -0.0268555 -0.0892256
-0.738 0.0286464 -0.104785
-0.737 0.0235259 -0.120242
-0.736 -0.0471361 -0.132591
-0.735 -0.162692 -0.137713
-0.734 -0.284125 -0.132437
-0.733 -0.368163 -0.116242
-0.732 -0.38272 -0.0916306
-0.731 -0.317996 -0.063183
-0.73 -0.189792 -0.0359367
-0.729 -0.0342316 -0.0136877
-0.728 0.104501 0.00231304
-0.727 0.189337 0.0137289
-0.726 0.202965 0.0241446
-0.725 0.153161 0.0369283
-0.724 0.0686402 0.0530302
-0.723 -0.0128166 0.0699886
-0.722 -0.0588229 0.0826196
-0.721 -0.0538018 0.0849499
-0.72 -0.00376608 0.0726473
-0.719 0.0665972 0.0451821
-0.718 0.123232 0.00682383
-0.717 0.135083 -0.034284
-0.716 0.0853678 -0.0689053
-0.715 -0.0221045 -0.0901789
-0.714 -0.164086 -0.0961087
-0.713 -0.306077 -0.0900233
-0.712 -0.413984 -0.0790865
-0.711 -0.464709 -0.0715461
-0.71 -0.452259 -0.0734474
-0.709 -0.387879 -0.0857965
-0.708 -0.294975 -0.10356
-0.707 -0.201095 -0.117443
-0.706 -0.129478 -0.117899
-0.705 -0.092558 -0.0994467
-0.704 -0.0895099 -0.0632085
-0.703 -0.108406 -0.0167207
-0.702 -0.13158 0.0285877
-0.701 -0.142076 0.0612285
-0.7 -0.129106 0.0736994
-0.699 -0.0908854 0.0654174
-0.698 -0.0344999 0.0430994
-0.697 0.0264695 0.017988
-0.696 0.0756918 0.000982809
-0.695 0.0982528 -0.00202811
-0.694 0.0843566 0.00750968
-0.693 0.0321216 0.021663
-0.692 -0.0510443 0.0293632
-0.691 -0.149467 0.0208253
-0.69 -0.242906 -0.00849116
-0.689 -0.311734 -0.0557724
-0.688 -0.341905 -0.111555
-0.687 -0.328526 -0.163135
-0.686 -0.277533 -0.19927
-0.685 -0.205214 -0.214163
-0.684 -0.13492 -0.209164
-0.683 -0.0904834 -0.191625
-0.682 -0.0878884 -0.171496
-0.681 -0.128915 -0.157121
-0.68 -0.199962 -0.151939
-0.679 -0.276402 -0.153466
-0.678 -0.330414 -0.154921
-0.677 -0.339739 -0.148607
-0.676 -0.295353 -0.129416
-0.675 -0.206208 -0.0971228
-0.674 -0.0986823 -0.056865
-0.673 -0.00909625 -0.0176835
-0.672 0.0289663 0.0105185
-0.671 -0.00269341 0.0205743
-0.67 -0.099747 0.010641
-0.669 -0.236175 -0.015558
-0.668 -0.372162 -0.0509348
-0.667 -0.466332 -0.08824
-0.666 -0.489048 -0.122436
-0.665 -0.432971 -0.151487
-0.664 -0.316828 -0.175927
-0.663 -0.179864 -0.197648
-0.662 -0.0684085 -0.218147
-0.661 -0.0197232 -0.236767
-0.66 -0.0491239 -0.249947
-0.659 -0.144459 -0.252339
-0.658 -0.269481 -0.239437
-0.657 -0.375421 -0.210046
-0.656 -0.417551 -0.167034
-0.655 -0.371134 -0.116144
-0.654 -0.240697 -0.0638638
-0.653 -0.0592336 -0.0154136
-0.652 0.121867 0.0264944
-0.651 0.248487 0.0617703
-0.65 0.280557 0.0918482
-0.649 0.205523 0.117731
-0.648 0.0438597 0.13806
-0.647 -0.156698 0.148353
-0.646 -0.337174 0.142148
-0.645 -0.447359 0.113804
-0.644 -0.461974 0.0617721
-0.643 -0.388076 -0.00927363
-0.642 -0.262826 -0.0887596
-0.641 -0.142568 -0.163239
-0.64 -0.0849973 -0.220891
-0.639 -0.128379 -0.255468
-0.638 -0.275366 -0.26809
-0.637 -0.4894 -0.266302
-0.636 -0.706253 -0.260758
-0.635 -0.85554 -0.260549
-0.634 -0.883608 -0.268789
-0.633 -0.770944 -0.280479
-0.632 -0.540128 -0.284176
-0.631 -0.251695 -0.267233
-0.63 0.0131379 -0.222261
-0.629 0.179411 -0.151625
-0.628 0.20531 -0.0679215
-0.627 0.0972649 0.00965966
-0.626 -0.0929753 0.0616902
-0.625 -0.28686 0.0754438
-0.624 -0.405703 0.05
-0.623 -0.397437 -0.00279041
-0.622 -0.255913 -0.0624868
-0.621 -0.0259212 -0.108022
-0.62 0.210059 -0.126085
-0.619 0.360655 -0.116352
-0.618 0.359227 -0.0915096
-0.617 0.18859 -0.0721083
-0.616 -0.112069 -0.0781069
-0.615 -0.459115 -0.120159
-0.614 -0.750879 -0.194245
-0.613 -0.901023 -0.282299
-0.612 -0.868695 -0.35882
-0.611 -0.674334 -0.400536
-0.61 -0.393487 -0.395116
-0.609 -0.129688 -0.345845
-0.608 0.0228323 -0.270758
-0.607 0.0119873 -0.196303
-0.606 -0.154618 -0.147279
-0.605 -0.411959 -0.136686
-0.604 -0.659005 -0.1601
-0.603 -0.793626 -0.197559
-0.602 -0.750016 -0.222093
-0.601 -0.524466 -0.210689
-0.6 -0.178157 -0.153264
-0.599 0.184644 -0.0568789
-0.598 0.45352 0.0558893
-0.597 0.549471 0.154254
-0.596 0.450815 0.210292
-0.595 0.200011 0.209745
-0.594 -0.110752 0.157616
-0.593 -0.371467 0.0755861
-0.592 -0.493749 -0.00733114
-0.591 -0.443209 -0.0662428
-0.59 -0.251152 -0.0892317
-0.589 -0.000871453 -0.0809028
-0.588 0.204597 -0.0598263
-0.587 0.279758 -0.0507083
-0.586 0.185825 -0.0738095
-0.585 -0.056913 -0.135644
-0.584 -0.376362 -0.225229
-0.583 -0.673108 -0.317918
-0.582 -0.854979 -0.384991
-0.581 -0.869656 -0.404557
-0.58 -0.722116 -0.369518
-0.579 -0.469964 -0.290002
-0.578 -0.200083 -0.189599
-0.577 0.0027263 -0.0967638
-0.576 0.0830066 -0.0346594
-0.575 0.0296234 -0.0134703
-0.574 -0.123987 -0.0283043
-0.573 -0.313254 -0.0631802
-0.572 -0.466112 -0.098798
-0.571 -0.529076 -0.120679
-0.57 -0.485225 -0.124798
-0.569 -0.35698 -0.118706
-0.568 -0.19406 -0.117479
-0.567 -0.0534791 -0.136042
-0.566 0.0195143 -0.18145
-0.565 0.00382451 -0.248875
-0.564 -0.0930502 -0.323053
-0.563 -0.238592 -0.383968
-0.562 -0.386588 -0.413785
-0.561 -0.492682 -0.40249
-0.56 -0.527648 -0.350903
-0.559 -0.483288 -0.270128
-0.558 -0.370418 -0.177103
-0.557 -0.212462 -0.0877727
-0.556 -0.0389675 -0.0112836
-0.555 0.119734 0.0516565
-0.554 0.237931 0.105698
-0.553 0.299568 0.15551
-0.552 0.300631 0.201525
-0.551 0.248376 0.238503
-0.55 0.159398 0.256821
-0.549 0.0578659 0.245937
-0.548 -0.0274489 0.199271
-0.547 -0.0698892 0.118627
-0.546 -0.0550912 0.0156952
-0.545 0.010553 -0.0908634
-0.544 0.099172 -0.181804
-0.543 0.169301 -0.244107
-0.542 0.178442 -0.274958
-0.541 0.0965714 -0.281423
-0.54 -0.081416 -0.276299
-0.539 -0.327432 -0.271829
-0.538 -0.581764 -0.273688
-0.537 -0.768901 -0.277919
-0.536 -0.824508 -0.27247
-0.535 -0.721663 -0.242928
-0.534 -0.48347 -0.180065
-0.533 -0.1775 -0.0859928
-0.532 0.103858 0.0236923
-0.531 0.270924 0.12307
-0.53 0.266649 0.183957
-0.529 0.091119 0.186375
-0.528 -0.190869 0.126995
-0.527 -0.468047 0.0213806
-0.526 -0.623304 -0.101185
-0.525 -0.579223 -0.20785
-0.524 -0.328079 -0.273123
-0.523 0.0638617 -0.286984
-0.522 0.475885 -0.257899
-0.521 0.769661 -0.209511
-0.52 0.835527 -0.171164
-0.519 0.635636 -0.165306
-0.518 0.225781 -0.197455
-0.517 -0.258883 -0.253799
-0.516 -0.652422 -0.307389
-0.515 -0.820032 -0.329471
-0.514 -0.706712 -0.300906
-0.513 -0.356625 -0.219984
-0.512 0.0996429 -0.104738
-0.511 0.486002 0.0114144
-0.51 0.641294 0.090532
-0.509 0.481548 0.1042
-0.508 0.0385039 0.0447166
-0.507 -0.5463 -0.0717645
-0.506 -1.072 -0.211057
-0.505 -1.35106 -0.33246
-0.504 -1.27472 -0.401359
-0.503 -0.850867 -0.399416
-0.502 -0.204931 -0.329861
-0.501 0.458717 -0.215726
-0.5 0.927167 -0.090695
-0.499 1.05811 0.0139419
-0.498 0.834569 0.080363
-0.497 0.37 0.108871
-0.496 -0.136781 0.115459
-0.495 -0.475086 0.124433
-0.494 -0.496509 0.15869
-0.493 -0.168418 0.230001
-0.492 0.409395 0.332431
-0.491 1.03547 0.4425
-0.49 1.47971 0.527023
-0.489 1.5712 0.55496
-0.488 1.26255 0.507619
-0.487 0.64427 0.383856
-0.486 -0.0906081 0.200491
-0.485 -0.712749 -0.0110132
-0.484 -1.03194 -0.211809
-0.483 -0.96213 -0.36668
-0.482 -0.55436 -0.455079
-0.481 0.0210382 -0.476349
-0.48 0.540988 -0.446562
-0.479 0.816159 -0.390184
-0.478 0.757732 -0.331878
-0.477 0.400122 -0.290696
-0.476 -0.11939 -0.275497
-0.475 -0.610007 -0.281534
-0.474 -0.892257 -0.291504
-0.473 -0.862968 -0.283524
-0.472 -0.536355 -0.242523
-0.471 -0.0384608 -0.167743
-0.47 0.445719 -0.0724894
-0.469 0.745448 0.021203
-0.468 0.76276 0.0882122
-0.467 0.497404 0.105333
-0.466 0.0399211 0.0579412
-0.465 -0.459138 -0.0522009
-0.464 -0.838229 -0.20362
-0.463 -0.981153 -0.360914
-0.462 -0.858198 -0.48699
-0.461 -0.530429 -0.554304
-0.46 -0.116138 -0.550485
-0.459 0.258785 -0.479504
-0.458 0.50133 -0.360927
-0.457 0.57221 -0.22628
-0.456 0.489662 -0.109834
-0.455 0.318883 -0.0356898
-0.454 0.146735 -0.00854356
-0.453 0.0477556 -0.01397
-0.452 0.0575003 -0.0267504
-0.451 0.167271 -0.021366
-0.45 0.338482 0.0193525
-0.449 0.522073 0.0979578
-0.448 0.671484 0.199041
-0.447 0.749747 0.291742
-0.446 0.735634 0.340276
-0.445 0.62816 0.318873
-0.444 0.445121 0.223051
-0.443 0.216703 0.0717368
-0.442 -0.0192834 -0.0988618
-0.441 -0.217974 -0.245735
-0.44 -0.330423 -0.331171
-0.439 -0.316391 -0.334577
-0.438 -0.163509 -0.260449
-0.437 0.100022 -0.137693
-0.436 0.408341 -0.00877634
-0.435 0.674608 0.086342
-0.434 0.814811 0.123436
-0.433 0.774294 0.099715
-0.432 0.552174 0.0324356
-0.431 0.212937 -0.0477387
-0.43 -0.127199 -0.107646
-0.429 -0.340367 -0.124696
-0.428 -0.33719 -0.0969362
-0.427 -0.10323 -0.0442343
-0.426 0.29269 0.000746875
-0.425 0.71865 0.00668484
-0.424 1.02148 -0.0445268
-0.423 1.08027 -0.152082
-0.422 0.855813 -0.296535
-0.421 0.414575 -0.444986
-0.42 -0.0885166 -0.560733
-0.419 -0.465878 -0.615538
-0.418 -0.568365 -0.599839
-0.417 -0.342103 -0.525623
-0.416 0.148995 -0.420353
-0.415 0.741033 -0.31565
-0.414 1.22319 -0.236692
-0.413 1.41076 -0.196204
-0.412 1.21358 -0.193389
-0.411 0.672703 -0.216566
-0.41 -0.0513854 -0.248486
-0.409 -0.73578 -0.273295
-0.408 -1.17458 -0.283032
-0.407 -1.25088 -0.28057
-0.406 -0.976285 -0.277028
-0.405 -0.484295 -0.284931
-0.404 0.0203859 -0.311434
-0.403 0.338131 -0.355599
-0.402 0.347637 -0.410187
-0.401 0.0491944 -0.465166
-0.4 -0.43684 -0.510296
-0.399 -0.914325 -0.536689
-0.398 -1.18182 -0.538413
-0.397 -1.10489 -0.513867
-0.396 -0.664736 -0.465143
-0.395 0.0354539 -0.39502
-0.394 0.808471 -0.304398
-0.393 1.44871 -0.193554
-0.392 1.79912 -0.0666893
-0.391 1.79668 0.0645814
-0.39 1.48519 0.182413
-0.389 0.994919 0.267911
-0.388 0.496883 0.306932
-0.387 0.145226 0.29406
-0.386 0.0269501 0.234563
-0.385 0.13842 0.144333
-0.384 0.396562 0.0461733
-0.383 0.675654 -0.0385171
-0.382 0.8513 -0.0995534
-0.381 0.836637 -0.143318
-0.38 0.604709 -0.189956
-0.379 0.195792 -0.263862
-0.378 -0.292031 -0.382127
-0.377 -0.730012 -0.545387
-0.376 -0.997433 -0.733857
-0.375 -1.01772 -0.910267
-0.374 -0.778816 -1.03047
-0.373 -0.334641 -1.05928
-0.372 0.207618 -0.985106
-0.371 0.71022 -0.826188
-0.37 1.0371 -0.625636
-0.369 1.09293 -0.437445
-0.368 0.858125 -0.3087
-0.367 0.403205 -0.263481
-0.366 -0.128231 -0.29382
-0.365 -0.563958 -0.362205
-0.364 -0.758536 -0.416734
-0.363 -0.64187 -0.413587
-0.362 -0.247573 -0.336509
-0.361 0.288557 -0.204431
-0.36 0.764956 -0.0650329
-0.359 0.980552 0.0219482
-0.358 0.811518 0.00595823
-0.357 0.268178 -0.134321
-0.356 -0.495704 -0.37881
-0.355 -1.22953 -0.668662
-0.354 -1.67198 -0.925587
-0.353 -1.64545 -1.08053
-0.352 -1.12577 -1.09833
-0.351 -0.261408 -0.988018
-0.35 0.668099 -0.796909
-0.349 1.34494 -0.593095
-0.348 1.52794 -0.442028
-0.347 1.14722 -0.382982
-0.346 0.338435 -0.41315
-0.345 -0.601212 -0.487933
-0.344 -1.3204 -0.539963
-0.343 -1.54508 -0.508879
-0.342 -1.18422 -0.367667
-0.341 -0.368762 -0.134434
-0.34 0.592397 0.133011
-0.339 1.32462 0.355885
-0.338 1.52811 0.460376
-0.337 1.09439 0.403771
-0.336 0.152838 0.19163
-0.335 -0.972924 -0.122469
-0.334 -1.88372 -0.456082
-0.333 -2.25539 -0.727952
-0.332 -1.9633 -0.886059
-0.331 -1.13031 -0.922986
-0.33 -0.0785884 -0.874348
-0.329 0.795003 -0.802256
-0.328 1.17046 -0.769855
-0.327 0.923883 -0.815669
-0.326 0.16971 -0.937702
-0.325 -0.787098 -1.09418
-0.324 -1.56957 -1.22056
-0.323 -1.87399 -1.25518
-0.322 -1.58628 -1.16349
-0.321 -0.822838 -0.951679
-0.32 0.120819 -0.665523
-0.319 0.891522 -0.374972
-0.318 1.21844 -0.150231
-0.317 1.01331 -0.0379942
-0.316 0.393073 -0.0471366
-0.315 -0.377906 -0.149272
-0.314 -0.998043 -0.292773
-0.313 -1.24681 -0.423416
-0.312 -1.06612 -0.503471
-0.311 -0.574908 -0.522891
-0.31 -0.0123852 -0.49977
-0.309 0.366536 -0.470825
-0.308 0.398528 -0.47545
-0.307 0.0740971 -0.539037
-0.306 -0.471149 -0.662489
-0.305 -1.02738 -0.822674
-0.304 -1.4066 -0.982872
-0.303 -1.51892 -1.10707
-0.302 -1.39873 -1.17125
-0.301 -1.17583 -1.16809
-0.3 -1.0079 -1.10586
-0.299 -1.00281 -1.00377
-0.298 -1.16375 -0.885056
-0.297 -1.3843 -0.768924
-0.296 -1.5002 -0.664306
-0.295 -1.37613 -0.569442
-0.294 -0.983397 -0.477506
-0.293 -0.424864 -0.38373
-0.292 0.10747 -0.288394
-0.291 0.419888 -0.19451
-0.29 0.406836 -0.104155
-0.289 0.103788 -0.0178331
-0.288 -0.319084 0.0632748
-0.287 -0.622933 0.135385
-0.286 -0.605185 0.191786
-0.285 -0.203377 0.222393
-0.284 0.452134 0.212471
-0.283 1.07218 0.143461
-0.282 1.32416 -0.000658625
-0.281 0.979704 -0.222879
-0.28 0.0276168 -0.505497
-0.279 -1.2993 -0.811732
-0.278 -2.59731 -1.09648
-0.277 -3.43896 -1.3202
-0.276 -3.54082 -1.46004
-0.275 -2.88709 -1.51574
-0.274 -1.75368 -1.50959
-0.273 -0.612644 -1.47871
-0.272 0.0519497 -1.45987
-0.271 -0.0564542 -1.47161
-0.27 -0.91526 -1.50307
-0.269 -2.17692 -1.51668
-0.268 -3.297 -1.46419
-0.267 -3.74976 -1.30827
-0.266 -3.24701 -1.04071
-0.265 -1.87018 -0.691184
-0.264 -0.0574254 -0.323331
-0.263 1.55326 -0.0178226
-0.262 2.36482 0.153596
-0.261 2.05324 0.153514
-0.26 0.701955 -0.00737472
-0.259 -1.21639 -0.274541
-0.258 -3.01109 -0.56979
-0.257 -4.0375 -0.818541
-0.256 -3.94954 -0.974269
-0.255 -2.83476 -1.03233
-0.254 -1.17512 -1.0281
-0.253 0.346945 -1.01893
-0.252 1.11556 -1.05672
-0.251 0.818761 -1.16309
-0.25 -0.429556 -1.31816
-0.249 -2.12834 -1.46715
-0.248 -3.58 -1.5406
-0.247 -4.16529 -1.47967
-0.246 -3.59268 -1.25864
-0.245 -2.01598 -0.897854
-0.244 0.028639 -0.460861
-0.243 1.83387 -0.0347373
-0.242 2.78981 0.298715
-0.241 2.60612 0.488217
-0.24 1.41051 0.524714
-0.239 -0.308522 0.437248
-0.238 -1.89475 0.277967
-0.237 -2.78135 0.102994
-0.236 -2.70885 -0.0460645
-0.235 -1.81282 -0.155135
-0.234 -0.548528 -0.239299
-0.233 0.50735 -0.331368
-0.232 0.890059 -0.463286
-0.231 0.422962 -0.650072
-0.23 -0.725538 -0.883404
-0.229 -2.1204 -1.13536
-0.228 -3.24061 -1.3674
-0.227 -3.68858 -1.54031
-0.226 -3.3416 -1.62429
-0.225 -2.38377 -1.60773
-0.224 -1.21225 -1.50041
-0.223 -0.265695 -1.32888
-0.222 0.149834 -1.12679
-0.221 -0.0312515 -0.925908
-0.22 -0.630644 -0.75211
-0.219 -1.32361 -0.625085
-0.218 -1.7918 -0.557388
-0.217 -1.86133 -0.551335
-0.216 -1.5643 -0.597176
-0.215 -1.10193 -0.675214
-0.214 -0.735563 -0.760909
-0.213 -0.660894 -0.830639
-0.212 -0.920489 -0.867174
-0.211 -1.38892 -0.865307
-0.21 -1.83652 -0.837015
-0.209 -2.04552 -0.811862
-0.208 -1.92398 -0.828049
-0.207 -1.5578 -0.91603
-0.206 -1.17055 -1.08304
-0.205 -1.01086 -1.30627
-0.204 -1.22636 -1.53732
-0.203 -1.78552 -1.71576
-0.202 -2.48066 -1.78805
-0.201 -3.00891 -1.72711
-0.2 -3.10196 -1.54618
-0.199 -2.65503 -1.29895
-0.198 -1.79634 -1.06179
-0.197 -0.853717 -0.904252
-0.196 -0.221031 -0.860864
-0.195 -0.181148 -0.916186
-0.194 -0.769294 -1.0086
-0.193 -1.74134 -1.05111
-0.192 -2.66026 -0.962859
-0.191 -3.06531 -0.702307
-0.19 -2.66106 -0.289556
-0.189 -1.4547 0.193765
-0.188 0.218937 0.630171
-0.187 1.80741 0.907325
-0.186 2.75083 0.956869
-0.185 2.70693 0.77631
-0.184 1.69446 0.427878
-0.183 0.0932105 0.0161871
-0.182 -1.49853 -0.348623
-0.181 -2.49385 -0.591095
-0.18 -2.54755 -0.698555
-0.179 -1.69725 -0.723337
-0.178 -0.354631 -0.75676
-0.177 0.855386 -0.887038
-0.176 1.34431 -1.16037
-0.175 0.797242 -1.56008
-0.174 -0.696272 -2.00876
-0.173 -2.66625 -2.39098
-0.172 -4.43237 -2.59044
-0.171 -5.35948 -2.53103
-0.17 -5.10292 -2.20647
-0.169 -3.74359 -1.68453
-0.168 -1.75358 -1.08272
-0.167 0.19084 -0.527371
-0.166 1.46487 -0.115011
-0.165 1.71554 0.110235
-0.164 0.971979 0.160287
-0.163 -0.382528 0.0905319
-0.162 -1.76378 -0.0250558
-0.161 -2.61499 -0.12444
-0.16 -2.62518 -0.182361
-0.159 -1.84364 -0.217621
-0.158 -0.639033 -0.27906
-0.157 0.469539 -0.41896
-0.156 1.02158 -0.668633
-0.155 0.776678 -1.02562
-0.154 -0.216861 -1.45295
-0.153 -1.65098 -1.88732
-0.152 -3.07023 -2.2541
-0.151 -4.03604 -2.48644
-0.15 -4.28471 -2.54302
-0.149 -3.80906 -2.41691
-0.148 -2.82738 -2.13213
-0.147 -1.66854 -1.7321
-0.146 -0.642935 -1.26829
-0.145 0.0445663 -0.793196
-0.144 0.326238 -0.356071
-0.143 0.259881 0.00166698
-0.142 -0.0136179 0.251817
-0.141 -0.332892 0.383814
-0.14 -0.576382 0.406041
-0.139 -0.690478 0.343415
-0.138 -0.675693 0.231527
-0.137 -0.554592 0.107131
-0.136 -0.355014 -0.00409361
-0.135 -0.118747 -0.0982748
-0.134 0.0821909 -0.196922
-0.133 0.145214 -0.339615
-0.132 -0.0380742 -0.566142
-0.131 -0.538642 -0.893696
-0.13 -1.34222 -1.29897
-0.129 -2.31623 -1.71476
-0.128 -3.21669 -2.0454
-0.127 -3.75179 -2.19752
-0.126 -3.68934 -2.11501
-0.125 -2.96418 -1.8044
-0.124 -1.73469 -1.34047
-0.123 -0.357753 -0.848404
-0.122 0.717444 -0.466197
-0.121 1.10673 -0.298003
-0.12 0.647135 -0.375391
-0.119 -0.512262 -0.643426
-0.118 -1.93744 -0.980056
-0.117 -3.06119 -1.24284
-0.116 -3.40422 -1.32406
-0.115 -2.77219 -1.19172
-0.114 -1.34522 -0.901244
-0.113 0.376578 -0.574628
-0.112 1.7514 -0.354774
-0.111 2.23543 -0.350303
-0.11 1.5994 -0.590534
-0.109 0.0381941 -1.00879
-0.108 -1.88144 -1.46322
-0.107 -3.42971 -1.78925
-0.106 -4.00197 -1.8627
-0.105 -3.36435 -1.64727
-0.104 -1.74934 -1.20764
-0.103 0.237024 -0.685007
-0.102 1.85078 -0.2465
-0.101 2.48958 -0.0273755
-0.1 1.91305 -0.0850405
-0.099 0.331079 -0.379966
-0.098 -1.67046 -0.790924
-0.097 -3.34907 -1.16053
-0.096 -4.09565 -1.35406
-0.095 -3.67561 -1.30735
-0.094 -2.30989 -1.0445
-0.093 -0.56095 -0.66114
-0.092 0.912484 -0.284247
-0.091 1.61287 -0.025972
-0.09 1.37234 0.0531575
-0.089 0.389186 -0.0385902
-0.088 -0.863531 -0.231423
-0.087 -1.82752 -0.423762
-0.086 -2.08713 -0.523642
-0.085 -1.54207 -0.484563
-0.084 -0.438088 -0.320783
-0.083 0.761291 -0.0978123
-0.082 1.58954 0.0944895
-0.081 1.76509 0.173698
-0.08 1.27387 0.0905036
-0.079 0.33659 -0.158834
-0.078 -0.704781 -0.536089
-0.077 -1.53569 -0.977778
-0.076 -1.99918 -1.41646
-0.075 -2.14811 -1.7971
-0.074 -2.188 -2.08393
-0.073 -2.34048 -2.25941
-0.072 -2.70562 -2.31985
-0.071 -3.19903 -2.271
-0.07 -3.59234 -2.1254
-0.069 -3.63188 -1.90314
-0.068 -3.18051 -1.63571
-0.067 -2.31798 -1.36753
-0.066 -1.33996 -1.14707
-0.065 -0.634645 -1.00713
-0.064 -0.490349 -0.946138
-0.063 -0.939641 -0.924769
-0.062 -1.72369 -0.882241
-0.061 -2.38977 -0.763747
-0.06 -2.47681 -0.546388
-0.059 -1.72243 -0.255461
-0.058 -0.219288 0.0330392
-0.057 1.55674 0.209445
-0.056 2.9011 0.170178
-0.055 3.18369 -0.13153
-0.054 2.15643 -0.650524
-0.053 0.0975663 -1.2529
-0.052 -2.27766 -1.75909
-0.051 -4.08443 -2.00747
-0.05 -4.59824 -1.91215
-0.049 -3.53799 -1.49459
-0.048 -1.21132 -0.880026
-0.047 1.55369 -0.257537
-0.046 3.70991 0.187195
-0.045 4.42485 0.34322
-0.044 3.44342 0.219217
-0.043 1.20078 -0.0593596
-0.042 -1.3558 -0.301432
-0.041 -3.14043 -0.329509
-0.04 -3.3461 -0.0546515
-0.039 -1.76457 0.483667
-0.038 1.10415 1.12882
-0.037 4.21628 1.66428
-0.036 6.38642 1.89375
-0.035 6.76439 1.71354
-0.034 5.17237 1.15211
-0.033 2.16386 0.364148
-0.032 -1.19789 -0.420851
-0.031 -3.74134 -0.981206
-0.03 -4.62377 -1.18664
-0.029 -3.6526 -1.04538
-0.028 -1.36099 -0.69202
-0.027 1.21509 -0.325078
-0.026 2.97133 -0.127525
-0.025 3.1782 -0.202906
-0.024 1.73972 -0.543719
-0.023 -0.807754 -1.03608
-0.022 -3.52087 -1.50057
-0.021 -5.40859 -1.76225
-0.02 -5.80954 -1.72571
-0.019 -4.65114 -1.41655
-0.018 -2.46868 -0.964539
-0.017 -0.156762 -0.541243
-0.016 1.42599 -0.290912
-0.015 1.79493 -0.284657
-0.014 0.977598 -0.504724
-0.013 -0.559709 -0.85482
-0.012 -2.12793 -1.19455
-0.011 -3.08931 -1.39456
-0.01 -3.10223 -1.39306
-0.009 -2.24423 -1.21978
-0.008 -0.948475 -0.968766
-0.007 0.225831 -0.741551
-0.006 0.865939 -0.60067
-0.005 0.87236 -0.553007
-0.004 0.451151 -0.557183
-0.003 -0.032239 -0.544395
-0.002 -0.249949 -0.448632
-0.001 -0.0699788 -0.241744
0 0.392564 0.0436258
0.001 0.854088 0.326568
0.002 1.03088 0.526264
0.003 0.807203 0.610397
0.004 0.315194 0.608014
0.005 -0.115755 0.586629
0.006 -0.117456 0.616968
0.007 0.519342 0.742472
0.008 1.69768 0.957965
0.009 3.00543 1.20144
0.01 3.88121 1.36992
0.011 3.88732 1.36605
0.012 2.94125 1.15651
0.013 1.3817 0.801177
0.014 -0.153165 0.430208
0.015 -0.970892 0.187097
0.016 -0.600276 0.172559
0.017 0.990571 0.409052
0.018 3.31876 0.829168
0.019 5.52336 1.28966
0.02 6.70347 1.61598
0.021 6.31581 1.67199
0.022 4.42671 1.42496
0.023 1.69573 0.965603
0.024 -0.882423 0.467895
0.025 -2.35632 0.113794
0.026 -2.17957 0.0222146
0.027 -0.439552 0.20711
0.028 2.13784 0.571189
0.029 4.44506 0.935118
0.03 5.43694 1.09915
0.031 4.56915 0.922482
0.032 2.02597 0.388148
0.033 -1.35198 -0.381252
0.034 -4.38816 -1.16825
0.035 -6.00886 -1.74311
0.036 -5.64838 -1.9463
0.037 -3.47557 -1.74054
0.038 -0.339383 -1.21895
0.039 2.56679 -0.569613
0.04 4.18466 -0.00744063
0.041 3.99909 0.30453
0.042 2.2088 0.315134
0.043 -0.379294 0.101287
0.044 -2.6696 -0.167674
0.045 -3.69872 -0.302567
0.046 -3.01483 -0.172672
0.047 -0.86217 0.242294
0.048 1.9275 0.845707
0.049 4.29728 1.46257
0.05 5.40255 1.90461
0.051 4.91869 2.03605
0.052 3.11618 1.81831
0.053 0.719617 1.32154
0.054 -1.37531 0.698938
0.055 -2.43649 0.131652
0.056 -2.17009 -0.235011
0.057 -0.816414 -0.337149
0.058 0.991595 -0.201242
0.059 2.53709 0.0824231
0.06 3.32694 0.403418
0.061 3.25244 0.670871
0.062 2.56767 0.838285
0.063 1.73749 0.911266
0.064 1.22978 0.937675
0.065 1.32365 0.982835
0.066 2.00325 1.09984
0.067 2.9867 1.3088
0.068 3.8802 1.59304
0.069 4.37355 1.90929
0.07 4.36946 2.20233
0.071 3.99076 2.41702
0.072 3.48537 2.50741
0.073 3.08718 2.44422
0.074 2.89535 2.21995
0.075 2.82717 1.85081
0.076 2.67283 1.37649
0.077 2.22803 0.857788
0.078 1.43086 0.369103
0.079 0.423658 -0.0165846
0.08 -0.493598 -0.247254
0.081 -0.988948 -0.307901
0.082 -0.844068 -0.225667
0.083 -0.066444 -0.0622088
0.084 1.07595 0.103707
0.085 2.13176 0.199799
0.086 2.6481 0.185655
0.087 2.38214 0.0710767
0.088 1.43034 -0.0837861
0.089 0.200774 -0.190862
0.09 -0.756572 -0.170641
0.091 -0.975754 0.0141438
0.092 -0.262699 0.341747
0.093 1.21468 0.735815
0.094 2.96224 1.08762
0.095 4.32531 1.29043
0.096 4.74381 1.27802
0.097 3.99769 1.05437
0.098 2.32241 0.699693
0.099 0.328134 0.345863
0.1 -1.24301 0.129098
0.101 -1.80826 0.139902
0.102 -1.16292 0.390544
0.103 0.44743 0.810941
0.104 2.41652 1.2723
0.105 3.99842 1.63022
0.106 4.58863 1.77414
0.107 3.96167 1.66666
0.108 2.36379 1.35732
0.109 0.413383 0.963609
0.11 -1.15033 0.625691
0.111 -1.7593 0.4529
0.112 -1.22557 0.484235
0.113 0.208794 0.678029
0.114 1.98454 0.932901
0.115 3.44588 1.12983
0.116 4.08484 1.17844
0.117 3.72325 1.05085
0.118 2.56696 0.792083
0.119 1.11163 0.503757
0.12 -0.0614405 0.306048
0.121 -0.512054 0.291651
0.122 -0.0951017 0.490287
0.123 1.0137 0.858753
0.124 2.41274 1.2993
0.125 3.63671 1.69593
0.126 4.32013 1.95203
0.127 4.30779 2.01625
0.128 3.68005 1.89079
0.129 2.6917 1.62277
0.13 1.65663 1.28259
0.131 0.832232 0.937239
0.132 0.35098 0.629633
0.133 0.213806 0.372481
0.134 0.328299 0.156754
0.135 0.56428 -0.0327841
0.136 0.804543 -0.204543
0.137 0.974668 -0.354749
0.138 1.04379 -0.469239
0.139 1.00429 -0.52944
0.14 0.854615 -0.519458
0.141 0.606686 -0.430881
0.142 0.312746 -0.262934
0.143 0.0804648 -0.0190416
0.144 0.0512909 0.296167
0.145 0.348346 0.67586
0.146 1.02047 1.10578
0.147 2.00326 1.55768
0.148 3.107 1.98548
0.149 4.0429 2.32738
0.15 4.501 2.51663
0.151 4.27038 2.50083
0.152 3.35076 2.2639
0.153 1.98727 1.83914
0.154 0.597453 1.3047
0.155 -0.378028 0.761969
0.156 -0.634284 0.306074
0.157 -0.113887 -0.000707613
0.158 0.96058 -0.145307
0.159 2.14778 -0.16573
0.16 2.93974 -0.135139
0.161 2.9645 -0.129395
0.162 2.15579 -0.18972
0.163 0.802192 -0.299395
0.164 -0.55652 -0.387805
0.165 -1.33994 -0.359764
0.166 -1.15356 -0.135615
0.167 0.054176 0.313845
0.168 1.95616 0.947569
0.169 3.94668 1.6553
0.17 5.35238 2.28335
0.171 5.68481 2.68217
0.172 4.83366 2.7596
0.173 3.11376 2.51533
0.174 1.14255 2.03947
0.175 -0.3988 1.47724
0.176 -1.02183 0.976974
0.177 -0.607619 0.641501
0.178 0.558293 0.497086
0.179 1.90433 0.488066
0.18 2.80079 0.501305
0.181 2.80976 0.415315
0.182 1.85692 0.155588
0.183 0.256301 -0.269151
0.184 -1.41834 -0.766773
0.185 -2.55928 -1.19618
0.186 -2.75747 -1.41973
0.187 -1.95363 -1.35333
0.188 -0.451242 -0.998137
0.189 1.21151 -0.443603
0.19 2.47652 0.161372
0.191 2.97748 0.660815
0.192 2.66382 0.947312
0.193 1.79391 0.997281
0.194 0.81068 0.872255
0.195 0.157299 0.688923
0.196 0.105658 0.572192
0.197 0.661451 0.608504
0.198 1.58099 0.814772
0.199 2.49004 1.13396
0.2 3.04951 1.45982
0.201 3.09271 1.6807
0.202 2.67617 1.72309
0.203 2.03013 1.57629
0.204 1.44186 1.29119
0.205 1.12932 0.95798
0.206 1.15716 0.673058
0.207 1.42483 0.505515
0.208 1.72825 0.474077
0.209 1.86643 0.543896
0.21 1.74276 0.64558
0.211 1.41104 0.70741
0.212 1.04276 0.684309
0.213 0.832453 0.570999
0.214 0.891544 0.398141
0.215 1.18614 0.218173
0.216 1.54901 0.0871632
0.217 1.75868 0.0467159
0.218 1.64946 0.1107
0.219 1.20267 0.262548
0.22 0.575995 0.465079
0.221 0.0515832 0.677127
0.222 -0.0823078 0.866695
0.223 0.331345 1.01451
0.224 1.22561 1.11062
0.225 2.31091 1.15051
0.226 3.17826 1.13336
0.227 3.46468 1.06129
0.228 3.01063 0.938595
0.229 1.94096 0.771873
0.23 0.631423 0.572102
0.231 -0.429929 0.35646
0.232 -0.8353 0.145845
0.233 -0.428517 -0.0424351
0.234 0.616369 -0.201635
0.235 1.8484 -0.336452
0.236 2.71166 -0.457015
0.237 2.77077 -0.569735
0.238 1.8978 -0.669556
0.239 0.340368 -0.736718
0.24 -1.36103 -0.739544
0.241 -2.57589 -0.643739
0.242 -2.82749 -0.42677
0.243 -1.98268 -0.0921393
0.244 -0.312954 0.32403
0.245 1.59926 0.7586
0.246 3.07715 1.13759
0.247 3.60779 1.39715
0.248 3.04147 1.50261
0.249 1.65065 1.45903
0.25 0.0220928 1.30874
0.251 -1.1757 1.11521
0.252 -1.45575 0.938697
0.253 -0.701657 0.813762
0.254 0.790039 0.738803
0.255 2.42797 0.68099
0.256 3.5566 0.593081
0.257 3.71064 0.435704
0.258 2.79638 0.198239
0.259 1.12959 -0.0896454
0.26 -0.686264 -0.362636
0.261 -1.99419 -0.541182
0.262 -2.33584 -0.561327
0.263 -1.62061 -0.399289
0.264 -0.146315 -0.0801369
0.265 1.53029 0.33077
0.266 2.81474 0.747892
0.267 3.29851 1.09054
0.268 2.90175 1.30655
0.269 1.88581 1.38689
0.27 0.73484 1.36405
0.271 -0.0452272 1.29384
0.272 -0.129798 1.22883
0.273 0.501781 1.19685
0.274 1.57291 1.19336
0.275 2.63665 1.18764
0.276 3.26196 1.1371
0.277 3.19925 1.00433
0.278 2.46289 0.772893
0.279 1.30787 0.456571
0.28 0.118183 0.0974755
0.281 -0.745764 -0.247435
0.282 -1.08176 -0.525519
0.283 -0.909435 -0.704113
0.284 -0.438391 -0.776396
0.285 0.0409106 -0.757838
0.286 0.290179 -0.677527
0.287 0.219241 -0.568116
0.288 -0.0935642 -0.456791
0.289 -0.456414 -0.35911
0.29 -0.661492 -0.277169
0.291 -0.579862 -0.202511
0.292 -0.215313 -0.122383
0.293 0.30306 -0.0260048
0.294 0.784681 0.0921744
0.295 1.06824 0.232459
0.296 1.09707 0.391069
0.297 0.942659 0.560479
0.298 0.763755 0.728557
0.299 0.721747 0.878153
0.3 0.895095 0.989298
0.301 1.23503 1.04426
0.302 1.58371 1.03329
0.303 1.74645 0.958712
0.304 1.58491 0.836116
0.305 1.08946 0.692167
0.306 0.398163 0.558771
0.307 -0.249117 0.463877
0.308 -0.606477 0.421068
0.309 -0.529393 0.422656
0.31 -0.0468409 0.441153
0.311 0.63722 0.440076
0.312 1.21979 0.3898
0.313 1.42344 0.281576
0.314 1.11621 0.134072
0.315 0.37453 -0.00999823
0.316 -0.538634 -0.0965133
0.317 -1.27327 -0.0786846
0.318 -1.52997 0.0638797
0.319 -1.18167 0.313305
0.32 -0.332021 0.614943
0.321 0.715019 0.893305
0.322 1.56742 1.07702
0.323 1.89843 1.12324
0.324 1.5797 1.03209
0.325 0.737905 0.846042
0.326 -0.291196 0.633897
0.327 -1.09377 0.46487
0.328 -1.33943 0.382135
0.329 -0.90873 0.386362
0.33 0.0602825 0.435997
0.331 1.22205 0.464393
0.332 2.15211 0.407191
0.333 2.50725 0.229646
0.334 2.15704 -0.0561318
0.335 1.23477 -0.390825
0.336 0.0848719 -0.686001
0.337 -0.872491 -0.855022
0.338 -1.3027 -0.844749
0.339 -1.07897 -0.654939
0.34 -0.321716 -0.338007
0.341 0.655014 0.0196466
0.342 1.46624 0.326803
0.343 1.80063 0.516994
0.344 1.53445 0.569432
0.345 0.773788 0.514291
0.346 -0.191277 0.418828
0.347 -1.00127 0.358287
0.348 -1.36349 0.38385
0.349 -1.15659 0.502154
0.35 -0.466692 0.674514
0.351 0.454365 0.833818
0.352 1.28836 0.910295
0.353 1.7671 0.856849
0.354 1.76272 0.667173
0.355 1.32172 0.381086
0.356 0.634287 0.0730786
0.357 -0.0442264 -0.173814
0.358 -0.487049 -0.298157
0.359 -0.571826 -0.280364
0.36 -0.314169 -0.144968
0.361 0.150982 0.053117
0.362 0.630332 0.249928
0.363 0.948052 0.393513
0.364 1.00491 0.459844
0.365 0.800643 0.459492
0.366 0.419106 0.431396
0.367 -0.00900471 0.424563
0.368 -0.349291 0.475704
0.369 -0.5026 0.593951
0.37 -0.431853 0.759016
0.371 -0.167669 0.930831
0.372 0.20984 1.06409
0.373 0.60265 1.12231
0.374 0.922608 1.08866
0.375 1.10538 0.970802
0.376 1.11467 0.797214
0.377 0.946671 0.605414
0.378 0.63597 0.427817
0.379 0.253365 0.282494
0.38 -0.111129 0.171956
0.381 -0.374122 0.0875928
0.382 -0.481837 0.0158795
0.383 -0.424158 -0.0555547
0.384 -0.240079 -0.132718
0.385 -0.0134465 -0.212647
0.386 0.146641 -0.285384
0.387 0.142796 -0.339638
0.388 -0.0680151 -0.367857
0.389 -0.448074 -0.367138
0.39 -0.884546 -0.33685
0.391 -1.2255 -0.276777
0.392 -1.3314 -0.187673
0.393 -1.12461 -0.0728221
0.394 -0.621946 0.0612684
0.395 0.0614838 0.204717
0.396 0.743633 0.34355
0.397 1.2357 0.459623
0.398 1.41 0.534145
0.399 1.24762 0.555078
0.4 0.845969 0.523965
0.401 0.383717 0.456853
0.402 0.0563803 0.378469
0.403 0.00464987 0.313507
0.404 0.260791 0.279162
0.405 0.73437 0.280333
0.406 1.2449 0.307619
0.407 1.58961 0.339517
0.408 1.61962 0.350514
0.409 1.29535 0.323323
0.41 0.701879 0.259089
0.411 0.0201261 0.179258
0.412 -0.536611 0.117848
0.413 -0.799415 0.108478
0.414 -0.704893 0.171991
0.415 -0.315531 0.308266
0.416 0.208412 0.493815
0.417 0.671466 0.686343
0.418 0.913298 0.836672
0.419 0.861622 0.905228
0.42 0.552378 0.876462
0.421 0.112408 0.764143
0.422 -0.290063 0.605054
0.423 -0.509824 0.444769
0.424 -0.477654 0.321961
0.425 -0.219859 0.256486
0.426 0.160301 0.244127
0.427 0.52629 0.259184
0.428 0.757323 0.264829
0.429 0.786677 0.22873
0.43 0.619572 0.137942
0.431 0.325783 0.00580372
0.432 0.00917389 -0.132707
0.433 -0.232835 -0.23441
0.434 -0.341057 -0.263662
0.435 -0.305764 -0.204561
0.436 -0.159067 -0.0665796
0.437 0.0423689 0.117239
0.438 0.236617 0.299552
0.439 0.373724 0.433803
0.44 0.426911 0.489817
0.441 0.393472 0.462843
0.442 0.286386 0.372331
0.443 0.125243 0.252527
0.444 -0.0655128 0.140038
0.445 -0.253185 0.0628082
0.446 -0.397623 0.0327074
0.447 -0.460938 0.0430268
0.448 -0.421036 0.0723216
0.449 -0.281061 0.0943707
0.45 -0.0721535 0.0899062
0.451 0.149221 0.0540231
0.452 0.311402 -0.00340856
0.453 0.349467 -0.0624564
0.454 0.235271 -0.099822
0.455 -0.000632632 -0.0958238
0.456 -0.272098 -0.0409849
0.457 -0.467273 0.0595393
0.458 -0.490365 0.186662
0.459 -0.297249 0.313901
0.46 0.084853 0.41599
0.461 0.557421 0.474888
0.462 0.974598 0.482288
0.463 1.19152 0.440605
0.464 1.12289 0.363172
0.465 0.783997 0.272014
0.466 0.290745 0.191868
0.467 -0.182026 0.142524
0.468 -0.463249 0.133878
0.469 -0.444551 0.165648
0.47 -0.119149 0.229237
0.471 0.409248 0.309227
0.472 0.955393 0.385752
0.473 1.31733 0.440085
0.474 1.35529 0.462088
0.475 1.04902 0.454726
0.476 0.505999 0.432043
0.477 -0.0804137 0.412015
0.478 -0.501403 0.409142
0.479 -0.605128 0.429634
0.48 -0.351164 0.468452
0.481 0.169436 0.507933
0.482 0.760801 0.520726
0.483 1.19269 0.47899
0.484 1.28869 0.366847
0.485 0.993431 0.189376
0.486 0.390618 -0.0269834
0.487 -0.330475 -0.242232
0.488 -0.941776 -0.414293
0.489 -1.25313 -0.510301
0.49 -1.17753 -0.516022
0.491 -0.763297 -0.441166
0.492 -0.177046 -0.317127
0.493 0.360274 -0.185999
0.494 0.657932 -0.0848127
0.495 0.624031 -0.0322178
0.496 0.292434 -0.0234485
0.497 -0.195725 -0.0347098
0.498 -0.64392 -0.0339883
0.499 -0.868946 0.00571856
0.5 -0.766916 0.0945809
0.501 -0.3528 0.219794
0.502 0.245172 0.348542
0.503 0.835446 0.439766
0.504 1.23474 0.460061
0.505 1.33055 0.39704
0.506 1.11326 0.264849
0.507 0.67321 0.100207
0.508 0.167583 -0.0492636
0.509 -0.233773 -0.140625
0.51 -0.408117 -0.150028
0.511 -0.322317 -0.0803023
0.512 -0.0391203 0.0415908
0.513 0.314193 0.175852
0.514 0.597499 0.284697
0.515 0.706498 0.344891
0.516 0.603119 0.35393
0.517 0.323537 0.328499
0.518 -0.0358484 0.296076
0.519 -0.352315 0.282465
0.52 -0.521247 0.300036
0.521 -0.493093 0.342097
0.522 -0.286265 0.386185
0.523 0.0271493 0.404357
0.524 0.351458 0.375243
0.525 0.598089 0.292721
0.526 0.708772 0.168443
0.527 0.669533 0.0281152
0.528 0.513244 -0.0968507
0.529 0.307054 -0.179657
0.53 0.126943 -0.20685
0.531 0.0307425 -0.181791
0.532 0.042359 -0.121237
0.533 0.15123 -0.046863
0.534 0.321118 0.0238698
0.535 0.501137 0.0831752
0.536 0.637717 0.132794
0.537 0.68904 0.17935
0.538 0.638723 0.228139
0.539 0.501126 0.278255
0.54 0.314469 0.320925
0.541 0.12668 0.341788
0.542 -0.0178664 0.326522
0.543 -0.0872917 0.267746
0.544 -0.0688382 0.170063
0.545 0.0258958 0.05027
0.546 0.161284 -0.0681685
0.547 0.287997 -0.164063
0.548 0.36051 -0.226382
0.549 0.352496 -0.257213
0.55 0.263249 -0.268735
0.551 0.11594 -0.276097
0.552 -0.0483256 -0.289528
0.553 -0.179677 -0.308817
0.554 -0.23326 -0.322205
0.555 -0.185457 -0.310543
0.556 -0.0446717 -0.255884
0.557 0.15078 -0.151388
0.558 0.346647 -0.00783513
0.559 0.490204 0.147178
0.56 0.544297 0.277918
0.561 0.496879 0.353483
0.562 0.366061 0.359268
0.563 0.197624 0.302214
0.564 0.0517176 0.208298
0.565 -0.018543 0.113517
0.566 0.0133658 0.0513487
0.567 0.139486 0.0406874
0.568 0.322461 0.0787448
0.569 0.507834 0.142443
0.57 0.638981 0.198565
0.571 0.673621 0.21851
0.572 0.599236 0.190853
0.573 0.44061 0.126204
0.574 0.253119 0.0528884
0.575 0.102679 0.00579432
0.576 0.041946 0.0126916
0.577 0.0935736 0.0827721
0.578 0.244513 0.201583
0.579 0.449645 0.334823
0.58 0.643448 0.440288
0.581 0.759248 0.483438
0.582 0.75203 0.450042
0.583 0.615958 0.350866
0.584 0.387633 0.217024
0.585 0.132883 0.0881341
0.586 -0.0761525 -0.00218987
0.587 -0.18372 -0.0381324
0.588 -0.16671 -0.0263193
0.589 -0.0418775 0.00846945
0.59 0.138146 0.0345832
0.591 0.301056 0.0267942
0.592 0.379925 -0.0238177
0.593 0.338207 -0.106706
0.594 0.183875 -0.196075
0.595 -0.0333613 -0.260905
0.596 -0.239356 -0.27723
0.597 -0.359856 -0.237807
0.598 -0.344446 -0.154915
0.599 -0.183917 -0.0550068
0.6 0.0844423 0.032055
0.601 0.386935 0.083962
0.602 0.637327 0.0928331
0.603 0.766514 0.0664547
0.604 0.746215 0.0243753
0.605 0.59764 -0.00978652
0.606 0.383189 -0.0175424
0.607 0.185062 0.00719355
0.608 0.0776023 0.0562514
0.609 0.101562 0.111897
0.61 0.248812 0.155349
0.611 0.463918 0.17432
0.612 0.663521 0.1664
0.613 0.766703 0.138154
0.614 0.724246 0.101553
0.615 0.53591 0.0692174
0.616 0.250729 0.0496433
0.617 -0.0488278 0.0439081
0.618 -0.273821 0.0457116
0.619 -0.358768 0.0452833
0.62 -0.284552 0.0350061
0.621 -0.0852799 0.0132976
0.622 0.16454 -0.0151287
0.623 0.377573 -0.0419038
0.624 0.484491 -0.0585623
0.625 0.456659 -0.0594154
0.626 0.31411 -0.0431086
0.627 0.117526 -0.0126979
0.628 -0.0530694 0.0259725
0.629 -0.126705 0.0672112
0.63 -0.0675852 0.10812
0.631 0.111352 0.14916
0.632 0.353612 0.192358
0.633 0.580675 0.238463
0.634 0.720055 0.284828
0.635 0.72896 0.32517
0.636 0.606717 0.351199
0.637 0.393727 0.355394
0.638 0.15779 0.333993
0.639 -0.0287198 0.289098
0.64 -0.11387 0.228597
0.641 -0.0838667 0.163535
0.642 0.0341098 0.104075
0.643 0.184521 0.0560617
0.644 0.304898 0.0196838
0.645 0.347127 -0.00937894
0.646 0.292124 -0.0370817
0.647 0.154821 -0.0676071
0.648 -0.0213718 -0.100575
0.649 -0.17947 -0.130055
0.65 -0.268849 -0.146374
0.651 -0.262837 -0.140387
0.652 -0.166859 -0.108203
0.653 -0.0145523 -0.053765
0.654 0.145212 0.0120108
0.655 0.264693 0.0748691
0.656 0.311847 0.121797
0.657 0.279331 0.144877
0.658 0.185612 0.143486
0.659 0.0677997 0.124241
0.66 -0.031481 0.0982432
0.661 -0.0784279 0.076262
0.662 -0.0584712 0.0640447
0.663 0.0204055 0.060312
0.664 0.131647 0.0584195
0.665 0.239529 0.0503987
0.666 0.310937 0.0310404
0.667 0.325803 0.000371005
0.668 0.28273 -0.0359267
0.669 0.198216 -0.0680788
0.67 0.100397 -0.0855827
0.671 0.0199483 -0.081451
0.672 -0.0189276 -0.0553702
0.673 -0.00520785 -0.013888
0.674 0.0560049 0.0325405
0.675 0.145266 0.0738911
0.676 0.235191 0.104049
0.677 0.299372 0.122192
0.678 0.320345 0.132052
0.679 0.293887 0.139603
0.68 0.229067 0.149914
0.681 0.145031 0.164348
0.682 0.0656998 0.179581
0.683 0.0131924 0.189182
0.684 0.00101031 0.186971
0.685 0.0292001 0.170247
0.686 0.0840366 0.14126
0.687 0.142844 0.106454
0.688 0.181748 0.0740375
0.689 0.183055 0.0508741
0.69 0.140111 0.0397338
0.691 0.0591458 0.0380441
0.692 -0.0417641 0.0390069
0.693 -0.136961 0.0349021
0.694 -0.200729 0.0210225
0.695 -0.216033 -0.00180854
0.696 -0.180576 -0.0273571
0.697 -0.10725 -0.0465308
0.698 -0.0192008 -0.0511239
0.699 0.0578409 -0.0372682
0.7 0.103122 -0.00736807
0.701 0.106657 0.0303071
0.702 0.07238 0.0645669
0.703 0.01751 0.0858499
0.704 -0.0328301 0.0903494
0.705 -0.0545367 0.0816539
0.706 -0.0334129 0.0690804
0.707 0.0296826 0.0635118
0.708 0.119086 0.0726023
0.709 0.209308 0.0972793
0.71 0.272782 0.130823
0.711 0.288224 0.16096
0.712 0.247532 0.174449
0.713 0.158968 0.162453
0.714 0.0450462 0.124378
0.715 -0.0644558 0.068415
0.716 -0.141862 0.00860775
0.717 -0.170221 -0.0402959
0.718 -0.148478 -0.0681793
0.719 -0.0915464 -0.0730882
0.72 -0.0251323 -0.0616003
0.721 0.0231602 -0.0457541
0.722 0.0334849 -0.0376603
0.723 0.00064199 -0.0441352
0.724 -0.0642071 -0.0637523
0.725 -0.137217 -0.0874303
0.726 -0.189548 -0.102087
0.727 -0.196955 -0.0959003
0.728 -0.148488 -0.0633026
0.729 -0.0512288 -0.0078295
0.73 0.0711919 0.058507
0.731 0.18626 0.119379
0.732 0.263583 0.160212
0.733 0.284772 0.173447
0.734 0.248745 0.160767
0.735 0.171498 0.131724
0.736 0.0809299 0.0996767
0.737 0.00802489 0.0766119
0.738 -0.0234505 0.0686803
0.739 -0.00542468 0.0740888
0.74 0.0513868 0.0842886
0.741 0.12163 0.0880859
0.742 0.175088 0.0768637
0.743 0.187694 0.0484999
0.744 0.149556 0.00835995
0.745 0.0679998 -0.0327578
0.746 -0.0346087 -0.062713
0.747 -0.127658 -0.0725731
0.748 -0.182203 -0.0599112
0.749 -0.181159 -0.0295796
0.75 -0.125832 0.00832703
0.751 -0.0355628 0.0424413
0.752 0.0595301 0.0643191
0.753 0.129297 0.071168
0.754 0.153462 0.0662295
0.755 0.127661 0.0568844
0.756 0.0642966 0.0512455
0.757 -0.0117656 0.0545697
0.758 -0.0716055 0.0670362
0.759 -0.0924392 0.0838644
0.76 -0.0660012 0.0975907
0.761 -0.00150082 0.101317
0.762 0.0781361 0.0914643
0.763 0.144868 0.0690705
0.764 0.175383 0.0393902
0.765 0.158758 0.0100078
0.766 0.09972 -0.0119973
0.767 0.0168761 -0.0227789
0.768 -0.0634887 -0.0230542
0.769 -0.116309 -0.0173431
0.77 -0.126387 -0.0115782
0.771 -0.0934211 -0.0103961
0.772 -0.0314617 -0.0153533
0.773 0.0366848 -0.0245558
0.774 0.0877277 -0.0335337
0.775 0.105768 -0.0370128
0.776 0.0872149 -0.0311204
0.777 0.0414168 -0.015197
0.778 -0.0130049 0.00773454
0.779 -0.0549564 0.0321947
0.78 -0.0684203 0.0525234
0.781 -0.0478962 0.0650092
0.782 0.000176409 0.068957
0.783 0.0601713 0.0665113
0.784 0.112908 0.0615239
0.785 0.14211 0.0578466
0.786 0.139605 0.0575809
0.787 0.107666 0.0600572
0.788 0.0577261 0.06214
0.789 0.00590846 0.0597369
0.79 -0.0327384 0.0497027
0.791 -0.0489442 0.0312392
0.792 -0.0413884 0.00634769
0.793 -0.0162379 -0.0206521
0.794 0.0153604 -0.0443865
0.795 0.0411351 -0.060202
0.796 0.0519442 -0.0657842
0.797 0.0449522 -0.061763
0.798 0.0242518 -0.050978
0.799 -0.00135372 -0.0369651
0.8 -0.0220016 -0.0225671
0.801 -0.0299076 -0.00917086
0.802 -0.0211189 0.00346459
0.803 0.00377823 0.0169058
0.804 0.039719 0.0331734
0.805 0.0784286 0.0533806
0.806 0.111119 0.0765825
0.807 0.131548 0.0997149
0.808 0.137678 0.118716
0.809 0.131224 0.130016
0.81 0.116092 0.131517
0.811 0.0971387 0.122902
0.812 0.0794505 0.1056
0.813 0.0672932 0.0825679
0.814 0.0626099 0.0576014
0.815 0.0641647 0.0341325
0.816 0.0682863 0.0141476
0.817 0.0706705 -0.0020011
0.818 0.0678363 -0.0148968
0.819 0.0576316 -0.0252047
0.82 0.0394492 -0.0332533
0.821 0.0148153 -0.0389909
0.822 -0.0121773 -0.0419465
0.823 -0.035667 -0.0411822
0.824 -0.0500489 -0.0356076
0.825 -0.0519341 -0.0247191
0.826 -0.0409778 -0.00921591
0.827 -0.0197175 0.00903748
0.828 0.00694003 0.0275866
0.829 0.0325464 0.0439905
0.83 0.0507167 0.0561883
0.831 0.0573808 0.0627735
0.832 0.0524797 0.0633285
0.833 0.039921 0.0586028
0.834 0.0259223 0.0502002
0.835 0.0168657 0.0398897
0.836 0.0174324 0.0290663
0.837 0.0290927 0.018646
0.838 0.0491645 0.00917156
0.839 0.0711753 0.000843047
0.84 0.0870127 -0.0064639
0.841 0.0901324 -0.0129492
0.842 0.0781272 -0.0184552
0.843 0.0534396 -0.0222671
0.844 0.0224067 -0.0234269
0.845 -0.0065464 -0.0212836
0.846 -0.0252194 -0.015777
0.847 -0.0283162 -0.00736478
0.848 -0.0156632 0.00308661
0.849 0.00738719 0.0142703
0.85 0.0319932 0.0245077
0.851 0.0493346 0.032197
0.852 0.0537283 0.0364584
0.853 0.0441714 0.0374351
0.854 0.0243963 0.0360054
0.855 0.00182138 0.0332518
0.856 -0.0146517 0.0301482
0.857 -0.0178268 0.0274895
0.858 -0.00521665 0.0257744
0.859 0.0197861 0.0249628
0.86 0.0493077 0.0244159
0.861 0.0741007 0.0232843
0.862 0.0867226 0.0211163
0.863 0.0837212 0.018169
0.864 0.066623 0.0152171
0.865 0.0416093 0.0131387
0.866 0.0175961 0.012615
0.867 0.00300554 0.0139789
0.868 0.00252059 0.017059
0.869 0.0154079 0.0210392
0.87 0.0361159 0.0245787
0.871 0.0565809 0.0263127
0.872 0.0690834 0.0254615
0.873 0.0687669 0.0221403
0.874 0.0552854 0.0172432
0.875 0.0330441 0.0120831
0.876 0.00966404 0.00799961
0.877 -0.00691155 0.0059984
0.878 -0.0114175 0.00643752
0.879 -0.00305421 0.00887902
0.88 0.0145151 0.0122689
0.881 0.0346675 0.0154118
0.882 0.0501374 0.017461
0.883 0.0554767 0.0181627
0.884 0.0489612 0.0178203
0.885 0.0331883 0.0170885
0.886 0.013976 0.016684
0.887 -0.00198956 0.0170607
0.888 -0.009662 0.0181403
0.889 -0.00727439 0.0192617
0.89 0.00332208 0.0194443
0.891 0.0175052 0.0178303
0.892 0.0295604 0.0140396
0.893 0.0347307 0.00828846
0.894 0.0309764 0.00132054
0.895 0.0196896 -0.0057629
0.896 0.00499235 -0.0117526
0.897 -0.00801254 -0.0156576
0.898 -0.015172 -0.0170101
0.899 -0.0146136 -0.0159666
0.9 -0.00714537 -0.0131269
0.901 0.00422061 -0.00921159
0.902 0.0154028 -0.0048168
0.903 0.0227303 -0.00032549
0.904 0.0242771 0.00409279
0.905 0.0204772 0.00845106
0.906 0.0137361 0.0128575
0.907 0.00728041 0.0173468
0.908 0.00384385 0.0217117
0.909 0.0047466 0.0254791
0.91 0.00961382 0.0280746
0.911 0.0166752 0.029046
0.912 0.0234676 0.0281967
0.913 0.0277365 0.0256057
0.914 0.0282473 0.0216008
0.915 0.025169 0.0167134
0.916 0.0198599 0.011584
0.917 0.0141909 0.00680984
0.918 0.00976945 0.00280649
0.919 0.00742359 -0.00022929
0.92 0.00708973 -0.00225632
0.921 0.00802321 -0.00331146
0.922 0.00917997 -0.00347638
0.923 0.00965137 -0.00286551
0.924 0.00901902 -0.00160189
0.925 0.00747671 0.000199483
0.926 0.00565716 0.00240855
0.927 0.00426722 0.00483792
0.928 0.00374585 0.00724058
0.929 0.0041257 0.00936719
0.93 0.00511647 0.0110316
0.931 0.00629228 0.0121261
0.932 0.00727953 0.012598
0.933 0.00790461 0.0124395
0.934 0.00825404 0.0116999
0.935 0.00859283 0.0104799
0.936 0.00916496 0.00889167
0.937 0.00999619 0.00702876
0.938 0.010835 0.0049884
0.939 0.0112741 0.00291709
0.94 0.0109621 0.00101433
0.941 0.00977003 -0.000524592
0.942 0.00785842 -0.00157237
0.943 0.0056524 -0.00208551
0.944 0.00372317 -0.00208515
0.945 0.00257726 -0.00164926
0.946 0.00242838 -0.000919577
0.947 0.00307917 -8.11687e-05
0.948 0.00399896 0.000701071
0.949 0.00456546 0.00134365
0.95 0.00433263 0.00184841
0.951 0.00319387 0.00225379
0.952 0.00140694 0.00258916
0.953 -0.000493744 0.00286697
0.954 -0.00187848 0.00309126
0.955 -0.002262 0.00325115
0.956 -0.001511 0.0033089
0.957 8.79326e-05 0.00321453
0.958 0.00194563 0.0029469
0.959 0.00341471 0.0025417
0.96 0.00403531 0.00207682
0.961 0.00368021 0.00163348
0.962 0.00257156 0.00127135
0.963 0.00118541 0.00102794
0.964 7.21267e-05 0.00092071
0.965 -0.000351742 0.000938294
0.966 4.18847e-05 0.00103555
0.967 0.00105868 0.00115067
0.968 0.00227971 0.00123515
0.969 0.0032394 0.00127006
0.97 0.00360128 0.0012586
0.971 0.00326568 0.00121166
0.972 0.00238393 0.00114322
0.973 0.00128354 0.00107211
0.974 0.000334244 0.00101729
0.975 -0.000191643 0.000986537
0.976 -0.000207969 0.000971702
0.977 0.000177603 0.000956821
0.978 0.000729609 0.000929938
0.979 0.00118884 0.000886533
0.98 0.00137024 0.00082554
0.981 0.00122036 0.00074728
0.982 0.000818745 0.000656093
0.983 0.000328258 0.00056164
0.984 -8.04402e-05 0.000474637
0.985 -0.000295496 0.00040085
0.986 -0.000295323 0.000339563
0.987 -0.000138984 0.000286955
0.988 7.23909e-05 0.000239569
0.989 0.000242515 0.000194962
0.99 0.000315543 0.000151425
0.991 0.000288347 0.000108855
0.992 0.000198413 6.95953e-05
0.993 9.70642e-05 3.73866e-05
0.994 2.32837e-05 1.49752e-05
0.995 -9.6491e-06 2.52437e-06
0.996 -1.15245e-05 -2.14882e-06
0.997 -2.00309e-06 -2.29288e-06
0.998 3.71388e-06 -9.67371e-07
0.999 2.30591e-06 -1.03094e-07
0.12 0.300749 -0.110985
0.24 0.300317 -0.110898
0.36 0.299599 -0.110752
0.48 0.298597 -0.110546
0.6 0.297315 -0.110279
0.72 0.295757 -0.109949
0.84 0.293928 -0.109556
0.96 0.291836 -0.109095
1.08 0.289486 -0.108567
1.2 0.286888 -0.107967
1.32 0.284049 -0.107293
1.44 0.280979 -0.106542
1.56 0.277689 -0.105712
1.68 0.274188 -0.104799
1.8 0.270488 -0.103802
1.92 0.266601 -0.102716
2.04 0.262538 -0.10154
2.16 0.258313 -0.10027
2.28 0.253937 -0.0989053
2.4 0.249423 -0.0974432
2.52 0.244786 -0.0958822
2.64 0.240036 -0.0942209
2.76 0.235189 -0.0924586
2.88 0.230256 -0.0905947
3 0.22525 -0.0886293
3.12 0.220185 -0.0865629
3.24 0.215073 -0.0843966
3.36 0.209926 -0.0821319
3.48 0.204756 -0.0797709
3.6 0.199575 -0.0773164
3.72 0.194395 -0.0747716
3.84 0.189227 -0.0721403
3.96 0.184081 -0.0694268
4.08 0.178968 -0.066636
4.2 0.173898 -0.0637732
4.32 0.16888 -0.0608442
4.44 0.163924 -0.0578554
4.56 0.159038 -0.0548133
4.68 0.154232 -0.051725
4.8 0.149513 -0.0485979
4.92 0.14489 -0.0454395
5.04 0.140369 -0.0422575
5.16 0.135959 -0.03906
5.28 0.131665 -0.0358549
5.4 0.127496 -0.0326504
5.52 0.123457 -0.0294543
5.64 0.119555 -0.0262745
5.76 0.115797 -0.0231189
5.88 0.112188 -0.0199949
6 0.108734 -0.0169097
6.12 0.105441 -0.0138702
6.24 0.102316 -0.0108828
6.36 0.099363 -0.00795352
6.48 0.0965884 -0.00508793
6.6 0.0939977 -0.00229093
6.72 0.0915962 0.000433094
6.84 0.0893894 0.0030804
6.96 0.0873824 0.00564788
7.08 0.0855804 0.00813312
7.2 0.0839884 0.0105344
7.32 0.0826111 0.0128505
7.44 0.0814532 0.0150813
7.56 0.0805189 0.017227
7.68 0.0798124 0.0192887
7.8 0.0793374 0.021268
7.92 0.0790972 0.0231672
8.04 0.0790947 0.0249893
8.16 0.0793324 0.0267377
8.28 0.0798121 0.0284165
8.4 0.0805351 0.0300302
8.52 0.081502 0.0315836
8.64 0.0827128 0.0330822
8.76 0.0841665 0.0345314
8.88 0.0858615 0.0359371
9 0.0877951 0.0373053
9.12 0.0899639 0.0386421
9.24 0.0923634 0.0399536
9.36 0.094988 0.0412459
9.48 0.0978312 0.042525
9.6 0.100885 0.0437967
9.72 0.104142 0.0450664
9.84 0.10759 0.0463394
9.96 0.111221 0.0476204
10.08 0.11502 0.0489139
10.2 0.118975 0.0502235
10.32 0.123072 0.0515526
10.44 0.127295 0.0529039
10.56 0.131628 0.0542791
10.68 0.136053 0.0556797
10.8 0.140552 0.0571062
10.92 0.145106 0.0585583
11.04 0.149695 0.060035
11.16 0.154297 0.0615346
11.28 0.158892 0.0630545
11.4 0.163458 0.0645914
11.52 0.167972 0.066141
11.64 0.172411 0.0676987
11.76 0.176754 0.0692587
11.88 0.180977 0.0708148
12 0.185057 0.0723602
12.12 0.188971 0.0738873
12.24 0.192698 0.0753879
12.36 0.196216 0.0768537
12.48 0.199502 0.0782757
12.6 0.202538 0.0796444
12.72 0.205302 0.0809504
12.84 0.207777 0.0821839
12.96 0.209945 0.083335
13.08 0.21179 0.0843937
13.2 0.213296 0.0853501
13.32 0.21445 0.0861945
13.44 0.21524 0.0869173
13.56 0.215656 0.0875092
13.68 0.215689 0.0879615
13.8 0.215332 0.0882656
13.92 0.214581 0.0884136
14.04 0.213431 0.0883983
14.16 0.211882 0.0882131
14.28 0.209935 0.087852
14.4 0.207592 0.0873101
14.52 0.204857 0.086583
14.64 0.201738 0.0856674
14.76 0.198242 0.084561
14.88 0.19438 0.0832623
15 0.190163 0.0817708
15.12 0.185606 0.0800872
15.24 0.180724 0.078213
15.36 0.175533 0.0761509
15.48 0.170053 0.0739045
15.6 0.164302 0.0714785
15.72 0.158301 0.0688785
15.84 0.152072 0.0661113
15.96 0.145639 0.0631842
16.08 0.139024 0.0601058
16.2 0.132252 0.0568854
16.32 0.125348 0.053533
16.44 0.118337 0.0500595
16.56 0.111244 0.0464764
16.68 0.104094 0.0427957
16.8 0.0969125 0.03903
16.92 0.0897244 0.0351925
17.04 0.0825541 0.0312966
17.16 0.0754254 0.027356
17.28 0.0683615 0.0233847
17.4 0.0613846 0.0193967
17.52 0.0545161 0.0154063
17.64 0.0477763 0.0114274
17.76 0.0411841 0.00747419
17.88 0.0347573 0.0035603
18 0.0285122 -0.000300714
18.12 0.0224638 -0.0040957
18.24 0.0166254 -0.00781193
18.36 0.0110089 -0.0114372
18.48 0.00562447 -0.0149597
18.6 0.000480695 -0.0183686
18.72 -0.0044155 -0.0216532
18.84 -0.00905882 -0.0248041
18.96 -0.0134456 -0.0278123
19.08 -0.0175739 -0.0306697
19.2 -0.0214431 -0.0333689
19.32 -0.0250544 -0.0359037
19.44 -0.0284102 -0.0382684
19.56 -0.0315146 -0.0404584
19.68 -0.0343728 -0.0424701
19.8 -0.0369913 -0.0443004
19.92 -0.0393777 -0.0459476
20.04 -0.0415408 -0.0474106
20.16 -0.0434902 -0.0486891
20.28 -0.0452363 -0.0497838
20.4 -0.0467904 -0.0506963
20.52 -0.0481641 -0.0514289
20.64 -0.0493698 -0.0519845
20.76 -0.05042 -0.0523669
20.88 -0.0513275 -0.0525806
21 -0.0521053 -0.0526307
21.12 -0.0527663 -0.0525228
21.24 -0.0533233 -0.052263
21.36 -0.0537888 -0.0518581
21.48 -0.0541752 -0.0513151
21.6 -0.0544941 -0.0506414
21.72 -0.0547569 -0.049845
21.84 -0.0549743 -0.0489337
21.96 -0.0551561 -0.0479158
22.08 -0.0553115 -0.0467997
22.2 -0.055449 -0.0455939
22.32 -0.055576 -0.044307
22.44 -0.0556992 -0.0429474
22.56 -0.0558241 -0.0415236
22.68 -0.0559554 -0.040044
22.8 -0.0560968 -0.0385169
22.92 -0.056251 -0.0369503
23.04 -0.0564196 -0.0353521
23.16 -0.0566035 -0.0337298
23.28 -0.0568024 -0.0320909
23.4 -0.0570152 -0.0304423
23.52 -0.0572398 -0.0287907
23.64 -0.0574736 -0.0271426
23.76 -0.057713 -0.0255039
23.88 -0.0579536 -0.0238802
24 -0.0581905 -0.0222767
24.12 -0.0584183 -0.0206984
24.24 -0.058631 -0.0191496
24.36 -0.0588223 -0.0176345
24.48 -0.0589854 -0.0161567
24.6 -0.0591134 -0.0147194
24.72 -0.0591991 -0.0133258
24.84 -0.0592355 -0.0119781
24.96 -0.0592154 -0.0106787
25.08 -0.0591317 -0.00942945
25.2 -0.0589774 -0.0082318
25.32 -0.0587461 -0.007087
25.44 -0.0584313 -0.00599596
25.56 -0.0580272 -0.00495933
25.68 -0.0575284 -0.00397751
25.8 -0.05693 -0.00305065
25.92 -0.0562276 -0.0021787
26.04 -0.0554176 -0.00136139
26.16 -0.0544971 -0.000598307
26.28 -0.0534636 0.000111158
26.4 -0.0523158 0.000767735
26.52 -0.0510528 0.00137228
26.64 -0.0496747 0.00192576
26.76 -0.0481823 0.00242922
26.88 -0.0465772 0.0028838
27 -0.0448618 0.0032907
27.12 -0.0430394 0.00365115
27.24 -0.0411138 0.00396645
27.36 -0.0390899 0.0042379
27.48 -0.0369729 0.00446684
27.6 -0.0347689 0.00465461
27.72 -0.0324847 0.00480258
27.84 -0.0301275 0.0049121
27.96 -0.0277052 0.00498452
28.08 -0.0252259 0.0050212
28.2 -0.0226984 0.00502348
28.32 -0.0201318 0.00499269
28.44 -0.0175354 0.00493016
28.56 -0.0149188 0.00483722
28.68 -0.0122918 0.00471518
28.8 -0.0096641 0.00456535
28.92 -0.00704568 0.00438904
29.04 -0.00444635 0.00418757
29.16 -0.00187587 0.00396224
29.28 0.000656189 0.00371437
29.4 0.00314046 0.00344529
29.52 0.00556787 0.00315634
29.64 0.00792967 0.00284887
29.76 0.0102175 0.00252425
29.88 0.0124235 0.00218386
30 0.0145401 0.00182911
30.12 0.0165605 0.00146144
30.24 0.0184782 0.00108227
30.36 0.0202876 0.000693097
30.48 0.0219835 0.000295394
30.6 0.0235614 -0.000109323
30.72 0.0250173 -0.000519528
30.84 0.0263481 -0.000933674
30.96 0.0275513 -0.00135021
31.08 0.028625 -0.00176756
31.2 0.0295681 -0.00218415
31.32 0.03038 -0.00259842
31.44 0.031061 -0.00300879
31.56 0.0316117 -0.00341369
31.68 0.0320337 -0.00381159
31.8 0.0323289 -0.00420095
31.92 0.0324999 -0.00458028
32.04 0.0325499 -0.00494811
32.16 0.0324825 -0.005303
32.28 0.0323017 -0.00564359
32.4 0.0320123 -0.00596855
32.52 0.031619 -0.0062766
32.64 0.0311274 -0.00656655
32.76 0.0305428 -0.00683727
32.88 0.0298714 -0.00708769
33 0.0291192 -0.00731687
33.12 0.0282925 -0.00752391
33.24 0.0273979 -0.00770803
33.36 0.0264419 -0.00786854
33.48 0.0254311 -0.00800484
33.6 0.0243723 -0.00811647
33.72 0.023272 -0.00820303
33.84 0.022137 -0.00826425
33.96 0.0209736 -0.00829998
34.08 0.0197882 -0.00831016
34.2 0.0185872 -0.00829484
34.32 0.0173764 -0.00825421
34.44 0.0161618 -0.00818851
34.56 0.0149489 -0.00809814
34.68 0.0137429 -0.00798358
34.8 0.0125491 -0.0078454
34.92 0.011372 -0.00768427
35.04 0.0102161 -0.00750097
35.16 0.00908545 -0.00729633
35.28 0.00798384 -0.00707129
35.4 0.00691466 -0.00682685
35.52 0.00588096 -0.00656408
35.64 0.00488544 -0.00628412
35.76 0.00393047 -0.00598816
35.88 0.00301805 -0.00567742
36 0.00214985 -0.00535319
36.12 0.00132719 -0.00501678
36.24 0.000551069 -0.00466952
36.36 -0.000177823 -0.00431278
36.48 -0.000859112 -0.00394791
36.6 -0.00149271 -0.0035763
36.72 -0.00207882 -0.00319931
36.84 -0.00261788 -0.00281831
36.96 -0.0031106 -0.00243465
37.08 -0.00355791 -0.00204966
37.2 -0.00396094 -0.00166463
37.32 -0.00432103 -0.00128083
37.44 -0.00463967 -0.000899502
37.56 -0.00491853 -0.00052182
37.68 -0.00515939 -0.000148928
37.8 -0.00536416 0.000218085
37.92 -0.00553484 0.000578186
38.04 -0.00567351 0.000930397
38.16 -0.00578231 0.00127381
38.28 -0.00586341 0.00160756
38.4 -0.00591904 0.00193087
38.52 -0.0059514 0.00224301
38.64 -0.00596271 0.00254334
38.76 -0.00595515 0.00283127
38.88 -0.00593087 0.00310629
39 -0.00589198 0.00336794
39.12 -0.00584053 0.00361584
39.24 -0.00577848 0.00384969
39.36 -0.00570774 0.00406924
39.48 -0.00563011 0.00427431
39.6 -0.0055473 0.00446477
39.72 -0.00546091 0.00464058
39.84 -0.00537243 0.00480173
39.96 -0.00528326 0.00494828
40.08 -0.00519465 0.00508035
40.2 -0.00510775 0.0051981
40.32 -0.00502358 0.00530175
40.44 -0.00494305 0.00539157
40.56 -0.00486694 0.00546784
40.68 -0.0047959 0.00553093
40.8 -0.00473048 0.0055812
40.92 -0.00467111 0.00561908
41.04 -0.00461809 0.00564502
41.16 -0.00457163 0.00565949
41.28 -0.00453183 0.00566299
41.4 -0.0044987 0.00565605
41.52 -0.00447214 0.0056392
41.64 -0.00445197 0.00561301
41.76 -0.00443794 0.00557804
41.88 -0.00442971 0.00553488
42 -0.00442689 0.00548411
42.12 -0.00442902 0.00542633
42.24 -0.00443558 0.00536213
42.36 -0.00444603 0.00529212
42.48 -0.00445977 0.00521688
42.6 -0.00447617 0.00513699
42.72 -0.0044946 0.00505305
42.84 -0.00451439 0.00496562
42.96 -0.00453487 0.00487525
43.08 -0.00455538 0.00478251
43.2 -0.00457525 0.00468791
43.32 -0.00459383 0.00459196
43.44 -0.00461049 0.00449518
43.56 -0.0046246 0.00439802
43.68 -0.00463559 0.00430095
43.8 -0.0046429 0.00420438
43.92 -0.00464603 0.00410874
44.04 -0.00464449 0.0040144
44.16 -0.00463787 0.00392171
44.28 -0.00462578 0.00383101
44.4 -0.00460789 0.00374259
44.52 -0.00458393 0.00365672
44.64 -0.00455367 0.00357366
44.76 -0.00451695 0.00349362
44.88 -0.00447364 0.00341677
45 -0.0044237 0.00334329
45.12 -0.00436712 0.00327329
45.24 -0.00430394 0.00320687
45.36 -0.00423428 0.00314411
45.48 -0.00415828 0.00308504
45.6 -0.00407615 0.00302968
45.72 -0.00398814 0.00297802
45.84 -0.00389454 0.00293002
45.96 -0.00379568 0.0028856
46.08 -0.00369194 0.0028447
46.2 -0.00358372 0.00280718
46.32 -0.00347145 0.00277293
46.44 -0.0033556 0.00274179
46.56 -0.00323664 0.00271358
46.68 -0.00311507 0.00268811
46.8 -0.00299142 0.00266519
46.92 -0.00286619 0.0026446
47.04 -0.00273991 0.0026261
47.16 -0.00261313 0.00260945
47.28 -0.00248634 0.00259441
47.4 -0.00236009 0.00258072
47.52 -0.00223487 0.00256812
47.64 -0.00211117 0.00255636
47.76 -0.00198947 0.00254517
47.88 -0.00187023 0.00253428
48 -0.00175386 0.00252345
48.12 -0.00164077 0.00251242
48.24 -0.00153134 0.00250094
48.36 -0.0014259 0.00248878
48.48 -0.00132476 0.00247572
48.6 -0.0012282 0.00246153
48.72 -0.00113644 0.00244602
48.84 -0.0010497 0.002429
48.96 -0.000968138 0.00241029
49.08 -0.000891875 0.00238975
49.2 -0.000821002 0.00236723
49.32 -0.000755572 0.00234261
49.44 -0.000695601 0.0023158
49.56 -0.00064107 0.00228672
49.68 -0.000591926 0.0022553
49.8 -0.000548084 0.00222149
49.92 -0.000509429 0.00218529
50.04 -0.000475816 0.00214668
50.16 -0.000447075 0.00210569
50.28 -0.000423012 0.00206234
50.4 -0.000403409 0.0020167
50.52 -0.00038803 0.00196884
50.64 -0.000376622 0.00191883
50.76 -0.000368919 0.0018668
50.88 -0.000364642 0.00181285
51 -0.000363503 0.00175712
51.12 -0.00036521 0.00169976
51.24 -0.000369464 0.00164091
51.36 -0.000375968 0.00158074
51.48 -0.000384426 0.00151943
51.6 -0.000394544 0.00145715
51.72 -0.000406034 0.00139409
51.84 -0.00041862 0.00133044
51.96 -0.00043203 0.00126638
52.08 -0.000446008 0.0012021
52.2 -0.000460311 0.0011378
52.32 -0.000474708 0.00107365
52.44 -0.000488986 0.00100985
52.56 -0.00050295 0.00094656
52.68 -0.00051642 0.000883962
52.8 -0.000529237 0.000822216
52.92 -0.000541259 0.000761477
53.04 -0.000552364 0.000701889
53.16 -0.000562449 0.000643587
53.28 -0.000571429 0.000586696
53.4 -0.00057924 0.000531326
53.52 -0.000585834 0.000477579
53.64 -0.000591182 0.000425539
53.76 -0.000595273 0.000375283
53.88 -0.000598109 0.000326872
54 -0.00059971 0.000280353
54.12 -0.000600109 0.000235763
54.24 -0.000599354 0.000193124
54.36 -0.000597501 0.000152447
54.48 -0.000594621 0.000113731
54.6 -0.000590791 7.69629e-05
54.72 -0.000586098 4.21197e-05
54.84 -0.000580635 9.1679e-06
54.96 -0.000574502 -2.19352e-05
55.08 -0.000567801 -5.12409e-05
55.2 -0.00056064 -7.88079e-05
55.32 -0.000553125 -0.000104702
55.44 -0.000545367 -0.000128994
55.56 -0.000537473 -0.000151761
55.68 -0.000529551 -0.000173083
55.8 -0.000521707 -0.000193042
55.92 -0.000514042 -0.000211725
56.04 -0.000506655 -0.000229217
56.16 -0.000499638 -0.000245604
56.28 -0.000493081 -0.000260973
56.4 -0.000487066 -0.000275408
56.52 -0.000481671 -0.000288991
56.64 -0.000476964 -0.0003018
56.76 -0.000473011 -0.000313913
56.88 -0.000469867 -0.0003254
57 -0.000467582 -0.000336329
57.12 -0.0004662 -0.000346761
57.24 -0.000465757 -0.000356753
57.36 -0.000466281 -0.000366356
57.48 -0.000467795 -0.000375615
57.6 -0.000470315 -0.00038457
57.72 -0.000473851 -0.000393253
57.84 -0.000478407 -0.000401692
57.96 -0.000483981 -0.000409909
58.08 -0.000490566 -0.000417918
58.2 -0.000498149 -0.000425731
58.32 -0.000506715 -0.000433351
58.44 -0.000516243 -0.000440779
58.56 -0.000526707 -0.00044801
58.68 -0.000538079 -0.000455034
58.8 -0.000550329 -0.00046184
58.92 -0.000563422 -0.000468409
59.04 -0.000577321 -0.000474723
59.16 -0.000591987 -0.000480759
59.28 -0.00060738 -0.000486494
59.4 -0.000623457 -0.000491901
59.52 -0.000640173 -0.000496952
59.64 -0.000657485 -0.00050162
59.76 -0.000675346 -0.000505876
59.88 -0.000693708 -0.000509689
60 -0.000712525 -0.000513032
60.12 -0.000731749 -0.000515875
60.24 -0.00075133 -0.000518191
60.36 -0.00077122 -0.000519952
60.48 -0.000791371 -0.000521132
60.6 -0.000811732 -0.000521706
60.72 -0.000832256 -0.00052165
60.84 -0.000852892 -0.000520942
60.96 -0.000873593 -0.00051956
61.08 -0.00089431 -0.000517486
61.2 -0.000914994 -0.000514701
61.32 -0.000935597 -0.000511187
61.44 -0.000956072 -0.000506929
61.56 -0.000976372 -0.000501913
61.68 -0.00099645 -0.000496124
61.8 -0.00101626 -0.000489551
61.92 -0.00103576 -0.000482182
62.04 -0.00105491 -0.000474006
62.16 -0.00107366 -0.000465012
62.28 -0.00109197 -0.000455191
62.4 -0.0011098 -0.000444533
62.52 -0.00112712 -0.000433031
62.64 -0.0011439 -0.000420676
62.76 -0.00116008 -0.000407461
62.88 -0.00117566 -0.000393378
63 -0.00119059 -0.00037842
63.12 -0.00120486 -0.000362583
63.24 -0.00121843 -0.00034586
63.36 -0.00123129 -0.000328249
63.48 -0.00124343 -0.000309746
63.6 -0.00125483 -0.00029035
63.72 -0.00126549 -0.000270062
63.84 -0.00127539 -0.000248883
63.96 -0.00128453 -0.000226819
64.08 -0.00129292 -0.000203877
64.2 -0.00130057 -0.000180068
64.32 -0.00130748 -0.000155404
64.44 -0.00131367 -0.000129904
64.56 -0.00131916 -0.000103588
64.68 -0.00132396 -7.64828e-05
64.8 -0.0013281 -4.86182e-05
64.92 -0.00133162 -2.00294e-05
65.04 -0.00133454 9.24305e-06
65.16 -0.00133689 3.91535e-05
65.28 -0.00133871 6.96508e-05
65.4 -0.00134004 0.000100678
65.52 -0.00134091 0.000132172
65.64 -0.00134138 0.000164066
65.76 -0.00134147 0.000196285
65.88 -0.00134123 0.00022875
66 -0.0013407 0.000261377
66.12 -0.00133992 0.000294077
66.24 -0.00133893 0.000326756
66.36 -0.00133775 0.000359318
66.48 -0.00133641 0.00039166
66.6 -0.00133496 0.000423681
66.72 -0.0013334 0.000455273
66.84 -0.00133175 0.000486331
66.96 -0.00133002 0.000516747
67.08 -0.00132823 0.000546415
67.2 -0.00132635 0.000575229
67.32 -0.00132439 0.000603088
67.44 -0.00132233 0.000629891
67.56 -0.00132012 0.000655544
67.68 -0.00131774 0.000679958
67.8 -0.00131514 0.00070305
67.92 -0.00131227 0.000724747
68.04 -0.00130904 0.000744981
68.16 -0.00130539 0.000763697
68.28 -0.00130123 0.000780848
68.4 -0.00129645 0.000796401
68.52 -0.00129096 0.000810332
68.64 -0.00128463 0.000822633
68.76 -0.00127733 0.000833307
68.88 -0.00126894 0.000842373
69 -0.0012593 0.000849863
69.12 -0.00124826 0.000855823
69.24 -0.00123567 0.000860314
69.36 -0.00122136 0.000863412
69.48 -0.00120516 0.000865205
69.6 -0.00118691 0.000865798
69.72 -0.00116642 0.000865307
69.84 -0.00114354 0.000863861
69.96 -0.00111809 0.0008616
70.08 -0.00108989 0.000858676
70.2 -0.00105879 0.000855248
70.32 -0.00102463 0.000851486
70.44 -0.000987258 0.000847566
70.56 -0.000946538 0.000843667
70.68 -0.000902345 0.000839974
70.8 -0.000854566 0.000836671
70.92 -0.000803107 0.000833946
71.04 -0.00074789 0.000831981
71.16 -0.000688858 0.000830956
71.28 -0.000625977 0.000831044
71.4 -0.000559235 0.000832411
71.52 -0.000488647 0.000835212
71.64 -0.000414255 0.000839592
71.76 -0.000336129 0.00084568
71.88 -0.00025437 0.00085359
72 -0.000169111 0.000863421
72.12 -8.05135e-05 0.000875248
72.24 1.12236e-05 0.000889132
72.36 0.00010587 0.000905106
72.48 0.000203161 0.000923184
72.6 0.000302799 0.000943356
72.72 0.00040445 0.000965584
72.84 0.000507748 0.000989807
72.96 0.000612296 0.00101594
73.08 0.000717664 0.00104386
73.2 0.00082339 0.00107345
73.32 0.000928987 0.00110452
73.44 0.00103394 0.00113689
73.56 0.00113771 0.00117034
73.68 0.00123973 0.00120465
73.8 0.00133942 0.00123953
73.92 0.0014362 0.00127472
74.04 0.00152944 0.00130991
74.16 0.00161854 0.00134478
74.28 0.00170287 0.001379
74.4 0.00178181 0.00141221
74.52 0.00185474 0.00144406
74.64 0.00192105 0.00147418
74.76 0.00198016 0.00150218
74.88 0.00203147 0.00152769
75 0.00207443 0.00155033
75.12 0.00210851 0.0015697
75.24 0.00213322 0.00158545
75.36 0.0021481 0.00159718
75.48 0.00215272 0.00160455
75.6 0.00214672 0.00160718
75.72 0.00212976 0.00160476
75.84 0.00210159 0.00159695
75.96 0.00206199 0.00158345
76.08 0.00201081 0.00156397
76.2 0.00194797 0.00153826
76.32 0.00187345 0.00150607
76.44 0.00178731 0.00146719
76.56 0.00168967 0.00142143
76.68 0.00158073 0.00136865
76.8 0.00146075 0.0013087
76.92 0.00133009 0.00124149
77.04 0.00118916 0.00116696
77.16 0.00103846 0.00108506
77.28 0.000878543 0.0009958
77.4 0.000710044 0.000899195
77.52 0.00053366 0.000795308
77.64 0.000350153 0.000684227
77.76 0.000160342 0.000566072
77.88 -3.48996e-05 0.000440994
78 -0.000234648 0.000309171
78.12 -0.000437937 0.000170813
78.24 -0.000643763 2.61565e-05
78.36 -0.000851089 -0.000124537
78.48 -0.00105886 -0.000280976
78.6 -0.00126599 -0.000442849
78.72 -0.00147141 -0.000609817
78.84 -0.00167403 -0.000781519
78.96 -0.00187277 -0.000957573
79.08 -0.00206656 -0.00113758
79.2 -0.00225437 -0.0013211
79.32 -0.0024352 -0.00150772
79.44 -0.00260807 -0.00169696
79.56 -0.00277206 -0.00188835
79.68 -0.00292632 -0.00208139
79.8 -0.00307005 -0.00227559
79.92 -0.00320251 -0.00247041
80.04 -0.00332305 -0.00266532
80.16 -0.00343111 -0.00285977
80.28 -0.00352619 -0.0030532
80.4 -0.00360792 -0.00324503
80.52 -0.00367599 -0.00343468
80.64 -0.00373021 -0.00362154
80.76 -0.00377049 -0.00380501
80.88 -0.00379685 -0.00398448
81 -0.00380939 -0.0041593
81.12 -0.00380833 -0.00432885
81.24 -0.00379399 -0.00449249
81.36 -0.00376679 -0.00464956
81.48 -0.00372723 -0.00479941
81.6 -0.00367594 -0.00494139
81.72 -0.00361358 -0.00507483
81.84 -0.00354094 -0.00519908
81.96 -0.00345885 -0.00531349
82.08 -0.00336821 -0.0054174
82.2 -0.00327 -0.00551018
82.32 -0.00316522 -0.0055912
82.44 -0.0030549 -0.00565984
82.56 -0.00294013 -0.00571552
82.68 -0.00282198 -0.00575766
82.8 -0.00270153 -0.00578572
82.92 -0.00257988 -0.0057992
83.04 -0.00245808 -0.00579762
83.16 -0.00233714 -0.00578056
83.28 -0.00221806 -0.00574763
83.4 -0.00210177 -0.00569852
83.52 -0.00198911 -0.00563296
83.64 -0.00188089 -0.00555077
83.76 -0.00177778 -0.0054518
83.88 -0.0016804 -0.00533603
84 -0.00158925 -0.00520349
84.12 -0.00150469 -0.00505431
84.24 -0.00142699 -0.00488873
84.36 -0.0013563 -0.00470708
84.48 -0.00129262 -0.00450979
84.6 -0.00123582 -0.00429742
84.72 -0.00118565 -0.00407063
84.84 -0.00114171 -0.00383021
84.96 -0.00110346 -0.00357707
85.08 -0.00107026 -0.00331224
85.2 -0.0010413 -0.00303687
85.32 -0.00101568 -0.00275227
85.44 -0.000992379 -0.00245983
85.56 -0.00097025 -0.00216109
85.68 -0.000948064 -0.00185772
85.8 -0.000924502 -0.00155148
85.92 -0.00089817 -0.00124428
86.04 -0.000867612 -0.000938097
86.16 -0.000831325 -0.000635039
86.28 -0.000787778 -0.000337294
86.4 -0.000735421 -4.71334e-05
86.52 -0.00067271 0.0002331
86.64 -0.000598118 0.000501002
86.76 -0.00051016 0.000754126
86.88 -0.000407404 0.000989989
87 -0.000288496 0.00120609
87.12 -0.000152174 0.00139994
87.24 2.71147e-06 0.00156904
87.36 0.000177179 0.00171096
87.48 0.000372101 0.00182329
87.6 0.000588187 0.00190371
87.72 0.000825965 0.00194999
87.84 0.00108577 0.00196
87.96 0.00136774 0.00193174
88.08 0.00167177 0.00186339
88.2 0.00199755 0.00175325
88.32 0.00234453 0.00159986
88.44 0.0027119 0.00140193
88.56 0.00309861 0.0011584
88.68 0.00350337 0.000868483
88.8 0.00392463 0.000531612
88.92 0.00436057 0.000147516
89.04 0.00480916 -0.000283798
89.16 0.0052681 -0.00076202
89.28 0.00573488 -0.00128653
89.4 0.00620674 -0.00185641
89.52 0.00668074 -0.00247038
89.64 0.00715372 -0.00312687
89.76 0.00762237 -0.00382396
89.88 0.0080832 -0.0045594
90 0.00853258 -0.00533064
90.12 0.00896679 -0.00613476
90.24 0.009382 -0.00696858
90.36 0.0097743 -0.00782858
90.48 0.0101398 -0.00871095
90.6 0.0104745 -0.00961161
90.72 0.0107745 -0.0105262
90.84 0.0110359 -0.0114502
90.96 0.011255 -0.0123788
91.08 0.0114279 -0.013307
91.2 0.0115513 -0.0142297
91.32 0.0116216 -0.0151414
91.44 0.0116356 -0.016037
91.56 0.0115905 -0.0169108
91.68 0.0114834 -0.0177573
91.8 0.011312 -0.018571
91.92 0.011074 -0.0193464
92.04 0.0107676 -0.0200781
92.16 0.0103915 -0.0207607
92.28 0.00994436 -0.0213889
92.4 0.00942557 -0.0219577
92.52 0.00883476 -0.0224622
92.64 0.008172 -0.0228979
92.76 0.00743778 -0.0232604
92.88 0.00663301 -0.0235457
93 0.00575902 -0.02375
93.12 0.00481756 -0.0238701
93.24 0.00381083 -0.0239029
93.36 0.00274142 -0.023846
93.48 0.00161236 -0.0236973
93.6 0.000427059 -0.0234552
93.72 -0.000810688 -0.0231185
93.84 -0.00209671 -0.0226867
93.96 -0.00342649 -0.0221595
94.08 -0.00479519 -0.0215374
94.2 -0.00619766 -0.0208212
94.32 -0.00762847 -0.0200124
94.44 -0.00908197 -0.0191129
94.56 -0.0105523 -0.0181252
94.68 -0.0120333 -0.0170522
94.8 -0.0135189 -0.0158973
94.92 -0.0150026 -0.0146644
95.04 -0.0164782 -0.013358
95.16 -0.0179391 -0.0119827
95.28 -0.0193789 -0.0105437
95.4 -0.0207911 -0.0090467
95.52 -0.0221696 -0.00749747
95.64 -0.0235079 -0.00590223
95.76 -0.0248001 -0.00426745
95.88 -0.0260402 -0.00259981
96 -0.0272225 -0.000906201
96.12 -0.0283417 0.000806367
96.24 -0.0293924 0.00253077
96.36 -0.03037 0.00425983
96.48 -0.0312698 0.00598636
96.6 -0.0320878 0.0077032
96.72 -0.0328202 0.00940328
96.84 -0.0334635 0.0110797
96.96 -0.034015 0.0127255
97.08 -0.0344721 0.0143343
97.2 -0.0348327 0.0158997
97.32 -0.0350953 0.0174157
97.44 -0.0352589 0.0188766
97.56 -0.0353227 0.0202769
97.68 -0.0352866 0.0216119
97.8 -0.0351509 0.0228769
97.92 -0.0349164 0.0240679
98.04 -0.0345844 0.0251813
98.16 -0.0341564 0.0262139
98.28 -0.0336347 0.0271633
98.4 -0.0330218 0.0280273
98.52 -0.0323205 0.0288044
98.64 -0.0315343 0.0294935
98.76 -0.0306666 0.0300943
98.88 -0.0297216 0.0306067
99 -0.0287035 0.0310315
99.12 -0.0276169 0.0313695
99.24 -0.0264666 0.0316226
99.36 -0.0252576 0.0317928
99.48 -0.0239951 0.0318826
99.6 -0.0226845 0.031895
99.72 -0.0213312 0.0318335
99.84 -0.0199409 0.0317018
99.96 -0.0185192 0.0315041
100.08 -0.0170717 0.0312448
100.2 -0.0156041 0.0309285
100.32 -0.014122 0.0305604
100.44 -0.012631 0.0301455
100.56 -0.0111364 0.0296892
100.68 -0.00964376 0.0291968
100.8 -0.00815815 0.0286739
100.92 -0.00668461 0.0281259
101.04 -0.00522798 0.0275585
101.16 -0.00379289 0.026977
101.28 -0.00238372 0.0263868
101.4 -0.00100462 0.0257931
101.52 0.000340537 0.0252009
101.64 0.00164815 0.0246152
101.76 0.00291489 0.0240405
101.88 0.00413774 0.023481
102 0.00531398 0.0229408
102.12 0.00644118 0.0224236
102.24 0.00751725 0.0219327
102.36 0.00854036 0.021471
102.48 0.00950904 0.0210411
102.6 0.0104221 0.020645
102.72 0.0112786 0.0202845
102.84 0.012078 0.0199608
102.96 0.0128199 0.0196748
103.08 0.0135043 0.0194269
103.2 0.0141314 0.019217
103.32 0.0147017 0.0190446
103.44 0.0152158 0.018909
103.56 0.0156748 0.0188087
103.68 0.0160796 0.0187421
103.8 0.0164317 0.0187071
103.92 0.0167326 0.0187013
104.04 0.0169838 0.0187219
104.16 0.0171872 0.0187658
104.28 0.0173448 0.0188298
104.4 0.0174585 0.0189102
104.52 0.0175305 0.0190031
104.64 0.017563 0.0191046
104.76 0.0175583 0.0192104
104.88 0.0175187 0.0193164
105 0.0174465 0.019418
105.12 0.0173441 0.0195109
105.24 0.0172139 0.0195905
105.36 0.0170583 0.0196525
105.48 0.0168795 0.0196925
105.6 0.0166799 0.019706
105.72 0.0164618 0.019689
105.84 0.0162273 0.0196373
105.96 0.0159786 0.0195471
106.08 0.0157178 0.0194147
106.2 0.0154469 0.0192366
106.32 0.0151678 0.0190097
106.44 0.0148824 0.018731
106.56 0.0145923 0.0183979
106.68 0.0142993 0.0180082
106.8 0.0140049 0.0175598
106.92 0.0137105 0.0170513
107.04 0.0134175 0.0164813
107.16 0.0131272 0.0158489
107.28 0.0128407 0.0151537
107.4 0.012559 0.0143957
107.52 0.0122832 0.0135749
107.64 0.012014 0.0126922
107.76 0.0117523 0.0117486
107.88 0.0114987 0.0107455
108 0.0112538 0.00968469
108.12 0.0110181 0.00856839
108.24 0.0107921 0.0073991
108.36 0.010576 0.00617968
108.48 0.0103701 0.00491333
108.6 0.0101747 0.00360355
108.72 0.00998987 0.00225412
108.84 0.00981567 0.000869128
108.96 0.00965214 -0.000547115
109.08 0.00949924 -0.00199005
109.2 0.00935688 -0.00345492
109.32 0.00922494 -0.00493676
109.44 0.00910326 -0.00643047
109.56 0.00899162 -0.00793077
109.68 0.0088898 -0.00943231
109.8 0.00879754 -0.0109296
109.92 0.00871455 -0.0124172
110.04 0.00864053 -0.0138894
110.16 0.00857517 -0.0153408
110.28 0.00851812 -0.0167656
110.4 0.00846906 -0.0181585
110.52 0.00842764 -0.0195139
110.64 0.0083935 -0.0208265
110.76 0.0083663 -0.0220908
110.88 0.0083457 -0.0233019
111 0.00833136 -0.0244547
111.12 0.00832294 -0.0255444
111.24 0.00832013 -0.0265662
111.36 0.00832262 -0.0275159
111.48 0.00833011 -0.0283892
111.6 0.00834234 -0.0291822
111.72 0.00835904 -0.0298912
111.84 0.00837998 -0.0305128
111.96 0.00840493 -0.0310439
112.08 0.0084337 -0.0314817
112.2 0.00846611 -0.0318238
112.32 0.00850201 -0.032068
112.44 0.00854127 -0.0322126
112.56 0.00858379 -0.032256
112.68 0.00862946 -0.0321973
112.8 0.00867824 -0.0320356
112.92 0.00873007 -0.0317708
113.04 0.00878492 -0.0314027
113.16 0.00884279 -0.0309317
113.28 0.00890369 -0.0303588
113.4 0.00896763 -0.029685
113.52 0.00903465 -0.0289118
113.64 0.00910478 -0.0280412
113.76 0.00917808 -0.0270754
113.88 0.00925457 -0.026017
114 0.00933433 -0.024869
114.12 0.00941737 -0.0236348
114.24 0.00950375 -0.0223179
114.36 0.00959346 -0.0209224
114.48 0.00968653 -0.0194525
114.6 0.00978293 -0.0179128
114.72 0.00988262 -0.0163082
114.84 0.00998552 -0.0146437
114.96 0.0100915 -0.0129248
115.08 0.0102005 -0.0111569
115.2 0.0103122 -0.0093459
115.32 0.0104265 -0.00749775
115.44 0.0105431 -0.00561855
115.56 0.0106615 -0.00371456
115.68 0.0107815 -0.00179214
115.8 0.0109025 0.000142259
115.92 0.0110241 0.00208213
116.04 0.0111457 0.00402094
116.16 0.0112665 0.00595214
116.28 0.0113859 0.0078692
116.4 0.0115032 0.00976566
116.52 0.0116174 0.0116351
116.64 0.0117276 0.0134713
116.76 0.0118328 0.015268
116.88 0.011932 0.0170193
117 0.0120241 0.0187193
117.12 0.0121078 0.0203624
117.24 0.0121819 0.0219434
117.36 0.0122452 0.023457
117.48 0.0122962 0.0248985
117.6 0.0123337 0.0262634
117.72 0.0123562 0.0275475
117.84 0.0123623 0.028747
117.96 0.0123505 0.0298584
118.08 0.0123194 0.0308786
118.2 0.0122675 0.0318051
118.32 0.0121933 0.0326354
118.44 0.0120954 0.0333677
118.56 0.0119723 0.0340007
118.68 0.0118228 0.0345334
118.8 0.0116454 0.0349651
118.92 0.0114389 0.0352958
119.04 0.0112021 0.0355258
119.16 0.0109339 0.035656
119.28 0.0106332 0.0356874
119.4 0.0102992 0.0356216
119.52 0.00993094 0.0354608
119.64 0.00952781 0.0352074
119.76 0.00908923 0.0348641
119.88 0.00861477 0.0344342
120 0.00810416 0.0339211
