-0.999 4.48447e-07 4.04191e-09
-0.998 1.74235e-06 -4.2111e-07
-0.997 3.39266e-06 -2.43016e-07
-0.996 4.8045e-06 3.68505e-06
-0.995 5.7447e-06 1.4764e-05
-0.994 6.54879e-06 3.39929e-05
-0.993 8.09527e-06 5.82704e-05
-0.992 1.12572e-05 8.07725e-05
-0.991 1.57376e-05 9.3712e-05
-0.99 1.92632e-05 9.27534e-05
-0.989 1.83614e-05 8.07208e-05
-0.988 1.04816e-05 6.74732e-05
-0.987 -4.16151e-06 6.47751e-05
-0.986 -2.20507e-05 7.87858e-05
-0.985 -3.66237e-05 0.000104997
-0.984 -3.90537e-05 0.000128665
-0.983 -2.07919e-05 0.000130176
-0.982 2.20643e-05 9.33633e-05
-0.981 8.60083e-05 1.48084e-05
-0.98 0.00016221 -8.96963e-05
-0.979 0.000241644 -0.000187019
-0.978 0.000318588 -0.000239009
-0.977 0.000391284 -0.000220009
-0.976 0.000462999 -0.000129523
-0.975 0.000544721 6.96309e-06
-0.974 0.000654156 0.000147794
-0.973 0.000805748 0.000250214
-0.972 0.000997199 0.000287353
-0.971 0.00120543 0.000262978
-0.97 0.00139552 0.000214718
-0.969 0.00153172 0.000198554
-0.968 0.00158188 0.000260021
-0.967 0.00152063 0.000409024
-0.966 0.00134149 0.000613554
-0.965 0.0010725 0.000813371
-0.964 0.000775553 0.000942696
-0.963 0.000519461 0.000954149
-0.962 0.000345973 0.000842676
-0.961 0.000256568 0.000660689
-0.96 0.000223237 0.000507047
-0.959 0.000202426 0.00048502
-0.958 0.000141311 0.000649926
-0.957 -1.00071e-05 0.000979186
-0.956 -0.000269034 0.00138226
-0.955 -0.000592504 0.00173786
-0.954 -0.000882237 0.00193391
-0.953 -0.00103109 0.00190178
-0.952 -0.000975295 0.00164692
-0.951 -0.000718929 0.0012613
-0.95 -0.000332278 0.000894904
-0.949 5.72121e-05 0.000688086
-0.948 0.000284903 0.000702047
-0.947 0.000200568 0.000892484
-0.946 -0.00025591 0.00114022
-0.945 -0.00100414 0.00130965
-0.944 -0.00184074 0.00130005
-0.943 -0.00251292 0.00108403
-0.942 -0.00280156 0.000735536
-0.941 -0.00258748 0.000426469
-0.94 -0.00190222 0.000370136
-0.939 -0.000949519 0.000727065
-0.938 -5.45722e-05 0.00152441
-0.937 0.000471547 0.00263725
-0.936 0.000483097 0.00383589
-0.935 6.56625e-05 0.00486036
-0.934 -0.000513741 0.00549055
-0.933 -0.000916315 0.0056109
-0.932 -0.000843964 0.00525877
-0.931 -0.000149759 0.0046193
-0.93 0.00105997 0.00394825
-0.929 0.00239827 0.00345706
-0.928 0.00332274 0.00322433
-0.927 0.00338741 0.00317782
-0.926 0.00246631 0.00313801
-0.925 0.000803404 0.00288495
-0.924 -0.00110437 0.00223616
-0.923 -0.00267689 0.00113922
-0.922 -0.00340637 -0.000259138
-0.921 -0.00301352 -0.00163177
-0.92 -0.00158931 -0.00258886
-0.919 0.000382742 -0.00283152
-0.918 0.00221452 -0.00225823
-0.917 0.00334107 -0.000988549
-0.916 0.0035711 0.000670343
-0.915 0.00310145 0.00228636
-0.914 0.00235197 0.00341327
-0.913 0.00178494 0.00375341
-0.912 0.00177046 0.00329338
-0.911 0.00245352 0.0023118
-0.91 0.00363903 0.00124735
-0.909 0.00481517 0.000514778
-0.908 0.0053874 0.000368122
-0.907 0.0050031 0.000837882
-0.906 0.00372445 0.00171196
-0.905 0.00193438 0.00256679
-0.904 0.000111417 0.00290576
-0.903 -0.00133154 0.00239466
-0.902 -0.00212297 0.00106164
-0.901 -0.00220308 -0.000675367
-0.9 -0.00176635 -0.00216309
-0.899 -0.00116585 -0.00274318
-0.898 -0.000676603 -0.00195461
-0.897 -0.000300862 0.000310818
-0.896 0.000182723 0.00369893
-0.895 0.000957031 0.00741158
-0.894 0.00194758 0.0104487
-0.893 0.00281423 0.0120088
-0.892 0.00306305 0.0118264
-0.891 0.00215484 0.0102593
-0.89 -0.000336374 0.00812483
-0.889 -0.00444174 0.00640725
-0.888 -0.00954462 0.00593751
-0.887 -0.0144545 0.00707276
-0.886 -0.017903 0.0094569
-0.885 -0.0191594 0.0120575
-0.884 -0.0183352 0.0135814
-0.883 -0.0162669 0.0130786
-0.882 -0.0142073 0.0103855
-0.881 -0.0134712 0.00619778
-0.88 -0.0149428 0.00182209
-0.879 -0.0184797 -0.00123643
-0.878 -0.0226209 -0.00176683
-0.877 -0.0250382 0.000627291
-0.876 -0.0236304 0.00519625
-0.875 -0.0175977 0.0102109
-0.874 -0.00786789 0.0136642
-0.873 0.0031903 0.0141313
-0.872 0.0124432 0.0113228
-0.871 0.0168712 0.00614421
-0.87 0.0146587 0.000370586
-0.869 0.00621395 -0.00390482
-0.868 -0.00556586 -0.00498862
-0.867 -0.0162548 -0.00233612
-0.866 -0.0217232 0.003062
-0.865 -0.0198397 0.00902681
-0.864 -0.0112429 0.0131583
-0.863 0.000946642 0.0138596
-0.862 0.0121696 0.0109131
-0.861 0.017958 0.00549999
-0.86 0.0156852 -0.000187524
-0.859 0.00590432 -0.00363567
-0.858 -0.00756863 -0.00295915
-0.857 -0.0191274 0.00216762
-0.856 -0.0237263 0.0101664
-0.855 -0.0189674 0.018149
-0.854 -0.00610361 0.0231408
-0.853 0.0102711 0.0232345
-0.852 0.0237025 0.0181983
-0.851 0.0281854 0.00950441
-0.85 0.0206079 -9.92201e-05
-0.849 0.00226081 -0.00746078
-0.848 -0.02146 -0.0102545
-0.847 -0.0430694 -0.00807356
-0.846 -0.0557144 -0.00266982
-0.845 -0.0555086 0.00289949
-0.844 -0.0428378 0.00568922
-0.843 -0.0222953 0.00405982
-0.842 -0.00107914 -0.0017556
-0.841 0.0138177 -0.0096907
-0.84 0.018511 -0.0164401
-0.839 0.013734 -0.0186357
-0.838 0.00416963 -0.0143416
-0.837 -0.00381797 -0.00410813
-0.836 -0.00477032 0.00914827
-0.835 0.0038393 0.0214252
-0.834 0.0204673 0.0292926
-0.833 0.0396056 0.0311099
-0.832 0.053536 0.0274966
-0.831 0.0554217 0.021102
-0.83 0.0423091 0.0156789
-0.829 0.0163348 0.0145351
-0.828 -0.0164125 0.0189262
-0.827 -0.0483889 0.0273219
-0.826 -0.0730778 0.0360935
-0.825 -0.0868042 0.0412268
-0.824 -0.0897298 0.0400588
-0.823 -0.0856488 0.03228
-0.822 -0.0802 0.0200546
-0.821 -0.0780128 0.00735866
-0.82 -0.08035 -0.001425
-0.819 -0.0846873 -0.0033576
-0.818 -0.0862925 0.00161112
-0.817 -0.0806204 0.0105336
-0.816 -0.0653328 0.0188535
-0.815 -0.0414467 0.0224846
-0.814 -0.013403 0.0194746
-0.813 0.0122458 0.0106676
-0.812 0.0293957 -0.000612498
-0.811 0.035073 -0.00971406
-0.81 0.0306687 -0.0124996
-0.809 0.0210171 -0.00728504
-0.808 0.0120306 0.00416794
-0.807 0.00819558 0.0173134
-0.806 0.0107998 0.0268265
-0.805 0.0172973 0.0288441
-0.804 0.0221885 0.0224109
-0.803 0.0195308 0.00977763
-0.802 0.00620827 -0.00434487
-0.801 -0.0158456 -0.0144496
-0.8 -0.0399468 -0.0164777
-0.799 -0.0573493 -0.00970833
-0.798 -0.060799 0.00280531
-0.797 -0.0474193 0.0155885
-0.796 -0.0201821 0.0231431
-0.795 0.0124189 0.0221823
-0.794 0.0388557 0.0128695
-0.793 0.0489157 -0.00114171
-0.792 0.0382776 -0.0138461
-0.791 0.010909 -0.0190996
-0.79 -0.0222076 -0.0132503
-0.789 -0.0474248 0.00309746
-0.788 -0.0537371 0.0252141
-0.787 -0.0369964 0.0461825
-0.786 -0.00180871 0.0595821
-0.785 0.0395383 0.0617404
-0.784 0.071169 0.052916
-0.783 0.0796682 0.0372284
-0.782 0.0598052 0.0212121
-0.781 0.017337 0.0111713
-0.78 -0.0326074 0.0103707
-0.779 -0.0710334 0.0175832
-0.778 -0.0822944 0.0277866
-0.777 -0.0603069 0.0344922
-0.776 -0.011436 0.0324458
-0.775 0.0471932 0.0196556
-0.774 0.0935061 -0.00171623
-0.773 0.108375 -0.0258164
-0.772 0.0828593 -0.0450656
-0.771 0.0221961 -0.0531395
-0.77 -0.0551573 -0.0475672
-0.769 -0.123559 -0.0305366
-0.768 -0.159427 -0.0076438
-0.767 -0.150239 0.0145115
-0.766 -0.0995108 0.0307089
-0.765 -0.0256104 0.0387353
-0.764 0.044926 0.0399435
-0.763 0.0868277 0.0384948
-0.762 0.085104 0.0392928
-0.761 0.0408271 0.0454493
-0.76 -0.028533 0.0567135
-0.759 -0.0950655 0.069712
-0.758 -0.13105 0.0795956
-0.757 -0.1201 0.0820278
-0.756 -0.0639271 0.0747198
-0.755 0.0181018 0.0582473
-0.754 0.0959987 0.0359874
-0.753 0.139812 0.0129346
-0.752 0.130344 -0.00637602
-0.751 0.0665733 -0.0197406
-0.75 -0.0329906 -0.027756
-0.749 -0.136253 -0.0327493
-0.748 -0.209073 -0.0371499
-0.747 -0.227797 -0.0423313
-0.746 -0.187526 -0.048176
-0.745 -0.103104 -0.0531362
-0.744 -0.00317592 -0.0547931
-0.743 0.0801881 -0.0510851
-0.742 0.122888 -0.0417716
-0.741 0.117434 -0.0290273
-0.74 0.0754896 -0.0164847
-0.739 0.0228796 -0.00732048
-0.738 -0.0110871 -0.00273929
-0.737 -0.00534031 -0.00168123
-0.736 0.0450314 -0.0015031
-0.735 0.127152 0.000989153
-0.734 0.214912 0.00833552
-0.733 0.278039 0.0210842
-0.732 0.292881 0.0369727
-0.731 0.251087 0.0515598
-0.73 0.162631 0.0603562
-0.729 0.0517461 0.0612161
-0.728 -0.0523295 0.0554695
-0.727 -0.125494 0.0472775
-0.726 -0.155914 0.041883
-0.725 -0.146425 0.043606
-0.724 -0.112113 0.0539698
-0.723 -0.0738538 0.0704106
-0.722 -0.0498814 0.0864856
-0.721 -0.0486896 0.0941302
-0.72 -0.0664514 0.0871728
-0.719 -0.0899659 0.0642466
-0.718 -0.10322 0.0295427
-0.717 -0.0940897 -0.00872028
-0.716 -0.0585834 -0.0411046
-0.715 -0.00186766 -0.0600635
-0.714 0.0638434 -0.0627029
-0.713 0.12392 -0.0522119
-0.712 0.166739 -0.0368136
-0.711 0.187405 -0.0261834
-0.71 0.188101 -0.0269763
-0.709 0.175283 -0.0398111
-0.708 0.155691 -0.0591061
-0.707 0.133433 -0.0754307
-0.706 0.109257 -0.0790928
-0.705 0.0817726 -0.0639028
-0.704 0.0498742 -0.0301746
-0.703 0.0152253 0.0143908
-0.702 -0.0168417 0.0569813
-0.701 -0.0390743 0.0845137
-0.7 -0.0459677 0.0887831
-0.699 -0.0372781 0.0694307
-0.698 -0.019381 0.0336168
-0.697 -0.00353669 -0.00690313
-0.696 -0.00153716 -0.0398673
-0.695 -0.0203055 -0.0566481
-0.694 -0.0575677 -0.0553586
-0.693 -0.100893 -0.0415198
-0.692 -0.131525 -0.0255315
-0.691 -0.131944 -0.0178622
-0.69 -0.0937133 -0.0242623
-0.689 -0.0219905 -0.0433305
-0.688 0.0651069 -0.0673354
-0.687 0.142092 -0.0854134
-0.686 0.184981 -0.0876342
-0.685 0.180629 -0.0687861
-0.684 0.132949 -0.0307989
-0.683 0.0627342 0.0173509
-0.682 0.000135622 0.0626368
-0.681 -0.0272575 0.0928171
-0.68 -0.00541474 0.100936
-0.679 0.0603993 0.0873763
-0.678 0.146825 0.058825
-0.677 0.220026 0.0252246
-0.676 0.247601 -0.00378741
-0.675 0.211142 -0.0219989
-0.674 0.114581 -0.0285126
-0.673 -0.0159201 -0.0275705
-0.672 -0.14123 -0.0261024
-0.671 -0.223526 -0.0300035
-0.67 -0.239372 -0.0410854
-0.669 -0.187178 -0.0563437
-0.668 -0.0873915 -0.0695675
-0.667 0.0244709 -0.0739153
-0.666 0.110351 -0.0642678
-0.665 0.143889 -0.0390186
-0.664 0.120627 -0.00101377
-0.663 0.0591747 0.0430253
-0.662 -0.00716808 0.0848471
-0.661 -0.0438443 0.11778
-0.66 -0.0277559 0.138712
-0.659 0.0445042 0.147802
-0.658 0.154766 0.146739
-0.657 0.268744 0.137344
-0.656 0.348081 0.121153
-0.655 0.36482 0.099221
-0.654 0.311776 0.0717401
-0.653 0.204055 0.0382107
-0.652 0.0721943 -0.00124402
-0.651 -0.048621 -0.0443236
-0.65 -0.129198 -0.0865562
-0.649 -0.15469 -0.123342
-0.648 -0.128693 -0.152249
-0.647 -0.0708029 -0.17344
-0.646 -0.00766635 -0.188258
-0.645 0.0381861 -0.197831
-0.644 0.0557903 -0.202758
-0.643 0.0467694 -0.203108
-0.642 0.0220419 -0.197828
-0.641 -0.00257238 -0.184324
-0.64 -0.011126 -0.159732
-0.639 0.00698754 -0.123697
-0.638 0.0527554 -0.0802445
-0.637 0.117575 -0.0366669
-0.636 0.187725 -0.000269561
-0.635 0.249432 0.0243746
-0.634 0.291002 0.0362543
-0.633 0.302783 0.0377005
-0.632 0.278348 0.034066
-0.631 0.21773 0.0326003
-0.63 0.129613 0.0395618
-0.629 0.0297701 0.0567075
-0.628 -0.0630525 0.079918
-0.627 -0.130986 0.10129
-0.626 -0.160313 0.112997
-0.625 -0.145777 0.110183
-0.624 -0.0951323 0.0920605
-0.623 -0.0296745 0.0621547
-0.622 0.022327 0.0279735
-0.621 0.0368465 -0.00103845
-0.62 0.00377681 -0.0174861
-0.619 -0.0691361 -0.0196381
-0.618 -0.158031 -0.0118483
-0.617 -0.229083 -0.0016479
-0.616 -0.248956 0.00389737
-0.615 -0.198019 0.000345941
-0.614 -0.0807859 -0.0132377
-0.613 0.0730191 -0.0335978
-0.612 0.218429 -0.0534064
-0.611 0.311352 -0.0637771
-0.61 0.323816 -0.0586101
-0.609 0.253936 -0.0376082
-0.608 0.128624 -0.00566474
-0.607 -0.00302777 0.0301849
-0.606 -0.0864006 0.0633082
-0.605 -0.0829678 0.0883344
-0.604 0.0133314 0.101607
-0.603 0.1731 0.102299
-0.602 0.34217 0.0930232
-0.601 0.460178 0.0782605
-0.6 0.480657 0.0614927
-0.599 0.388081 0.0437983
-0.598 0.206743 0.0250222
-0.597 -0.00455657 0.00564472
-0.596 -0.173388 -0.0129136
-0.595 -0.241834 -0.0295152
-0.594 -0.188348 -0.0442091
-0.593 -0.034362 -0.0578149
-0.592 0.164361 -0.0711637
-0.591 0.336619 -0.08506
-0.59 0.419653 -0.100254
-0.589 0.382389 -0.116268
-0.588 0.239525 -0.129794
-0.587 0.0478067 -0.134751
-0.586 -0.116255 -0.12483
-0.585 -0.186893 -0.0970389
-0.584 -0.133628 -0.0539993
-0.583 0.0286868 -0.00401678
-0.582 0.2452 0.0406527
-0.581 0.438933 0.0669289
-0.58 0.536974 0.0653953
-0.579 0.497583 0.0349353
-0.578 0.327063 -0.015263
-0.577 0.0775176 -0.0683155
-0.576 -0.173505 -0.10593
-0.575 -0.351231 -0.115287
-0.574 -0.408292 -0.0936917
-0.573 -0.338906 -0.0497864
-0.572 -0.179759 -0.00117531
-0.571 0.00323576 0.0315436
-0.57 0.139631 0.0332783
-0.569 0.181593 0.00202442
-0.568 0.12111 -0.0488946
-0.567 -0.0100789 -0.095683
-0.566 -0.155035 -0.113567
-0.565 -0.252326 -0.0864464
-0.564 -0.256235 -0.013247
-0.563 -0.15239 0.0905517
-0.562 0.0357369 0.196743
-0.561 0.253934 0.273421
-0.56 0.437175 0.296957
-0.559 0.533471 0.261888
-0.558 0.520083 0.183533
-0.557 0.406907 0.0919034
-0.556 0.230163 0.0201282
-0.555 0.041154 -0.00750504
-0.554 -0.108126 0.0160848
-0.553 -0.180776 0.0781594
-0.552 -0.166773 0.150278
-0.551 -0.0844846 0.198657
-0.55 0.029108 0.197576
-0.549 0.133448 0.140107
-0.548 0.197 0.0410061
-0.547 0.204354 -0.0693312
-0.546 0.159074 -0.15656
-0.545 0.0827891 -0.194755
-0.544 0.0090326 -0.175456
-0.543 -0.0277572 -0.11076
-0.542 -0.00377981 -0.0291499
-0.541 0.0868858 0.035092
-0.54 0.231015 0.0551228
-0.539 0.399721 0.0218432
-0.538 0.555181 -0.0531467
-0.537 0.659965 -0.1426
-0.536 0.687655 -0.213845
-0.535 0.631255 -0.240215
-0.534 0.505806 -0.210125
-0.533 0.344744 -0.130863
-0.532 0.191863 -0.0254724
-0.531 0.0900426 0.0762222
-0.53 0.06793 0.148663
-0.529 0.128719 0.178993
-0.528 0.246901 0.169772
-0.527 0.375868 0.135873
-0.526 0.463547 0.0977578
-0.525 0.469403 0.0737023
-0.524 0.377092 0.0732558
-0.523 0.200728 0.094155
-0.522 -0.0162893 0.124071
-0.521 -0.212442 0.146312
-0.52 -0.32884 0.146571
-0.519 -0.331857 0.117707
-0.518 -0.226683 0.0611882
-0.517 -0.0554968 -0.0142177
-0.516 0.117846 -0.0951215
-0.515 0.229316 -0.166758
-0.514 0.235234 -0.21647
-0.513 0.127537 -0.236515
-0.512 -0.0601723 -0.225073
-0.511 -0.260611 -0.185425
-0.51 -0.395284 -0.124485
-0.509 -0.403389 -0.0516655
-0.508 -0.264762 0.0219248
-0.507 -0.00758837 0.0849001
-0.506 0.301065 0.128278
-0.505 0.576954 0.148455
-0.504 0.744798 0.148548
-0.503 0.761914 0.137233
-0.502 0.632848 0.125702
-0.501 0.408967 0.123747
-0.5 0.171377 0.136025
-0.499 0.00274644 0.159558
-0.498 -0.0413932 0.183609
-0.497 0.0488821 0.192799
-0.496 0.236004 0.173263
-0.495 0.448998 0.119459
-0.494 0.607777 0.0382369
-0.493 0.650106 -0.0519317
-0.492 0.553185 -0.126414
-0.491 0.342492 -0.162629
-0.49 0.0842975 -0.147988
-0.489 -0.136048 -0.0847994
-0.488 -0.242766 0.00945692
-0.487 -0.194963 0.107063
-0.486 0.000193423 0.17926
-0.485 0.289785 0.206524
-0.484 0.591258 0.185675
-0.483 0.817655 0.130707
-0.482 0.904672 0.0668102
-0.481 0.830892 0.0200671
-0.48 0.624353 0.00721697
-0.479 0.353185 0.029348
-0.478 0.103678 0.0715063
-0.477 -0.0463693 0.108495
-0.476 -0.0510031 0.115101
-0.475 0.0894569 0.0768453
-0.474 0.327238 -0.00317848
-0.473 0.581504 -0.104467
-0.472 0.764965 -0.196508
-0.471 0.813226 -0.2503
-0.47 0.705917 -0.249069
-0.469 0.472689 -0.194174
-0.468 0.183954 -0.104224
-0.467 -0.0694323 -0.00765761
-0.466 -0.203275 0.068382
-0.465 -0.1687 0.108257
-0.464 0.0275174 0.112949
-0.463 0.321777 0.0980024
-0.462 0.614309 0.0854006
-0.461 0.803131 0.0932733
-0.46 0.817445 0.127922
-0.459 0.639755 0.181176
-0.458 0.312721 0.234156
-0.457 -0.070081 0.266087
-0.456 -0.390384 0.26408
-0.455 -0.544427 0.229052
-0.454 -0.481036 0.174908
-0.453 -0.221122 0.121539
-0.452 0.149904 0.0854127
-0.451 0.511944 0.0724154
-0.45 0.749658 0.075718
-0.449 0.789002 0.0790478
-0.448 0.621937 0.0643253
-0.447 0.311985 0.0209568
-0.446 -0.024864 -0.0475896
-0.445 -0.260725 -0.123842
-0.444 -0.302492 -0.183778
-0.443 -0.125469 -0.208237
-0.442 0.218059 -0.192266
-0.441 0.616625 -0.147642
-0.44 0.936721 -0.0979321
-0.439 1.06756 -0.0686657
-0.438 0.959761 -0.0761978
-0.437 0.644419 -0.119194
-0.436 0.223975 -0.176681
-0.435 -0.162131 -0.214814
-0.434 -0.383856 -0.200766
-0.433 -0.363274 -0.117999
-0.432 -0.100671 0.0244896
-0.431 0.324685 0.193637
-0.43 0.780813 0.343828
-0.429 1.12818 0.433494
-0.428 1.26721 0.440593
-0.427 1.16998 0.371423
-0.426 0.885459 0.25913
-0.425 0.519878 0.151662
-0.424 0.20104 0.0930349
-0.423 0.0360953 0.105065
-0.422 0.0743972 0.177364
-0.421 0.289296 0.270409
-0.42 0.588239 0.330977
-0.419 0.848157 0.313985
-0.418 0.960541 0.202023
-0.417 0.86737 0.0144897
-0.416 0.577279 -0.197685
-0.415 0.161956 -0.369881
-0.414 -0.264248 -0.44743
-0.413 -0.578797 -0.406532
-0.412 -0.691246 -0.264797
-0.411 -0.573771 -0.0765355
-0.41 -0.268128 0.0868865
-0.409 0.132837 0.164769
-0.408 0.518103 0.131365
-0.407 0.791104 0.0059293
-0.406 0.893938 -0.155722
-0.405 0.82128 -0.283623
-0.404 0.621125 -0.320492
-0.403 0.378417 -0.24363
-0.402 0.184984 -0.0747714
-0.401 0.108355 0.126637
-0.4 0.172456 0.286124
-0.399 0.354707 0.344612
-0.398 0.595423 0.283078
-0.397 0.814062 0.129902
-0.396 0.930832 -0.0517087
-0.395 0.891807 -0.189105
-0.394 0.689098 -0.22751
-0.393 0.365451 -0.150427
-0.392 0.00100063 0.0131707
-0.391 -0.310292 0.198803
-0.39 -0.485669 0.331713
-0.389 -0.475698 0.357182
-0.388 -0.281085 0.261832
-0.387 0.0416588 0.0766168
-0.386 0.393322 -0.137603
-0.385 0.663758 -0.313564
-0.384 0.769268 -0.401331
-0.383 0.679028 -0.385863
-0.382 0.423096 -0.292443
-0.381 0.0840354 -0.175619
-0.38 -0.224726 -0.0946824
-0.379 -0.392264 -0.0875875
-0.378 -0.349308 -0.156594
-0.377 -0.0980401 -0.270725
-0.376 0.284891 -0.380249
-0.375 0.676388 -0.435224
-0.374 0.951335 -0.403308
-0.373 1.02292 -0.283407
-0.372 0.867824 -0.109013
-0.371 0.534462 0.0641381
-0.37 0.132825 0.182138
-0.369 -0.197481 0.215178
-0.368 -0.336626 0.165806
-0.367 -0.232328 0.0623364
-0.366 0.0789543 -0.0543978
-0.365 0.487939 -0.144224
-0.364 0.853544 -0.180064
-0.363 1.04853 -0.158722
-0.362 0.997075 -0.103416
-0.361 0.699428 -0.0520382
-0.36 0.237665 -0.0361029
-0.359 -0.24578 -0.0646183
-0.358 -0.596495 -0.122943
-0.357 -0.705252 -0.183469
-0.356 -0.546376 -0.21781
-0.355 -0.181324 -0.205251
-0.354 0.26749 -0.139597
-0.353 0.657353 -0.0348343
-0.352 0.868137 0.0764985
-0.351 0.839333 0.15656
-0.35 0.591645 0.180425
-0.349 0.222048 0.146118
-0.348 -0.131194 0.0703338
-0.347 -0.340437 -0.023612
-0.346 -0.333804 -0.115292
-0.345 -0.116113 -0.191359
-0.344 0.237063 -0.248275
-0.343 0.605598 -0.294092
-0.342 0.862598 -0.344269
-0.341 0.914612 -0.410249
-0.34 0.732775 -0.48872
-0.339 0.362858 -0.561122
-0.338 -0.09097 -0.603811
-0.337 -0.501142 -0.599778
-0.336 -0.755618 -0.543945
-0.335 -0.788822 -0.442725
-0.334 -0.598331 -0.31254
-0.333 -0.244036 -0.177006
-0.332 0.170566 -0.0593125
-0.331 0.530173 0.028001
-0.33 0.742314 0.0875506
-0.329 0.762775 0.131111
-0.328 0.605143 0.168277
-0.327 0.335277 0.19949
-0.326 0.053491 0.217201
-0.325 -0.133945 0.210484
-0.324 -0.149164 0.168387
-0.323 0.0281978 0.0835745
-0.322 0.349837 -0.0413593
-0.321 0.711771 -0.189136
-0.32 0.986503 -0.331671
-0.319 1.06203 -0.442534
-0.318 0.876726 -0.508926
-0.317 0.443119 -0.534328
-0.316 -0.14677 -0.532372
-0.315 -0.741664 -0.519337
-0.314 -1.17638 -0.509563
-0.313 -1.32858 -0.511476
-0.312 -1.16392 -0.522758
-0.311 -0.74951 -0.529298
-0.31 -0.23107 -0.512912
-0.309 0.215088 -0.464383
-0.308 0.438812 -0.391362
-0.307 0.366351 -0.314651
-0.306 0.0299876 -0.25711
-0.305 -0.435616 -0.234157
-0.304 -0.835859 -0.249642
-0.303 -0.987391 -0.294659
-0.302 -0.790467 -0.347957
-0.301 -0.270271 -0.381115
-0.3 0.429915 -0.370412
-0.299 1.09782 -0.309622
-0.298 1.52318 -0.213883
-0.297 1.5675 -0.111262
-0.296 1.21314 -0.0287094
-0.295 0.575898 0.0184702
-0.294 -0.128796 0.0301874
-0.293 -0.661436 0.0199667
-0.292 -0.84832 0.00971349
-0.291 -0.64643 0.0204048
-0.29 -0.155822 0.0602684
-0.289 0.42132 0.117139
-0.288 0.854597 0.161986
-0.287 0.965431 0.162791
-0.286 0.689935 0.10011
-0.285 0.105683 -0.0238966
-0.284 -0.591043 -0.185362
-0.283 -1.15574 -0.345992
-0.282 -1.38822 -0.465537
-0.281 -1.20706 -0.51657
-0.28 -0.675519 -0.496096
-0.279 0.0266081 -0.427119
-0.278 0.669098 -0.347607
-0.277 1.05102 -0.292629
-0.276 1.06936 -0.279394
-0.275 0.754092 -0.30118
-0.274 0.254423 -0.330814
-0.273 -0.221591 -0.332214
-0.272 -0.489195 -0.277079
-0.271 -0.454612 -0.160666
-0.27 -0.142552 -0.00845348
-0.269 0.320212 0.131666
-0.268 0.754051 0.209049
-0.267 0.991998 0.191713
-0.266 0.940945 0.0793156
-0.265 0.615193 -0.0960996
-0.264 0.126519 -0.280218
-0.263 -0.365275 -0.414843
-0.262 -0.716167 -0.459936
-0.261 -0.845409 -0.410718
-0.26 -0.751747 -0.300576
-0.259 -0.502727 -0.186563
-0.258 -0.206046 -0.123886
-0.257 0.0306369 -0.142038
-0.256 0.140229 -0.232999
-0.255 0.118801 -0.354485
-0.254 0.0169423 -0.445848
-0.253 -0.0951423 -0.452268
-0.252 -0.165454 -0.349641
-0.251 -0.177564 -0.15906
-0.25 -0.144538 0.0578007
-0.249 -0.0939796 0.221926
-0.248 -0.0551867 0.268622
-0.247 -0.0480937 0.173488
-0.246 -0.0736134 -0.0374403
-0.245 -0.1123 -0.296081
-0.244 -0.138099 -0.516185
-0.243 -0.141663 -0.625589
-0.242 -0.144191 -0.594934
-0.241 -0.186156 -0.449394
-0.24 -0.297359 -0.25684
-0.239 -0.471297 -0.0980679
-0.238 -0.660539 -0.0331694
-0.237 -0.792267 -0.0779308
-0.236 -0.793746 -0.197822
-0.235 -0.619295 -0.320726
-0.234 -0.274031 -0.365193
-0.233 0.173292 -0.27559
-0.232 0.601326 -0.0492007
-0.231 0.877161 0.259326
-0.23 0.912916 0.559602
-0.229 0.708561 0.762009
-0.228 0.357473 0.8115
-0.227 0.0119205 0.706084
-0.226 -0.174964 0.496432
-0.225 -0.107232 0.268093
-0.224 0.214741 0.109982
-0.223 0.686359 0.0782534
-0.222 1.12883 0.171571
-0.221 1.35272 0.332195
-0.22 1.23414 0.473587
-0.219 0.771355 0.51944
-0.218 0.0943078 0.434393
-0.217 -0.580242 0.235355
-0.216 -1.02915 -0.0163855
-0.215 -1.10572 -0.237529
-0.214 -0.794407 -0.35435
-0.213 -0.219025 -0.33416
-0.212 0.398397 -0.20214
-0.211 0.816163 -0.0320152
-0.21 0.863136 0.0870894
-0.209 0.507058 0.090397
-0.208 -0.128691 -0.0362338
-0.207 -0.809656 -0.253075
-0.206 -1.27858 -0.483265
-0.205 -1.35182 -0.64122
-0.204 -0.987467 -0.664346
-0.203 -0.300987 -0.538407
-0.202 0.476183 -0.305344
-0.201 1.08007 -0.0467659
-0.2 1.31057 0.151579
-0.199 1.10529 0.236937
-0.198 0.561172 0.209723
-0.197 -0.104234 0.119167
-0.196 -0.635291 0.0396634
-0.195 -0.832942 0.0389701
-0.194 -0.627715 0.149366
-0.193 -0.10452 0.351553
-0.192 0.530338 0.578818
-0.191 1.02779 0.74274
-0.19 1.1901 0.771133
-0.189 0.943066 0.640275
-0.188 0.358654 0.385654
-0.187 -0.375919 0.087552
-0.186 -1.02649 -0.160226
-0.185 -1.39348 -0.285385
-0.184 -1.38064 -0.263629
-0.183 -1.02676 -0.127285
-0.182 -0.486526 0.0485064
-0.181 0.0330314 0.178591
-0.18 0.35405 0.206118
-0.179 0.391331 0.127792
-0.178 0.173318 -0.00595331
-0.177 -0.179874 -0.113969
-0.176 -0.505728 -0.118839
-0.175 -0.658044 0.020661
-0.174 -0.558138 0.289961
-0.173 -0.221958 0.619471
-0.172 0.247991 0.908007
-0.171 0.704306 1.06223
-0.17 1.01233 1.0355
-0.169 1.09705 0.846871
-0.168 0.960349 0.571649
-0.167 0.668619 0.310328
-0.166 0.322044 0.150896
-0.165 0.0190489 0.137822
-0.164 -0.172548 0.256597
-0.163 -0.230321 0.439268
-0.162 -0.176229 0.591564
-0.161 -0.0615818 0.63349
-0.16 0.0565251 0.535648
-0.159 0.137273 0.332486
-0.158 0.167224 0.106155
-0.157 0.157209 -0.048928
-0.156 0.128601 -0.0638272
-0.155 0.0985589 0.0781149
-0.154 0.0748036 0.332842
-0.153 0.0609671 0.608703
-0.152 0.0629824 0.799183
-0.151 0.0885937 0.824925
-0.15 0.141599 0.666766
-0.149 0.217374 0.373084
-0.148 0.303026 0.0384969
-0.147 0.37898 -0.234102
-0.146 0.417866 -0.371424
-0.145 0.384966 -0.354784
-0.144 0.249835 -0.224852
-0.143 0.00831147 -0.0639951
-0.142 -0.301277 0.0386405
-0.141 -0.603736 0.0256999
-0.14 -0.813922 -0.103681
-0.139 -0.868797 -0.294349
-0.138 -0.747903 -0.458905
-0.137 -0.478002 -0.513042
-0.136 -0.127397 -0.408957
-0.135 0.207967 -0.155607
-0.134 0.430858 0.182191
-0.133 0.479406 0.507375
-0.132 0.35735 0.728393
-0.131 0.137504 0.794416
-0.13 -0.0670421 0.7124
-0.129 -0.149019 0.540714
-0.128 -0.0474133 0.364989
-0.127 0.232271 0.266244
-0.126 0.619562 0.291228
-0.125 0.998665 0.434751
-0.124 1.24297 0.64214
-0.123 1.25808 0.832856
-0.122 1.01902 0.935271
-0.121 0.584703 0.915866
-0.12 0.0809516 0.790251
-0.119 -0.342274 0.614323
-0.118 -0.563101 0.461882
-0.117 -0.529841 0.396688
-0.116 -0.277741 0.447082
-0.115 0.0843562 0.592401
-0.114 0.410984 0.768786
-0.113 0.567377 0.894131
-0.112 0.472687 0.901284
-0.111 0.12796 0.764174
-0.11 -0.378481 0.507012
-0.109 -0.893603 0.195642
-0.108 -1.24924 -0.084894
-0.107 -1.3232 -0.260111
-0.106 -1.08525 -0.293445
-0.105 -0.607102 -0.199531
-0.104 -0.0354521 -0.0362302
-0.103 0.456199 0.121097
-0.102 0.719349 0.210313
-0.101 0.675596 0.205309
-0.1 0.347552 0.12469
-0.099 -0.137744 0.02505
-0.098 -0.585983 -0.0206602
-0.097 -0.807506 0.0454985
-0.096 -0.693428 0.238216
-0.095 -0.259292 0.518737
-0.094 0.361246 0.808677
-0.093 0.963749 1.01977
-0.092 1.33971 1.08444
-0.091 1.34384 0.976902
-0.09 0.947395 0.721908
-0.089 0.260074 0.389413
-0.088 -0.496312 0.0725282
-0.087 -1.06289 -0.147084
-0.086 -1.24058 -0.230995
-0.085 -0.966665 -0.195686
-0.084 -0.338431 -0.0991768
-0.083 0.422542 -0.0132941
-0.082 1.04865 0.00360025
-0.081 1.31906 -0.0738936
-0.08 1.13814 -0.227797
-0.079 0.574139 -0.39904
-0.078 -0.158865 -0.507459
-0.077 -0.774733 -0.485477
-0.076 -1.02093 -0.30895
-0.075 -0.776724 -0.00827703
-0.074 -0.105354 0.343634
-0.073 0.762676 0.656832
-0.072 1.51283 0.85214
-0.071 1.86586 0.885551
-0.07 1.68596 0.764801
-0.069 1.0342 0.550173
-0.068 0.146932 0.333379
-0.067 -0.649975 0.200891
-0.066 -1.05745 0.200163
-0.065 -0.912174 0.324627
-0.064 -0.253774 0.519906
-0.063 0.678442 0.704657
-0.062 1.52997 0.799423
-0.061 1.97152 0.757395
-0.06 1.83557 0.586919
-0.059 1.18415 0.352598
-0.058 0.276938 0.149326
-0.057 -0.538297 0.060819
-0.056 -0.958913 0.125036
-0.055 -0.836491 0.321415
-0.054 -0.233782 0.579491
-0.053 0.588424 0.802111
-0.052 1.26183 0.898056
-0.051 1.45808 0.817142
-0.05 1.0346 0.574111
-0.049 0.103959 0.245865
-0.048 -1.01431 -0.06112
-0.047 -1.93187 -0.256398
-0.046 -2.34658 -0.299317
-0.045 -2.14957 -0.208336
-0.044 -1.45641 -0.0495223
-0.043 -0.562995 0.0878885
-0.042 0.160756 0.12378
-0.041 0.414212 0.0201728
-0.04 0.0973221 -0.198986
-0.039 -0.636295 -0.45527
-0.038 -1.44383 -0.650147
-0.037 -1.947 -0.707587
-0.036 -1.89579 -0.602889
-0.035 -1.26754 -0.368741
-0.034 -0.268732 -0.0818938
-0.033 0.748747 0.163344
-0.032 1.42036 0.288682
-0.031 1.50925 0.262738
-0.03 1.00806 0.115211
-0.029 0.153714 -0.075349
-0.028 -0.665116 -0.215065
-0.027 -1.07138 -0.232106
-0.026 -0.858099 -0.102402
-0.025 -0.0723764 0.142483
-0.024 1.00599 0.426058
-0.023 1.97719 0.654182
-0.022 2.4794 0.751388
-0.021 2.33445 0.692033
-0.02 1.62488 0.510695
-0.019 0.663901 0.285827
-0.018 -0.135423 0.106321
-0.017 -0.433501 0.0373247
-0.016 -0.103342 0.0964677
-0.015 0.718471 0.246173
-0.014 1.68301 0.405754
-0.013 2.36163 0.482141
-0.012 2.41634 0.409245
-0.011 1.74756 0.178621
-0.01 0.55208 -0.154571
-0.009 -0.748621 -0.49329
-0.008 -1.6843 -0.735897
-0.007 -1.93054 -0.812887
-0.006 -1.43175 -0.711485
-0.005 -0.410356 -0.480282
-0.004 0.724182 -0.210983
-0.003 1.52663 -0.00283808
-0.002 1.68352 0.0768567
-0.001 1.14471 0.0194326
0 0.157155 -0.123757
0.001 -0.83462 -0.26512
0.002 -1.3857 -0.318442
0.003 -1.24853 -0.235211
0.004 -0.471992 -0.0263687
0.005 0.632904 0.240673
0.006 1.62481 0.469055
0.007 2.09913 0.571291
0.008 1.83754 0.503232
0.009 0.896741 0.279786
0.01 -0.401878 -0.0320922
0.011 -1.59389 -0.338086
0.012 -2.26327 -0.550142
0.013 -2.21556 -0.619369
0.014 -1.54882 -0.555045
0.015 -0.596399 -0.418562
0.016 0.219526 -0.294394
0.017 0.556485 -0.253406
0.018 0.281364 -0.325849
0.019 -0.481269 -0.493305
0.02 -1.40063 -0.698088
0.021 -2.07551 -0.864001
0.022 -2.20195 -0.92402
0.023 -1.70009 -0.848213
0.024 -0.743921 -0.658513
0.025 0.313619 -0.420099
0.026 1.08349 -0.213482
0.027 1.29515 -0.10233
0.028 0.905326 -0.111187
0.029 0.11662 -0.218815
0.03 -0.705649 -0.365897
0.031 -1.1864 -0.475201
0.032 -1.09715 -0.481248
0.033 -0.444584 -0.358803
0.034 0.543309 -0.134595
0.035 1.51528 0.124352
0.036 2.13251 0.337706
0.037 2.19644 0.44041
0.038 1.72817 0.40381
0.039 0.965504 0.24599
0.04 0.268035 0.0281463
0.041 -0.0379513 -0.166982
0.042 0.194851 -0.270195
0.043 0.872988 -0.256734
0.044 1.71225 -0.154789
0.045 2.36266 -0.02936
0.046 2.54453 0.0457254
0.047 2.14803 0.0140669
0.048 1.27377 -0.143991
0.049 0.203925 -0.400531
0.05 -0.696103 -0.683837
0.051 -1.12171 -0.903125
0.052 -0.960315 -0.987116
0.053 -0.339742 -0.915132
0.054 0.434987 -0.723211
0.055 1.01878 -0.485936
0.056 1.16492 -0.28789
0.057 0.808751 -0.197048
0.058 0.0796392 -0.244228
0.059 -0.749351 -0.411018
0.06 -1.35798 -0.633542
0.061 -1.50011 -0.82724
0.062 -1.10811 -0.923399
0.063 -0.328076 -0.897172
0.064 0.539369 -0.773465
0.065 1.16509 -0.612955
0.066 1.32193 -0.488699
0.067 0.963157 -0.461015
0.068 0.227477 -0.554573
0.069 -0.617999 -0.74438
0.07 -1.27204 -0.960486
0.071 -1.50427 -1.11401
0.072 -1.23835 -1.13242
0.073 -0.579873 -0.985962
0.074 0.225832 -0.696143
0.075 0.889502 -0.328713
0.076 1.18723 0.0247375
0.077 1.03984 0.274819
0.078 0.534698 0.366375
0.079 -0.113292 0.300402
0.08 -0.644091 0.132049
0.081 -0.847775 -0.0554088
0.082 -0.637888 -0.185514
0.083 -0.0778455 -0.215562
0.084 0.644786 -0.148935
0.085 1.28375 -0.0339901
0.086 1.61816 0.0509794
0.087 1.52974 0.027641
0.088 1.04656 -0.146337
0.089 0.33363 -0.453712
0.09 -0.369029 -0.820956
0.091 -0.835413 -1.14644
0.092 -0.930529 -1.33787
0.093 -0.646983 -1.34281
0.094 -0.097019 -1.16485
0.095 0.528282 -0.863471
0.096 1.01994 -0.535832
0.097 1.21994 -0.282316
0.098 1.07856 -0.168018
0.099 0.67498 -0.198465
0.1 0.186124 -0.321112
0.101 -0.184598 -0.450644
0.102 -0.284085 -0.505458
0.103 -0.0588638 -0.440344
0.104 0.434614 -0.26453
0.105 1.05183 -0.0393973
0.106 1.60421 0.144583
0.107 1.91737 0.203972
0.108 1.8905 0.0965831
0.109 1.53554 -0.160506
0.11 0.975493 -0.495754
0.111 0.398466 -0.808664
0.112 -0.0125194 -1.00692
0.113 -0.143219 -1.04146
0.114 0.0177915 -0.925392
0.115 0.381315 -0.727738
0.116 0.790396 -0.544127
0.117 1.07276 -0.457886
0.118 1.0986 -0.508451
0.119 0.826882 -0.678091
0.12 0.323112 -0.899639
0.121 -0.261557 -1.08238
0.122 -0.745402 -1.14841
0.123 -0.983823 -1.06621
0.124 -0.920519 -0.865681
0.125 -0.601632 -0.625683
0.126 -0.151265 -0.43951
0.127 0.277045 -0.375357
0.128 0.553052 -0.449123
0.129 0.611093 -0.618499
0.13 0.470403 -0.798687
0.131 0.227902 -0.894538
0.132 0.0212959 -0.83914
0.133 -0.0270113 -0.623782
0.134 0.139119 -0.304282
0.135 0.488495 0.0209858
0.136 0.920083 0.250952
0.137 1.30693 0.321254
0.138 1.54309 0.227776
0.139 1.5747 0.0268889
0.14 1.4101 -0.187308
0.141 1.11175 -0.321551
0.142 0.772736 -0.323578
0.143 0.482441 -0.20549
0.144 0.293743 -0.0376809
0.145 0.207498 0.0834415
0.146 0.183083 0.077293
0.147 0.169019 -0.0871118
0.148 0.133923 -0.376342
0.149 0.0788244 -0.701367
0.15 0.0281722 -0.949131
0.151 0.0113268 -1.02791
0.152 0.0463634 -0.907952
0.153 0.131214 -0.636261
0.154 0.243114 -0.316523
0.155 0.346332 -0.0656487
0.156 0.407752 0.0309959
0.157 0.416215 -0.0509663
0.158 0.393963 -0.267583
0.159 0.388071 -0.523071
0.16 0.443278 -0.707517
0.161 0.571972 -0.744329
0.162 0.738988 -0.626472
0.163 0.870583 -0.421083
0.164 0.884568 -0.238494
0.165 0.72761 -0.182704
0.166 0.403414 -0.307701
0.167 -0.0186357 -0.59543
0.168 -0.418833 -0.960123
0.169 -0.664831 -1.27725
0.17 -0.660672 -1.42948
0.171 -0.389038 -1.35398
0.172 0.0717995 -1.07021
0.173 0.568861 -0.673034
0.174 0.930707 -0.293029
0.175 1.03653 -0.043531
0.176 0.866495 0.0220764
0.177 0.511647 -0.072519
0.178 0.140486 -0.239274
0.179 -0.0637294 -0.363523
0.18 0.0276304 -0.353379
0.181 0.434968 -0.181172
0.182 1.05148 0.101797
0.183 1.67186 0.385205
0.184 2.06575 0.545841
0.185 2.06889 0.499147
0.186 1.65213 0.234859
0.187 0.937403 -0.17633
0.188 0.154949 -0.607625
0.189 -0.439855 -0.924095
0.19 -0.657646 -1.03538
0.191 -0.44367 -0.930815
0.192 0.0988044 -0.681257
0.193 0.742121 -0.40693
0.194 1.21785 -0.226451
0.195 1.32024 -0.208878
0.196 0.98782 -0.347002
0.197 0.329216 -0.561212
0.198 -0.417568 -0.732948
0.199 -0.975509 -0.755561
0.2 -1.13258 -0.58169
0.201 -0.821134 -0.24602
0.202 -0.144257 0.147264
0.203 0.661597 0.466518
0.204 1.31457 0.605307
0.205 1.5923 0.52406
0.206 1.41389 0.26517
0.207 0.868355 -0.0639589
0.208 0.178794 -0.333824
0.209 -0.3835 -0.444864
0.21 -0.601803 -0.367188
0.211 -0.394777 -0.151324
0.212 0.155291 0.0943107
0.213 0.837332 0.249356
0.214 1.39398 0.231721
0.215 1.61748 0.0318017
0.216 1.42239 -0.2834
0.217 0.870458 -0.59865
0.218 0.142261 -0.799347
0.219 -0.531556 -0.819281
0.22 -0.954579 -0.667032
0.221 -1.03444 -0.421255
0.222 -0.810957 -0.198037
0.223 -0.430692 -0.103523
0.224 -0.0801861 -0.189702
0.225 0.0907355 -0.430886
0.226 0.0223675 -0.732508
0.227 -0.242301 -0.970697
0.228 -0.582563 -1.04511
0.229 -0.847892 -0.920264
0.23 -0.912939 -0.637733
0.231 -0.723274 -0.296831
0.232 -0.314623 -0.014185
0.233 0.204759 0.121755
0.234 0.701916 0.0855615
0.235 1.07266 -0.0742093
0.236 1.27282 -0.255386
0.237 1.31666 -0.348056
0.238 1.25378 -0.284988
0.239 1.14218 -0.0718494
0.24 1.02718 0.216142
0.241 0.928132 0.467
0.242 0.835545 0.577987
0.243 0.722546 0.496675
0.244 0.569214 0.243464
0.245 0.384724 -0.0929616
0.246 0.208093 -0.388785
0.247 0.0846899 -0.535884
0.248 0.0370402 -0.487563
0.249 0.0512995 -0.27711
0.25 0.0859278 -0.00118854
0.251 0.0932622 0.222533
0.252 0.0408114 0.303735
0.253 -0.0732318 0.214735
0.254 -0.21109 0.00112573
0.255 -0.30031 -0.236194
0.256 -0.261485 -0.383137
0.257 -0.0518389 -0.362773
0.258 0.300362 -0.170804
0.259 0.694224 0.120873
0.26 0.991164 0.393642
0.261 1.06846 0.530749
0.262 0.866639 0.464375
0.263 0.415388 0.203204
0.264 -0.167355 -0.169125
0.265 -0.706948 -0.524851
0.266 -1.03201 -0.742079
0.267 -1.04299 -0.753789
0.268 -0.756793 -0.573874
0.269 -0.303461 -0.289059
0.27 0.124458 -0.021717
0.271 0.346045 0.120048
0.272 0.259803 0.0854456
0.273 -0.116498 -0.0989157
0.274 -0.646023 -0.339769
0.275 -1.11763 -0.515676
0.276 -1.32523 -0.528597
0.277 -1.15185 -0.34631
0.278 -0.620202 -0.0168255
0.279 0.113232 0.350404
0.28 0.815602 0.62699
0.281 1.26024 0.71464
0.282 1.30489 0.58263
0.283 0.942604 0.279655
0.284 0.308447 -0.0852739
0.285 -0.365717 -0.386174
0.286 -0.837459 -0.529903
0.287 -0.947095 -0.491067
0.288 -0.676258 -0.317938
0.289 -0.148017 -0.109001
0.29 0.424706 0.0285603
0.291 0.816807 0.0221024
0.292 0.868526 -0.137498
0.293 0.541693 -0.392385
0.294 -0.0634263 -0.641756
0.295 -0.74188 -0.783603
0.296 -1.26105 -0.756066
0.297 -1.44984 -0.560893
0.298 -1.25954 -0.260686
0.299 -0.772774 0.0469229
0.3 -0.16483 0.267133
0.301 0.361036 0.343647
0.302 0.641941 0.278674
0.303 0.60864 0.129071
0.304 0.307785 -0.0197491
0.305 -0.11727 -0.0901194
0.306 -0.483265 -0.0423576
0.307 -0.638487 0.112557
0.308 -0.517167 0.320369
0.309 -0.156061 0.506474
0.31 0.327049 0.605895
0.311 0.778693 0.589106
0.312 1.0608 0.472727
0.313 1.09227 0.309772
0.314 0.870268 0.164321
0.315 0.465517 0.0838241
0.316 -0.00677406 0.0820442
0.317 -0.428679 0.137405
0.318 -0.717132 0.203962
0.319 -0.843802 0.230407
0.32 -0.832955 0.181867
0.321 -0.742788 0.0561968
0.322 -0.641226 -0.114292
0.323 -0.585397 -0.278132
0.324 -0.608464 -0.38879
0.325 -0.713911 -0.423623
0.326 -0.876801 -0.388813
0.327 -1.05143 -0.312106
0.328 -1.18373 -0.230025
0.329 -1.22471 -0.173502
0.33 -1.14105 -0.154528
0.331 -0.922273 -0.159783
0.332 -0.586031 -0.157407
0.333 -0.180473 -0.115467
0.334 0.220617 -0.0212189
0.335 0.533246 0.111234
0.336 0.686679 0.248177
0.337 0.646705 0.351138
0.338 0.429648 0.390848
0.339 0.102056 0.357365
0.34 -0.235213 0.265258
0.341 -0.476829 0.150053
0.342 -0.549164 0.0536872
0.343 -0.438818 0.00467533
0.344 -0.200239 0.0049169
0.345 0.0619179 0.0314475
0.346 0.228991 0.0503684
0.347 0.210058 0.0329124
0.348 -0.0233875 -0.0333589
0.349 -0.420266 -0.13911
0.35 -0.859667 -0.254156
0.351 -1.19046 -0.3375
0.352 -1.28829 -0.355413
0.353 -1.10469 -0.298521
0.354 -0.686533 -0.186749
0.355 -0.159937 -0.0591775
0.356 0.310969 0.0431998
0.357 0.575612 0.0916529
0.358 0.54664 0.0773565
0.359 0.234895 0.0139144
0.36 -0.247509 -0.0661502
0.361 -0.725993 -0.123682
0.362 -1.03124 -0.131005
0.363 -1.06359 -0.085256
0.364 -0.825327 -0.00755775
0.365 -0.413153 0.0703796
0.366 0.0176933 0.121458
0.367 0.303682 0.13178
0.368 0.327817 0.103017
0.369 0.0655004 0.0519556
0.37 -0.40051 0.00628356
0.371 -0.910596 -0.006133
0.372 -1.29249 0.0286838
0.373 -1.42635 0.102886
0.374 -1.28191 0.191703
0.375 -0.920259 0.267299
0.376 -0.469223 0.310865
0.377 -0.0822006 0.316594
0.378 0.112905 0.289888
0.379 0.0611525 0.244321
0.38 -0.198051 0.197574
0.381 -0.549927 0.164505
0.382 -0.853667 0.149426
0.383 -0.995122 0.143799
0.384 -0.920927 0.132813
0.385 -0.648815 0.106327
0.386 -0.258528 0.0654388
0.387 0.133637 0.0206583
0.388 0.413739 -0.0148164
0.389 0.510394 -0.0312949
0.39 0.416647 -0.0262028
0.391 0.183153 -0.00561951
0.392 -0.108499 0.0165254
0.393 -0.37473 0.0231992
0.394 -0.551283 0.00272935
0.395 -0.607032 -0.0434947
0.396 -0.550641 -0.0999437
0.397 -0.425511 -0.144047
0.398 -0.29087 -0.157197
0.399 -0.197872 -0.133531
0.4 -0.174932 -0.0826707
0.401 -0.22672 -0.0260071
0.402 -0.338623 0.0116515
0.403 -0.479309 0.0123757
0.404 -0.604257 -0.0259515
0.405 -0.666362 -0.0862153
0.406 -0.631803 -0.137317
0.407 -0.491642 -0.147055
0.408 -0.262838 -0.0968811
0.409 0.0172213 0.00864151
0.41 0.295578 0.142037
0.411 0.509621 0.262455
0.412 0.601376 0.330377
0.413 0.539098 0.322066
0.414 0.333425 0.238898
0.415 0.0363908 0.107823
0.416 -0.27606 -0.0284089
0.417 -0.527611 -0.128154
0.418 -0.662144 -0.167611
0.419 -0.659469 -0.149654
0.42 -0.545124 -0.101206
0.421 -0.387233 -0.0611002
0.422 -0.274166 -0.0639635
0.423 -0.279275 -0.125934
0.424 -0.429941 -0.236804
0.425 -0.695688 -0.361884
0.426 -0.998355 -0.454353
0.427 -1.23773 -0.473977
0.428 -1.32394 -0.403826
0.429 -1.20903 -0.257136
0.43 -0.908201 -0.0718749
0.431 -0.500041 0.103405
0.432 -0.101674 0.22614
0.433 0.171909 0.27352
0.434 0.247588 0.249842
0.435 0.118477 0.184512
0.436 -0.1542 0.119723
0.437 -0.4619 0.092082
0.438 -0.686236 0.116974
0.439 -0.741093 0.183422
0.44 -0.603139 0.260848
0.441 -0.318134 0.312891
0.442 0.0179108 0.311634
0.443 0.29312 0.247851
0.444 0.417669 0.135189
0.445 0.354737 0.00647461
0.446 0.134614 -0.0983334
0.447 -0.155406 -0.148537
0.448 -0.403963 -0.135457
0.449 -0.51802 -0.0748578
0.45 -0.455416 0.00151722
0.451 -0.235219 0.0597692
0.452 0.072882 0.0761193
0.453 0.372048 0.0439147
0.454 0.568406 -0.0252138
0.455 0.601956 -0.106115
0.456 0.468128 -0.170319
0.457 0.218997 -0.198353
0.458 -0.0583317 -0.188178
0.459 -0.275491 -0.154895
0.46 -0.371813 -0.121911
0.461 -0.32839 -0.109029
0.462 -0.168547 -0.123976
0.463 0.0507998 -0.160267
0.464 0.255946 -0.20059
0.465 0.379713 -0.223801
0.466 0.383841 -0.213561
0.467 0.270371 -0.165765
0.468 0.076975 -0.0913273
0.469 -0.139531 -0.0121749
0.47 -0.321884 0.0482134
0.471 -0.426987 0.0747946
0.472 -0.43594 0.0662527
0.473 -0.359125 0.0337803
0.474 -0.233572 -0.00498783
0.475 -0.111516 -0.0339372
0.476 -0.0434552 -0.0453697
0.477 -0.0619122 -0.0432905
0.478 -0.17156 -0.0415797
0.479 -0.347901 -0.0572973
0.48 -0.543394 -0.101744
0.481 -0.699654 -0.173656
0.482 -0.764183 -0.258026
0.483 -0.707208 -0.330925
0.484 -0.532525 -0.368165
0.485 -0.278291 -0.354569
0.486 -0.0071333 -0.290479
0.487 0.211776 -0.192716
0.488 0.323417 -0.0890952
0.489 0.304386 -0.00818454
0.49 0.171551 0.031481
0.491 -0.022504 0.0278416
0.492 -0.207302 -0.0051083
0.493 -0.319221 -0.0436699
0.494 -0.323546 -0.0640093
0.495 -0.225971 -0.0519282
0.496 -0.0700449 -0.00952093
0.497 0.0780555 0.0444254
0.498 0.152566 0.0815706
0.499 0.112499 0.0763971
0.5 -0.040622 0.0180926
0.501 -0.259908 -0.0839333
0.502 -0.468476 -0.202948
0.503 -0.587558 -0.303994
0.504 -0.565393 -0.35549
0.505 -0.395116 -0.339986
0.506 -0.11602 -0.26095
0.507 0.199853 -0.142574
0.508 0.470255 -0.0213806
0.509 0.628892 0.067747
0.51 0.648211 0.104803
0.511 0.549452 0.0909582
0.512 0.39344 0.0459118
0.513 0.254763 -0.00126292
0.514 0.191455 -0.0236914
0.515 0.22454 -0.00702487
0.516 0.334534 0.0445219
0.517 0.472026 0.108864
0.518 0.575801 0.154194
0.519 0.593999 0.151973
0.52 0.503691 0.0890792
0.521 0.321269 -0.0264377
0.522 0.0967935 -0.168114
0.523 -0.106796 -0.30044
0.524 -0.239208 -0.390911
0.525 -0.279868 -0.420628
0.526 -0.240397 -0.390159
0.527 -0.155827 -0.318719
0.528 -0.0707902 -0.236722
0.529 -0.0243989 -0.174259
0.53 -0.0369715 -0.15
0.531 -0.103602 -0.165003
0.532 -0.198427 -0.203622
0.533 -0.287817 -0.240735
0.534 -0.345113 -0.252148
0.535 -0.359224 -0.224194
0.536 -0.334675 -0.158999
0.537 -0.285916 -0.0736895
0.538 -0.229621 0.00602366
0.539 -0.177557 0.0554613
0.54 -0.132665 0.0601775
0.541 -0.0905971 0.021185
0.542 -0.0456911 -0.0457782
0.543 0.00314075 -0.116488
0.544 0.0506712 -0.167367
0.545 0.0880983 -0.183906
0.546 0.107664 -0.165288
0.547 0.106778 -0.123717
0.548 0.0907333 -0.0790311
0.549 0.0727556 -0.0508539
0.55 0.069148 -0.0512994
0.551 0.0897676 -0.0809986
0.552 0.129441 -0.129803
0.553 0.167501 -0.18152
0.554 0.176934 -0.220419
0.555 0.137398 -0.236921
0.556 0.0450274 -0.230493
0.557 -0.083998 -0.208915
0.558 -0.215776 -0.184346
0.559 -0.30692 -0.167786
0.56 -0.319143 -0.164349
0.561 -0.236526 -0.171537
0.562 -0.0761754 -0.181249
0.563 0.115865 -0.183986
0.564 0.282368 -0.172823
0.565 0.376814 -0.145722
0.566 0.379716 -0.105983
0.567 0.304895 -0.061038
0.568 0.195005 -0.0197598
0.569 0.106769 0.0110245
0.57 0.0886972 0.0291469
0.571 0.159284 0.0370166
0.572 0.296804 0.0387788
0.573 0.446941 0.0370321
0.574 0.544459 0.0315221
0.575 0.538667 0.0200285
0.576 0.413192 5.31546e-05
0.577 0.194138 -0.0297043
0.578 -0.0565921 -0.0680544
0.579 -0.262435 -0.110176
0.58 -0.361075 -0.147694
0.581 -0.328805 -0.171294
0.582 -0.188987 -0.175147
0.583 -0.00169206 -0.160108
0.584 0.159423 -0.13336
0.585 0.233723 -0.105099
0.586 0.195564 -0.0845756
0.587 0.0644552 -0.0772017
0.588 -0.102029 -0.0829801
0.589 -0.231912 -0.0961936
0.59 -0.269214 -0.107103
0.591 -0.196564 -0.106238
0.592 -0.0403426 -0.0896791
0.593 0.141179 -0.0620025
0.594 0.279676 -0.034923
0.595 0.321104 -0.0226056
0.596 0.246049 -0.0361518
0.597 0.0787269 -0.0792717
0.598 -0.121278 -0.146082
0.599 -0.28303 -0.221645
0.6 -0.352903 -0.28594
0.601 -0.313981 -0.320777
0.602 -0.188973 -0.316883
0.603 -0.028821 -0.277578
0.604 0.106602 -0.21734
0.605 0.169818 -0.156279
0.606 0.143317 -0.112947
0.607 0.0464134 -0.0978797
0.608 -0.0733537 -0.109809
0.609 -0.161286 -0.135981
0.61 -0.178493 -0.15707
0.611 -0.115852 -0.155194
0.612 0.00530585 -0.121605
0.613 0.143304 -0.0606057
0.614 0.252134 0.0117528
0.615 0.298473 0.0733208
0.616 0.27418 0.103684
0.617 0.198664 0.0915777
0.618 0.109265 0.0393972
0.619 0.0444239 -0.0370935
0.62 0.028213 -0.11417
0.621 0.0626196 -0.168733
0.622 0.128942 -0.186552
0.623 0.196359 -0.166949
0.624 0.234532 -0.122405
0.625 0.225918 -0.0735756
0.626 0.172436 -0.0415838
0.627 0.0928549 -0.0402993
0.628 0.0125361 -0.0713662
0.629 -0.0481506 -0.123883
0.63 -0.0808099 -0.178786
0.631 -0.0898215 -0.216048
0.632 -0.0884309 -0.221912
0.633 -0.0918469 -0.193622
0.634 -0.109181 -0.140073
0.635 -0.137633 -0.0782208
0.636 -0.162991 -0.0266445
0.637 -0.167374 0.00119039
0.638 -0.139617 0.00135915
0.639 -0.0814917 -0.0198666
0.64 -0.00663562 -0.0489326
0.641 0.0656127 -0.0701594
0.642 0.117598 -0.0714731
0.643 0.139687 -0.0488707
0.644 0.134291 -0.00786359
0.645 0.115616 0.0388161
0.646 0.103478 0.0761573
0.647 0.112844 0.0921084
0.648 0.144818 0.0810394
0.649 0.184887 0.0447128
0.65 0.20936 -0.00885697
0.651 0.196026 -0.0681373
0.652 0.133948 -0.121881
0.653 0.0290778 -0.162778
0.654 -0.0959113 -0.189198
0.655 -0.208067 -0.204157
0.656 -0.275619 -0.212588
0.657 -0.280397 -0.218867
0.658 -0.225517 -0.225605
0.659 -0.134378 -0.233277
0.66 -0.0414139 -0.240116
0.661 0.0213191 -0.242571
0.662 0.0363778 -0.236799
0.663 0.00747359 -0.220543
0.664 -0.0422265 -0.193903
0.665 -0.0796842 -0.158547
0.666 -0.0758821 -0.116661
0.667 -0.0182922 -0.0710559
0.668 0.0833007 -0.0260802
0.669 0.199806 0.012306
0.67 0.293266 0.0380444
0.671 0.330856 0.0469802
0.672 0.297451 0.0378992
0.673 0.202019 0.0125511
0.674 0.0748732 -0.024356
0.675 -0.0437592 -0.0651311
0.676 -0.119221 -0.100354
0.677 -0.135175 -0.122054
0.678 -0.0984695 -0.12719
0.679 -0.0350437 -0.118851
0.68 0.0207066 -0.104371
0.681 0.0390514 -0.0919477
0.682 0.00616473 -0.0877881
0.683 -0.0704177 -0.0943194
0.684 -0.164592 -0.109044
0.685 -0.24226 -0.124493
0.686 -0.275299 -0.130564
0.687 -0.25249 -0.119153
0.688 -0.182814 -0.0886021
0.689 -0.0906542 -0.0450871
0.69 -0.0058598 -0.000351963
0.691 0.0470912 0.0324218
0.692 0.0572043 0.0426296
0.693 0.0300797 0.0254611
0.694 -0.0149744 -0.0159219
0.695 -0.0531195 -0.0703988
0.696 -0.0643112 -0.122311
0.697 -0.0412046 -0.157396
0.698 0.00875225 -0.168117
0.699 0.0674923 -0.155647
0.7 0.114352 -0.128318
0.701 0.134061 -0.0981845
0.702 0.121494 -0.0770644
0.703 0.0821532 -0.0725089
0.704 0.029085 -0.0845751
0.705 -0.0223426 -0.105341
0.706 -0.0600393 -0.122351
0.707 -0.0792927 -0.124428
0.708 -0.0837053 -0.106428
0.709 -0.0822374 -0.070775
0.71 -0.0836566 -0.0261556
0.711 -0.0916398 0.0151753
0.712 -0.103409 0.040898
0.713 -0.112069 0.0428121
0.714 -0.110455 0.0203849
0.715 -0.0942077 -0.0187323
0.716 -0.0633096 -0.0621752
0.717 -0.0223354 -0.098225
0.718 0.0206282 -0.119751
0.719 0.0568642 -0.125328
0.72 0.0810244 -0.118451
0.721 0.0937553 -0.106002
0.722 0.100719 -0.0959258
0.723 0.108455 -0.0940273
0.724 0.119956 -0.101303
0.725 0.13267 -0.113868
0.726 0.139472 -0.125724
0.727 0.131417 -0.132113
0.728 0.101189 -0.131051
0.729 0.0466906 -0.122916
0.73 -0.0263467 -0.109582
0.731 -0.104606 -0.0938777
0.732 -0.17117 -0.0788581
0.733 -0.211746 -0.0665508
0.734 -0.22008 -0.0571225
0.735 -0.200067 -0.0495636
0.736 -0.164064 -0.0433499
0.737 -0.128373 -0.0392413
0.738 -0.107275 -0.0383288
0.739 -0.107404 -0.040469
0.74 -0.124821 -0.0437455
0.741 -0.146593 -0.0452026
0.742 -0.156355 -0.0419129
0.743 -0.141233 -0.0318293
0.744 -0.0971709 -0.0147398
0.745 -0.0310087 0.00663355
0.746 0.0410187 0.0264299
0.747 0.0980761 0.0374009
0.748 0.122013 0.0340816
0.749 0.104758 0.0154154
0.75 0.0521245 -0.0146718
0.751 -0.0183081 -0.0486251
0.752 -0.0840152 -0.0775816
0.753 -0.125435 -0.0940521
0.754 -0.131913 -0.0946248
0.755 -0.104582 -0.081778
0.756 -0.056093 -0.0634318
0.757 -0.00679774 -0.0498098
0.758 0.0226301 -0.0490193
0.759 0.019791 -0.0636289
0.76 -0.0140927 -0.0896246
0.761 -0.0650889 -0.1177
0.762 -0.112727 -0.136247
0.763 -0.137804 -0.135411
0.764 -0.12872 -0.111192
0.765 -0.0851389 -0.0678278
0.766 -0.0186362 -0.0169115
0.767 0.0503359 0.0267577
0.768 0.0994033 0.0506656
0.769 0.112958 0.048986
0.77 0.0883729 0.0244306
0.771 0.0366361 -0.0127311
0.772 -0.0223955 -0.048157
0.773 -0.0674864 -0.0685982
0.774 -0.0833026 -0.0670529
0.775 -0.0654118 -0.0456352
0.776 -0.0217561 -0.0146219
0.777 0.0300698 0.0119111
0.778 0.0692543 0.0217535
0.779 0.0796426 0.00918025
0.78 0.0557966 -0.0229406
0.781 0.00484501 -0.0640748
0.782 -0.0563897 -0.0997778
0.783 -0.107791 -0.117157
0.784 -0.133469 -0.109953
0.785 -0.1275 -0.0809707
0.786 -0.0956273 -0.0407758
0.787 -0.0524483 -0.00342455
0.788 -0.0155455 0.0187943
0.789 0.000958663 0.019635
0.79 -0.00872082 0.000869375
0.791 -0.0400526 -0.0286495
0.792 -0.0798274 -0.0565776
0.793 -0.111263 -0.0719883
0.794 -0.120833 -0.0695277
0.795 -0.103748 -0.0510528
0.796 -0.0654605 -0.0243021
0.797 -0.0188806 0.000477789
0.798 0.0208323 0.0144576
0.799 0.0415039 0.0133761
0.8 0.0377273 -0.00107939
0.801 0.012468 -0.022195
0.802 -0.0240945 -0.0411487
0.803 -0.0585747 -0.0506407
0.804 -0.0798963 -0.0475725
0.805 -0.0836982 -0.0337242
0.806 -0.0734215 -0.0145257
0.807 -0.0578952 0.00322617
0.808 -0.0470743 0.0138217
0.809 -0.0479213 0.0145777
0.81 -0.0617395 0.00662258
0.811 -0.0836585 -0.00587117
0.812 -0.104517 -0.017712
0.813 -0.114609 -0.0249333
0.814 -0.107769 -0.0261135
0.815 -0.0838922 -0.0223421
0.816 -0.0487943 -0.0162637
0.817 -0.0117571 -0.0108671
0.818 0.0180497 -0.00838539
0.819 0.0349484 -0.0095067
0.82 0.038727 -0.0132224
0.821 0.034267 -0.0175298
0.822 0.0288378 -0.0206698
0.823 0.0284066 -0.0220999
0.824 0.0349081 -0.022557
0.825 0.0456723 -0.0233154
0.826 0.0548431 -0.0253088
0.827 0.0558457 -0.0286407
0.828 0.044108 -0.0325138
0.829 0.0193824 -0.0354616
0.83 -0.0133633 -0.0359103
0.831 -0.0454921 -0.0330312
0.832 -0.0683562 -0.0274548
0.833 -0.0770897 -0.0212291
0.834 -0.0723634 -0.0168424
0.835 -0.0594712 -0.015892
0.836 -0.0457906 -0.018252
0.837 -0.0380041 -0.0221283
0.838 -0.0397622 -0.024781
0.839 -0.0501386 -0.023552
0.84 -0.0636326 -0.0169688
0.841 -0.0723791 -0.00564243
0.842 -0.0698866 0.00755239
0.843 -0.054257 0.0184045
0.844 -0.0290607 0.0231234
0.845 -0.0016869 0.0199929
0.846 0.0196066 0.0100482
0.847 0.0286021 -0.00340004
0.848 0.0232702 -0.0159833
0.849 0.0066794 -0.0237518
0.85 -0.0139168 -0.0245568
0.851 -0.0299111 -0.0189316
0.852 -0.0349745 -0.00996633
0.853 -0.0276458 -0.00200236
0.854 -0.0116735 0.00129947
0.855 0.0057365 -0.00149948
0.856 0.0167629 -0.00917918
0.857 0.0158881 -0.0185111
0.858 0.00206099 -0.025525
0.859 -0.0207296 -0.0269441
0.86 -0.0449736 -0.0214476
0.861 -0.0627471 -0.010335
0.862 -0.068901 0.00283774
0.863 -0.0628196 0.0136627
0.864 -0.0482392 0.0186661
0.865 -0.03161 0.0165683
0.866 -0.0197221 0.00852727
0.867 -0.0171644 -0.00249931
0.868 -0.0243794 -0.0128597
0.869 -0.0373461 -0.0194364
0.87 -0.0493639 -0.020706
0.871 -0.054097 -0.0172515
0.872 -0.0482092 -0.0114023
0.873 -0.0323808 -0.00610058
0.874 -0.0106948 -0.0035907
0.875 0.0108941 -0.00459827
0.876 0.0264705 -0.00826111
0.877 0.0321923 -0.0126411
0.878 0.0278345 -0.0155195
0.879 0.0168713 -0.0152442
0.88 0.00476341 -0.0113974
0.881 -0.00362179 -0.0050006
0.882 -0.00595698 0.00191186
0.883 -0.00291477 0.00716779
0.884 0.00261589 0.00931086
0.885 0.00682864 0.00803007
0.886 0.00639766 0.00408419
0.887 -0.000179425 -0.00111275
0.888 -0.0117508 -0.00604552
0.889 -0.0248378 -0.00963076
0.89 -0.0351626 -0.0115543
0.891 -0.0395405 -0.0122478
0.892 -0.0370826 -0.0125025
0.893 -0.0292415 -0.012952
0.894 -0.0189814 -0.0137392
0.895 -0.00963039 -0.0145109
0.896 -0.00375817 -0.0146598
0.897 -0.0023044 -0.0136454
0.898 -0.00431051 -0.0112717
0.899 -0.00750888 -0.00783473
0.9 -0.00950911 -0.00405815
0.901 -0.0089181 -0.000796163
0.902 -0.00584602 0.00136076
0.903 -0.00169347 0.00234241
0.904 0.00153192 0.00256549
0.905 0.00205821 0.0026596
0.906 -0.000889305 0.00313186
0.907 -0.00667713 0.00412645
0.908 -0.0134716 0.0053479
0.909 -0.0190374 0.00616867
0.91 -0.0216919 0.00591051
0.911 -0.0209085 0.00420666
0.912 -0.017363 0.00126033
0.913 -0.0125501 -0.0021632
0.914 -0.00819601 -0.00502051
0.915 -0.0056268 -0.00640209
0.916 -0.00524488 -0.00588164
0.917 -0.00636572 -0.00367699
0.918 -0.00759431 -0.00058357
0.919 -0.00758296 0.00230088
0.92 -0.00571602 0.00398141
0.921 -0.00234429 0.003946
0.922 0.00145529 0.00234607
0.923 0.00435602 -0.000103269
0.924 0.00526753 -0.00243904
0.925 0.00373591 -0.00383248
0.926 0.000174097 -0.00389297
0.927 -0.0042279 -0.00280033
0.928 -0.00797386 -0.00122437
0.929 -0.0099111 -4.70395e-05
0.93 -0.00969452 1.57244e-05
0.931 -0.00782906 -0.00127589
0.932 -0.00534592 -0.00359025
0.933 -0.00334544 -0.00616988
0.934 -0.0025979 -0.00812642
0.935 -0.00328563 -0.00875863
0.936 -0.0049464 -0.00779307
0.937 -0.00667572 -0.00548124
0.938 -0.00754148 -0.00251511
0.939 -0.00701417 0.000228967
0.94 -0.00518606 0.00202403
0.941 -0.00268788 0.00254985
0.942 -0.000390319 0.001959
0.943 0.000945282 0.000752073
0.944 0.00094152 -0.000449337
0.945 -0.000265363 -0.00113345
0.946 -0.00208797 -0.00106584
0.947 -0.00373786 -0.000354255
0.948 -0.00455752 0.000612641
0.949 -0.00427145 0.0013421
0.95 -0.00304795 0.00145852
0.951 -0.00137774 0.000859563
0.952 0.000144212 -0.000264133
0.953 0.00104064 -0.00153222
0.954 0.00111426 -0.00253253
0.955 0.000502809 -0.00296529
0.956 -0.000405329 -0.00273346
0.957 -0.00116674 -0.00196185
0.958 -0.00148705 -0.000939629
0.959 -0.00132577 -2.09098e-06
0.96 -0.000868751 0.000598853
0.961 -0.000413637 0.000773157
0.962 -0.000237841 0.000590969
0.963 -0.000494589 0.000219985
0.964 -0.00115676 -0.000156334
0.965 -0.0020254 -0.000405199
0.966 -0.00281218 -0.000479142
0.967 -0.00326546 -0.00041537
0.968 -0.00327186 -0.000303191
0.969 -0.00288105 -0.000233362
0.97 -0.00225584 -0.000254895
0.971 -0.00159017 -0.000360802
0.972 -0.00103785 -0.000503401
0.973 -0.0006715 -0.000622991
0.974 -0.000474353 -0.000673199
0.975 -0.000364142 -0.000634946
0.976 -0.000243212 -0.00051841
0.977 -5.21077e-05 -0.000355011
0.978 0.000203316 -0.000182649
0.979 0.000463566 -3.06431e-05
0.98 0.00065245 8.75261e-05
0.981 0.000714984 0.000171075
0.982 0.000639002 0.000223821
0.983 0.000456327 0.000248422
0.984 0.000227634 0.000245685
0.985 1.80394e-05 0.000216933
0.986 -0.00012698 0.000166394
0.987 -0.000194427 0.000102161
0.988 -0.000200187 3.55775e-05
0.989 -0.000173923 -2.11203e-05
0.99 -0.00014264 -5.86358e-05
0.991 -0.00012074 -7.39814e-05
0.992 -0.000108848 -7.10191e-05
0.993 -9.93474e-05 -5.76933e-05
0.994 -8.44463e-05 -4.18761e-05
0.995 -6.21465e-05 -2.83863e-05
0.996 -3.7016e-05 -1.84561e-05
0.997 -1.61677e-05 -1.11708e-05
0.998 -4.09977e-06 -5.48828e-06
0.999 -1.81971e-07 -1.47283e-06
0.12 0.210696 -0.195937
0.24 0.210425 -0.195359
0.36 0.209974 -0.1944
0.48 0.209343 -0.193063
0.6 0.208531 -0.191355
0.72 0.207541 -0.189284
0.84 0.206372 -0.18686
0.96 0.205024 -0.184095
1.08 0.203501 -0.181001
1.2 0.201801 -0.177593
1.32 0.199928 -0.173887
1.44 0.197883 -0.1699
1.56 0.195668 -0.165651
1.68 0.193286 -0.161159
1.8 0.19074 -0.156446
1.92 0.188034 -0.151531
2.04 0.185172 -0.146439
2.16 0.182158 -0.14119
2.28 0.178997 -0.13581
2.4 0.175697 -0.13032
2.52 0.172262 -0.124746
2.64 0.168701 -0.11911
2.76 0.165021 -0.113437
2.88 0.161232 -0.10775
3 0.157341 -0.102073
3.12 0.153361 -0.0964274
3.24 0.1493 -0.0908365
3.36 0.145171 -0.0853212
3.48 0.140986 -0.0799022
3.6 0.136758 -0.0745992
3.72 0.132499 -0.0694307
3.84 0.128224 -0.064414
3.96 0.123947 -0.0595655
4.08 0.119683 -0.0549
4.2 0.115446 -0.0504309
4.32 0.111253 -0.0461703
4.44 0.107119 -0.0421288
4.56 0.103059 -0.0383153
4.68 0.0990886 -0.0347372
4.8 0.0952241 -0.0314005
4.92 0.0914805 -0.0283092
5.04 0.0878727 -0.0254662
5.16 0.0844154 -0.0228723
5.28 0.0811225 -0.0205271
5.4 0.0780075 -0.0184285
5.52 0.075083 -0.016573
5.64 0.0723608 -0.0149555
5.76 0.0698517 -0.0135695
5.88 0.0675655 -0.0124075
6 0.0655109 -0.0114603
6.12 0.0636951 -0.0107179
6.24 0.0621244 -0.0101689
6.36 0.0608032 -0.00980109
6.48 0.0597348 -0.00960144
6.6 0.0589209 -0.00955598
6.72 0.0583615 -0.00965013
6.84 0.0580553 -0.00986873
6.96 0.057999 -0.0101962
7.08 0.0581878 -0.0106166
7.2 0.0586155 -0.0111137
7.32 0.059274 -0.0116712
7.44 0.0601536 -0.012273
7.56 0.0612431 -0.0129028
7.68 0.0625299 -0.0135447
7.8 0.0639998 -0.0141831
7.92 0.0656371 -0.014803
8.04 0.0674252 -0.0153896
8.16 0.0693458 -0.0159291
8.28 0.0713798 -0.0164082
8.4 0.073507 -0.0168145
8.52 0.0757065 -0.0171364
8.64 0.0779564 -0.0173634
8.76 0.0802344 -0.0174858
8.88 0.0825176 -0.0174951
9 0.084783 -0.017384
9.12 0.0870071 -0.0171462
9.24 0.0891668 -0.0167765
9.36 0.0912389 -0.0162713
9.48 0.0932006 -0.0156277
9.6 0.0950294 -0.0148443
9.72 0.0967037 -0.0139209
9.84 0.0982023 -0.0128585
9.96 0.0995053 -0.0116591
10.08 0.100594 -0.0103262
10.2 0.101449 -0.00886394
10.32 0.102056 -0.00727791
10.44 0.102398 -0.00557455
10.56 0.102462 -0.00376128
10.68 0.102237 -0.00184642
10.8 0.10171 0.000160883
10.92 0.100875 0.00225073
11.04 0.0997247 0.00441254
11.16 0.0982534 0.00663513
11.28 0.0964585 0.00890683
11.4 0.0943389 0.0112155
11.52 0.0918955 0.0135487
11.64 0.089131 0.0158937
11.76 0.08605 0.0182377
11.88 0.082659 0.0205676
12 0.0789664 0.0228706
12.12 0.0749821 0.0251339
12.24 0.0707177 0.0273447
12.36 0.0661867 0.0294908
12.48 0.0614038 0.03156
12.6 0.056385 0.0335408
12.72 0.0511479 0.035422
12.84 0.045711 0.0371932
12.96 0.0400939 0.0388443
13.08 0.0343171 0.0403662
13.2 0.0284017 0.0417504
13.32 0.0223698 0.042989
13.44 0.0162435 0.0440753
13.56 0.0100455 0.0450031
13.68 0.0037985 0.0457673
13.8 -0.00247456 0.0463637
13.92 -0.00875104 0.0467888
14.04 -0.0150085 0.0470403
14.16 -0.0212248 0.0471168
14.28 -0.0273786 0.0470175
14.4 -0.0334488 0.0467431
14.52 -0.0394154 0.0462946
14.64 -0.0452592 0.0456743
14.76 -0.0509618 0.0448852
14.88 -0.056506 0.0439312
15 -0.0618758 0.0428168
15.12 -0.0670564 0.0415475
15.24 -0.0720342 0.0401293
15.36 -0.0767969 0.0385691
15.48 -0.0813338 0.0368742
15.6 -0.0856353 0.0350525
15.72 -0.0896934 0.0331124
15.84 -0.0935016 0.0310628
15.96 -0.0970545 0.0289129
16.08 -0.100349 0.0266722
16.2 -0.103381 0.0243507
16.32 -0.106151 0.0219583
16.44 -0.10866 0.0195051
16.56 -0.110907 0.0170014
16.68 -0.112896 0.0144575
16.8 -0.114632 0.0118834
16.92 -0.116118 0.00928948
17.04 -0.117361 0.00668551
17.16 -0.118367 0.0040813
17.28 -0.119144 0.00148637
17.4 -0.1197 -0.00109007
17.52 -0.120045 -0.00363914
17.64 -0.120187 -0.00615234
17.76 -0.120136 -0.00862158
17.88 -0.119903 -0.0110392
18 -0.119498 -0.013398
18.12 -0.118931 -0.0156914
18.24 -0.118214 -0.0179131
18.36 -0.117357 -0.0200574
18.48 -0.116371 -0.0221194
18.6 -0.115266 -0.0240943
18.72 -0.114052 -0.0259783
18.84 -0.112739 -0.0277678
18.96 -0.111336 -0.0294599
19.08 -0.109853 -0.0310523
19.2 -0.108299 -0.0325431
19.32 -0.106681 -0.033931
19.44 -0.105007 -0.0352151
19.56 -0.103283 -0.0363952
19.68 -0.101518 -0.0374713
19.8 -0.0997154 -0.038444
19.92 -0.0978816 -0.0393143
20.04 -0.0960211 -0.0400834
20.16 -0.0941378 -0.0407532
20.28 -0.0922355 -0.0413257
20.4 -0.0903169 -0.0418031
20.52 -0.0883847 -0.0421882
20.64 -0.0864406 -0.0424837
20.76 -0.0844862 -0.0426926
20.88 -0.0825226 -0.0428182
21 -0.0805505 -0.0428638
21.12 -0.07857 -0.0428329
21.24 -0.0765814 -0.042729
21.36 -0.0745844 -0.0425558
21.48 -0.0725786 -0.0423167
21.6 -0.0705635 -0.0420156
21.72 -0.0685383 -0.0416559
21.84 -0.0665023 -0.0412412
21.96 -0.0644549 -0.040775
22.08 -0.0623953 -0.0402607
22.2 -0.0603229 -0.0397016
22.32 -0.0582372 -0.0391009
22.44 -0.0561379 -0.0384616
22.56 -0.0540247 -0.0377866
22.68 -0.0518977 -0.0370787
22.8 -0.0497573 -0.0363405
22.92 -0.0476039 -0.0355743
23.04 -0.0454383 -0.0347826
23.16 -0.0432618 -0.0339674
23.28 -0.0410757 -0.0331306
23.4 -0.0388818 -0.0322739
23.52 -0.036682 -0.0313991
23.64 -0.0344789 -0.0305076
23.76 -0.0322749 -0.0296006
23.88 -0.030073 -0.0286793
24 -0.0278765 -0.0277449
24.12 -0.0256888 -0.0267982
24.24 -0.0235134 -0.02584
24.36 -0.0213544 -0.024871
24.48 -0.0192158 -0.0238919
24.6 -0.0171017 -0.0229032
24.72 -0.0150165 -0.0219054
24.84 -0.0129646 -0.020899
24.96 -0.0109504 -0.0198844
25.08 -0.00897828 -0.0188619
25.2 -0.00705275 -0.0178321
25.32 -0.00517813 -0.0167952
25.44 -0.00335868 -0.0157516
25.56 -0.00159852 -0.0147019
25.68 9.8385e-05 -0.0136464
25.8 0.00172828 -0.0125857
25.92 0.00328763 -0.0115204
26.04 0.00477316 -0.0104511
26.16 0.00618187 -0.00937842
26.28 0.00751109 -0.00830327
26.4 0.00875844 -0.00722646
26.52 0.00992192 -0.00614894
26.64 0.0109999 -0.00507172
26.76 0.011991 -0.00399594
26.88 0.0128945 -0.0029228
27 0.0137097 -0.00185359
27.12 0.0144366 -0.000789683
27.24 0.0150754 0.000267459
27.36 0.0156268 0.0013163
27.48 0.0160919 0.00235523
27.6 0.0164719 0.00338258
27.72 0.0167688 0.0043966
27.84 0.0169845 0.00539551
27.96 0.0171216 0.00637748
28.08 0.0171826 0.00734064
28.2 0.0171707 0.00828309
28.32 0.0170891 0.00920292
28.44 0.0169413 0.0100982
28.56 0.016731 0.0109671
28.68 0.0164621 0.0118076
28.8 0.0161386 0.0126179
28.92 0.0157646 0.0133961
29.04 0.0153445 0.0141406
29.16 0.0148824 0.0148495
29.28 0.0143829 0.0155211
29.4 0.0138501 0.016154
29.52 0.0132884 0.0167467
29.64 0.0127022 0.0172977
29.76 0.0120955 0.0178057
29.88 0.0114725 0.0182697
30 0.0108372 0.0186886
30.12 0.0101935 0.0190615
30.24 0.00954493 0.0193877
30.36 0.00889509 0.0196665
30.48 0.00824726 0.0198974
30.6 0.00760456 0.0200803
30.72 0.00696986 0.0202148
30.84 0.00634582 0.0203011
30.96 0.00573488 0.0203392
31.08 0.00513922 0.0203297
31.2 0.00456079 0.0202728
31.32 0.0040013 0.0201694
31.44 0.00346221 0.0200202
31.56 0.00294475 0.0198262
31.68 0.00244993 0.0195885
31.8 0.00197851 0.0193084
31.92 0.00153105 0.0189873
32.04 0.0011079 0.0186269
32.16 0.000709203 0.0182287
32.28 0.000334932 0.0177946
32.4 -1.51226e-05 0.0173265
32.52 -0.000341328 0.0168265
32.64 -0.000644194 0.0162966
32.76 -0.000924365 0.0157391
32.88 -0.0011826 0.0151563
33 -0.00141975 0.0145505
33.12 -0.00163676 0.0139242
33.24 -0.00183465 0.0132798
33.36 -0.00201449 0.0126197
33.48 -0.00217738 0.0119466
33.6 -0.00232446 0.0112628
33.72 -0.00245689 0.010571
33.84 -0.00257582 0.00987364
33.96 -0.00268239 0.0091732
34.08 -0.00277773 0.00847213
34.2 -0.00286293 0.00777283
34.32 -0.00293904 0.00707766
34.44 -0.00300706 0.00638889
34.56 -0.00306796 0.00570873
34.68 -0.0031226 0.0050393
34.8 -0.00317183 0.00438263
34.92 -0.00321639 0.00374064
35.04 -0.00325697 0.00311517
35.16 -0.00329417 0.0025079
35.28 -0.00332854 0.00192044
35.4 -0.00336052 0.00135423
35.52 -0.00339051 0.000810608
35.64 -0.00341881 0.000290759
35.76 -0.00344568 -0.000204259
35.88 -0.00347129 -0.000673531
36 -0.00349575 -0.00111628
36.12 -0.00351913 -0.00153189
36.24 -0.00354142 -0.00191985
36.36 -0.00356258 -0.00227982
36.48 -0.00358252 -0.00261161
36.6 -0.00360112 -0.00291512
36.72 -0.00361821 -0.00319044
36.84 -0.00363362 -0.00343775
36.96 -0.00364713 -0.00365739
37.08 -0.00365853 -0.00384978
37.2 -0.00366759 -0.0040155
37.32 -0.00367407 -0.0041552
37.44 -0.00367774 -0.00426968
37.56 -0.00367838 -0.00435979
37.68 -0.00367577 -0.00442649
37.8 -0.00366971 -0.00447082
37.92 -0.00366003 -0.0044939
38.04 -0.00364655 -0.00449691
38.16 -0.00362914 -0.00448106
38.28 -0.0036077 -0.00444766
38.4 -0.00358214 -0.004398
38.52 -0.00355241 -0.00433346
38.64 -0.0035185 -0.00425538
38.76 -0.00348041 -0.00416516
38.88 -0.0034382 -0.00406418
39 -0.00339194 -0.00395382
39.12 -0.00334173 -0.00383545
39.24 -0.00328772 -0.00371043
39.36 -0.00323007 -0.00358006
39.48 -0.00316898 -0.00344564
39.6 -0.00310465 -0.00330841
39.72 -0.00303733 -0.00316957
39.84 -0.00296728 -0.00303027
39.96 -0.00289477 -0.00289157
40.08 -0.0028201 -0.00275452
40.2 -0.00274357 -0.00262006
40.32 -0.00266548 -0.00248907
40.44 -0.00258615 -0.00236236
40.56 -0.00250591 -0.00224067
40.68 -0.00242506 -0.00212465
40.8 -0.00234393 -0.00201487
40.92 -0.00226281 -0.00191183
41.04 -0.00218202 -0.00181595
41.16 -0.00210183 -0.00172756
41.28 -0.00202252 -0.00164691
41.4 -0.00194434 -0.0015742
41.52 -0.00186755 -0.00150952
41.64 -0.00179235 -0.0014529
41.76 -0.00171894 -0.00140432
41.88 -0.00164751 -0.00136368
42 -0.00157819 -0.00133079
42.12 -0.00151113 -0.00130546
42.24 -0.00144641 -0.0012874
42.36 -0.00138413 -0.00127629
42.48 -0.00132433 -0.00127176
42.6 -0.00126704 -0.0012734
42.72 -0.00121226 -0.00128077
42.84 -0.00115998 -0.0012934
42.96 -0.00111014 -0.0013108
43.08 -0.00106268 -0.00133246
43.2 -0.00101751 -0.00135784
43.32 -0.000974535 -0.00138642
43.44 -0.000933619 -0.00141765
43.56 -0.000894625 -0.00145101
43.68 -0.000857398 -0.00148595
43.8 -0.000821771 -0.00152196
43.92 -0.000787564 -0.00155853
44.04 -0.000754592 -0.00159517
44.16 -0.00072266 -0.00163142
44.28 -0.000691572 -0.00166684
44.4 -0.000661127 -0.001701
44.52 -0.000631124 -0.00173354
44.64 -0.000601363 -0.00176408
44.76 -0.00057165 -0.00179232
44.88 -0.000541795 -0.00181798
45 -0.000511613 -0.0018408
45.12 -0.000480932 -0.00186058
45.24 -0.000449588 -0.00187714
45.36 -0.000417429 -0.00189036
45.48 -0.000384318 -0.00190013
45.6 -0.000350132 -0.00190639
45.72 -0.000314763 -0.00190913
45.84 -0.00027812 -0.00190834
45.96 -0.00024013 -0.00190407
46.08 -0.000200739 -0.00189639
46.2 -0.000159909 -0.00188541
46.32 -0.000117624 -0.00187125
46.44 -7.38844e-05 -0.00185406
46.56 -2.8712e-05 -0.00183402
46.68 1.78538e-05 -0.00181132
46.8 6.57543e-05 -0.00178617
46.92 0.000114913 -0.0017588
47.04 0.000165236 -0.00172945
47.16 0.000216611 -0.00169836
47.28 0.000268911 -0.00166578
47.4 0.000321995 -0.00163196
47.52 0.000375707 -0.00159716
47.64 0.000429876 -0.00156164
47.76 0.000484324 -0.00152565
47.88 0.00053886 -0.00148942
48 0.000593286 -0.0014532
48.12 0.000647395 -0.0014172
48.24 0.000700977 -0.00138165
48.36 0.000753817 -0.00134674
48.48 0.000805697 -0.00131266
48.6 0.000856401 -0.00127958
48.72 0.000905711 -0.00124764
48.84 0.000953414 -0.00121699
48.96 0.000999301 -0.00118774
49.08 0.00104317 -0.00115999
49.2 0.00108482 -0.00113381
49.32 0.00112407 -0.00110927
49.44 0.00116075 -0.00108641
49.56 0.00119468 -0.00106525
49.68 0.00122572 -0.0010458
49.8 0.00125374 -0.00102804
49.92 0.0012786 -0.00101196
50.04 0.00130021 -0.0009975
50.16 0.00131847 -0.000984616
50.28 0.00133333 -0.000973235
50.4 0.00134471 -0.000963276
50.52 0.00135261 -0.000954647
50.64 0.00135699 -0.00094725
50.76 0.00135786 -0.000940975
50.88 0.00135526 -0.000935709
51 0.00134922 -0.000931333
51.12 0.00133981 -0.000927724
51.24 0.00132711 -0.000924757
51.36 0.00131121 -0.000922306
51.48 0.00129225 -0.000920247
51.6 0.00127035 -0.000918456
51.72 0.00124566 -0.000916812
51.84 0.00121834 -0.000915199
51.96 0.00118858 -0.000913503
52.08 0.00115657 -0.00091162
52.2 0.0011225 -0.000909448
52.32 0.00108659 -0.000906896
52.44 0.00104906 -0.000903878
52.56 0.00101014 -0.000900317
52.68 0.000970052 -0.000896147
52.8 0.000929038 -0.000891308
52.92 0.000887335 -0.000885749
53.04 0.000845181 -0.000879432
53.16 0.000802813 -0.000872323
53.28 0.000760466 -0.000864402
53.4 0.000718371 -0.000855655
53.52 0.000676751 -0.000846078
53.64 0.000635824 -0.000835674
53.76 0.000595799 -0.000824456
53.88 0.000556873 -0.000812443
54 0.000519234 -0.000799662
54.12 0.000483057 -0.000786146
54.24 0.000448503 -0.000771935
54.36 0.000415717 -0.000757073
54.48 0.000384832 -0.00074161
54.6 0.000355961 -0.0007256
54.72 0.000329203 -0.0007091
54.84 0.000304637 -0.00069217
54.96 0.000282327 -0.000674873
55.08 0.000262316 -0.000657273
55.2 0.000244632 -0.000639437
55.32 0.000229282 -0.000621429
55.44 0.000216257 -0.000603318
55.56 0.000205527 -0.000585168
55.68 0.000197049 -0.000567044
55.8 0.00019076 -0.000549011
55.92 0.000186581 -0.000531131
56.04 0.000184418 -0.000513464
56.16 0.000184162 -0.000496068
56.28 0.00018569 -0.000478999
56.4 0.000188866 -0.000462309
56.52 0.000193543 -0.000446048
56.64 0.000199564 -0.000430263
56.76 0.00020676 -0.000414999
56.88 0.000214956 -0.000400294
57 0.000223971 -0.000386188
57.12 0.000233616 -0.000372712
57.24 0.000243702 -0.0003599
57.36 0.000254035 -0.000347777
57.48 0.00026442 -0.000336369
57.6 0.000274664 -0.000325698
57.72 0.000284574 -0.000315781
57.84 0.000293962 -0.000306636
57.96 0.000302644 -0.000298275
58.08 0.000310441 -0.000290708
58.2 0.000317184 -0.000283946
58.32 0.00032271 -0.000277992
58.44 0.000326867 -0.000272852
58.56 0.000329513 -0.000268528
58.68 0.000330519 -0.000265019
58.8 0.000329768 -0.000262324
58.92 0.000327156 -0.000260439
59.04 0.000322595 -0.000259361
59.16 0.00031601 -0.000259081
59.28 0.000307343 -0.000259593
59.4 0.000296552 -0.000260888
59.52 0.000283609 -0.000262955
59.64 0.000268505 -0.000265782
59.76 0.000251247 -0.000269356
59.88 0.000231858 -0.000273665
60 0.000210376 -0.000278691
60.12 0.000186858 -0.00028442
60.24 0.000161375 -0.000290833
60.36 0.000134013 -0.000297911
60.48 0.000104873 -0.000305634
60.6 7.40703e-05 -0.000313982
60.72 4.17327e-05 -0.000322932
60.84 8.00056e-06 -0.00033246
60.96 -2.69744e-05 -0.000342541
61.08 -6.30304e-05 -0.000353148
61.2 -9.99966e-05 -0.000364255
61.32 -0.000137694 -0.000375831
61.44 -0.000175938 -0.000387848
61.56 -0.000214537 -0.000400272
61.68 -0.000253298 -0.000413073
61.8 -0.000292023 -0.000426215
61.92 -0.000330514 -0.000439662
62.04 -0.000368574 -0.00045338
62.16 -0.000406008 -0.000467329
62.28 -0.000442623 -0.000481472
62.4 -0.000478232 -0.000495768
62.52 -0.000512655 -0.000510177
62.64 -0.000545717 -0.000524657
62.76 -0.000577256 -0.000539168
62.88 -0.000607117 -0.000553665
63 -0.000635158 -0.000568105
63.12 -0.000661251 -0.000582446
63.24 -0.00068528 -0.000596644
63.36 -0.000707145 -0.000610655
63.48 -0.000726764 -0.000624435
63.6 -0.000744068 -0.000637942
63.72 -0.000759008 -0.000651133
63.84 -0.000771553 -0.000663965
63.96 -0.000781691 -0.000676397
64.08 -0.000789427 -0.00068839
64.2 -0.000794789 -0.000699903
64.32 -0.000797821 -0.000710899
64.44 -0.000798588 -0.000721342
64.56 -0.000797173 -0.000731197
64.68 -0.00079368 -0.000740431
64.8 -0.000788228 -0.000749013
64.92 -0.000780958 -0.000756915
65.04 -0.000772025 -0.000764109
65.16 -0.0007616 -0.000770573
65.28 -0.000749871 -0.000776285
65.4 -0.000737038 -0.000781226
65.52 -0.000723316 -0.00078538
65.64 -0.000708929 -0.000788734
65.76 -0.000694112 -0.000791279
65.88 -0.000679109 -0.000793007
66 -0.000664169 -0.000793915
66.12 -0.000649547 -0.000794003
66.24 -0.000635501 -0.000793274
66.36 -0.000622289 -0.000791733
66.48 -0.00061017 -0.000789392
66.6 -0.0005994 -0.000786262
66.72 -0.000590231 -0.000782361
66.84 -0.000582907 -0.000777708
66.96 -0.000577665 -0.000772326
67.08 -0.000574731 -0.000766243
67.2 -0.000574321 -0.000759489
67.32 -0.000576634 -0.000752095
67.44 -0.000581857 -0.000744099
67.56 -0.000590157 -0.00073554
67.68 -0.000601684 -0.000726459
67.8 -0.000616567 -0.000716903
67.92 -0.000634915 -0.000706918
68.04 -0.000656814 -0.000696554
68.16 -0.000682325 -0.000685865
68.28 -0.000711487 -0.000674904
68.4 -0.000744312 -0.000663728
68.52 -0.000780788 -0.000652395
68.64 -0.000820875 -0.000640966
68.76 -0.000864507 -0.000629501
68.88 -0.000911593 -0.000618063
69 -0.000962015 -0.000606713
69.12 -0.00101563 -0.000595517
69.24 -0.00107226 -0.000584538
69.36 -0.00113172 -0.00057384
69.48 -0.00119379 -0.000563486
69.6 -0.00125822 -0.00055354
69.72 -0.00132475 -0.000544063
69.84 -0.0013931 -0.000535118
69.96 -0.00146295 -0.000526765
70.08 -0.00153399 -0.000519061
70.2 -0.00160588 -0.000512063
70.32 -0.00167825 -0.000505825
70.44 -0.00175074 -0.0005004
70.56 -0.00182298 -0.000495837
70.68 -0.00189456 -0.000492181
70.8 -0.0019651 -0.000489477
70.92 -0.0020342 -0.000487765
71.04 -0.00210145 -0.000487081
71.16 -0.00216644 -0.000487457
71.28 -0.00222877 -0.000488924
71.4 -0.00228804 -0.000491505
71.52 -0.00234386 -0.000495222
71.64 -0.00239583 -0.000500092
71.76 -0.00244357 -0.000506127
71.88 -0.00248673 -0.000513336
72 -0.00252494 -0.000521721
72.12 -0.00255786 -0.000531283
72.24 -0.00258519 -0.000542017
72.36 -0.0026066 -0.000553913
72.48 -0.00262183 -0.000566957
72.6 -0.00263062 -0.000581133
72.72 -0.00263272 -0.000596416
72.84 -0.00262792 -0.000612782
72.96 -0.00261606 -0.000630201
73.08 -0.00259696 -0.000648637
73.2 -0.0025705 -0.000668055
73.32 -0.00253659 -0.000688411
73.44 -0.00249515 -0.000709663
73.56 -0.00244615 -0.000731762
73.68 -0.0023896 -0.000754657
73.8 -0.00232551 -0.000778295
73.92 -0.00225395 -0.00080262
74.04 -0.00217502 -0.000827571
74.16 -0.00208884 -0.00085309
74.28 -0.00199558 -0.000879111
74.4 -0.00189543 -0.000905571
74.52 -0.00178863 -0.000932401
74.64 -0.00167544 -0.000959534
74.76 -0.00155614 -0.000986899
74.88 -0.00143108 -0.00101443
75 -0.00130061 -0.00104204
75.12 -0.00116511 -0.00106967
75.24 -0.00102502 -0.00109724
75.36 -0.000880767 -0.00112467
75.48 -0.000732837 -0.0011519
75.6 -0.000581729 -0.00117883
75.72 -0.000427969 -0.00120541
75.84 -0.000272104 -0.00123154
75.96 -0.000114706 -0.00125714
76.08 4.36397e-05 -0.00128215
76.2 0.000202326 -0.00130649
76.32 0.000360735 -0.00133006
76.44 0.000518234 -0.0013528
76.56 0.000674183 -0.00137463
76.68 0.000827933 -0.00139547
76.8 0.000978834 -0.00141523
76.92 0.00112623 -0.00143384
77.04 0.00126948 -0.00145123
77.16 0.00140793 -0.00146731
77.28 0.00154095 -0.00148201
77.4 0.00166792 -0.00149525
77.52 0.00178823 -0.00150696
77.64 0.00190129 -0.00151706
77.76 0.00200655 -0.00152548
77.88 0.00210346 -0.00153214
78 0.00219153 -0.00153699
78.12 0.00227028 -0.00153995
78.24 0.00233929 -0.00154095
78.36 0.00239816 -0.00153994
78.48 0.00244655 -0.00153685
78.6 0.00248417 -0.00153164
78.72 0.00251077 -0.00152424
78.84 0.00252617 -0.00151461
78.96 0.00253024 -0.00150272
79.08 0.00252291 -0.00148851
79.2 0.00250417 -0.00147196
79.32 0.00247408 -0.00145305
79.44 0.00243275 -0.00143174
79.56 0.00238038 -0.00140804
79.68 0.00231723 -0.00138193
79.8 0.00224361 -0.00135342
79.92 0.00215991 -0.00132251
80.04 0.00206658 -0.00128923
80.16 0.00196415 -0.00125361
80.28 0.00185319 -0.00121567
80.4 0.00173435 -0.00117547
80.52 0.00160831 -0.00113306
80.64 0.00147583 -0.00108851
80.76 0.00133771 -0.0010419
80.88 0.00119477 -0.000993309
81 0.00104791 -0.000942839
81.12 0.000898031 -0.000890598
81.24 0.000746067 -0.000836706
81.36 0.000592973 -0.000781292
81.48 0.000439717 -0.000724498
81.6 0.000287268 -0.000666474
81.72 0.000136591 -0.000607383
81.84 -1.13605e-05 -0.000547396
81.96 -0.000155654 -0.000486697
82.08 -0.000295386 -0.000425477
82.2 -0.000429694 -0.000363937
82.32 -0.00055776 -0.000302289
82.44 -0.000678822 -0.000240752
82.56 -0.000792183 -0.000179553
82.68 -0.000897219 -0.00011893
82.8 -0.000993386 -5.91251e-05
82.92 -0.00108023 -3.89675e-07
83.04 -0.00115738 5.7019e-05
83.16 -0.00122459 0.000112837
83.28 -0.0012817 0.000166795
83.4 -0.00132868 0.000218618
83.52 -0.0013656 0.000268027
83.64 -0.00139265 0.000314736
83.76 -0.00141018 0.000358458
83.88 -0.0014186 0.000398899
84 -0.00141851 0.000435765
84.12 -0.0014106 0.000468757
84.24 -0.00139568 0.000497572
84.36 -0.00137468 0.000521907
84.48 -0.00134868 0.000541455
84.6 -0.00131882 0.000555908
84.72 -0.00128637 0.000564954
84.84 -0.0012527 0.000568283
84.96 -0.00121926 0.000565579
85.08 -0.00118757 0.000556529
85.2 -0.00115922 0.000540814
85.32 -0.00113587 0.000518118
85.44 -0.00111921 0.000488123
85.56 -0.00111094 0.000450507
85.68 -0.0011128 0.000404953
85.8 -0.00112651 0.000351139
85.92 -0.00115378 0.000288744
86.04 -0.00119628 0.00021745
86.16 -0.00125564 0.000136937
86.28 -0.0013334 4.68861e-05
86.4 -0.00143104 -5.30175e-05
86.52 -0.00154992 -0.000163087
86.64 -0.0016913 -0.000283633
86.76 -0.00185628 -0.00041496
86.88 -0.00204584 -0.000557367
87 -0.00226079 -0.000711148
87.12 -0.00250174 -0.000876586
87.24 -0.00276915 -0.00105396
87.36 -0.00306323 -0.00124352
87.48 -0.00338402 -0.00144553
87.6 -0.00373132 -0.00166021
87.72 -0.0041047 -0.00188779
87.84 -0.00450351 -0.00212845
87.96 -0.00492686 -0.00238237
88.08 -0.00537361 -0.00264969
88.2 -0.00584239 -0.00293053
88.32 -0.00633159 -0.00322498
88.44 -0.00683936 -0.00353307
88.56 -0.00736365 -0.00385484
88.68 -0.00790216 -0.00419023
88.8 -0.00845239 -0.00453918
88.92 -0.00901166 -0.00490156
89.04 -0.00957709 -0.0052772
89.16 -0.0101456 -0.00566585
89.28 -0.0107141 -0.00606723
89.4 -0.0112792 -0.00648097
89.52 -0.0118375 -0.00690666
89.64 -0.0123854 -0.0073438
89.76 -0.0129195 -0.00779182
89.88 -0.0134361 -0.00825009
90 -0.0139315 -0.00871789
90.12 -0.0144022 -0.0091944
90.24 -0.0148447 -0.00967876
90.36 -0.0152554 -0.01017
90.48 -0.015631 -0.0106671
90.6 -0.0159683 -0.0111688
90.72 -0.016264 -0.011674
90.84 -0.0165154 -0.0121814
90.96 -0.0167197 -0.0126895
91.08 -0.0168745 -0.0131969
91.2 -0.0169776 -0.013702
91.32 -0.017027 -0.0142031
91.44 -0.0170212 -0.0146986
91.56 -0.0169587 -0.0151867
91.68 -0.0168388 -0.0156655
91.8 -0.0166608 -0.016133
91.92 -0.0164244 -0.0165873
92.04 -0.0161298 -0.0170263
92.16 -0.0157776 -0.017448
92.28 -0.0153686 -0.0178503
92.4 -0.0149042 -0.0182309
92.52 -0.0143861 -0.0185877
92.64 -0.0138163 -0.0189186
92.76 -0.0131974 -0.0192213
92.88 -0.0125321 -0.0194938
93 -0.0118238 -0.0197337
93.12 -0.0110758 -0.0199391
93.24 -0.010292 -0.0201077
93.36 -0.00947667 -0.0202377
93.48 -0.00863414 -0.020327
93.6 -0.0077691 -0.0203737
93.72 -0.00688644 -0.0203761
93.84 -0.00599125 -0.0203325
93.96 -0.00508877 -0.0202412
94.08 -0.00418436 -0.0201009
94.2 -0.00328346 -0.0199102
94.32 -0.00239157 -0.0196679
94.44 -0.00151419 -0.0193731
94.56 -0.000656822 -0.0190248
94.68 0.00017513 -0.0186226
94.8 0.00097635 -0.0181658
94.92 0.00174166 -0.0176542
95.04 0.00246607 -0.0170878
95.16 0.0031448 -0.0164666
95.28 0.00377331 -0.0157912
95.4 0.00434737 -0.015062
95.52 0.00486304 -0.0142799
95.64 0.00531675 -0.0134459
95.76 0.00570528 -0.0125614
95.88 0.00602583 -0.0116277
96 0.00627603 -0.0106468
96.12 0.00645392 -0.00962047
96.24 0.00655802 -0.00855102
96.36 0.00658734 -0.00744085
96.48 0.00654135 -0.0062926
96.6 0.00642001 -0.00510913
96.72 0.0062238 -0.00389348
96.84 0.00595367 -0.0026489
96.96 0.00561106 -0.00137881
97.08 0.00519791 -8.68211e-05
97.2 0.00471663 0.00122333
97.32 0.00417007 0.00254775
97.44 0.00356155 0.00388241
97.56 0.0028948 0.00522319
97.68 0.00217394 0.00656585
97.8 0.00140346 0.0079061
97.92 0.000588224 0.00923958
98.04 -0.000266633 0.0105619
98.16 -0.00115568 0.0118686
98.28 -0.00207323 0.0131553
98.4 -0.00301342 0.0144176
98.52 -0.0039702 0.0156511
98.64 -0.00493741 0.0168516
98.76 -0.00590878 0.0180148
98.88 -0.00687801 0.0191366
99 -0.00783881 0.020213
99.12 -0.00878491 0.0212402
99.24 -0.00971012 0.0222145
99.36 -0.0106084 0.0231324
99.48 -0.0114738 0.0239906
99.6 -0.0123006 0.0247859
99.72 -0.0130833 0.0255155
99.84 -0.0138168 0.0261769
99.96 -0.0144961 0.0267676
100.08 -0.0151166 0.0272855
100.2 -0.0156741 0.0277289
100.32 -0.0161648 0.0280963
100.44 -0.0165851 0.0283864
100.56 -0.0169321 0.0285985
100.68 -0.0172031 0.0287318
100.8 -0.0173961 0.0287862
100.92 -0.0175093 0.0287617
101.04 -0.0175415 0.0286588
101.16 -0.0174919 0.0284781
101.28 -0.0173603 0.0282209
101.4 -0.0171469 0.0278883
101.52 -0.0168521 0.0274822
101.64 -0.0164772 0.0270045
101.76 -0.0160236 0.0264575
101.88 -0.0154931 0.0258439
102 -0.0148882 0.0251665
102.12 -0.0142114 0.0244285
102.24 -0.0134657 0.0236333
102.36 -0.0126546 0.0227845
102.48 -0.0117817 0.021886
102.6 -0.0108507 0.0209419
102.72 -0.00986597 0.0199565
102.84 -0.00883171 0.0189341
102.96 -0.00775246 0.0178793
103.08 -0.00663285 0.016797
103.2 -0.00547763 0.0156918
103.32 -0.00429161 0.0145687
103.44 -0.00307965 0.0134326
103.56 -0.0018466 0.0122886
103.68 -0.000597292 0.0111416
103.8 0.000663504 0.00999678
103.92 0.0019311 0.00885897
104.04 0.00320092 0.00773315
104.16 0.00446853 0.00662419
104.28 0.00572966 0.00553686
104.4 0.00698023 0.00447578
104.52 0.00821636 0.00344548
104.64 0.00943439 0.00245031
104.76 0.0106309 0.00149444
104.88 0.0118027 0.000581851
105 0.012947 -0.000283692
105.12 0.0140609 -0.00109865
105.24 0.0151423 -0.00185974
105.36 0.016189 -0.00256391
105.48 0.0171992 -0.00320842
105.6 0.0181713 -0.00379078
105.72 0.019104 -0.0043088
105.84 0.0199964 -0.00476061
105.96 0.0208476 -0.00514462
106.08 0.0216571 -0.00545959
106.2 0.0224245 -0.00570457
106.32 0.0231498 -0.00587894
106.44 0.023833 -0.00598242
106.56 0.0244744 -0.00601504
106.68 0.0250744 -0.00597715
106.8 0.0256334 -0.00586943
106.92 0.0261521 -0.00569287
107.04 0.0266312 -0.00544877
107.16 0.0270716 -0.00513873
107.28 0.0274739 -0.00476464
107.4 0.0278392 -0.0043287
107.52 0.0281682 -0.00383334
107.64 0.0284618 -0.00328128
107.76 0.0287207 -0.00267549
107.88 0.0289457 -0.00201915
108 0.0291375 -0.00131567
108.12 0.0292965 -0.000568668
108.24 0.0294234 0.000218068
108.36 0.0295183 0.00104058
108.48 0.0295815 0.00189475
108.6 0.029613 0.00277636
108.72 0.0296129 0.00368106
108.84 0.0295808 0.00460443
108.96 0.0295164 0.00554196
109.08 0.0294191 0.0064891
109.2 0.0292883 0.0074413
109.32 0.0291231 0.00839398
109.44 0.0289225 0.00934257
109.56 0.0286855 0.0102826
109.68 0.0284107 0.0112095
109.8 0.028097 0.0121189
109.92 0.0277427 0.0130066
110.04 0.0273464 0.0138684
110.16 0.0269065 0.0147002
110.28 0.0264214 0.0154981
110.4 0.0258895 0.0162584
110.52 0.025309 0.0169777
110.64 0.0246784 0.0176524
110.76 0.0239961 0.0182796
110.88 0.0232605 0.0188563
111 0.0224703 0.0193799
111.12 0.0216241 0.0198479
111.24 0.0207207 0.0202584
111.36 0.0197591 0.0206093
111.48 0.0187386 0.0208991
111.6 0.0176583 0.0211266
111.72 0.0165181 0.0212907
111.84 0.0153177 0.0213907
111.96 0.0140571 0.0214261
112.08 0.0127369 0.021397
112.2 0.0113577 0.0213034
112.32 0.00992055 0.0211459
112.44 0.00842668 0.0209252
112.56 0.00687776 0.0206423
112.68 0.0052758 0.0202987
112.8 0.0036231 0.0198959
112.92 0.00192234 0.0194358
113.04 0.000176513 0.0189205
113.16 -0.00161103 0.0183524
113.28 -0.00343662 0.0177342
113.4 -0.00529625 0.0170687
113.52 -0.00718561 0.0163589
113.64 -0.00910009 0.015608
113.76 -0.0110348 0.0148195
113.88 -0.0129846 0.0139968
114 -0.014944 0.0131438
114.12 -0.0169074 0.0122642
114.24 -0.0188691 0.0113619
114.36 -0.0208229 0.010441
114.48 -0.0227627 0.00950546
114.6 -0.0246823 0.00855945
114.72 -0.0265753 0.00760708
114.84 -0.0284353 0.00665248
114.96 -0.0302559 0.00569975
115.08 -0.0320306 0.00475297
115.2 -0.033753 0.00381613
115.32 -0.035417 0.00289318
115.44 -0.0370162 0.00198792
115.56 -0.0385447 0.00110408
115.68 -0.0399966 0.000245221
115.8 -0.0413662 -0.00058524
115.92 -0.0426482 -0.00138406
116.04 -0.0438374 -0.00214818
116.16 -0.0449291 -0.00287474
116.28 -0.0459186 -0.00356111
116.4 -0.0468019 -0.00420489
116.52 -0.0475753 -0.0048039
116.64 -0.0482353 -0.00535623
116.76 -0.0487791 -0.00586022
116.88 -0.0492042 -0.00631448
117 -0.0495085 -0.0067179
117.12 -0.0496905 -0.00706965
117.24 -0.0497492 -0.00736916
117.36 -0.049684 -0.00761618
117.48 -0.0494947 -0.0078107
117.6 -0.0491818 -0.00795303
117.72 -0.0487461 -0.00804374
117.84 -0.0481891 -0.00808367
117.96 -0.0475126 -0.00807394
118.08 -0.0467189 -0.00801593
118.2 -0.0458109 -0.00791126
118.32 -0.0447918 -0.00776181
118.44 -0.0436652 -0.00756967
118.56 -0.0424353 -0.00733717
118.68 -0.0411066 -0.00706681
118.8 -0.0396839 -0.00676131
118.92 -0.0381723 -0.00642355
119.04 -0.0365775 -0.00605655
119.16 -0.0349051 -0.00566348
119.28 -0.0331612 -0.00524764
119.4 -0.031352 -0.00481238
119.52 -0.0294841 -0.00436119
119.64 -0.027564 -0.00389756
119.76 -0.0255985 -0.00342505
119.88 -0.0235944 -0.00294723
120 -0.0215585 -0.00246765
