-0.999 4.0405e-07 1.19015e-06
-0.998 -5.20619e-07 5.12729e-06
-0.997 -4.09524e-06 1.05863e-05
-0.996 -6.16935e-06 1.45545e-05
-0.995 3.03694e-06 1.45381e-05
-0.994 3.39806e-05 1.13143e-05
-0.993 9.0004e-05 1.01623e-05
-0.992 0.000161281 1.93366e-05
-0.991 0.000224562 4.60127e-05
-0.99 0.000250429 9.15654e-05
-0.989 0.000216898 0.000149056
-0.988 0.000124812 0.000205135
-0.987 6.61845e-06 0.00024604
-0.986 -8.01609e-05 0.000264655
-0.985 -7.63406e-05 0.000264623
-0.984 4.86157e-05 0.000258777
-0.983 0.000275361 0.00026182
-0.982 0.000533838 0.000280367
-0.981 0.000724576 0.000305544
-0.98 0.000756848 0.000313088
-0.979 0.000593437 0.000272444
-0.978 0.000284506 0.000161147
-0.977 -3.19679e-05 -2.2575e-05
-0.976 -0.000176008 -0.000255046
-0.975 -3.45227e-06 -0.000492496
-0.974 0.000522239 -0.000685385
-0.973 0.00129994 -0.000797591
-0.972 0.00211497 -0.000822414
-0.971 0.00270906 -0.000785109
-0.97 0.00287741 -0.000727053
-0.969 0.00256167 -0.000679112
-0.968 0.00189484 -0.000640929
-0.967 0.00116015 -0.000579094
-0.966 0.000669002 -0.000443976
-0.965 0.000616254 -0.000195143
-0.964 0.000987159 0.000174227
-0.963 0.00155359 0.000619655
-0.962 0.00195254 0.00104272
-0.961 0.00182373 0.00131492
-0.96 0.000972846 0.00132815
-0.959 -0.000503379 0.00104895
-0.958 -0.00221189 0.000542924
-0.957 -0.00361273 -4.77559e-05
-0.956 -0.00425755 -0.000561151
-0.955 -0.00398383 -0.000876949
-0.954 -0.0029677 -0.000959617
-0.953 -0.00163677 -0.000874764
-0.952 -0.000499537 -0.000771927
-0.951 6.13502e-05 -0.00082598
-0.95 -1.88364e-05 -0.00114788
-0.949 -0.000404137 -0.00170536
-0.948 -0.000479395 -0.00230222
-0.947 0.000338007 -0.00263726
-0.946 0.00226045 -0.00241938
-0.945 0.00497156 -0.00148771
-0.944 0.0077288 0.000109468
-0.943 0.00964884 0.00210319
-0.942 0.0100443 0.00407047
-0.941 0.00871325 0.00557038
-0.94 0.00608892 0.00630706
-0.939 0.00314416 0.00625251
-0.938 0.00101026 0.00566971
-0.937 0.000445075 0.00501657
-0.936 0.00143015 0.00476377
-0.935 0.00313202 0.00519637
-0.934 0.00424828 0.00627448
-0.933 0.00357082 0.0076123
-0.932 0.000547994 0.00860094
-0.931 -0.00435515 0.00864054
-0.93 -0.00967297 0.00738923
-0.929 -0.0134122 0.00492431
-0.928 -0.0138586 0.00174894
-0.927 -0.0103734 -0.0013601
-0.926 -0.00377902 -0.00360958
-0.925 0.0038705 -0.0044674
-0.924 0.0100289 -0.00386969
-0.923 0.0126231 -0.00226783
-0.922 0.010917 -0.000466969
-0.921 0.00593732 0.000694324
-0.92 0.000197747 0.000683703
-0.919 -0.00328073 -0.000516297
-0.918 -0.00229142 -0.0024111
-0.917 0.00349848 -0.00418607
-0.916 0.0122708 -0.00499867
-0.915 0.020689 -0.00428359
-0.914 0.0251545 -0.00199407
-0.913 0.0232225 0.00131959
-0.912 0.0146988 0.00466859
-0.911 0.00195861 0.00698496
-0.91 -0.0107764 0.00752901
-0.909 -0.0190337 0.00615969
-0.908 -0.0199327 0.00335649
-0.907 -0.0134465 2.1178e-05
-0.906 -0.00248872 -0.0028254
-0.905 0.00820602 -0.00436032
-0.904 0.0139231 -0.00422931
-0.903 0.0118351 -0.00268233
-0.902 0.0022105 -0.000487946
-0.901 -0.0115577 0.00137116
-0.9 -0.0242087 0.00210385
-0.899 -0.0307107 0.001429
-0.898 -0.0283629 -0.000341513
-0.897 -0.0180027 -0.00245568
-0.896 -0.00376456 -0.00400017
-0.895 0.00853121 -0.00420879
-0.894 0.0137131 -0.00273311
-0.893 0.00939269 0.00020981
-0.892 -0.00298579 0.00388533
-0.891 -0.0186711 0.00728936
-0.89 -0.0315001 0.00951627
-0.889 -0.0363666 0.0100886
-0.888 -0.031274 0.00909482
-0.887 -0.0181586 0.00709819
-0.886 -0.00213595 0.00489001
-0.885 0.010554 0.00318701
-0.884 0.0151072 0.00238122
-0.883 0.0101746 0.00244138
-0.882 -0.00157938 0.00298884
-0.881 -0.0146644 0.00349103
-0.88 -0.0231386 0.0034923
-0.879 -0.0231045 0.00279715
-0.878 -0.0143111 0.00153511
-0.877 -0.000243984 8.86552e-05
-0.876 0.0133295 -0.0010893
-0.875 0.0207841 -0.00170119
-0.874 0.0190472 -0.00174443
-0.873 0.00895173 -0.0014571
-0.872 -0.00512004 -0.00111677
-0.871 -0.0171521 -0.000854853
-0.87 -0.0220917 -0.000600735
-0.869 -0.018024 -0.000152043
-0.868 -0.00704581 0.000705126
-0.867 0.00557662 0.00209004
-0.866 0.0137004 0.00393454
-0.865 0.0130749 0.00590654
-0.864 0.00329402 0.00744609
-0.863 -0.0120255 0.0079997
-0.862 -0.0269006 0.00735191
-0.861 -0.0356174 0.00581818
-0.86 -0.0351712 0.00414845
-0.859 -0.0266274 0.0031947
-0.858 -0.0149024 0.00353967
-0.857 -0.00683279 0.00526025
-0.856 -0.00807275 0.00785674
-0.855 -0.0201805 0.0103182
-0.854 -0.0394999 0.0113643
-0.853 -0.0585931 0.00989453
-0.852 -0.0694989 0.00550268
-0.851 -0.0671136 -0.001213
-0.85 -0.0512433 -0.00874608
-0.849 -0.0267895 -0.0151758
-0.848 -0.00212882 -0.0188332
-0.847 0.0140062 -0.0188552
-0.846 0.016266 -0.0154661
-0.845 0.00537928 -0.009935
-0.844 -0.011871 -0.00418665
-0.843 -0.0257151 -0.000119985
-0.842 -0.0279706 0.00114811
-0.841 -0.0157619 -0.000195694
-0.84 0.0071759 -0.00262938
-0.839 0.0317805 -0.00381496
-0.838 0.046919 -0.00148132
-0.837 0.0437183 0.00565707
-0.836 0.0195656 0.0172558
-0.835 -0.0201122 0.0312126
-0.834 -0.0636009 0.0441735
-0.833 -0.0976573 0.0525514
-0.832 -0.112959 0.0537006
-0.831 -0.107676 0.0468332
-0.83 -0.0878776 0.0333609
-0.829 -0.0649414 0.0165287
-0.828 -0.0509406 0.000427152
-0.827 -0.053481 -0.0113518
-0.826 -0.0720343 -0.0169806
-0.825 -0.0977446 -0.0170559
-0.824 -0.1172 -0.0143067
-0.823 -0.118418 -0.0124599
-0.822 -0.0960907 -0.0147647
-0.821 -0.0538739 -0.0227287
-0.82 -0.00320036 -0.035434
-0.819 0.0407524 -0.049606
-0.818 0.0647259 -0.0605007
-0.817 0.062812 -0.0635081
-0.816 0.039197 -0.055993
-0.815 0.00642239 -0.0385463
-0.814 -0.0203192 -0.0149859
-0.813 -0.0299232 0.00888294
-0.812 -0.0198283 0.0271355
-0.811 0.00339865 0.0355178
-0.81 0.0269651 0.032725
-0.809 0.0369931 0.0209124
-0.808 0.024362 0.00515907
-0.807 -0.0107945 -0.00823498
-0.806 -0.0582398 -0.0141334
-0.805 -0.10155 -0.0105543
-0.804 -0.125258 0.000692369
-0.803 -0.121567 0.0148817
-0.802 -0.0933917 0.0261704
-0.801 -0.0528329 0.0295977
-0.8 -0.0162731 0.0228444
-0.799 0.00198316 0.00735553
-0.798 -0.00456522 -0.0117388
-0.797 -0.0316558 -0.0272522
-0.796 -0.0657258 -0.0326382
-0.795 -0.0897676 -0.0245342
-0.794 -0.091059 -0.00401341
-0.793 -0.0669353 0.0237852
-0.792 -0.0259683 0.0512617
-0.791 0.015594 0.0706614
-0.79 0.0404393 0.0765929
-0.789 0.0373659 0.0680218
-0.788 0.00630966 0.0487916
-0.787 -0.0410268 0.0262069
-0.786 -0.0856838 0.00823056
-0.785 -0.109449 0.000563329
-0.784 -0.10268 0.00474078
-0.783 -0.0683211 0.0177208
-0.782 -0.0206407 0.0329326
-0.781 0.0204738 0.0425941
-0.78 0.0375517 0.0407499
-0.779 0.0230092 0.0258416
-0.778 -0.0171134 0.00150355
-0.777 -0.0652759 -0.0248268
-0.776 -0.0999954 -0.0447051
-0.775 -0.105445 -0.0516136
-0.774 -0.0784316 -0.0431168
-0.773 -0.0297109 -0.0218134
-0.772 0.0203642 0.00525858
-0.771 0.0498704 0.0289969
-0.77 0.0442827 0.0417674
-0.769 0.0031157 0.0404152
-0.768 -0.0589333 0.0271708
-0.767 -0.117655 0.00823996
-0.766 -0.149748 -0.00883179
-0.765 -0.143039 -0.017784
-0.764 -0.101532 -0.0156621
-0.763 -0.0433952 -0.00397471
-0.762 0.00655869 0.011579
-0.761 0.0268025 0.0233204
-0.76 0.00804549 0.0250442
-0.759 -0.0422633 0.0147817
-0.758 -0.102376 -0.00469614
-0.757 -0.145319 -0.0275198
-0.756 -0.150736 -0.0471632
-0.755 -0.113833 -0.058546
-0.754 -0.0473402 -0.0595177
-0.753 0.0238252 -0.0516535
-0.752 0.0725168 -0.0398134
-0.751 0.0802347 -0.0300367
-0.75 0.0450658 -0.0265993
-0.749 -0.0167686 -0.0300329
-0.748 -0.0771845 -0.0372397
-0.747 -0.108109 -0.0432618
-0.746 -0.0935796 -0.0434551
-0.745 -0.0364745 -0.0352011
-0.744 0.0427734 -0.0189006
-0.743 0.114372 0.00196796
-0.742 0.150917 0.0220901
-0.741 0.138515 0.0366783
-0.74 0.0829718 0.0437603
-0.739 0.0078691 0.0450025
-0.738 -0.0552838 0.0447192
-0.737 -0.0805115 0.0478284
-0.736 -0.058192 0.0576999
-0.735 0.00126604 0.0745083
-0.734 0.0717218 0.0946334
-0.733 0.121529 0.111695
-0.732 0.126159 0.119236
-0.731 0.0787117 0.113889
-0.73 -0.00636768 0.0971938
-0.729 -0.09887 0.0750734
-0.728 -0.165538 0.0554808
-0.727 -0.183739 0.0454482
-0.726 -0.149921 0.0484103
-0.725 -0.0801927 0.0624208
-0.724 -0.00384765 0.0801423
-0.723 0.0478554 0.0913366
-0.722 0.0542948 0.0873124
-0.721 0.01467 0.0651846
-0.72 -0.0511097 0.0295273
-0.719 -0.111262 -0.00938753
-0.718 -0.136441 -0.0395763
-0.717 -0.112045 -0.0517349
-0.716 -0.0432581 -0.0427434
-0.715 0.047696 -0.0173665
-0.714 0.129885 0.0127675
-0.713 0.175033 0.0332598
-0.712 0.168776 0.0329087
-0.711 0.117187 0.00883008
-0.71 0.0443996 -0.0319225
-0.709 -0.018506 -0.0749715
-0.708 -0.0475085 -0.10407
-0.707 -0.0351267 -0.107183
-0.706 0.00814392 -0.0811662
-0.705 0.0592083 -0.0334421
-0.704 0.0916444 0.0202528
-0.703 0.0862089 0.0615706
-0.702 0.0393934 0.0766269
-0.701 -0.0340856 0.0614785
-0.7 -0.10739 0.0236724
-0.699 -0.15376 -0.0206563
-0.698 -0.158027 -0.0529302
-0.697 -0.12173 -0.0593298
-0.696 -0.0609161 -0.0363977
-0.695 0.0009061 0.00732296
-0.694 0.0419367 0.0544815
-0.693 0.0509289 0.0856613
-0.692 0.0323649 0.0868807
-0.691 0.00445069 0.0549428
-0.69 -0.0102446 -0.0011877
-0.689 0.00371019 -0.0633076
-0.688 0.0478303 -0.110332
-0.687 0.110287 -0.126126
-0.686 0.171462 -0.105809
-0.685 0.211222 -0.0576204
-0.684 0.216323 0.000574712
-0.683 0.186473 0.0484884
-0.682 0.135857 0.0711641
-0.681 0.0871348 0.064293
-0.68 0.0599234 0.0354253
-0.679 0.0610956 0.000910796
-0.678 0.0831146 -0.0204548
-0.677 0.109781 -0.0149847
-0.676 0.124202 0.0201744
-0.675 0.115185 0.0757586
-0.674 0.0815474 0.134113
-0.673 0.0341233 0.17623
-0.672 -0.00677544 0.189124
-0.671 -0.0201235 0.170619
-0.67 0.00447478 0.129851
-0.669 0.0605582 0.0835059
-0.668 0.128085 0.0492483
-0.667 0.183199 0.0388756
-0.666 0.207974 0.0539825
-0.665 0.196134 0.0857969
-0.664 0.154511 0.119008
-0.663 0.100894 0.138004
-0.662 0.0577064 0.133152
-0.661 0.0420994 0.1046
-0.66 0.0570811 0.0619288
-0.659 0.089654 0.0197786
-0.658 0.117432 -0.00860212
-0.657 0.119427 -0.0168742
-0.656 0.0851989 -0.007727
-0.655 0.0191339 0.00889103
-0.654 -0.0605702 0.0201797
-0.653 -0.127832 0.0157671
-0.652 -0.158591 -0.00791487
-0.651 -0.14121 -0.0458727
-0.65 -0.0817357 -0.0864233
-0.649 -0.000756533 -0.116228
-0.648 0.075875 -0.126299
-0.647 0.127117 -0.115884
-0.646 0.143694 -0.0922015
-0.645 0.130789 -0.0665563
-0.644 0.106214 -0.0491616
-0.643 0.0933204 -0.044924
-0.642 0.109914 -0.0515704
-0.641 0.158691 -0.060668
-0.64 0.225695 -0.0613075
-0.639 0.287786 -0.0452882
-0.638 0.323554 -0.0116297
-0.637 0.321198 0.0320783
-0.636 0.281283 0.0725473
-0.635 0.216117 0.0964983
-0.634 0.1467 0.0964048
-0.633 0.0957939 0.0737848
-0.632 0.0777937 0.0388045
-0.631 0.0912562 0.00640992
-0.63 0.120314 -0.00953674
-0.629 0.144496 -0.0019034
-0.628 0.149656 0.0265892
-0.627 0.132971 0.0642884
-0.626 0.101229 0.0953556
-0.625 0.0666175 0.106371
-0.624 0.0427732 0.0921364
-0.623 0.0401112 0.0583099
-0.622 0.0603816 0.0195562
-0.621 0.0943505 -0.00635959
-0.62 0.126263 -0.0061443
-0.619 0.143213 0.0231273
-0.618 0.142732 0.0724345
-0.617 0.133181 0.124126
-0.616 0.127829 0.158528
-0.615 0.137914 0.161211
-0.614 0.168241 0.128467
-0.613 0.215294 0.0691218
-0.612 0.267763 0.00171399
-0.611 0.310575 -0.0523649
-0.61 0.331964 -0.0772056
-0.609 0.330004 -0.068509
-0.608 0.3141 -0.0347064
-0.607 0.299874 0.00718535
-0.606 0.300708 0.0387634
-0.605 0.320971 0.0473976
-0.604 0.353335 0.0308672
-0.603 0.380388 -0.00186953
-0.602 0.380822 -0.0340168
-0.601 0.339118 -0.0474891
-0.6 0.254418 -0.0304239
-0.599 0.143194 0.017497
-0.598 0.0333346 0.0844615
-0.597 -0.0474519 0.151012
-0.596 -0.0824039 0.197524
-0.595 -0.0709624 0.211357
-0.594 -0.0283628 0.190809
-0.593 0.0194271 0.144721
-0.592 0.0455076 0.0884191
-0.591 0.0345158 0.0377793
-0.59 -0.00834071 0.00345893
-0.589 -0.0579547 -0.0126939
-0.588 -0.0808606 -0.0175978
-0.587 -0.0516646 -0.0231199
-0.586 0.0350569 -0.0400526
-0.585 0.162657 -0.072746
-0.584 0.298434 -0.117073
-0.583 0.404126 -0.162471
-0.582 0.44885 -0.196528
-0.581 0.421639 -0.209686
-0.58 0.338064 -0.19826
-0.579 0.235628 -0.164999
-0.578 0.157764 -0.117363
-0.577 0.133965 -0.0643063
-0.576 0.167253 -0.012806
-0.575 0.234958 0.0343125
-0.574 0.30005 0.0780786
-0.573 0.326546 0.120823
-0.572 0.293807 0.163082
-0.571 0.205745 0.201896
-0.57 0.0914393 0.231456
-0.569 -0.00492818 0.245748
-0.568 -0.0427181 0.24176
-0.567 -0.00398385 0.221443
-0.566 0.0974396 0.191373
-0.565 0.221931 0.160153
-0.564 0.321233 0.134676
-0.563 0.358151 0.116992
-0.562 0.320875 0.103305
-0.561 0.227132 0.0856494
-0.56 0.117023 0.0557047
-0.559 0.0368747 0.00953362
-0.558 0.0195919 -0.0487515
-0.557 0.0697251 -0.106611
-0.556 0.161072 -0.146994
-0.555 0.248669 -0.155231
-0.554 0.289327 -0.125689
-0.553 0.261092 -0.0648868
-0.552 0.173185 0.0103558
-0.551 0.0623927 0.0786425
-0.55 -0.0222657 0.121308
-0.549 -0.0402118 0.129044
-0.548 0.0227895 0.105657
-0.547 0.147107 0.0669792
-0.546 0.286437 0.0345452
-0.545 0.387435 0.0263093
-0.544 0.412971 0.0485981
-0.543 0.358364 0.0931082
-0.542 0.253476 0.140179
-0.541 0.149892 0.166617
-0.54 0.0989246 0.15489
-0.539 0.129401 0.100494
-0.538 0.233807 0.0147542
-0.537 0.369055 -0.0784558
-0.536 0.473451 -0.151084
-0.535 0.493731 -0.181062
-0.534 0.409731 -0.160215
-0.533 0.244611 -0.0969912
-0.532 0.0557823 -0.0130696
-0.531 -0.0887702 0.06494
-0.53 -0.13791 0.115749
-0.529 -0.0780875 0.131479
-0.528 0.0591899 0.119831
-0.527 0.20679 0.0993262
-0.526 0.287825 0.0903616
-0.525 0.249367 0.10657
-0.524 0.0882668 0.149631
-0.523 -0.144953 0.208516
-0.522 -0.366825 0.263088
-0.521 -0.495395 0.291529
-0.52 -0.482 0.279487
-0.519 -0.329058 0.226755
-0.518 -0.0902917 0.147315
-0.517 0.147 0.0624688
-0.516 0.295106 -0.00851946
-0.515 0.304088 -0.0549303
-0.514 0.186704 -0.0762023
-0.513 0.0145432 -0.0799608
-0.512 -0.114461 -0.078089
-0.511 -0.119599 -0.081331
-0.51 0.0296401 -0.0935233
-0.509 0.302217 -0.108681
-0.508 0.615224 -0.114078
-0.507 0.860901 -0.0982702
-0.506 0.946155 -0.058532
-0.505 0.83252 -0.00256577
-0.504 0.556737 0.0556912
-0.503 0.217059 0.102364
-0.502 -0.0698771 0.128691
-0.501 -0.217908 0.134047
-0.5 -0.201978 0.126814
-0.499 -0.0622712 0.121664
-0.498 0.113303 0.132417
-0.497 0.221803 0.163486
-0.496 0.18678 0.205818
-0.495 -0.00493367 0.240743
-0.494 -0.291408 0.249228
-0.493 -0.560426 0.220754
-0.492 -0.699708 0.157957
-0.491 -0.644615 0.0765567
-0.49 -0.400968 0.00115818
-0.489 -0.0397777 -0.0430971
-0.488 0.327731 -0.0414239
-0.487 0.587424 0.00234956
-0.486 0.664796 0.0660024
-0.485 0.557492 0.118466
-0.484 0.337911 0.133209
-0.483 0.11922 0.0985304
-0.482 0.00269131 0.0215446
-0.481 0.0359425 -0.0737819
-0.48 0.199477 -0.153918
-0.479 0.418898 -0.187906
-0.478 0.592831 -0.160871
-0.477 0.630424 -0.0817371
-0.476 0.4908 0.0203845
-0.475 0.207195 0.109383
-0.474 -0.12287 0.157014
-0.473 -0.381206 0.152447
-0.472 -0.481734 0.104821
-0.471 -0.403039 0.0401215
-0.47 -0.190038 -0.00730074
-0.469 0.0665799 -0.00809105
-0.468 0.262104 0.0483818
-0.467 0.31567 0.147959
-0.466 0.205598 0.257933
-0.465 -0.0165287 0.341789
-0.464 -0.248239 0.373503
-0.463 -0.38653 0.345242
-0.462 -0.376058 0.26831
-0.461 -0.228715 0.169244
-0.46 -0.0118188 0.081326
-0.459 0.180723 0.0320206
-0.458 0.262309 0.0312111
-0.457 0.18782 0.0675617
-0.456 -0.0211945 0.115885
-0.455 -0.27784 0.150371
-0.454 -0.466485 0.155292
-0.453 -0.498004 0.128946
-0.452 -0.350727 0.0821752
-0.451 -0.0755967 0.033922
-0.45 0.229824 0.00421697
-0.449 0.4596 0.00537568
-0.448 0.536382 0.03557
-0.447 0.441136 0.0797796
-0.446 0.226048 0.118261
-0.445 -0.00271997 0.136639
-0.444 -0.132563 0.131116
-0.443 -0.0990592 0.107314
-0.442 0.0840448 0.0758365
-0.441 0.334293 0.0475032
-0.44 0.538662 0.0289165
-0.439 0.598744 0.0191059
-0.438 0.467997 0.00989012
-0.437 0.173407 -0.0084318
-0.436 -0.187341 -0.039027
-0.435 -0.480063 -0.0741612
-0.434 -0.590583 -0.0980641
-0.433 -0.476305 -0.0948304
-0.432 -0.185041 -0.0560806
-0.431 0.167056 0.014982
-0.43 0.443693 0.1034
-0.429 0.539834 0.186079
-0.428 0.419759 0.239625
-0.427 0.132074 0.25065
-0.426 -0.205841 0.22323
-0.425 -0.453862 0.178054
-0.424 -0.509234 0.142856
-0.423 -0.352448 0.13949
-0.422 -0.0558379 0.174372
-0.421 0.248081 0.235544
-0.42 0.421384 0.296059
-0.419 0.374868 0.322876
-0.418 0.103637 0.289889
-0.417 -0.306671 0.190637
-0.416 -0.707894 0.0439816
-0.415 -0.945092 -0.111467
-0.414 -0.91895 -0.23199
-0.413 -0.627404 -0.285332
-0.412 -0.167051 -0.262076
-0.411 0.305915 -0.178441
-0.41 0.636475 -0.0705159
-0.409 0.728054 0.018672
-0.408 0.576762 0.055844
-0.407 0.271445 0.0313939
-0.406 -0.041885 -0.0362629
-0.405 -0.219252 -0.108329
-0.404 -0.178412 -0.141674
-0.403 0.0660113 -0.106159
-0.402 0.408065 0.00359385
-0.401 0.694735 0.165788
-0.4 0.78858 0.338892
-0.399 0.622363 0.476667
-0.398 0.225851 0.545535
-0.397 -0.284177 0.537055
-0.396 -0.746974 0.470105
-0.395 -1.01766 0.382369
-0.394 -1.02143 0.314974
-0.393 -0.781073 0.296334
-0.392 -0.405323 0.331404
-0.391 -0.0420227 0.400531
-0.39 0.182297 0.468188
-0.389 0.210121 0.497843
-0.388 0.0702014 0.466587
-0.387 -0.139694 0.373474
-0.386 -0.29543 0.239049
-0.385 -0.297398 0.0972954
-0.384 -0.111641 -0.0168943
-0.383 0.214534 -0.0804132
-0.382 0.571341 -0.0896346
-0.381 0.833061 -0.0595416
-0.38 0.910065 -0.0150095
-0.379 0.782453 0.0209657
-0.378 0.503177 0.0362302
-0.377 0.173357 0.0322364
-0.376 -0.097564 0.0210128
-0.375 -0.232196 0.0186599
-0.374 -0.213554 0.0375462
-0.373 -0.0901106 0.0797332
-0.372 0.0478309 0.134972
-0.371 0.110993 0.185142
-0.37 0.0512924 0.213072
-0.369 -0.120032 0.210558
-0.368 -0.341561 0.181149
-0.367 -0.529689 0.137111
-0.366 -0.612101 0.0932786
-0.365 -0.556002 0.060893
-0.364 -0.382822 0.043325
-0.363 -0.161472 0.0350276
-0.362 0.0210047 0.0247048
-0.361 0.0987033 0.00208161
-0.36 0.0553786 -0.0348352
-0.359 -0.0714393 -0.0762269
-0.358 -0.209455 -0.103089
-0.357 -0.282212 -0.0949215
-0.356 -0.2394 -0.0389208
-0.355 -0.0784151 0.0631664
-0.354 0.150705 0.19329
-0.353 0.363035 0.321531
-0.352 0.474921 0.415559
-0.351 0.441466 0.451842
-0.35 0.276022 0.424322
-0.349 0.0434631 0.346913
-0.348 -0.166677 0.248532
-0.347 -0.274361 0.162371
-0.346 -0.239472 0.113226
-0.345 -0.0796788 0.107731
-0.344 0.13322 0.131878
-0.343 0.302018 0.157459
-0.342 0.347231 0.154715
-0.341 0.242984 0.105665
-0.34 0.0279428 0.0129343
-0.339 -0.211262 -0.0987825
-0.338 -0.37364 -0.189245
-0.337 -0.381095 -0.215756
-0.336 -0.208975 -0.148951
-0.335 0.0997553 0.0147733
-0.334 0.446238 0.249957
-0.333 0.713643 0.50971
-0.332 0.814878 0.740692
-0.331 0.725722 0.89929
-0.33 0.489202 0.964014
-0.329 0.194658 0.941076
-0.328 -0.0560029 0.861049
-0.327 -0.183913 0.766492
-0.326 -0.162207 0.694699
-0.325 -0.0277815 0.663065
-0.324 0.133691 0.663596
-0.323 0.226295 0.667959
-0.322 0.186053 0.639358
-0.321 0.004712 0.546382
-0.32 -0.271536 0.375708
-0.319 -0.560273 0.140563
-0.318 -0.769001 -0.119773
-0.317 -0.825104 -0.351703
-0.316 -0.703345 -0.505844
-0.315 -0.437896 -0.553424
-0.314 -0.108429 -0.494033
-0.313 0.193783 -0.354138
-0.312 0.399069 -0.179223
-0.311 0.476054 -0.0214018
-0.31 0.433265 0.0766779
-0.309 0.31378 0.0971605
-0.308 0.183074 0.0531926
-0.307 0.106041 -0.0185934
-0.306 0.119269 -0.0746905
-0.305 0.215713 -0.0811693
-0.304 0.353046 -0.0241425
-0.303 0.47723 0.086255
-0.302 0.542473 0.217778
-0.301 0.520134 0.325375
-0.3 0.404231 0.368167
-0.299 0.218075 0.327687
-0.298 0.0128034 0.216777
-0.297 -0.150997 0.0741637
-0.296 -0.230171 -0.0505037
-0.295 -0.214682 -0.11291
-0.294 -0.123177 -0.0871783
-0.293 0.010708 0.0253778
-0.292 0.146861 0.194283
-0.291 0.242978 0.36872
-0.29 0.265261 0.496647
-0.289 0.204696 0.545202
-0.288 0.0836926 0.511206
-0.287 -0.0558873 0.418442
-0.286 -0.172743 0.306853
-0.285 -0.237344 0.219282
-0.284 -0.231772 0.187859
-0.283 -0.149808 0.22211
-0.282 -0.00380552 0.304141
-0.281 0.171277 0.396036
-0.28 0.328868 0.457354
-0.279 0.431939 0.462563
-0.278 0.466839 0.409215
-0.277 0.44206 0.316376
-0.276 0.380647 0.217709
-0.275 0.315223 0.151153
-0.274 0.28237 0.145414
-0.273 0.308981 0.207351
-0.272 0.394258 0.317737
-0.271 0.502483 0.439508
-0.27 0.576438 0.533837
-0.269 0.562919 0.574026
-0.268 0.433211 0.551508
-0.267 0.191635 0.475916
-0.266 -0.123926 0.371736
-0.265 -0.448331 0.270172
-0.264 -0.706061 0.19653
-0.263 -0.837136 0.159538
-0.262 -0.820363 0.149987
-0.261 -0.680013 0.149281
-0.26 -0.472153 0.140793
-0.259 -0.260546 0.116458
-0.258 -0.0946797 0.0778128
-0.257 0.00503525 0.0352396
-0.256 0.0529372 0.00554125
-0.255 0.0900565 0.00459738
-0.254 0.162409 0.0370833
-0.253 0.296344 0.0915132
-0.252 0.484413 0.145903
-0.251 0.687409 0.179894
-0.25 0.848848 0.18379
-0.249 0.914447 0.159397
-0.248 0.851363 0.116241
-0.247 0.663222 0.0682076
-0.246 0.39313 0.0294087
-0.245 0.108262 0.00647414
-0.244 -0.127022 -0.00833349
-0.243 -0.272959 -0.0348413
-0.242 -0.321434 -0.0921396
-0.241 -0.291373 -0.184128
-0.24 -0.218757 -0.294357
-0.239 -0.142849 -0.392282
-0.238 -0.0886998 -0.44385
-0.237 -0.0529098 -0.420799
-0.236 -0.00548216 -0.30989
-0.235 0.0892968 -0.122165
-0.234 0.248403 0.104943
-0.233 0.45973 0.319341
-0.232 0.687164 0.476104
-0.231 0.880992 0.556355
-0.23 0.989015 0.572203
-0.229 0.972372 0.558187
-0.228 0.825554 0.55718
-0.227 0.586434 0.605145
-0.226 0.321522 0.715071
-0.225 0.0932091 0.865389
-0.224 -0.0658727 1.00291
-0.223 -0.156346 1.06354
-0.222 -0.201704 1.00098
-0.221 -0.237666 0.807549
-0.22 -0.301423 0.517533
-0.219 -0.41352 0.195986
-0.218 -0.557538 -0.08004
-0.217 -0.678241 -0.244926
-0.216 -0.70963 -0.269272
-0.215 -0.614242 -0.17485
-0.214 -0.402618 -0.0276638
-0.213 -0.124101 0.0904115
-0.212 0.154211 0.116744
-0.211 0.365112 0.0320777
-0.21 0.457554 -0.13463
-0.209 0.417272 -0.317481
-0.208 0.281555 -0.43549
-0.207 0.127946 -0.422167
-0.206 0.0351107 -0.25548
-0.205 0.0429284 0.0270549
-0.204 0.139956 0.339755
-0.203 0.27865 0.58265
-0.202 0.398935 0.680502
-0.201 0.447939 0.608978
-0.2 0.398036 0.400354
-0.199 0.263395 0.131368
-0.198 0.102049 -0.102226
-0.197 -0.00846044 -0.220009
-0.196 -0.0114727 -0.189408
-0.195 0.100027 -0.0400872
-0.194 0.283024 0.149113
-0.193 0.465104 0.284437
-0.192 0.570257 0.295578
-0.191 0.543178 0.161825
-0.19 0.371161 -0.0811963
-0.189 0.0953529 -0.353328
-0.188 -0.201497 -0.556989
-0.187 -0.430154 -0.613327
-0.186 -0.532446 -0.493986
-0.185 -0.499622 -0.232843
-0.184 -0.367567 0.0884515
-0.183 -0.198882 0.373217
-0.182 -0.0600287 0.545141
-0.181 0.00437929 0.572846
-0.18 -0.00602947 0.477549
-0.179 -0.0432906 0.323342
-0.178 -0.0345009 0.192187
-0.177 0.0793551 0.150563
-0.176 0.313382 0.221627
-0.175 0.631139 0.37655
-0.174 0.955942 0.548592
-0.173 1.19306 0.661542
-0.172 1.25931 0.659095
-0.171 1.11555 0.524595
-0.17 0.788105 0.286701
-0.169 0.362136 0.0102962
-0.168 -0.0537251 -0.22581
-0.167 -0.370592 -0.357875
-0.166 -0.547738 -0.360607
-0.165 -0.599215 -0.253657
-0.164 -0.582927 -0.0890097
-0.163 -0.57599 0.0728224
-0.162 -0.640134 0.185815
-0.161 -0.788934 0.232177
-0.16 -0.975639 0.224755
-0.159 -1.11221 0.199374
-0.158 -1.1093 0.198863
-0.157 -0.915034 0.253079
-0.156 -0.537197 0.363564
-0.155 -0.0456507 0.501411
-0.154 0.445068 0.619975
-0.153 0.811725 0.675057
-0.152 0.967085 0.641388
-0.151 0.892986 0.518829
-0.15 0.643845 0.329448
-0.149 0.320559 0.109425
-0.148 0.0312931 -0.102277
-0.147 -0.144205 -0.276786
-0.146 -0.179079 -0.404727
-0.145 -0.10735 -0.495948
-0.144 -0.00865452 -0.568597
-0.143 0.0291861 -0.634912
-0.142 -0.0470028 -0.693706
-0.141 -0.231146 -0.732935
-0.14 -0.462727 -0.737245
-0.139 -0.652362 -0.694473
-0.138 -0.713086 -0.600104
-0.137 -0.590154 -0.460961
-0.136 -0.285551 -0.296347
-0.135 0.133665 -0.132801
-0.134 0.554907 0.00704486
-0.133 0.862985 0.114175
-0.132 0.983486 0.193925
-0.131 0.904309 0.258357
-0.13 0.67145 0.317788
-0.129 0.369476 0.376793
-0.128 0.0946825 0.433542
-0.127 -0.0773182 0.479731
-0.126 -0.121606 0.502335
-0.125 -0.0737975 0.489976
-0.124 -0.00893336 0.441675
-0.123 -0.0012692 0.370628
-0.122 -0.0901623 0.298703
-0.121 -0.266942 0.246139
-0.12 -0.479691 0.224364
-0.119 -0.64926 0.234377
-0.118 -0.696615 0.267384
-0.117 -0.578737 0.305597
-0.116 -0.315946 0.325883
-0.115 0.0106371 0.308393
-0.114 0.293574 0.245779
-0.113 0.443154 0.145523
-0.112 0.416586 0.0243024
-0.111 0.226973 -0.0990546
-0.11 -0.0611957 -0.206656
-0.109 -0.34968 -0.282606
-0.108 -0.541835 -0.316585
-0.107 -0.58638 -0.30919
-0.106 -0.502888 -0.273003
-0.105 -0.368358 -0.226397
-0.104 -0.273847 -0.185172
-0.103 -0.281344 -0.158859
-0.102 -0.401676 -0.151219
-0.101 -0.591928 -0.159494
-0.1 -0.765571 -0.17151
-0.099 -0.818399 -0.166453
-0.098 -0.672814 -0.123662
-0.097 -0.323519 -0.0353947
-0.096 0.146574 0.0859253
-0.095 0.595802 0.210596
-0.094 0.880827 0.300563
-0.093 0.908816 0.318973
-0.092 0.666388 0.240273
-0.091 0.224491 0.0618774
-0.09 -0.27963 -0.187308
-0.089 -0.685655 -0.449787
-0.088 -0.871792 -0.656975
-0.087 -0.808261 -0.754225
-0.086 -0.570196 -0.720679
-0.085 -0.30112 -0.575846
-0.084 -0.14996 -0.373319
-0.083 -0.211946 -0.184775
-0.082 -0.490452 -0.0763834
-0.081 -0.887763 -0.0829359
-0.08 -1.23147 -0.190449
-0.079 -1.33636 -0.337903
-0.078 -1.0835 -0.440532
-0.077 -0.479788 -0.425261
-0.076 0.335651 -0.262207
-0.075 1.14036 0.0202083
-0.074 1.70481 0.340641
-0.073 1.86686 0.58934
-0.072 1.58667 0.666389
-0.071 0.967289 0.521937
-0.07 0.2263 0.181942
-0.069 -0.381972 -0.254113
-0.068 -0.667451 -0.645832
-0.067 -0.580125 -0.862612
-0.066 -0.221849 -0.831408
-0.065 0.204153 -0.563325
-0.064 0.47342 -0.150687
-0.063 0.420023 0.26441
-0.062 -0.000881096 0.540966
-0.061 -0.684481 0.592711
-0.06 -1.40145 0.423907
-0.059 -1.88158 0.130376
-0.058 -1.92612 -0.138086
-0.057 -1.49178 -0.239392
-0.056 -0.703453 -0.0981909
-0.055 0.199534 0.261932
-0.054 0.947071 0.723731
-0.053 1.32181 1.11563
-0.052 1.22816 1.2721
-0.051 0.730969 1.09652
-0.05 0.0396026 0.604055
-0.049 -0.57283 -0.0757644
-0.048 -0.883968 -0.743977
-0.047 -0.808551 -1.20788
-0.046 -0.415138 -1.3529
-0.045 0.11746 -1.18007
-0.044 0.568833 -0.79928
-0.043 0.747728 -0.386372
-0.042 0.557337 -0.119787
-0.041 0.0404615 -0.113788
-0.04 -0.625101 -0.370248
-0.039 -1.19731 -0.773322
-0.038 -1.4757 -1.13742
-0.037 -1.3792 -1.28824
-0.036 -0.959251 -1.13506
-0.035 -0.364131 -0.70218
-0.034 0.212627 -0.115458
-0.033 0.586669 0.442162
-0.032 0.641449 0.791668
-0.031 0.378334 0.822766
-0.03 -0.0759275 0.542103
-0.029 -0.526076 0.0774011
-0.028 -0.800036 -0.375026
-0.027 -0.814186 -0.635058
-0.026 -0.582428 -0.608881
-0.025 -0.190475 -0.314222
-0.024 0.234925 0.136474
-0.023 0.558371 0.577988
-0.022 0.679111 0.848084
-0.021 0.576702 0.848389
-0.02 0.326103 0.590164
-0.019 0.0581573 0.194783
-0.018 -0.110893 -0.162701
-0.017 -0.127493 -0.336553
-0.016 -0.0034081 -0.269973
-0.015 0.205125 -0.00684225
-0.014 0.416921 0.333673
-0.013 0.543968 0.600345
-0.012 0.518825 0.661797
-0.011 0.327874 0.460187
-0.01 0.0264441 0.0461003
-0.009 -0.285279 -0.434288
-0.008 -0.51259 -0.804883
-0.007 -0.604225 -0.940471
-0.006 -0.557914 -0.813518
-0.005 -0.406888 -0.491394
-0.004 -0.205542 -0.10215
-0.003 -0.0167566 0.210867
-0.002 0.105463 0.338057
-0.001 0.138915 0.249358
0 0.108916 0.0156938
0.001 0.0782193 -0.219004
0.002 0.109117 -0.310236
0.003 0.227462 -0.185979
0.004 0.41185 0.124814
0.005 0.608807 0.512844
0.006 0.755072 0.83372
0.007 0.794772 0.957298
0.008 0.6927 0.814194
0.009 0.449706 0.43128
0.01 0.117069 -0.0648427
0.011 -0.208755 -0.49484
0.012 -0.42438 -0.708397
0.013 -0.470602 -0.651285
0.014 -0.357669 -0.379598
0.015 -0.151424 -0.0257218
0.016 0.059064 0.255544
0.017 0.188892 0.340292
0.018 0.176423 0.180735
0.019 0.00463754 -0.167782
0.02 -0.275779 -0.558032
0.021 -0.547313 -0.811245
0.022 -0.673474 -0.801708
0.023 -0.571029 -0.515171
0.024 -0.252507 -0.0500851
0.025 0.185846 0.427477
0.026 0.607612 0.74563
0.027 0.879075 0.784836
0.028 0.903295 0.522681
0.029 0.654674 0.0526842
0.03 0.20934 -0.440694
0.031 -0.260542 -0.753818
0.032 -0.551729 -0.751513
0.033 -0.524291 -0.422308
0.034 -0.16301 0.124153
0.035 0.424937 0.705461
0.036 1.05578 1.13295
0.037 1.52621 1.27544
0.038 1.6706 1.10638
0.039 1.41943 0.718886
0.04 0.842843 0.293791
0.041 0.141844 0.0245192
0.042 -0.43018 0.032354
0.043 -0.677558 0.316
0.044 -0.538771 0.756871
0.045 -0.0973973 1.16922
0.046 0.457241 1.36947
0.047 0.893194 1.24201
0.048 1.01117 0.78384
0.049 0.723512 0.112449
0.05 0.107727 -0.572529
0.051 -0.607223 -1.06457
0.052 -1.13191 -1.23023
0.053 -1.23864 -1.0562
0.054 -0.849005 -0.645412
0.055 -0.0550627 -0.170741
0.056 0.915982 0.19058
0.057 1.77218 0.318787
0.058 2.24891 0.191792
0.059 2.20537 -0.108738
0.06 1.68708 -0.430531
0.061 0.911623 -0.613804
0.062 0.174392 -0.558
0.063 -0.275348 -0.261434
0.064 -0.325511 0.181817
0.065 -0.0288069 0.621465
0.066 0.427952 0.907286
0.067 0.794029 0.941396
0.068 0.847078 0.711491
0.069 0.485207 0.295782
0.07 -0.219409 -0.164304
0.071 -1.04135 -0.51681
0.072 -1.69359 -0.656003
0.073 -1.94221 -0.557618
0.074 -1.69071 -0.279399
0.075 -1.00682 0.0679556
0.076 -0.0930935 0.363576
0.077 0.782919 0.517224
0.078 1.37941 0.49779
0.079 1.56639 0.342281
0.08 1.37132 0.139729
0.081 0.957573 -0.00700421
0.082 0.545735 -0.0247379
0.083 0.320263 0.102566
0.084 0.362468 0.332662
0.085 0.628605 0.585047
0.086 0.972763 0.770025
0.087 1.20502 0.817499
0.088 1.16945 0.700508
0.089 0.815169 0.44713
0.09 0.224823 0.132197
0.091 -0.419046 -0.15169
0.092 -0.910614 -0.329764
0.093 -1.09845 -0.368661
0.094 -0.933532 -0.280085
0.095 -0.480231 -0.110147
0.096 0.106332 0.0769905
0.097 0.633326 0.218094
0.098 0.943623 0.271859
0.099 0.980577 0.23521
0.1 0.806585 0.143587
0.101 0.562578 0.0521766
0.102 0.395925 0.00980564
0.103 0.399001 0.0411372
0.104 0.580463 0.142365
0.105 0.866556 0.284994
0.106 1.126 0.423014
0.107 1.21856 0.505421
0.108 1.05877 0.495376
0.109 0.66415 0.387829
0.11 0.154226 0.212907
0.111 -0.302486 0.0218903
0.112 -0.560223 -0.133793
0.113 -0.547989 -0.218259
0.114 -0.287048 -0.218727
0.115 0.120029 -0.148587
0.116 0.522677 -0.0458617
0.117 0.775817 0.0380101
0.118 0.79908 0.0591408
0.119 0.611107 0.00124934
0.12 0.315934 -0.118308
0.121 0.0497888 -0.258957
0.122 -0.0791272 -0.374549
0.123 -0.0297264 -0.428752
0.124 0.161543 -0.406061
0.125 0.395002 -0.318839
0.126 0.544338 -0.206238
0.127 0.509505 -0.119809
0.128 0.265016 -0.09924
0.129 -0.124105 -0.1518
0.13 -0.529176 -0.24816
0.131 -0.810449 -0.335586
0.132 -0.867666 -0.359193
0.133 -0.671893 -0.281835
0.134 -0.275119 -0.0985216
0.135 0.20427 0.15745
0.136 0.621521 0.42168
0.137 0.860437 0.621227
0.138 0.877763 0.704555
0.139 0.713585 0.663256
0.14 0.465629 0.533877
0.141 0.245853 0.380392
0.142 0.139319 0.267412
0.143 0.175019 0.235046
0.144 0.314112 0.282725
0.145 0.463128 0.367197
0.146 0.513348 0.41818
0.147 0.391129 0.368754
0.148 0.0936524 0.188092
0.149 -0.307327 -0.100021
0.15 -0.691925 -0.422848
0.151 -0.934095 -0.685716
0.152 -0.944717 -0.807908
0.153 -0.704544 -0.753281
0.154 -0.274682 -0.545274
0.155 0.224037 -0.260757
0.156 0.656669 -0.00277956
0.157 0.9239 0.139516
0.158 0.993844 0.127653
0.159 0.90562 -0.0099285
0.16 0.747557 -0.190342
0.161 0.618915 -0.311828
0.162 0.586834 -0.296599
0.163 0.655462 -0.123624
0.164 0.764176 0.160283
0.165 0.817219 0.455056
0.166 0.728246 0.643985
0.167 0.457917 0.640424
0.168 0.0315607 0.426051
0.169 -0.465432 0.0628765
0.17 -0.912411 -0.328295
0.171 -1.19443 -0.614506
0.172 -1.24697 -0.70212
0.173 -1.08193 -0.571983
0.174 -0.778535 -0.286047
0.175 -0.445974 0.0356296
0.176 -0.180786 0.259961
0.177 -0.036794 0.293181
0.178 -0.0125275 0.12055
0.179 -0.0554751 -0.184796
0.18 -0.0841401 -0.490294
0.181 -0.0258986 -0.658456
0.182 0.144566 -0.603111
0.183 0.389901 -0.323769
0.184 0.627748 0.0933565
0.185 0.767561 0.506039
0.186 0.745385 0.767906
0.187 0.546072 0.784352
0.188 0.211409 0.551432
0.189 -0.168459 0.159865
0.19 -0.483816 -0.240431
0.191 -0.647958 -0.500861
0.192 -0.632503 -0.532685
0.193 -0.474833 -0.339605
0.194 -0.257011 -0.0144631
0.195 -0.0724593 0.296771
0.196 0.00561663 0.451427
0.197 -0.0507189 0.367384
0.198 -0.211058 0.0584011
0.199 -0.396293 -0.369076
0.2 -0.514402 -0.758106
0.201 -0.5054 -0.963792
0.202 -0.367683 -0.908619
0.203 -0.153066 -0.609957
0.204 0.0582764 -0.172606
0.205 0.186127 0.250235
0.206 0.176347 0.515105
0.207 0.0244571 0.544229
0.208 -0.213437 0.355554
0.209 -0.43836 0.0525819
0.21 -0.553738 -0.221451
0.211 -0.510667 -0.342894
0.212 -0.323698 -0.254867
0.213 -0.0549023 0.0129408
0.214 0.213594 0.355631
0.215 0.403645 0.632264
0.216 0.462775 0.720932
0.217 0.384959 0.568481
0.218 0.217811 0.212348
0.219 0.0407276 -0.236099
0.22 -0.0786861 -0.637722
0.221 -0.118827 -0.878274
0.222 -0.105999 -0.906417
0.223 -0.0917103 -0.747458
0.224 -0.127791 -0.490982
0.225 -0.249595 -0.255047
0.226 -0.462933 -0.137981
0.227 -0.733779 -0.177837
0.228 -0.992456 -0.338863
0.229 -1.16131 -0.53108
0.23 -1.19224 -0.651274
0.231 -1.08658 -0.62475
0.232 -0.886214 -0.432477
0.233 -0.649889 -0.117784
0.234 -0.432823 0.228654
0.235 -0.273322 0.502599
0.236 -0.18225 0.627153
0.237 -0.138186 0.58245
0.238 -0.0982825 0.40984
0.239 -0.0254862 0.189954
0.24 0.0857696 0.00782913
0.241 0.205246 -0.0784635
0.242 0.284085 -0.0560481
0.243 0.277598 0.0410442
0.244 0.161756 0.147705
0.245 -0.0572759 0.197096
0.246 -0.339213 0.15127
0.247 -0.615926 0.0178143
0.248 -0.813166 -0.155642
0.249 -0.881069 -0.304549
0.25 -0.814908 -0.375017
0.251 -0.653329 -0.344215
0.252 -0.458728 -0.228499
0.253 -0.292806 -0.0775218
0.254 -0.195874 0.0453679
0.255 -0.173684 0.089917
0.256 -0.195223 0.0403024
0.257 -0.205113 -0.0798204
0.258 -0.149234 -0.220164
0.259 -0.00251869 -0.32652
0.26 0.21629 -0.362133
0.261 0.449535 -0.320572
0.262 0.620644 -0.22748
0.263 0.661459 -0.12998
0.264 0.538809 -0.0758227
0.265 0.270086 -0.0912274
0.266 -0.0801334 -0.168999
0.267 -0.42192 -0.272636
0.268 -0.671079 -0.352965
0.269 -0.776576 -0.368544
0.27 -0.734802 -0.30192
0.271 -0.588574 -0.167432
0.272 -0.412177 -0.00812914
0.273 -0.28427 0.119399
0.274 -0.256827 0.167815
0.275 -0.335498 0.11844
0.276 -0.481729 -0.0125655
0.277 -0.632781 -0.182424
0.278 -0.727004 -0.338373
0.279 -0.724032 -0.435656
0.28 -0.616853 -0.452176
0.281 -0.435682 -0.39623
0.282 -0.240357 -0.303425
0.283 -0.0986326 -0.221551
0.284 -0.0583015 -0.189534
0.285 -0.129182 -0.221401
0.286 -0.283585 -0.302365
0.287 -0.469633 -0.395966
0.288 -0.627301 -0.457369
0.289 -0.703375 -0.449011
0.29 -0.666478 -0.355486
0.291 -0.51943 -0.192507
0.292 -0.30037 -0.00398391
0.293 -0.0681426 0.153592
0.294 0.11975 0.23201
0.295 0.223083 0.207315
0.296 0.224493 0.0859341
0.297 0.130401 -0.0980262
0.298 -0.0294807 -0.292481
0.299 -0.208533 -0.443192
0.3 -0.358683 -0.512288
0.301 -0.448356 -0.491684
0.302 -0.471548 -0.403938
0.303 -0.444142 -0.290301
0.304 -0.394549 -0.193394
0.305 -0.355953 -0.142577
0.306 -0.358422 -0.145071
0.307 -0.416804 -0.18312
0.308 -0.519201 -0.218944
0.309 -0.626647 -0.208813
0.31 -0.687179 -0.122142
0.311 -0.655743 0.0437352
0.312 -0.50907 0.260821
0.313 -0.252401 0.479722
0.314 0.0789479 0.644753
0.315 0.42335 0.709285
0.316 0.706831 0.649268
0.317 0.866758 0.472531
0.318 0.874087 0.218712
0.319 0.741872 -0.0531814
0.32 0.517849 -0.285239
0.321 0.267722 -0.439538
0.322 0.0557507 -0.507709
0.323 -0.0745192 -0.509621
0.324 -0.115651 -0.483934
0.325 -0.099791 -0.473493
0.326 -0.0844043 -0.508253
0.327 -0.12578 -0.591234
0.328 -0.254508 -0.695006
0.329 -0.46349 -0.77207
0.33 -0.709472 -0.774441
0.331 -0.925058 -0.673313
0.332 -1.0396 -0.471348
0.333 -1.00558 -0.204172
0.334 -0.820351 0.0689522
0.335 -0.530531 0.283086
0.336 -0.215097 0.389254
0.337 0.0431853 0.37164
0.338 0.18373 0.252332
0.339 0.183923 0.0815067
0.34 0.0642909 -0.0818448
0.341 -0.117803 -0.190777
0.342 -0.288216 -0.225939
0.343 -0.385519 -0.200746
0.344 -0.385701 -0.153925
0.345 -0.308347 -0.13173
0.346 -0.20296 -0.166903
0.347 -0.125942 -0.263943
0.348 -0.119783 -0.397299
0.349 -0.199142 -0.522022
0.35 -0.344491 -0.591047
0.351 -0.506447 -0.572901
0.352 -0.624069 -0.464527
0.353 -0.651208 -0.294182
0.354 -0.575979 -0.111814
0.355 -0.422508 0.0301119
0.356 -0.237174 0.096834
0.357 -0.0697996 0.0829469
0.358 0.0420221 0.0109991
0.359 0.0833906 -0.0799418
0.36 0.0665175 -0.149496
0.361 0.0252865 -0.170203
0.362 -0.00154981 -0.137225
0.363 0.00955162 -0.0696907
0.364 0.0566675 -0.00166389
0.365 0.11768 0.0343133
0.366 0.164942 0.0230715
0.367 0.178894 -0.0264983
0.368 0.155169 -0.0866255
0.369 0.105745 -0.12331
0.37 0.0546688 -0.110014
0.371 0.0270132 -0.0381199
0.372 0.0338072 0.0785736
0.373 0.0623338 0.207412
0.374 0.0802036 0.30863
0.375 0.0520432 0.351436
0.376 -0.041374 0.326943
0.377 -0.192264 0.251082
0.378 -0.366917 0.156424
0.379 -0.516217 0.0777483
0.38 -0.592508 0.0378563
0.381 -0.569164 0.0388548
0.382 -0.455059 0.0620315
0.383 -0.294754 0.0764444
0.384 -0.151513 0.0531091
0.385 -0.0799121 -0.0207977
0.386 -0.101146 -0.134268
0.387 -0.192454 -0.255499
0.388 -0.29436 -0.344435
0.389 -0.332647 -0.369256
0.39 -0.24854 -0.320087
0.391 -0.0267079 -0.214216
0.392 0.291551 -0.0903386
0.393 0.617675 0.00602324
0.394 0.84561 0.0401269
0.395 0.891085 0.00172219
0.396 0.724824 -0.0910077
0.397 0.386119 -0.199256
0.398 -0.0287296 -0.279721
0.399 -0.399686 -0.302153
0.4 -0.626787 -0.261166
0.401 -0.667371 -0.177656
0.402 -0.551172 -0.0896304
0.403 -0.367682 -0.0365019
0.404 -0.230736 -0.0426673
0.405 -0.232539 -0.106544
0.406 -0.404279 -0.200169
0.407 -0.699841 -0.280503
0.408 -1.01071 -0.30768
0.409 -1.20746 -0.26171
0.41 -1.19107 -0.150184
0.411 -0.932285 -0.00463727
0.412 -0.484263 0.131375
0.413 0.0338344 0.21749
0.414 0.476497 0.230749
0.415 0.723132 0.174504
0.416 0.722852 0.0775006
0.417 0.513392 -0.018282
0.418 0.204215 -0.0761541
0.419 -0.0692236 -0.080034
0.42 -0.198731 -0.0388333
0.421 -0.141409 0.020496
0.422 0.0686201 0.0655357
0.423 0.334596 0.0708822
0.424 0.533303 0.027831
0.425 0.563883 -0.0507617
0.426 0.391094 -0.133615
0.427 0.0619173 -0.183527
0.428 -0.314254 -0.17454
0.429 -0.611565 -0.104133
0.43 -0.735882 0.00665185
0.431 -0.655484 0.12373
0.432 -0.408881 0.213805
0.433 -0.091673 0.255449
0.434 0.176448 0.245526
0.435 0.297957 0.200283
0.436 0.237991 0.149465
0.437 0.0368183 0.123271
0.438 -0.212862 0.137363
0.439 -0.408733 0.184881
0.44 -0.477616 0.240664
0.441 -0.396856 0.274244
0.442 -0.1991 0.26349
0.443 0.0381493 0.203146
0.444 0.220988 0.106966
0.445 0.279993 0.00367941
0.446 0.202775 -0.073167
0.447 0.0369139 -0.0994462
0.448 -0.137945 -0.0723278
0.449 -0.24833 -0.0122554
0.45 -0.253451 0.0467363
0.451 -0.154458 0.0723633
0.452 0.00748653 0.0469333
0.453 0.163371 -0.0266801
0.454 0.242936 -0.126272
0.455 0.209018 -0.218016
0.456 0.0782195 -0.269492
0.457 -0.0890156 -0.264046
0.458 -0.222255 -0.209113
0.459 -0.274261 -0.132756
0.46 -0.235307 -0.0701696
0.461 -0.130284 -0.0482842
0.462 -0.00828177 -0.0759045
0.463 0.0738471 -0.141545
0.464 0.0763339 -0.217664
0.465 0.000641448 -0.270082
0.466 -0.106396 -0.271221
0.467 -0.177034 -0.21279
0.468 -0.160506 -0.110716
0.469 -0.0485461 0.00178524
0.47 0.123716 0.0891739
0.471 0.293926 0.127719
0.472 0.393836 0.112519
0.473 0.372426 0.0571421
0.474 0.219144 -0.0116512
0.475 -0.0239727 -0.062854
0.476 -0.275474 -0.0728995
0.477 -0.451393 -0.0361297
0.478 -0.504123 0.0323912
0.479 -0.43999 0.104679
0.48 -0.310477 0.153591
0.481 -0.188632 0.164053
0.482 -0.142093 0.136907
0.483 -0.206792 0.0864524
0.484 -0.366733 0.0347207
0.485 -0.55269 0.00384984
0.486 -0.668767 0.00735882
0.487 -0.636618 0.0436092
0.488 -0.431927 0.0961565
0.489 -0.0939076 0.141981
0.49 0.291275 0.162519
0.491 0.620105 0.150749
0.492 0.804328 0.111795
0.493 0.801504 0.0591187
0.494 0.634321 0.00915436
0.495 0.384822 -0.0245111
0.496 0.159407 -0.0364825
0.497 0.0410264 -0.0317998
0.498 0.0552592 -0.0225331
0.499 0.165517 -0.0200839
0.5 0.292884 -0.0284435
0.501 0.347417 -0.0427262
0.502 0.261587 -0.052706
0.503 0.01945 -0.0481311
0.504 -0.329448 -0.0234097
0.505 -0.683664 0.0190606
0.506 -0.930243 0.0679257
0.507 -0.992201 0.10615
0.508 -0.857947 0.118611
0.509 -0.580987 0.10006
0.51 -0.256127 0.058047
0.511 0.014739 0.00894408
0.512 0.157169 -0.0298046
0.513 0.150909 -0.0467289
0.514 0.0383015 -0.0405072
0.515 -0.0939131 -0.0209956
0.516 -0.154318 -0.00642791
0.517 -0.0882069 -0.0159944
0.518 0.100421 -0.0598447
0.519 0.354048 -0.132044
0.52 0.586949 -0.211393
0.521 0.717904 -0.269928
0.522 0.699831 -0.284197
0.523 0.53816 -0.244098
0.524 0.290273 -0.156847
0.525 0.0429794 -0.0455824
0.526 -0.123652 0.0575547
0.527 -0.16854 0.122868
0.528 -0.10267 0.134978
0.529 0.0205792 0.0991567
0.53 0.130276 0.0385969
0.531 0.166405 -0.0157553
0.532 0.102279 -0.0376738
0.533 -0.0458232 -0.0155225
0.534 -0.225921 0.0433441
0.535 -0.372923 0.115026
0.536 -0.436713 0.168296
0.537 -0.402102 0.177611
0.538 -0.292009 0.134136
0.539 -0.154585 0.0495402
0.54 -0.0419393 -0.0486224
0.541 0.010351 -0.127105
0.542 -0.00401371 -0.158673
0.543 -0.0611105 -0.131873
0.544 -0.118536 -0.0558027
0.545 -0.135443 0.0428585
0.546 -0.0913644 0.130482
0.547 0.00533296 0.180041
0.548 0.122434 0.18069
0.549 0.21862 0.139524
0.55 0.260752 0.0766903
0.551 0.236728 0.0172922
0.552 0.159593 -0.0174499
0.553 0.0615834 -0.0180585
0.554 -0.0200827 0.00910548
0.555 -0.059871 0.0446439
0.556 -0.0548844 0.0655274
0.557 -0.0246237 0.0558898
0.558 -0.000154345 0.0130594
0.559 -0.00824514 -0.0531602
0.56 -0.0579587 -0.125465
0.561 -0.135714 -0.185073
0.562 -0.210515 -0.217462
0.563 -0.246729 -0.217221
0.564 -0.219496 -0.190051
0.565 -0.126702 -0.14977
0.566 0.00807243 -0.111222
0.567 0.143633 -0.0835393
0.568 0.23733 -0.0677374
0.569 0.262732 -0.0588148
0.57 0.220672 -0.0497175
0.571 0.137874 -0.0348912
0.572 0.0541071 -0.0127487
0.573 0.00465525 0.0132976
0.574 0.00574409 0.0362204
0.575 0.0481788 0.0493688
0.576 0.101265 0.0507921
0.577 0.125556 0.0446336
0.578 0.0902173 0.0386843
0.579 -0.0113142 0.0401737
0.58 -0.155191 0.0523309
0.581 -0.29529 0.0727682
0.582 -0.38209 0.0937757
0.583 -0.382594 0.104847
0.584 -0.292483 0.0975099
0.585 -0.13669 0.0705912
0.586 0.0403477 0.0322794
0.587 0.190365 -0.00307632
0.588 0.278061 -0.0215635
0.589 0.293972 -0.0157165
0.59 0.257501 0.0125685
0.591 0.207056 0.0523584
0.592 0.181701 0.0867172
0.593 0.203679 0.0983485
0.594 0.269682 0.076985
0.595 0.353523 0.0253078
0.596 0.417526 -0.0407226
0.597 0.427115 -0.0981955
0.598 0.363892 -0.126821
0.599 0.233538 -0.116809
0.6 0.0649985 -0.0721672
0.601 -0.0999325 -0.0092152
0.602 -0.222255 0.0487608
0.603 -0.279467 0.0795958
0.604 -0.271821 0.0709832
0.605 -0.219529 0.0261154
0.606 -0.153324 -0.0372087
0.607 -0.102704 -0.0940612
0.608 -0.085691 -0.122753
0.609 -0.103213 -0.113359
0.61 -0.140496 -0.0712539
0.611 -0.174777 -0.0148799
0.612 -0.185273 0.0311885
0.613 -0.160915 0.0456531
0.614 -0.103538 0.0191031
0.615 -0.0263857 -0.0418913
0.616 0.0509501 -0.117283
0.617 0.109632 -0.181486
0.618 0.138622 -0.213193
0.619 0.138377 -0.203173
0.62 0.11887 -0.157321
0.621 0.0935682 -0.0940339
0.622 0.073724 -0.036925
0.623 0.0657835 -0.00552045
0.624 0.0713688 -0.00773011
0.625 0.0879217 -0.0374889
0.626 0.109359 -0.0783256
0.627 0.127843 -0.110613
0.628 0.136894 -0.119166
0.629 0.133491 -0.0985434
0.63 0.117123 -0.0546407
0.631 0.0873795 -0.00224258
0.632 0.0434346 0.0408345
0.633 -0.0135029 0.0611037
0.634 -0.077306 0.0549396
0.635 -0.137092 0.0293202
0.636 -0.180984 -0.00226562
0.637 -0.200475 -0.025933
0.638 -0.192699 -0.032429
0.639 -0.160891 -0.0195792
0.64 -0.114043 0.00776528
0.641 -0.0651697 0.0397843
0.642 -0.0271395 0.0655291
0.643 -0.00690925 0.0776693
0.644 -0.00131513 0.075715
0.645 0.00223384 0.0654086
0.646 0.0198734 0.0547238
0.647 0.0634888 0.0494204
0.648 0.134736 0.0508671
0.649 0.222858 0.0565713
0.65 0.307002 0.0620044
0.651 0.362672 0.0624483
0.652 0.370401 0.0548324
0.653 0.323474 0.0395216
0.654 0.231443 0.0207281
0.655 0.117509 0.00435028
0.656 0.0107348 -0.00571875
0.657 -0.0638155 -0.0101129
0.658 -0.0935515 -0.0135399
0.659 -0.0824279 -0.0219525
0.66 -0.0485636 -0.0394704
0.661 -0.0159912 -0.0665644
0.662 -0.00421028 -0.0995404
0.663 -0.020352 -0.131161
0.664 -0.0572031 -0.152892
0.665 -0.0971 -0.158621
0.666 -0.119146 -0.147984
0.667 -0.107113 -0.127041
0.668 -0.0561893 -0.105688
0.669 0.023724 -0.093343
0.67 0.110543 -0.0951531
0.671 0.178233 -0.110024
0.672 0.206948 -0.130653
0.673 0.18987 -0.145759
0.674 0.13387 -0.14451
0.675 0.0552454 -0.121656
0.676 -0.0262016 -0.0805725
0.677 -0.0928486 -0.0323011
0.678 -0.134152 0.00884134
0.679 -0.149534 0.0306557
0.68 -0.147356 0.0272556
0.681 -0.139822 0.00115229
0.682 -0.13658 -0.0371318
0.683 -0.140843 -0.0724598
0.684 -0.149619 -0.0910975
0.685 -0.156428 -0.0867718
0.686 -0.154217 -0.0633007
0.687 -0.137706 -0.0323257
0.688 -0.105249 -0.00783675
0.689 -0.0596525 -0.000596209
0.69 -0.00713574 -0.0144717
0.691 0.0451757 -0.045039
0.692 0.0914853 -0.0805942
0.693 0.127874 -0.106092
0.694 0.151621 -0.109345
0.695 0.160808 -0.08656
0.696 0.154725 -0.0439251
0.697 0.13442 0.00554227
0.698 0.102909 0.0475789
0.699 0.0652257 0.0716522
0.7 0.0283482 0.0738469
0.701 0.000180996 0.0576934
0.702 -0.0131019 0.0328977
0.703 -0.0103423 0.0116156
0.704 0.00317311 0.00318356
0.705 0.0176058 0.0100243
0.706 0.0227022 0.0271762
0.707 0.0118882 0.045391
0.708 -0.0151684 0.0555169
0.709 -0.051838 0.0518918
0.71 -0.0857586 0.0339787
0.711 -0.102535 0.00644238
0.712 -0.0916683 -0.0223886
0.713 -0.0521877 -0.043749
0.714 0.00559765 -0.0521921
0.715 0.0637177 -0.0477066
0.716 0.103645 -0.0349882
0.717 0.113396 -0.0207432
0.718 0.0918869 -0.010904
0.719 0.04955 -0.00888996
0.72 0.00520746 -0.0149091
0.721 -0.0204431 -0.0261238
0.722 -0.0131973 -0.0379631
0.723 0.0279577 -0.0465084
0.724 0.0895224 -0.0506375
0.725 0.148568 -0.0523144
0.726 0.181844 -0.0548972
0.727 0.174836 -0.0609714
0.728 0.127245 -0.0711846
0.729 0.0532301 -0.0842494
0.73 -0.0235645 -0.0974368
0.731 -0.0787991 -0.107298
0.732 -0.0969802 -0.110955
0.733 -0.0776149 -0.107775
0.734 -0.0350995 -0.100117
0.735 0.00748273 -0.0921248
0.736 0.0278258 -0.0872527
0.737 0.0132995 -0.0863893
0.738 -0.0339817 -0.0877396
0.739 -0.0977624 -0.0880169
0.74 -0.153955 -0.0838556
0.741 -0.180446 -0.0729969
0.742 -0.16621 -0.0554249
0.743 -0.115579 -0.0341728
0.744 -0.0460592 -0.0147958
0.745 0.0187797 -0.00308661
0.746 0.0582557 -0.00219433
0.747 0.0621762 -0.0110036
0.748 0.0345258 -0.0246628
0.749 -0.00835185 -0.0366506
0.75 -0.044807 -0.0411619
0.751 -0.0573088 -0.0350511
0.752 -0.0397678 -0.019076
0.753 0.00061029 0.00196493
0.754 0.0471997 0.020752
0.755 0.0811978 0.0303981
0.756 0.0891667 0.02745
0.757 0.0683426 0.0133346
0.758 0.0278837 -0.00637636
0.759 -0.0148025 -0.0242999
0.76 -0.0415658 -0.034038
0.761 -0.0414949 -0.0324786
0.762 -0.0154206 -0.0209829
0.763 0.0250637 -0.00500262
0.764 0.0630521 0.00799105
0.765 0.0834306 0.0115695
0.766 0.0788537 0.00302979
0.767 0.0526402 -0.0155085
0.768 0.0174152 -0.0379473
0.769 -0.010419 -0.0564832
0.77 -0.0181999 -0.0643819
0.771 -0.00280565 -0.058355
0.772 0.0281983 -0.0397895
0.773 0.0603447 -0.0143037
0.774 0.078773 0.0103254
0.775 0.0744944 0.0270231
0.776 0.0481627 0.0318317
0.777 0.0100845 0.0249676
0.778 -0.0238614 0.0103208
0.779 -0.0391611 -0.00620436
0.78 -0.0293667 -0.0188725
0.781 0.000878902 -0.0241701
0.782 0.0379842 -0.0220423
0.783 0.0654202 -0.0157658
0.784 0.0706682 -0.0104639
0.785 0.0503391 -0.0109562
0.786 0.0117615 -0.0198964
0.787 -0.0296385 -0.0368708
0.788 -0.0566137 -0.0586051
0.789 -0.0576429 -0.0800276
0.79 -0.0321284 -0.0958243
0.791 0.00938989 -0.1021
0.792 0.0498955 -0.0976393
0.793 0.0730076 -0.084255
0.794 0.0695483 -0.066067
0.795 0.0413023 -0.0480472
0.796 0.00066221 -0.0344389
0.797 -0.0341436 -0.0275972
0.798 -0.0468188 -0.0275249
0.799 -0.030341 -0.0321194
0.8 0.00984817 -0.0380117
0.801 0.0582492 -0.0417728
0.802 0.0957157 -0.0411228
0.803 0.106837 -0.0357174
0.804 0.0856827 -0.0272237
0.805 0.0382382 -0.0186534
0.806 -0.0194656 -0.013202
0.807 -0.0674945 -0.0130408
0.808 -0.090307 -0.0184999
0.809 -0.0832686 -0.0278933
0.81 -0.0540568 -0.0379999
0.811 -0.0186434 -0.0450486
0.812 0.00565559 -0.0459399
0.813 0.00697337 -0.039341
0.814 -0.0165974 -0.0262391
0.815 -0.0560008 -0.00967115
0.816 -0.0943902 0.00630671
0.817 -0.113911 0.0179844
0.818 -0.103448 0.0231507
0.819 -0.0635068 0.0216577
0.82 -0.00582139 0.015301
0.821 0.0516846 0.00710215
0.822 0.0918347 0.000185832
0.823 0.104293 -0.00339363
0.824 0.0890543 -0.00339486
0.825 0.056273 -0.00135385
0.826 0.0221205 0.000189088
0.827 0.00190602 -0.00118944
0.828 0.00351321 -0.00680211
0.829 0.024408 -0.0163064
0.83 0.0534305 -0.0277364
0.831 0.0759552 -0.0381233
0.832 0.079876 -0.0445645
0.833 0.0603342 -0.0453352
0.834 0.0218102 -0.0405129
0.835 -0.0233303 -0.0318434
0.836 -0.0597426 -0.0220009
0.837 -0.0755675 -0.0136313
0.838 -0.0673039 -0.00853115
0.839 -0.0406996 -0.00715987
0.84 -0.00767694 -0.0085988
0.841 0.0187135 -0.0110365
0.842 0.0291267 -0.0126609
0.843 0.0211637 -0.0125178
0.844 0.000141827 -0.010855
0.845 -0.0231663 -0.00882753
0.846 -0.0373283 -0.00783853
0.847 -0.0354699 -0.00888936
0.848 -0.0181794 -0.0121693
0.849 0.00729735 -0.0169416
0.85 0.030697 -0.0217512
0.851 0.0430866 -0.0249812
0.852 0.0401672 -0.0255921
0.853 0.0237256 -0.023632
0.854 0.00091463 -0.0201789
0.855 -0.0186273 -0.0167659
0.856 -0.0269304 -0.0146562
0.857 -0.0212128 -0.0143443
0.858 -0.00490338 -0.01545
0.859 0.0142608 -0.0169565
0.86 0.027834 -0.0176721
0.861 0.0301312 -0.016801
0.862 0.0202718 -0.0144115
0.863 0.00229654 -0.0115154
0.864 -0.0165945 -0.00963615
0.865 -0.0291322 -0.0100634
0.866 -0.0311695 -0.0131839
0.867 -0.0234494 -0.0182185
0.868 -0.0110731 -0.0234685
0.869 -0.00103835 -0.0269343
0.87 0.000889979 -0.0270652
0.871 -0.00737225 -0.0233841
0.872 -0.0233498 -0.0167406
0.873 -0.0409865 -0.00903351
0.874 -0.0531563 -0.00248029
0.875 -0.0547358 0.0012516
0.876 -0.0448493 0.00167264
0.877 -0.0271943 -0.000395667
0.878 -0.00836518 -0.00321679
0.879 0.00493257 -0.00488287
0.88 0.00855168 -0.0041119
0.881 0.00245441 -0.000802212
0.882 -0.00937559 0.00388313
0.883 -0.0206232 0.00796595
0.884 -0.0253276 0.00946158
0.885 -0.0204858 0.00720079
0.886 -0.00739 0.00132672
0.887 0.00894944 -0.00672153
0.888 0.02199 -0.0147164
0.889 0.0264229 -0.0204286
0.89 0.020347 -0.0224008
0.891 0.00600828 -0.0204433
0.892 -0.0111288 -0.0156692
0.893 -0.0245546 -0.0100378
0.894 -0.0292647 -0.00558151
0.895 -0.0237042 -0.00363723
0.896 -0.0103341 -0.00439664
0.897 0.00541411 -0.00694001
0.898 0.0173633 -0.00970138
0.899 0.0210869 -0.0111327
0.9 0.0156393 -0.0102995
0.901 0.00377702 -0.00722249
0.902 -0.00937037 -0.00286488
0.903 -0.0184908 0.00123637
0.904 -0.0201737 0.00357168
0.905 -0.0141203 0.00325689
0.906 -0.00313523 0.000373117
0.907 0.00802683 -0.00410148
0.908 0.0145428 -0.00871135
0.909 0.0134633 -0.0120687
0.91 0.00491236 -0.0132975
0.911 -0.00803591 -0.012261
0.912 -0.0207354 -0.00954257
0.913 -0.0288818 -0.00619582
0.914 -0.0300855 -0.00333629
0.915 -0.0245575 -0.00172275
0.916 -0.0148169 -0.0015074
0.917 -0.00464284 -0.00226843
0.918 0.0023667 -0.00327847
0.919 0.00415178 -0.00384004
0.92 0.000915102 -0.00353859
0.921 -0.00514136 -0.00235754
0.922 -0.0109145 -0.000654831
0.923 -0.0137415 0.000983271
0.924 -0.0123771 0.00196839
0.925 -0.00730653 0.00193488
0.926 -0.000419117 0.000865427
0.927 0.00577429 -0.000936107
0.928 0.00911642 -0.00298965
0.929 0.00862639 -0.00481365
0.93 0.0048097 -0.00606332
0.931 -0.000688137 -0.00660654
0.932 -0.00586023 -0.00652716
0.933 -0.00912684 -0.00605752
0.934 -0.00982033 -0.00546845
0.935 -0.00828115 -0.00496604
0.936 -0.00561387 -0.00463934
0.937 -0.00319389 -0.00446762
0.938 -0.00208334 -0.00435989
0.939 -0.00260981 -0.00419867
0.94 -0.00432842 -0.00388298
0.941 -0.00635691 -0.00336911
0.942 -0.00783469 -0.0026916
0.943 -0.00824431 -0.00194754
0.944 -0.0075154 -0.00125224
0.945 -0.00597387 -0.000696693
0.946 -0.0041902 -0.00033067
0.947 -0.00274029 -0.000166975
0.948 -0.00194492 -0.000185777
0.949 -0.00173772 -0.000333708
0.95 -0.00176419 -0.000533286
0.951 -0.00163601 -0.000710563
0.952 -0.00114799 -0.000824584
0.953 -0.000334621 -0.000876059
0.954 0.000602726 -0.000891577
0.955 0.00140219 -0.000900805
0.956 0.00183685 -0.000924566
0.957 0.00180343 -0.000973908
0.958 0.0013815 -0.00104884
0.959 0.000804564 -0.00113403
0.96 0.000332666 -0.00120073
0.961 0.000107718 -0.00122052
0.962 9.37219e-05 -0.00118288
0.963 0.000127556 -0.00110268
0.964 2.31348e-05 -0.00101117
0.965 -0.00033921 -0.000937724
0.966 -0.000964597 -0.000895664
0.967 -0.00173544 -0.000879397
0.968 -0.00244703 -0.00087026
0.969 -0.00288771 -0.000845619
0.97 -0.00293193 -0.000787761
0.971 -0.00259253 -0.000690985
0.972 -0.00200383 -0.000565265
0.973 -0.00135541 -0.000434112
0.974 -0.000818387 -0.000325344
0.975 -0.000493005 -0.000258132
0.976 -0.000386495 -0.00023394
0.977 -0.000423372 -0.000236905
0.978 -0.00048694 -0.000242802
0.979 -0.000476649 -0.00023085
0.98 -0.000351838 -0.000192156
0.981 -0.000139305 -0.000131808
0.982 9.23262e-05 -6.53919e-05
0.983 0.000269761 -1.21813e-05
0.984 0.000344413 1.29005e-05
0.985 0.000306821 5.66839e-06
0.986 0.000185877 -2.5779e-05
0.987 3.4361e-05 -6.53043e-05
0.988 -9.40431e-05 -9.63284e-05
0.989 -0.000165743 -0.000108644
0.99 -0.000175851 -0.000101267
0.991 -0.000142109 -8.07307e-05
0.992 -9.09578e-05 -5.65854e-05
0.993 -4.4762e-05 -3.66592e-05
0.994 -1.5113e-05 -2.41934e-05
0.995 -2.51529e-06 -1.78542e-05
0.996 -5.68399e-07 -1.40963e-05
0.997 -1.78188e-06 -1.00937e-05
0.998 -1.888e-06 -5.38076e-06
0.999 -7.05736e-07 -1.4564e-06
0.12 0.0291888 0.0555674
0.24 0.0290073 0.0555
0.36 0.0287059 0.0553872
0.48 0.0282859 0.0552282
0.6 0.0277495 0.0550219
0.72 0.0270993 0.0547671
0.84 0.0263385 0.054462
0.96 0.0254709 0.0541049
1.08 0.0245009 0.0536938
1.2 0.0234335 0.0532264
1.32 0.0222741 0.0527005
1.44 0.021029 0.0521137
1.56 0.0197046 0.0514634
1.68 0.0183083 0.0507472
1.8 0.0168477 0.0499627
1.92 0.015331 0.0491074
2.04 0.013767 0.0481792
2.16 0.0121649 0.0471759
2.28 0.0105343 0.0460957
2.4 0.00888528 0.044937
2.52 0.00722835 0.0436985
2.64 0.00557434 0.0423793
2.76 0.0039344 0.0409788
2.88 0.00231999 0.0394968
3 0.000742787 0.0379336
3.12 -0.000785326 0.0362901
3.24 -0.00225234 0.0345675
3.36 -0.00364614 0.0327676
3.48 -0.00495463 0.0308928
3.6 -0.00616571 0.028946
3.72 -0.00726741 0.0269306
3.84 -0.00824791 0.0248506
3.96 -0.00909567 0.0227106
4.08 -0.00979943 0.0205158
4.2 -0.0103483 0.0182716
4.32 -0.010732 0.0159844
4.44 -0.0109406 0.0136607
4.56 -0.0109649 0.0113075
4.68 -0.0107963 0.00893229
4.8 -0.0104272 0.00654299
4.92 -0.0098505 0.00414775
5.04 -0.00906029 0.00175501
5.16 -0.00805151 -0.000626531
5.28 -0.00682019 -0.00298803
5.4 -0.00536345 -0.00532049
5.52 -0.00367957 -0.0076149
5.64 -0.00176804 -0.00986221
5.76 0.000370398 -0.0120535
5.88 0.00273371 -0.0141798
6 0.00531855 -0.0162326
6.12 0.00812021 -0.0182034
6.24 0.0111327 -0.0200841
6.36 0.0143485 -0.0218671
6.48 0.0177589 -0.023545
6.6 0.0213539 -0.0251109
6.72 0.0251219 -0.0265587
6.84 0.0290502 -0.0278825
6.96 0.0331249 -0.0290773
7.08 0.0373308 -0.0301387
7.2 0.0416516 -0.0310629
7.32 0.0460699 -0.0318468
7.44 0.0505673 -0.0324883
7.56 0.0551244 -0.0329859
7.68 0.0597213 -0.0333388
7.8 0.064337 -0.033547
7.92 0.0689501 -0.0336114
8.04 0.0735387 -0.0335338
8.16 0.0780805 -0.0333164
8.28 0.082553 -0.0329624
8.4 0.0869335 -0.0324758
8.52 0.0911994 -0.0318611
8.64 0.0953281 -0.0311237
8.76 0.0992977 -0.0302695
8.88 0.103086 -0.0293049
9 0.106672 -0.0282372
9.12 0.110036 -0.0270738
9.24 0.113157 -0.0258229
9.36 0.116018 -0.0244928
9.48 0.118599 -0.0230923
9.6 0.120886 -0.0216304
9.72 0.122863 -0.0201165
9.84 0.124516 -0.0185599
9.96 0.125834 -0.0169702
10.08 0.126806 -0.0153568
10.2 0.127422 -0.0137293
10.32 0.127677 -0.0120971
10.44 0.127565 -0.0104693
10.56 0.127083 -0.00885503
10.68 0.126229 -0.00726298
10.8 0.125004 -0.00570158
10.92 0.123411 -0.00417886
11.04 0.121454 -0.00270243
11.16 0.119138 -0.00127943
11.28 0.116474 8.34903e-05
11.4 0.11347 0.00138024
11.52 0.110139 0.00260528
11.64 0.106494 0.00375367
11.76 0.10255 0.0048211
11.88 0.0983254 0.00580385
12 0.0938376 0.00669888
12.12 0.0891065 0.00750375
12.24 0.0841531 0.0082167
12.36 0.0789996 0.00883659
12.48 0.0736691 0.00936291
12.6 0.0681855 0.00979576
12.72 0.0625736 0.0101358
12.84 0.0568587 0.0103844
12.96 0.0510664 0.0105433
13.08 0.0452227 0.0106149
13.2 0.0393535 0.010602
13.32 0.0334849 0.0105078
13.44 0.0276426 0.0103361
13.56 0.021852 0.0100908
13.68 0.0161379 0.00977646
13.8 0.0105248 0.00939763
13.92 0.00503581 0.00895925
14.04 -0.000306391 0.00846642
14.16 -0.00548042 0.0079244
14.28 -0.010466 0.00733855
14.4 -0.0152442 0.00671431
14.52 -0.0197975 0.00605711
14.64 -0.0241096 0.00537239
14.76 -0.0281661 0.00466551
14.88 -0.0319541 0.00394174
15 -0.0354623 0.00320623
15.12 -0.0386812 0.00246392
15.24 -0.0416031 0.0017196
15.36 -0.044222 0.000977803
15.48 -0.0465338 0.000242823
15.6 -0.0485361 -0.00048132
15.72 -0.0502282 -0.0011909
15.84 -0.0516114 -0.00188249
15.96 -0.0526885 -0.00255298
16.08 -0.053464 -0.00319961
16.2 -0.053944 -0.00381991
16.32 -0.0541363 -0.00441178
16.44 -0.0540499 -0.00497344
16.56 -0.0536953 -0.00550344
16.68 -0.0530843 -0.00600064
16.8 -0.0522299 -0.00646424
16.92 -0.0511461 -0.00689371
17.04 -0.0498478 -0.00728884
17.16 -0.048351 -0.00764966
17.28 -0.0466721 -0.00797647
17.4 -0.0448283 -0.00826981
17.52 -0.0428373 -0.00853042
17.64 -0.040717 -0.00875922
17.76 -0.0384858 -0.00895733
17.88 -0.0361619 -0.009126
18 -0.0337638 -0.00926659
18.12 -0.0313096 -0.00938058
18.24 -0.0288173 -0.00946951
18.36 -0.0263046 -0.00953497
18.48 -0.0237887 -0.00957861
18.6 -0.0212863 -0.00960205
18.72 -0.0188133 -0.00960692
18.84 -0.0163851 -0.00959483
18.96 -0.0140162 -0.00956732
19.08 -0.0117202 -0.00952588
19.2 -0.00950981 -0.00947192
19.32 -0.00739682 -0.00940677
19.44 -0.0053919 -0.00933165
19.56 -0.00350471 -0.00924766
19.68 -0.0017438 -0.00915581
19.8 -0.000116603 -0.00905696
19.92 0.00137055 -0.00895187
20.04 0.00271246 -0.00884117
20.16 0.00390505 -0.00872534
20.28 0.00494534 -0.00860475
20.4 0.00583146 -0.00847967
20.52 0.00656258 -0.00835024
20.64 0.00713891 -0.00821647
20.76 0.00756163 -0.00807831
20.88 0.00783289 -0.00793558
21 0.00795571 -0.00778806
21.12 0.00793398 -0.00763542
21.24 0.00777233 -0.00747729
21.36 0.00747617 -0.00731326
21.48 0.0070515 -0.00714288
21.6 0.00650497 -0.00696566
21.72 0.00584373 -0.00678114
21.84 0.00507538 -0.00658883
21.96 0.00420793 -0.00638826
22.08 0.00324968 -0.00617902
22.2 0.0022092 -0.00596069
22.32 0.00109525 -0.00573294
22.44 -8.33046e-05 -0.00549548
22.56 -0.00131754 -0.00524809
22.68 -0.00259852 -0.00499064
22.8 -0.00391739 -0.00472305
22.92 -0.0052654 -0.00444537
23.04 -0.00663398 -0.00415772
23.16 -0.00801475 -0.00386031
23.28 -0.00939962 -0.00355346
23.4 -0.0107808 -0.0032376
23.52 -0.0121507 -0.00291322
23.64 -0.0135024 -0.00258095
23.76 -0.0148291 -0.00224149
23.88 -0.0161244 -0.00189564
24 -0.0173826 -0.00154426
24.12 -0.0185982 -0.00118832
24.24 -0.0197662 -0.00082885
24.36 -0.0208822 -0.000466931
24.48 -0.0219421 -0.000103711
24.6 -0.0229424 0.000259621
24.72 -0.02388 0.000621841
24.84 -0.0247524 0.000981698
24.96 -0.0255572 0.00133793
25.08 -0.0262928 0.00168927
25.2 -0.026958 0.00203446
25.32 -0.0275517 0.00237225
25.44 -0.0280735 0.00270144
25.56 -0.0285233 0.00302084
25.68 -0.0289013 0.00332934
25.8 -0.0292081 0.00362586
25.92 -0.0294444 0.00390941
26.04 -0.0296116 0.00417905
26.16 -0.0297109 0.00443396
26.28 -0.0297441 0.00467336
26.4 -0.029713 0.00489661
26.52 -0.0296197 0.00510315
26.64 -0.0294664 0.00529252
26.76 -0.0292557 0.00546437
26.88 -0.0289898 0.00561847
27 -0.0286717 0.00575467
27.12 -0.0283039 0.00587297
27.24 -0.0278893 0.00597344
27.36 -0.0274308 0.00605628
27.48 -0.0269313 0.00612178
27.6 -0.0263938 0.00617033
27.72 -0.0258212 0.00620243
27.84 -0.0252166 0.00621864
27.96 -0.024583 0.00621962
28.08 -0.0239232 0.00620611
28.2 -0.0232402 0.0061789
28.32 -0.022537 0.00613885
28.44 -0.0218164 0.00608687
28.56 -0.0210812 0.0060239
28.68 -0.0203343 0.00595094
28.8 -0.0195782 0.00586898
28.92 -0.0188157 0.00577905
29.04 -0.0180493 0.00568217
29.16 -0.0172816 0.00557936
29.28 -0.0165149 0.00547163
29.4 -0.0157516 0.00535997
29.52 -0.014994 0.00524533
29.64 -0.0142443 0.00512863
29.76 -0.0135045 0.00501074
29.88 -0.0127767 0.00489248
30 -0.0120626 0.00477462
30.12 -0.0113642 0.00465786
30.24 -0.010683 0.00454282
30.36 -0.0100207 0.00443007
30.48 -0.00937878 0.00432009
30.6 -0.0087585 0.00421328
30.72 -0.0081611 0.00410997
30.84 -0.0075877 0.00401042
30.96 -0.00703927 0.00391477
31.08 -0.00651664 0.00382313
31.2 -0.00602054 0.0037355
31.32 -0.00555153 0.0036518
31.44 -0.00511004 0.00357191
31.56 -0.00469637 0.0034956
31.68 -0.00431067 0.00342261
31.8 -0.00395294 0.0033526
31.92 -0.00362304 0.00328519
32.04 -0.00332069 0.00321992
32.16 -0.00304547 0.00315632
32.28 -0.0027968 0.00309388
32.4 -0.00257397 0.00303203
32.52 -0.00237615 0.00297022
32.64 -0.00220234 0.00290785
32.76 -0.00205144 0.00284433
32.88 -0.00192222 0.00277905
33 -0.00181334 0.00271144
33.12 -0.00172334 0.00264091
33.24 -0.00165067 0.00256689
33.36 -0.00159368 0.00248886
33.48 -0.00155065 0.00240631
33.6 -0.00151979 0.00231877
33.72 -0.00149922 0.00222582
33.84 -0.00148706 0.00212709
33.96 -0.00148137 0.00202224
34.08 -0.00148019 0.00191102
34.2 -0.00148155 0.00179321
34.32 -0.00148349 0.00166866
34.44 -0.00148407 0.0015373
34.56 -0.00148137 0.0013991
34.68 -0.00147355 0.0012541
34.8 -0.00145879 0.00110243
34.92 -0.00143536 0.000944267
35.04 -0.00140163 0.000779851
35.16 -0.00135604 0.000609492
35.28 -0.00129717 0.000433562
35.4 -0.00122371 0.000252489
35.52 -0.00113447 6.67601e-05
35.64 -0.00102841 -0.000123088
35.76 -0.000904655 -0.00031647
35.88 -0.000762458 -0.000512756
36 -0.000601253 -0.000711277
36.12 -0.000420637 -0.000911331
36.24 -0.000220378 -0.00111219
36.36 -4.17386e-07 -0.00131309
36.48 0.000239129 -0.00151326
36.6 0.000497972 -0.00171193
36.72 0.00077565 -0.0019083
36.84 0.00107153 -0.00210158
36.96 0.00138482 -0.002291
37.08 0.00171457 -0.00247577
37.2 0.00205967 -0.00265514
37.32 0.00241887 -0.00282838
37.44 0.00279079 -0.00299479
37.56 0.00317391 -0.0031537
37.68 0.00356662 -0.00330447
37.8 0.0039672 -0.00344651
37.92 0.00437382 -0.00357928
38.04 0.00478462 -0.00370228
38.16 0.00519764 -0.00381506
38.28 0.00561089 -0.00391723
38.4 0.00602234 -0.00400847
38.52 0.00642996 -0.0040885
38.64 0.00683171 -0.00415711
38.76 0.00722556 -0.00421414
38.88 0.0076095 -0.00425952
39 0.00798159 -0.00429321
39.12 0.00833991 -0.00431525
39.24 0.00868265 -0.00432574
39.36 0.00900805 -0.00432482
39.48 0.00931446 -0.00431272
39.6 0.00960034 -0.0042897
39.72 0.00986424 -0.00425607
39.84 0.0101049 -0.00421221
39.96 0.0103211 -0.00415853
40.08 0.0105118 -0.0040955
40.2 0.0106762 -0.0040236
40.32 0.0108134 -0.00394338
40.44 0.010923 -0.00385539
40.56 0.0110046 -0.00376024
40.68 0.0110578 -0.00365852
40.8 0.0110825 -0.00355089
40.92 0.0110789 -0.00343797
41.04 0.011047 -0.00332044
41.16 0.0109874 -0.00319893
41.28 0.0109005 -0.00307413
41.4 0.0107869 -0.00294668
41.52 0.0106474 -0.00281723
41.64 0.010483 -0.00268641
41.76 0.0102946 -0.00255486
41.88 0.0100834 -0.00242315
42 0.00985075 -0.00229189
42.12 0.00959782 -0.0021616
42.24 0.00932609 -0.00203282
42.36 0.00903703 -0.00190603
42.48 0.00873217 -0.00178169
42.6 0.00841311 -0.00166023
42.72 0.00808144 -0.00154201
42.84 0.00773883 -0.0014274
42.96 0.00738691 -0.00131668
43.08 0.00702735 -0.00121012
43.2 0.0066618 -0.00110795
43.32 0.00629189 -0.00101034
43.44 0.0059192 -0.00091744
43.56 0.00554531 -0.000829343
43.68 0.00517173 -0.00074611
43.8 0.00479992 -0.000667765
43.92 0.00443128 -0.000594291
44.04 0.00406714 -0.00052564
44.16 0.00370876 -0.000461728
44.28 0.00335731 -0.000402439
44.4 0.00301388 -0.000347628
44.52 0.00267948 -0.000297126
44.64 0.00235503 -0.000250735
44.76 0.00204135 -0.000208238
44.88 0.00173917 -0.000169399
45 0.00144912 -0.000133964
45.12 0.00117175 -0.000101666
45.24 0.00090751 -7.22279e-05
45.36 0.000656754 -4.53629e-05
45.48 0.000419756 -2.078e-05
45.6 0.000196699 1.81456e-06
45.72 -1.23145e-05 2.27148e-05
45.84 -0.000207263 4.22122e-05
45.96 -0.000388199 6.05931e-05
46.08 -0.000555246 7.81368e-05
46.2 -0.000708594 9.51129e-05
46.32 -0.000848492 0.00011178
46.44 -0.000975247 0.000128383
46.56 -0.00108922 0.000145151
46.68 -0.0011908 0.000162298
46.8 -0.00128044 0.000180021
46.92 -0.00135861 0.000198494
47.04 -0.00142583 0.000217876
47.16 -0.00148261 0.000238302
47.28 -0.00152951 0.000259888
47.4 -0.00156708 0.000282726
47.52 -0.00159592 0.00030689
47.64 -0.00161658 0.000332428
47.76 -0.00162966 0.000359371
47.88 -0.00163573 0.000387725
48 -0.00163537 0.000417479
48.12 -0.00162913 0.000448601
48.24 -0.00161757 0.000481039
48.36 -0.00160123 0.000514725
48.48 -0.00158063 0.000549573
48.6 -0.00155628 0.000585482
48.72 -0.00152866 0.000622337
48.84 -0.00149823 0.000660009
48.96 -0.00146544 0.00069836
49.08 -0.00143071 0.00073724
49.2 -0.00139444 0.000776491
49.32 -0.001357 0.000815951
49.44 -0.00131874 0.000855449
49.56 -0.00128 0.000894813
49.68 -0.00124108 0.000933869
49.8 -0.00120227 0.000972442
49.92 -0.00116383 0.00101036
50.04 -0.00112601 0.00104745
50.16 -0.00108903 0.00108354
50.28 -0.00105309 0.00111848
50.4 -0.0010184 0.00115211
50.52 -0.000985104 0.00118428
50.64 -0.000953369 0.00121485
50.76 -0.000923331 0.0012437
50.88 -0.000895113 0.00127071
51 -0.000868822 0.00129578
51.12 -0.000844554 0.0013188
51.24 -0.000822391 0.0013397
51.36 -0.0008024 0.00135841
51.48 -0.000784639 0.00137489
51.6 -0.000769153 0.00138907
51.72 -0.000755974 0.00140095
51.84 -0.000745124 0.00141051
51.96 -0.000736611 0.00141774
52.08 -0.000730435 0.00142266
52.2 -0.000726582 0.0014253
52.32 -0.000725028 0.0014257
52.44 -0.000725737 0.00142391
52.56 -0.000728661 0.00141999
52.68 -0.00073374 0.00141401
52.8 -0.000740903 0.00140606
52.92 -0.000750068 0.00139624
53.04 -0.000761138 0.00138463
53.16 -0.000774008 0.00137136
53.28 -0.000788559 0.00135653
53.4 -0.000804659 0.00134026
53.52 -0.000822168 0.00132269
53.64 -0.000840933 0.00130393
53.76 -0.00086079 0.00128411
53.88 -0.000881565 0.00126338
54 -0.000903075 0.00124185
54.12 -0.000925127 0.00121967
54.24 -0.00094752 0.00119695
54.36 -0.000970047 0.00117383
54.48 -0.000992495 0.00115043
54.6 -0.00101464 0.00112686
54.72 -0.00103627 0.00110325
54.84 -0.00105715 0.0010797
54.96 -0.00107706 0.0010563
55.08 -0.00109577 0.00103316
55.2 -0.00111305 0.00101036
55.32 -0.00112869 0.000987984
55.44 -0.00114248 0.000966091
55.56 -0.00115419 0.000944747
55.68 -0.00116364 0.000924004
55.8 -0.00117063 0.000903905
55.92 -0.00117499 0.000884482
56.04 -0.00117654 0.000865759
56.16 -0.00117515 0.000847753
56.28 -0.00117066 0.000830468
56.4 -0.00116297 0.000813903
56.52 -0.00115198 0.000798046
56.64 -0.00113761 0.000782878
56.76 -0.00111979 0.000768374
56.88 -0.0010985 0.000754501
57 -0.00107371 0.000741218
57.12 -0.00104544 0.00072848
57.24 -0.00101371 0.000716238
57.36 -0.000978586 0.000704438
57.48 -0.000940132 0.00069302
57.6 -0.000898453 0.000681925
57.72 -0.00085367 0.000671091
57.84 -0.000805926 0.000660452
57.96 -0.000755385 0.000649947
58.08 -0.000702232 0.000639511
58.2 -0.000646672 0.000629082
58.32 -0.000588924 0.0006186
58.44 -0.000529226 0.000608009
58.56 -0.00046783 0.000597255
58.68 -0.000405002 0.000586288
58.8 -0.000341018 0.000575066
58.92 -0.000276164 0.000563548
59.04 -0.000210733 0.000551703
59.16 -0.000145024 0.000539504
59.28 -7.93382e-05 0.000526932
59.4 -1.39786e-05 0.000513975
59.52 5.07526e-05 0.000500628
59.64 0.000114556 0.000486896
59.76 0.000177139 0.000472787
59.88 0.000238214 0.000458322
60 0.000297504 0.000443525
60.12 0.000354743 0.000428432
60.24 0.000409677 0.000413083
60.36 0.000462067 0.000397525
60.48 0.000511692 0.000381814
60.6 0.000558346 0.00036601
60.72 0.000601844 0.000350178
60.84 0.000642019 0.000334391
60.96 0.000678729 0.000318723
61.08 0.000711851 0.000303253
61.2 0.000741285 0.000288063
61.32 0.000766955 0.000273236
61.44 0.000788809 0.000258857
61.56 0.000806817 0.000245012
61.68 0.000820975 0.000231783
61.8 0.000831301 0.000219255
61.92 0.000837836 0.000207507
62.04 0.000840644 0.000196617
62.16 0.000839813 0.000186659
62.28 0.000835448 0.000177699
62.4 0.000827678 0.000169802
62.52 0.000816649 0.000163022
62.64 0.000802526 0.000157408
62.76 0.000785488 0.000153002
62.88 0.000765734 0.000149835
63 0.000743472 0.000147931
63.12 0.000718924 0.000147305
63.24 0.000692324 0.000147961
63.36 0.000663912 0.000149893
63.48 0.000633938 0.000153085
63.6 0.000602656 0.000157513
63.72 0.000570323 0.000163138
63.84 0.000537201 0.000169916
63.96 0.000503551 0.00017779
64.08 0.000469632 0.000186694
64.2 0.000435703 0.000196552
64.32 0.000402016 0.000207281
64.44 0.000368819 0.000218788
64.56 0.000336352 0.000230973
64.68 0.00030485 0.000243728
64.8 0.000274533 0.000256941
64.92 0.000245615 0.000270493
65.04 0.000218296 0.00028426
65.16 0.000192765 0.000298115
65.28 0.000169194 0.000311927
65.4 0.000147745 0.000325566
65.52 0.000128561 0.000338898
65.64 0.000111772 0.000351791
65.76 9.7491e-05 0.000364114
65.88 8.58139e-05 0.000375737
66 7.68203e-05 0.000386534
66.12 7.05721e-05 0.000396384
66.24 6.71142e-05 0.000405168
66.36 6.64739e-05 0.000412776
66.48 6.86611e-05 0.000419103
66.6 7.36681e-05 0.00042405
66.72 8.14703e-05 0.000427529
66.84 9.20256e-05 0.000429458
66.96 0.000105275 0.000429766
67.08 0.000121144 0.000428391
67.2 0.000139541 0.00042528
67.32 0.000160359 0.000420394
67.44 0.000183475 0.000413701
67.56 0.000208751 0.000405181
67.68 0.000236038 0.000394826
67.8 0.000265169 0.000382639
67.92 0.000295967 0.000368632
68.04 0.000328242 0.000352832
68.16 0.000361792 0.000335272
68.28 0.000396405 0.000316
68.4 0.000431859 0.000295072
68.52 0.000467922 0.000272554
68.64 0.000504357 0.000248522
68.76 0.000540916 0.000223062
68.88 0.000577348 0.000196269
69 0.000613396 0.000168244
69.12 0.000648799 0.000139099
69.24 0.000683295 0.000108952
69.36 0.000716617 7.79287e-05
69.48 0.000748503 4.61597e-05
69.6 0.000778689 1.37833e-05
69.72 0.000806914 -1.90574e-05
69.84 0.000832923 -5.22141e-05
69.96 0.000856465 -8.55339e-05
70.08 0.000877297 -0.00011886
70.2 0.000895186 -0.000152031
70.32 0.000909907 -0.000184884
70.44 0.000921249 -0.000217251
70.56 0.000929013 -0.000248964
70.68 0.000933019 -0.00027985
70.8 0.000933099 -0.000309736
70.92 0.000929109 -0.000338448
71.04 0.000920921 -0.000365811
71.16 0.00090843 -0.000391646
71.28 0.000891557 -0.000415779
71.4 0.000870244 -0.000438031
71.52 0.000844462 -0.000458228
71.64 0.000814209 -0.000476193
71.76 0.00077951 -0.000491752
71.88 0.000740422 -0.000504734
72 0.000697031 -0.000514968
72.12 0.000649456 -0.000522288
72.24 0.000597845 -0.000526529
72.36 0.000542382 -0.000527533
72.48 0.000483281 -0.000525146
72.6 0.00042079 -0.000519218
72.72 0.000355187 -0.000509607
72.84 0.000286785 -0.00049618
72.96 0.000215925 -0.00047881
73.08 0.000142979 -0.00045738
73.2 6.83502e-05 -0.000431786
73.32 -7.53454e-06 -0.000401933
73.44 -8.42203e-05 -0.00036774
73.56 -0.000161229 -0.00032914
73.68 -0.000238062 -0.000286083
73.8 -0.000314199 -0.000238534
73.92 -0.000389107 -0.000186477
74.04 -0.000462236 -0.000129915
74.16 -0.00053303 -6.88738e-05
74.28 -0.000600921 -3.39816e-06
74.4 -0.000665342 6.64421e-05
74.52 -0.000725723 0.000140553
74.64 -0.0007815 0.000218816
74.76 -0.000832116 0.000301084
74.88 -0.000877024 0.000387186
75 -0.000915697 0.000476919
75.12 -0.000947623 0.000570055
75.24 -0.000972316 0.000666334
75.36 -0.000989317 0.000765471
75.48 -0.000998199 0.000867146
75.6 -0.000998569 0.000971016
75.72 -0.000990074 0.0010767
75.84 -0.0009724 0.00118381
75.96 -0.000945283 0.0012919
76.08 -0.000908501 0.00140053
76.2 -0.000861887 0.00150921
76.32 -0.000805326 0.00161744
76.44 -0.000738755 0.0017247
76.56 -0.000662171 0.00183045
76.68 -0.000575625 0.00193413
76.8 -0.000479229 0.00203517
76.92 -0.000373151 0.00213299
77.04 -0.00025762 0.002227
77.16 -0.000132921 0.00231662
77.28 6.03661e-07 0.00240124
77.4 0.000142557 0.00248029
77.52 0.000292487 0.00255319
77.64 0.000449892 0.00261936
77.76 0.000614222 0.00267826
77.88 0.00078488 0.00272935
78 0.00096123 0.00277214
78.12 0.0011426 0.00280613
78.24 0.00132827 0.00283089
78.36 0.00151752 0.00284601
78.48 0.00170957 0.00285113
78.6 0.00190366 0.00284591
78.72 0.00209898 0.00283009
78.84 0.00229474 0.00280344
78.96 0.00249012 0.0027658
79.08 0.00268434 0.00271706
79.2 0.00287659 0.00265717
79.32 0.0030661 0.00258614
79.44 0.0032521 0.00250405
79.56 0.00343386 0.00241104
79.68 0.00361067 0.00230732
79.8 0.00378185 0.00219317
79.92 0.00394678 0.00206892
80.04 0.00410486 0.00193498
80.16 0.00425554 0.00179182
80.28 0.00439832 0.00163997
80.4 0.00453275 0.00148003
80.52 0.00465845 0.00131264
80.64 0.00477507 0.0011385
80.76 0.00488234 0.000958368
80.88 0.00498002 0.000773043
81 0.00506795 0.000583361
81.12 0.00514601 0.000390196
81.24 0.00521415 0.000194454
81.36 0.00527236 -2.93868e-06
81.48 0.00532068 -0.000201036
81.6 0.00535922 -0.000398883
81.72 0.00538809 -0.000595518
81.84 0.00540747 -0.000789985
81.96 0.00541758 -0.000981337
82.08 0.00541864 -0.00116864
82.2 0.00541093 -0.001351
82.32 0.00539472 -0.00152754
82.44 0.0053703 -0.00169742
82.56 0.00533799 -0.00185987
82.68 0.00529806 -0.00201413
82.8 0.00525084 -0.00215955
82.92 0.00519659 -0.00229551
83.04 0.00513557 -0.00242148
83.16 0.00506805 -0.00253699
83.28 0.00499421 -0.00264166
83.4 0.00491425 -0.00273521
83.52 0.00482829 -0.00281743
83.64 0.00473642 -0.00288821
83.76 0.0046387 -0.00294753
83.88 0.0045351 -0.00299548
84 0.00442557 -0.00303224
84.12 0.00430998 -0.00305807
84.24 0.00418814 -0.00307337
84.36 0.00405983 -0.00307859
84.48 0.00392473 -0.00307431
84.6 0.00378249 -0.00306118
84.72 0.0036327 -0.00303994
84.84 0.00347489 -0.00301143
84.96 0.00330854 -0.00297654
85.08 0.00313309 -0.00293627
85.2 0.00294793 -0.00289164
85.32 0.00275244 -0.00284378
85.44 0.00254594 -0.00279383
85.56 0.00232776 -0.002743
85.68 0.00209719 -0.00269252
85.8 0.00185355 -0.00264365
85.92 0.00159615 -0.00259767
86.04 0.00132431 -0.00255586
86.16 0.00103739 -0.00251952
86.28 0.000734787 -0.00248991
86.4 0.000415944 -0.00246828
86.52 8.0365e-05 -0.00245584
86.64 -0.000272376 -0.00245377
86.76 -0.000642623 -0.00246319
86.88 -0.00103063 -0.00248516
87 -0.00143654 -0.00252067
87.12 -0.0018604 -0.00257063
87.24 -0.00230212 -0.00263586
87.36 -0.00276148 -0.00271709
87.48 -0.00323814 -0.00281495
87.6 -0.0037316 -0.00292994
87.72 -0.00424122 -0.00306246
87.84 -0.00476618 -0.0032128
87.96 -0.00530554 -0.00338111
88.08 -0.00585816 -0.00356741
88.2 -0.00642276 -0.00377159
88.32 -0.0069979 -0.00399342
88.44 -0.00758195 -0.00423251
88.56 -0.00817315 -0.00448837
88.68 -0.00876957 -0.00476035
88.8 -0.00936913 -0.00504769
88.92 -0.00996962 -0.00534947
89.04 -0.0105687 -0.00566468
89.16 -0.0111638 -0.00599218
89.28 -0.0117524 -0.00633071
89.4 -0.0123319 -0.00667889
89.52 -0.0128993 -0.00703528
89.64 -0.0134518 -0.0073983
89.76 -0.0139866 -0.00776632
89.88 -0.0145007 -0.00813761
90 -0.0149909 -0.00851041
90.12 -0.0154545 -0.00888288
90.24 -0.0158883 -0.00925313
90.36 -0.0162894 -0.00961926
90.48 -0.0166549 -0.00997934
90.6 -0.016982 -0.0103314
90.72 -0.0172678 -0.0106736
90.84 -0.0175097 -0.011004
90.96 -0.0177051 -0.0113206
91.08 -0.0178518 -0.0116216
91.2 -0.0179474 -0.0119053
91.32 -0.0179898 -0.0121699
91.44 -0.0179773 -0.0124138
91.56 -0.0179081 -0.0126353
91.68 -0.0177807 -0.0128331
91.8 -0.0175941 -0.0130058
91.92 -0.0173471 -0.013152
92.04 -0.0170391 -0.0132708
92.16 -0.0166696 -0.0133611
92.28 -0.0162385 -0.0134221
92.4 -0.0157458 -0.013453
92.52 -0.0151918 -0.0134535
92.64 -0.0145772 -0.013423
92.76 -0.0139029 -0.0133613
92.88 -0.0131701 -0.0132684
93 -0.0123802 -0.0131444
93.12 -0.011535 -0.0129896
93.24 -0.0106363 -0.0128044
93.36 -0.0096864 -0.0125895
93.48 -0.00868772 -0.0123455
93.6 -0.00764291 -0.0120734
93.72 -0.00655483 -0.0117743
93.84 -0.00542653 -0.0114494
93.96 -0.00426122 -0.0111
94.08 -0.0030623 -0.0107277
94.2 -0.00183326 -0.0103341
94.32 -0.000577738 -0.00992085
94.44 0.000700547 -0.00948987
94.56 0.0019978 -0.00904306
94.68 0.00331017 -0.00858245
94.8 0.00463376 -0.00811012
94.92 0.0059647 -0.0076282
95.04 0.0072991 -0.00713888
95.16 0.00863311 -0.0066444
95.28 0.00996294 -0.00614697
95.4 0.0112849 -0.00564885
95.52 0.0125952 -0.00515226
95.64 0.0138905 -0.00465942
95.76 0.0151674 -0.00417249
95.88 0.0164225 -0.0036936
96 0.0176529 -0.00322481
96.12 0.0188555 -0.00276809
96.24 0.0200276 -0.00232535
96.36 0.0211668 -0.00189838
96.48 0.0222705 -0.00148886
96.6 0.0233368 -0.00109835
96.72 0.0243636 -0.000728286
96.84 0.0253493 -0.000379962
96.96 0.0262924 -5.45228e-05
97.08 0.0271916 0.000247039
97.2 0.0280458 0.000523888
97.32 0.0288543 0.000775353
97.44 0.0296163 0.00100093
97.56 0.0303314 0.00120028
97.68 0.0309995 0.00137324
97.8 0.0316204 0.00151981
97.92 0.0321942 0.00164015
98.04 0.0327213 0.00173461
98.16 0.033202 0.00180366
98.28 0.033637 0.00184797
98.4 0.0340269 0.00186833
98.52 0.0343725 0.00186568
98.64 0.0346746 0.00184108
98.76 0.0349344 0.00179574
98.88 0.0351526 0.00173096
99 0.0353305 0.00164815
99.12 0.0354691 0.0015488
99.24 0.0355695 0.00143449
99.36 0.0356327 0.00130687
99.48 0.03566 0.0011676
99.6 0.0356524 0.00101842
99.72 0.0356108 0.000861072
99.84 0.0355363 0.000697294
99.96 0.0354296 0.000528828
100.08 0.0352918 0.000357389
100.2 0.0351235 0.000184652
100.32 0.0349254 1.22414e-05
100.44 0.0346981 -0.000158284
100.56 0.034442 -0.000325444
100.68 0.0341576 -0.000487852
100.8 0.0338451 -0.000644221
100.92 0.0335047 -0.000793379
101.04 0.0331366 -0.000934277
101.16 0.0327407 -0.001066
101.28 0.032317 -0.00118776
101.4 0.0318653 -0.00129893
101.52 0.0313854 -0.00139902
101.64 0.030877 -0.0014877
101.76 0.0303398 -0.00156479
101.88 0.0297734 -0.00163028
102 0.0291773 -0.00168428
102.12 0.0285512 -0.00172708
102.24 0.0278945 -0.00175911
102.36 0.027207 -0.00178095
102.48 0.0264881 -0.00179329
102.6 0.0257375 -0.00179696
102.72 0.0249548 -0.00179291
102.84 0.0241399 -0.00178219
102.96 0.0232925 -0.00176595
103.08 0.0224125 -0.00174539
103.2 0.0214999 -0.00172182
103.32 0.0205549 -0.00169655
103.44 0.0195777 -0.00167096
103.56 0.0185687 -0.00164643
103.68 0.0175285 -0.00162434
103.8 0.0164576 -0.00160605
103.92 0.015357 -0.00159287
104.04 0.0142277 -0.00158609
104.16 0.0130709 -0.00158688
104.28 0.0118879 -0.00159637
104.4 0.0106802 -0.00161554
104.52 0.0094496 -0.00164527
104.64 0.00819797 -0.00168629
104.76 0.00692738 -0.00173919
104.88 0.00564004 -0.00180437
105 0.00433836 -0.00188207
105.12 0.00302489 -0.00197234
105.24 0.00170233 -0.00207501
105.36 0.000373509 -0.00218973
105.48 -0.000958601 -0.00231592
105.6 -0.00229092 -0.00245278
105.72 -0.00362028 -0.00259931
105.84 -0.0049434 -0.00275425
105.96 -0.00625696 -0.00291618
106.08 -0.00755755 -0.00308341
106.2 -0.00884174 -0.00325408
106.32 -0.0101061 -0.0034261
106.44 -0.0113471 -0.00359721
106.56 -0.0125614 -0.00376497
106.68 -0.0137455 -0.00392677
106.8 -0.0148961 -0.00407983
106.92 -0.0160099 -0.00422128
107.04 -0.0170836 -0.00434809
107.16 -0.0181142 -0.00445718
107.28 -0.0190987 -0.00454537
107.4 -0.0200342 -0.00460943
107.52 -0.0209181 -0.00464613
107.64 -0.0217477 -0.00465221
107.76 -0.0225208 -0.00462445
107.88 -0.0232352 -0.00455969
108 -0.023889 -0.00445484
108.12 -0.0244804 -0.0043069
108.24 -0.0250079 -0.00411302
108.36 -0.0254701 -0.0038705
108.48 -0.0258662 -0.00357681
108.6 -0.0261953 -0.00322964
108.72 -0.0264568 -0.0028269
108.84 -0.0266504 -0.00236674
108.96 -0.0267762 -0.0018476
109.08 -0.0268342 -0.0012682
109.2 -0.026825 -0.000627568
109.32 -0.0267493 7.49525e-05
109.44 -0.0266079 0.000839673
109.56 -0.0264022 0.00166656
109.68 -0.0261334 0.00255524
109.8 -0.0258032 0.00350494
109.92 -0.0254135 0.00451457
110.04 -0.0249662 0.00558264
110.16 -0.0244637 0.00670729
110.28 -0.0239082 0.00788634
110.4 -0.0233025 0.00911719
110.52 -0.0226491 0.010397
110.64 -0.0219509 0.0117224
110.76 -0.021211 0.0130899
110.88 -0.0204324 0.0144956
111 -0.0196183 0.0159353
111.12 -0.0187718 0.0174047
111.24 -0.0178964 0.018899
111.36 -0.0169954 0.0204133
111.48 -0.0160721 0.0219426
111.6 -0.0151299 0.0234815
111.72 -0.0141723 0.0250246
111.84 -0.0132026 0.0265665
111.96 -0.0122241 0.0281016
112.08 -0.0112401 0.0296241
112.2 -0.010254 0.0311284
112.32 -0.00926876 0.0326088
112.44 -0.00828758 0.0340598
112.56 -0.00731343 0.0354757
112.68 -0.0063492 0.0368511
112.8 -0.00539765 0.0381806
112.92 -0.00446146 0.0394592
113.04 -0.00354312 0.0406818
113.16 -0.00264504 0.0418437
113.28 -0.00176945 0.0429403
113.4 -0.000918453 0.0439673
113.52 -9.39795e-05 0.0449207
113.64 0.000702181 0.0457969
113.76 0.00146841 0.0465923
113.88 0.00220323 0.047304
114 0.00290535 0.0479291
114.12 0.00357362 0.0484653
114.24 0.00420707 0.0489105
114.36 0.00480487 0.049263
114.48 0.00536637 0.0495214
114.6 0.00589105 0.0496849
114.72 0.00637857 0.0497527
114.84 0.00682872 0.0497246
114.96 0.00724143 0.0496006
115.08 0.00761679 0.0493812
115.2 0.007955 0.0490669
115.32 0.0082564 0.048659
115.44 0.00852146 0.0481587
115.56 0.00875075 0.0475675
115.68 0.00894495 0.0468874
115.8 0.00910487 0.0461206
115.92 0.00923138 0.0452692
116.04 0.00932546 0.0443359
116.16 0.00938817 0.0433235
116.28 0.00942064 0.0422348
116.4 0.00942407 0.0410728
116.52 0.00939972 0.0398408
116.64 0.00934891 0.038542
116.76 0.00927301 0.0371799
116.88 0.00917341 0.0357578
117 0.00905156 0.0342792
117.12 0.00890893 0.0327477
117.24 0.008747 0.0311668
117.36 0.00856727 0.0295399
117.48 0.00837126 0.0278707
117.6 0.0081605 0.0261626
117.72 0.00793649 0.0244191
117.84 0.00770074 0.0226435
117.96 0.00745477 0.0208392
118.08 0.00720006 0.0190094
118.2 0.00693806 0.0171574
118.32 0.00667023 0.0152863
118.44 0.00639798 0.013399
118.56 0.0061227 0.0114987
118.68 0.00584574 0.00958803
118.8 0.0055684 0.00766993
118.92 0.00529198 0.00574709
119.04 0.0050177 0.00382216
119.16 0.00474675 0.00189771
119.28 0.00448027 -2.37409e-05
119.4 0.00421937 -0.00193975
119.52 0.00396509 -0.0038479
119.64 0.00371842 -0.00574586
119.76 0.00348031 -0.0076313
119.88 0.00325165 -0.00950193
120 0.00303329 -0.0113555
